******************************************************************************
                  MSP430 Linker PC v4.1.7                      
******************************************************************************
>> Linked Mon Feb 27 23:16:23 2017

OUTPUT FILE NAME:   <CA-SDK-firmware.out>
ENTRY POINT SYMBOL: "_c_int00"  address: 000047b2


MEMORY CONFIGURATION

         name            origin    length      used     unused   attr    fill
----------------------  --------  ---------  --------  --------  ----  --------
  SFR                   00000000   00000010  00000000  00000010  RWIX
  PERIPHERALS_8BIT      00000010   000000f0  00000000  000000f0  RWIX
  PERIPHERALS_16BIT     00000100   00000100  00000000  00000100  RWIX
  INFOD                 00001800   00000080  00000000  00000080  RWIX
  INFOC                 00001880   00000080  00000000  00000080  RWIX
  INFOB                 00001900   00000080  00000000  00000080  RWIX
  INFOA                 00001980   00000080  00000000  00000080  RWIX
  RAM                   00002400   00002000  00001bc2  0000043e  RWIX
  FLASH                 00004400   0000bb80  0000bb80  00000000  RWIX
  INT00                 0000ff80   00000002  00000000  00000002  RWIX
  INT01                 0000ff82   00000002  00000000  00000002  RWIX
  INT02                 0000ff84   00000002  00000000  00000002  RWIX
  INT03                 0000ff86   00000002  00000000  00000002  RWIX
  INT04                 0000ff88   00000002  00000000  00000002  RWIX
  INT05                 0000ff8a   00000002  00000000  00000002  RWIX
  INT06                 0000ff8c   00000002  00000000  00000002  RWIX
  INT07                 0000ff8e   00000002  00000000  00000002  RWIX
  INT08                 0000ff90   00000002  00000000  00000002  RWIX
  INT09                 0000ff92   00000002  00000000  00000002  RWIX
  INT10                 0000ff94   00000002  00000000  00000002  RWIX
  INT11                 0000ff96   00000002  00000000  00000002  RWIX
  INT12                 0000ff98   00000002  00000000  00000002  RWIX
  INT13                 0000ff9a   00000002  00000000  00000002  RWIX
  INT14                 0000ff9c   00000002  00000000  00000002  RWIX
  INT15                 0000ff9e   00000002  00000000  00000002  RWIX
  INT16                 0000ffa0   00000002  00000000  00000002  RWIX
  INT17                 0000ffa2   00000002  00000000  00000002  RWIX
  INT18                 0000ffa4   00000002  00000000  00000002  RWIX
  INT19                 0000ffa6   00000002  00000000  00000002  RWIX
  INT20                 0000ffa8   00000002  00000000  00000002  RWIX
  INT21                 0000ffaa   00000002  00000000  00000002  RWIX
  INT22                 0000ffac   00000002  00000000  00000002  RWIX
  INT23                 0000ffae   00000002  00000000  00000002  RWIX
  INT24                 0000ffb0   00000002  00000000  00000002  RWIX
  INT25                 0000ffb2   00000002  00000000  00000002  RWIX
  INT26                 0000ffb4   00000002  00000000  00000002  RWIX
  INT27                 0000ffb6   00000002  00000000  00000002  RWIX
  INT28                 0000ffb8   00000002  00000000  00000002  RWIX
  INT29                 0000ffba   00000002  00000000  00000002  RWIX
  INT30                 0000ffbc   00000002  00000000  00000002  RWIX
  INT31                 0000ffbe   00000002  00000000  00000002  RWIX
  INT32                 0000ffc0   00000002  00000000  00000002  RWIX
  INT33                 0000ffc2   00000002  00000000  00000002  RWIX
  INT34                 0000ffc4   00000002  00000000  00000002  RWIX
  INT35                 0000ffc6   00000002  00000000  00000002  RWIX
  INT36                 0000ffc8   00000002  00000000  00000002  RWIX
  INT37                 0000ffca   00000002  00000000  00000002  RWIX
  INT38                 0000ffcc   00000002  00000000  00000002  RWIX
  INT39                 0000ffce   00000002  00000000  00000002  RWIX
  INT40                 0000ffd0   00000002  00000000  00000002  RWIX
  INT41                 0000ffd2   00000002  00000000  00000002  RWIX
  INT42                 0000ffd4   00000002  00000002  00000000  RWIX
  INT43                 0000ffd6   00000002  00000000  00000002  RWIX
  INT44                 0000ffd8   00000002  00000002  00000000  RWIX
  INT45                 0000ffda   00000002  00000002  00000000  RWIX
  INT46                 0000ffdc   00000002  00000000  00000002  RWIX
  INT47                 0000ffde   00000002  00000002  00000000  RWIX
  INT48                 0000ffe0   00000002  00000000  00000002  RWIX
  INT49                 0000ffe2   00000002  00000002  00000000  RWIX
  INT50                 0000ffe4   00000002  00000000  00000002  RWIX
  INT51                 0000ffe6   00000002  00000002  00000000  RWIX
  INT52                 0000ffe8   00000002  00000000  00000002  RWIX
  INT53                 0000ffea   00000002  00000000  00000002  RWIX
  INT54                 0000ffec   00000002  00000000  00000002  RWIX
  INT55                 0000ffee   00000002  00000002  00000000  RWIX
  INT56                 0000fff0   00000002  00000002  00000000  RWIX
  INT57                 0000fff2   00000002  00000000  00000002  RWIX
  INT58                 0000fff4   00000002  00000000  00000002  RWIX
  INT59                 0000fff6   00000002  00000002  00000000  RWIX
  INT60                 0000fff8   00000002  00000000  00000002  RWIX
  INT61                 0000fffa   00000002  00000002  00000000  RWIX
  INT62                 0000fffc   00000002  00000000  00000002  RWIX
  RESET                 0000fffe   00000002  00000002  00000000  RWIX
  FLASH2                00010000   00014400  00008ab6  0000b94a  RWIX


SECTION ALLOCATION MAP

 output                                  attributes/
section   page    origin      length       input sections
--------  ----  ----------  ----------   ----------------
.pinit     0    00004400    00000000     UNINITIALIZED

.bss       0    00002400    00001582     UNINITIALIZED
                  00002400    00000394     libmplmpu.lib : accel_auto_cal.obj (.bss)
                  00002794    0000028c                   : compass_vec_cal.obj (.bss)
                  00002a20    00000258                   : fast_no_motion.obj (.bss)
                  00002c78    0000024e     data_builder.obj (.bss)
                  00002ec6    000001b6     libmplmpu.lib : gyro_tc.obj (.bss)
                  0000307c    0000016c     storage_manager.obj (.bss)
                  000031e8    0000012c     libmplmpu.lib : fusion_9axis.obj (.bss)
                  00003314    000000cc     hal_outputs.obj (.bss)
                  000033e0    000000b0     rts430x_lc_rd.lib : signal.obj (.bss)
                  00003490    0000009c     libmplmpu.lib : mag_disturb.obj (.bss)
                  0000352c    0000007a     results_holder.obj (.bss)
                  000035a6    00000078     rts430x_lc_rd.lib : xvalues.obj (.bss)
                  0000361e    00000074     mllite_test.obj (.bss)
                  00003692    0000006a     libmplmpu.lib : quaternion_supervisor.obj (.bss)
                  000036fc    00000068     rts430x_lc_rd.lib : xfvalues.obj (.bss)
                  00003764    00000052     msp430_interrupt.obj (.bss)
                  000037b6    00000052     start_manager.obj (.bss)
                  00003808    00000048     usb.obj (.bss)
                  00003850    0000003f     sensor_probe.obj (.bss)
                  0000388f    00000001     msp430_spi.obj (.bss)
                  00003890    00000036     inv_mpu.obj (.bss)
                  000038c6    0000002e     UsbCdc.obj (.bss)
                  000038f4    0000001e     eMPL_outputs.obj (.bss)
                  00003912    0000001e     msp430_clock.obj (.bss)
                  00003930    00000010     inv_mpu_dmp_motion_driver.obj (.bss)
                  00003940    0000000c     msp430_i2c.obj (.bss)
                  0000394c    0000000c     msp430_uart.obj (.bss)
                  00003958    00000008     dma.obj (.bss)
                  00003960    00000008     rts430x_lc_rd.lib : _lock.obj (.bss)
                  00003968    00000008                       : boot.obj (.bss)
                  00003970    00000008                       : feraiseexcept.obj (.bss)
                  00003978    00000004     message_layer.obj (.bss)
                  0000397c    00000004     rts430x_lc_rd.lib : rand.obj (.bss)
                  00003980    00000002                       : errno.obj (.bss)

.stack     0    00003dc0    00000640     UNINITIALIZED
                  00003dc0    00000004     rts430x_lc_rd.lib : boot.obj (.stack)
                  00003dc4    0000063c     --HOLE--

.text:_isr 
*          0    00004400    00000410     
                  00004400    00000148     UsbIsr.obj (.text:_isr:iUsbInterruptHandler)
                  00004548    000000ba     msp430_i2c.obj (.text:_isr:I2C_ISR)
                  00004602    00000078     msp430_interrupt.obj (.text:_isr:P2_ISR)
                  0000467a    00000074     msp430_interrupt.obj (.text:_isr:P1_ISR)
                  000046ee    00000048     msp430_uart.obj (.text:_isr:UART_ISR)
                  00004736    00000046     msp430_clock.obj (.text:_isr:TIMERB0_ISR)
                  0000477c    00000036     msp430_interrupt.obj (.text:_isr:UNMI_ISR)
                  000047b2    0000002a     rts430x_lc_rd.lib : boot.obj (.text:_isr:_c_int00_noexit)
                  000047dc    00000016     mllite_test.obj (.text:_isr:TIMER2_A0_ISR)
                  000047f2    00000012     msp430_spi.obj (.text:_isr:USCI_B1_ISR)
                  00004804    0000000c     mllite_test.obj (.text:_isr:TIMER1_A0_ISR)

.cinit     0    00004810    000002f6     
                  00004810    000000e2     mllite_test.obj (.cinit)
                  000048f2    00000063     sensor_probe.obj (.cinit)
                  00004955    00000001     --HOLE-- [fill = 0]
                  00004956    0000005a     rts430x_lc_rd.lib : xvalues.obj (.cinit)
                  000049b0    00000050                       : xfvalues.obj (.cinit)
                  00004a00    00000028     libmplmpu.lib : compass_vec_cal.obj (.cinit)
                  00004a28    00000024     msp430_clock.obj (.cinit)
                  00004a4c    0000001a     hal_outputs.obj (.cinit)
                  00004a66    0000001a     inv_mpu.obj (.cinit)
                  00004a80    00000017     usb.obj (.cinit)
                  00004a97    00000001     --HOLE-- [fill = 0]
                  00004a98    00000015     inv_mpu_dmp_motion_driver.obj (.cinit)
                  00004aad    00000001     --HOLE-- [fill = 0]
                  00004aae    00000014     rts430x_lc_rd.lib : feraiseexcept.obj (.cinit)
                  00004ac2    00000011     msp430_i2c.obj (.cinit)
                  00004ad3    00000001     --HOLE-- [fill = 0]
                  00004ad4    0000000a     libmplmpu.lib : mag_disturb.obj (.cinit)
                  00004ade    0000000a     msp430_interrupt.obj (.cinit)
                  00004ae8    0000000a     rts430x_lc_rd.lib : rand.obj (.cinit)
                  00004af2    0000000a                       : signal.obj (.cinit)
                  00004afc    00000008                       : errno.obj (.cinit)
                  00004b04    00000002     --HOLE-- [fill = 0]

.text.1    0    00004b06    0000b47a     
                  00004b06    00000a04     libmplmpu.lib : compass_vec_cal.obj (.text:inv_compute_bias)
                  0000550a    00000892     mllite_test.obj (.text:handle_input)
                  00005d9c    00000858     libmplmpu.lib : compass_vec_cal.obj (.text:inv_center_sum)
                  000065f4    0000076a                   : compass_vec_cal.obj (.text:inv_process_compass_only_cal)
                  00006d5e    00000612     mllite_test.obj (.text:main)
                  00007370    000005fc     libmplmpu.lib : fusion_9axis.obj (.text:inv_perform_9x_fusion)
                  0000796c    0000054e     inv_mpu.obj (.text:get_st_biases)
                  00007eba    0000045a     libmplmpu.lib : quaternion_supervisor.obj (.text:inv_generate_accel_gyro_quaternion)
                  00008314    00000448                   : compass_vec_cal.obj (.text:inv_set_terms)
                  0000875c    00000446                   : gyro_tc.obj (.text:inv_gtc_compute_slope)
                  00008ba2    0000042c                   : mag_disturb.obj (.text:inv_check_magnetic_disturbance)
                  00008fce    0000038e     rts430x_lc_rd.lib : llmath.obj (.text:__divull)
                  0000935c    00000372     libmplmpu.lib : quaternion_supervisor.obj (.text:accel_fusion)
                  000096ce    0000034a     eMPL_outputs.obj (.text:inv_get_sensor_type_euler)
                  00009a18    0000033c     libmplmpu.lib : fast_no_motion.obj (.text:inv_fast_nomot_parameter)
                  00009d54    00000336                   : quaternion_supervisor.obj (.text:inv_process_dmp_quaternion)
                  0000a08a    00000320                   : fast_no_motion.obj (.text:inv_generate_fast_nomot)
                  0000a3aa    000002c2     mllite_test.obj (.text:run_self_test)
                  0000a66c    00000286     mllite_test.obj (.text:read_from_mpl)
                  0000a8f2    0000027c     libmplmpu.lib : accel_auto_cal.obj (.text:inv_check_sample_balance)
                  0000ab6e    00000276     log_msp430.obj (.text:eMPL_send_data)
                  0000ade4    00000274     libmplmpu.lib : compass_vec_cal.obj (.text:inv_check_peaks)
                  0000b058    0000026c     rts430x_lc_rd.lib : xlog.obj (.text:_Log)
                  0000b2c4    0000025c     libmplmpu.lib : fusion_9axis.obj (.text:inv_filter_correction_angle)
                  0000b520    0000025a                   : quaternion_supervisor.obj (.text:inv_compute_quat_from_accel)
                  0000b77a    0000024c     inv_mpu.obj (.text:setup_compass)
                  0000b9c6    0000024a     inv_mpu.obj (.text:mpu_lp_motion_interrupt)
                  0000bc10    00000236     rts430x_lc_rd.lib : xfsin.obj (.text:_FSin)
                  0000be46    00000228                       : _printfi.obj (.text:_setfield)
                  0000c06e    0000021c     ml_math_func.obj (.text:inv_q_multf)
                  0000c28a    0000020e     rts430x_lc_rd.lib : _printfi.obj (.text:_printfi)
                  0000c498    00000200     ml_math_func.obj (.text:inv_q_normalizef)
                  0000c698    000001fc     libmplmpu.lib : quaternion_supervisor.obj (.text:inv_generate_gyro_quaternion)
                  0000c894    000001fc     ml_math_func.obj (.text:inv_quaternion_to_rotation)
                  0000ca90    000001ec     UsbCdc.obj (.text:USBCDC_receiveData)
                  0000cc7c    000001ec     inv_mpu.obj (.text:mpu_read_fifo)
                  0000ce68    000001c6     libmplmpu.lib : compass_vec_cal.obj (.text:inv_combine_compass_data)
                  0000d02e    000001c2     inv_mpu_dmp_motion_driver.obj (.text:dmp_enable_feature)
                  0000d1f0    000001bc     inv_mpu_dmp_motion_driver.obj (.text:dmp_set_gyro_bias)
                  0000d3ac    000001ba     libmplmpu.lib : compass_vec_cal.obj (.text:inv_check_sim)
                  0000d566    000001b4                   : mag_disturb.obj (.text:ComputeAngleVelocity)
                  0000d71a    000001b2                   : fast_no_motion.obj (.text:inv_fast_nomot_set_gyro_bias)
                  0000d8cc    000001b0                   : compass_vec_cal.obj (.text:inv_ignore_compass_data)
                  0000da7c    000001ac                   : quaternion_supervisor.obj (.text:inv_normalize_quat)
                  0000dc28    000001aa     inv_mpu.obj (.text:mpu_reset_fifo)
                  0000ddd2    000001a6     rts430x_lc_rd.lib : fmodf.obj (.text:fmodf)
                  0000df78    000001a4     ml_math_func.obj (.text:inv_q_mult)
                  0000e11c    000001a2     rts430x_lc_rd.lib : _printfi.obj (.text:_pproc_fge)
                  0000e2be    00000188                       : _printfi.obj (.text:_getarg_diouxp)
                  0000e446    00000184     inv_mpu_dmp_motion_driver.obj (.text:dmp_set_tap_thresh)
                  0000e5ca    00000184     inv_mpu.obj (.text:mpu_init)
                  0000e74e    0000017c     rts430x_lc_rd.lib : _printfi.obj (.text:ecvt)
                  0000e8ca    00000176     libmplmpu.lib : compass_vec_cal.obj (.text:inv_bias_stability)
                  0000ea40    0000016e                   : fast_no_motion.obj (.text:inv_fast_nomot_store_data)
                  0000ebae    0000016c     rts430x_lc_rd.lib : _printfi.obj (.text:fcvt)
                  0000ed1a    00000168     UsbCdc.obj (.text:CdcToHostFromBuffer)
                  0000ee82    00000156     rts430x_lc_rd.lib : _printfi.obj (.text:_pconv_e)
                  0000efd8    00000154     inv_mpu.obj (.text:mpu_set_sensors)
                  0000f12c    00000148     ml_math_func.obj (.text:inv_compass_angle)
                  0000f274    00000142     rts430x_lc_rd.lib : xfatan.obj (.text:_FAtan)
                  0000f3b6    00000140     usb.obj (.text:USB_reset)
                  0000f4f6    00000140     rts430x_lc_rd.lib : llmath.obj (.text:__divlli)
                  0000f636    00000140     eMPL_outputs.obj (.text:inv_generate_eMPL_outputs)
                  0000f776    0000013c     ml_math_func.obj (.text:inv_q_norm4)
                  0000f8b2    00000130     rts430x_lc_rd.lib : fs_add.obj (.text)
                  0000f9e2    00000128                       : xdscale.obj (.text:_Dscale)
                  0000fb0a    0000011e                       : _printfi.obj (.text:_pproc_diouxp)
                  0000fc28    0000011e                       : sqrt.obj (.text:sqrt)
                  0000fd46    0000011e                       : sqrtf.obj (.text:sqrtf)
                  0000fe64    0000011c     UsbCdc.obj (.text:CdcToBufferFromHost)

.int42     0    0000ffd4    00000002     
                  0000ffd4    00000002     msp430_interrupt.obj (.int42)

.int44     0    0000ffd8    00000002     
                  0000ffd8    00000002     mllite_test.obj (.int44)

.int45     0    0000ffda    00000002     
                  0000ffda    00000002     msp430_spi.obj (.int45)

.int47     0    0000ffde    00000002     
                  0000ffde    00000002     msp430_interrupt.obj (.int47)

.int49     0    0000ffe2    00000002     
                  0000ffe2    00000002     mllite_test.obj (.int49)

.int51     0    0000ffe6    00000002     
                  0000ffe6    00000002     UsbIsr.obj (.int51)

.int55     0    0000ffee    00000002     
                  0000ffee    00000002     msp430_i2c.obj (.int55)

.int56     0    0000fff0    00000002     
                  0000fff0    00000002     msp430_uart.obj (.int56)

.int59     0    0000fff6    00000002     
                  0000fff6    00000002     msp430_clock.obj (.int59)

.int61     0    0000fffa    00000002     
                  0000fffa    00000002     msp430_interrupt.obj (.int61)

.reset     0    0000fffe    00000002     
                  0000fffe    00000002     rts430x_lc_rd.lib : boot.obj (.reset)

.text.2    0    00010000    00007e5e     
                  00010000    0000011c     rts430x_lc_rd.lib : xfdscale.obj (.text:_FDscale)
                  0001011c    00000110     eMPL_outputs.obj (.text:inv_get_sensor_type_heading)
                  0001022c    00000110     msp430_interrupt.obj (.text:msp430_reg_int_cb)
                  0001033c    0000010e     log_msp430.obj (.text:eMPL_send_quat)
                  0001044a    0000010c     mllite_test.obj (.text:setup_all_sensors)
                  00010556    00000108     rts430x_lc_rd.lib : atan2f.obj (.text:atan2f)
                  0001065e    00000104                       : _printfi.obj (.text:_pconv_g)
                  00010762    00000104     inv_mpu.obj (.text:mpu_set_bypass)
                  00010866    00000102     rts430x_lc_rd.lib : _printfi.obj (.text:_ltostr)
                  00010968    00000100                       : _printfi.obj (.text:_pproc_fwp)
                  00010a68    000000fe     libmplmpu.lib : gyro_tc.obj (.text:inv_gtc_data_cb)
                  00010b66    000000f6                   : accel_auto_cal.obj (.text:inv_sort_order_4_T)
                  00010c5c    000000f0     rts430x_lc_rd.lib : acosf.obj (.text:acosf)
                  00010d4c    000000f0     libmplmpu.lib : fusion_9axis.obj (.text:inv_find_synchronized_compass_angle)
                  00010e3c    000000e8                   : fusion_9axis.obj (.text:inv_process_9x_sensor_fusion_cb)
                  00010f24    000000e6     HAL_UCS.obj (.text:Init_FLL)
                  0001100a    000000e4     log_msp430.obj (.text:_MLPrintLog)
                  000110ee    000000e4     libmplmpu.lib : fast_no_motion.obj (.text:inv_detect_motion_by_gyro_accel)
                  000111d2    000000e4     inv_mpu.obj (.text:mpu_lp_accel_mode)
                  000112b6    000000e2     rts430x_lc_rd.lib : fltllid.obj (.text:_fltllid)
                  00011398    000000e2     mllite_test.obj (.text:make_protocol)
                  0001147a    000000e0     libmplmpu.lib : gyro_tc.obj (.text:inv_gtc_add_data)
                  0001155a    000000de     data_builder.obj (.text:inv_apply_calibration)
                  00011638    000000dc     data_builder.obj (.text:inv_register_data_cb)
                  00011714    000000da     usb.obj (.text:USB_InitSerialStringDescriptor)
                  000117ee    000000d0     libmplmpu.lib : fast_no_motion.obj (.text:inv_sensor_data_preprocess)
                  000118be    000000ce     HAL_PMM.obj (.text:SetVCoreUp)
                  0001198c    000000cc     inv_mpu.obj (.text:mpu_get_compass_reg)
                  00011a58    000000ca     mpl.obj (.text:inv_init_mpl)
                  00011b22    000000ca     mllite_test.obj (.text:send_status_compass)
                  00011bec    000000c6     storage_manager.obj (.text:inv_load_mpl_states)
                  00011cb2    000000c4     inv_mpu_dmp_motion_driver.obj (.text:dmp_set_interrupt_mode)
                  00011d76    000000bc     libmplmpu.lib : fast_no_motion.obj (.text:inv_init_maxmin)
                  00011e32    000000b6     inv_mpu.obj (.text:mpu_run_self_test)
                  00011ee8    000000b6     rts430x_lc_rd.lib : fs_mpy.obj (.text)
                  00011f9e    000000b4     ml_math_func.obj (.text:inv_convert_to_body_with_scale)
                  00012052    000000b2     libmplmpu.lib : compass_vec_cal.obj (.text:inv_init_sensitivity_const)
                  00012104    000000b2                   : mag_disturb.obj (.text:inv_track_dip_angle)
                  000121b6    000000b0     UsbCdc.obj (.text:USBCDC_intfStatus)
                  00012266    000000b0     results_holder.obj (.text:inv_get_gravity)
                  00012316    000000b0     msp430_i2c.obj (.text:msp430_i2c_read_uv)
                  000123c6    000000ae     msp430_clock.obj (.text:msp430_clock_init)
                  00012474    000000ae     msp430_i2c.obj (.text:msp430_i2c_read_new)
                  00012522    000000aa     inv_mpu.obj (.text:mpu_set_sample_rate)
                  000125cc    000000a8     rts430x_lc_rd.lib : _printfi.obj (.text:_pproc_str)
                  00012674    000000a8     libmplmpu.lib : compass_vec_cal.obj (.text:inv_add_compass_block_data)
                  0001271c    000000a4     inv_mpu.obj (.text:mpu_get_temperature)
                  000127c0    0000009e     MX25_CMD.obj (.text:CMD_PP)
                  0001285e    0000009e     libmplmpu.lib : compass_vec_cal.obj (.text:inv_cheap_rand)
                  000128fc    0000009e     msp430_i2c.obj (.text:msp430_i2c_write_new)
                  0001299a    0000009c     libmplmpu.lib : compass_vec_cal.obj (.text:inv_get_current_calibrated_compass)
                  00012a36    0000009c                   : compass_vec_cal.obj (.text:inv_set_peaks)
                  00012ad2    0000009a     MX25_APP.obj (.text:FlashReadWrite_Test)
                  00012b6c    0000009a     msp430_i2c.obj (.text:msp430_i2c_read)
                  00012c06    0000009a     msp430_i2c.obj (.text:msp430_i2c_write)
                  00012ca0    00000098     libmplmpu.lib : mag_disturb.obj (.text:MagDisturbSetDisturbance)
                  00012d38    00000096     MX25_APP.obj (.text:FlashID_Test)
                  00012dce    00000096     usb.obj (.text:USB_connectionState)
                  00012e64    00000096     data_builder.obj (.text:inv_build_compass)
                  00012efa    00000096     storage_manager.obj (.text:inv_save_mpl_states)
                  00012f90    00000092     rts430x_lc_rd.lib : xdnorm.obj (.text:_Dnorm)
                  00013022    0000008e                       : fs_div.obj (.text)
                  000130b0    0000008c     HAL_PMM.obj (.text:SetVCoreDown)
                  0001313c    0000008c     rts430x_lc_rd.lib : xfdnorm.obj (.text:_FDnorm)
                  000131c8    0000008c     data_builder.obj (.text:inv_set_gyro_bias)
                  00013254    0000008c     usb.obj (.text:usbDecodeAndProcessUsbRequest)
                  000132e0    0000008a     UsbCdc.obj (.text:USBCDC_bytesInUSBBuffer)
                  0001336a    00000088     rts430x_lc_rd.lib : _printfi.obj (.text:_ecpy)
                  000133f2    00000088     libmplmpu.lib : fast_no_motion.obj (.text:inv_init_fast_nomot)
                  0001347a    00000086     usb.obj (.text:USB_enable)
                  00013500    00000086     rts430x_lc_rd.lib : _printfi.obj (.text:_div)
                  00013586    00000086     sensor_probe.obj (.text:get_ht_data)
                  0001360c    00000086     storage_manager.obj (.text:inv_register_load_store)
                  00013692    00000084     rts430x_lc_rd.lib : fixdlli.obj (.text:_fixdlli)
                  00013716    00000084     data_builder.obj (.text:inv_build_accel)
                  0001379a    00000084     inv_mpu.obj (.text:mpu_set_lpf)
                  0001381e    00000082     libmplmpu.lib : fast_no_motion.obj (.text:inv_fast_nomot_store_data_compass)
                  000138a0    00000082     inv_mpu.obj (.text:mpu_set_dmp_state)
                  00013922    00000080     libmplmpu.lib : mag_disturb.obj (.text:Mag3ofNormalizedLong)
                  000139a2    00000080     inv_mpu_dmp_motion_driver.obj (.text:dmp_set_orient_thresh)
                  00013a22    00000080     rts430x_lc_rd.lib : ltoa.obj (.text:ltoa)
                  00013aa2    0000007e     MX25_CMD.obj (.text:CMD_READ)
                  00013b20    0000007e     rts430x_lc_rd.lib : _printfi.obj (.text:_mcpy)
                  00013b9e    0000007e     libmplmpu.lib : compass_vec_cal.obj (.text:inv_cheap_gaussian)
                  00013c1c    0000007e                   : compass_vec_cal.obj (.text:inv_init_vector_compass_cal)
                  00013c9a    0000007e     inv_mpu.obj (.text:mpu_set_gyro_fsr)
                  00013d18    0000007e     rts430x_lc_rd.lib : fs_tol.obj (.text)
                  00013d96    00000078     UsbCdc.obj (.text:USBCDC_sendData)
                  00013e0e    00000078     ml_math_func.obj (.text:inv_q_addf)
                  00013e86    00000078     msp430_i2c.obj (.text:msp430_i2c_enable)
                  00013efe    00000076     rts430x_lc_rd.lib : _printfi.obj (.text:_pconv_f)
                  00013f74    00000074     sensor_probe.obj (.text:get_uv_data)
                  00013fe8    00000074     data_builder.obj (.text:inv_execute_on_data)
                  0001405c    00000074     usb.obj (.text:usbSendNextPacketOnIEP0)
                  000140d0    00000072     UsbCdc.obj (.text:CopyUsbToBuff)
                  00014142    00000072     usbConstructs.obj (.text:cdcSendDataWaitTilDone)
                  000141b4    00000072     data_builder.obj (.text:inv_get_last_timestamp)
                  00014226    00000072     inv_mpu.obj (.text:mpu_reg_dump)
                  00014298    00000072     inv_mpu.obj (.text:mpu_set_accel_fsr)
                  0001430a    00000070     sensor_probe.obj (.text:get_pressure_data)
                  0001437a    00000070     usb.obj (.text:usbGetEndpointStatus)
                  000143ea    0000006e     MX25_CMD.obj (.text:CMD_SE)
                  00014458    0000006e     usbConstructs.obj (.text:cdcSendDataInBackground)
                  000144c6    0000006e     libmplmpu.lib : quaternion_supervisor.obj (.text:inv_generate_quaternion)
                  00014534    0000006c     inv_mpu_dmp_motion_driver.obj (.text:dmp_set_fifo_rate)
                  000145a0    00000068     inv_mpu_dmp_motion_driver.obj (.text:dmp_get_pedometer_walk_time)
                  00014608    00000068     data_builder.obj (.text:inv_set_accel_bias)
                  00014670    00000068     data_builder.obj (.text:inv_unregister_data_cb)
                  000146d8    00000068     inv_mpu.obj (.text:mpu_write_mem)
                  00014740    00000068     rts430x_lc_rd.lib : fs_toi.obj (.text)
                  000147a8    00000066     data_builder.obj (.text:inv_set_contiguous)
                  0001480e    00000066     inv_mpu.obj (.text:mpu_configure_fifo)
                  00014874    00000066     msp430_interrupt.obj (.text:msp430_int_enable)
                  000148da    00000064     rts430x_lc_rd.lib : xdunscal.obj (.text:_Dunscale)
                  0001493e    00000064                       : xfdunsca.obj (.text:_FDunscale)
                  000149a2    00000064     results_holder.obj (.text:inv_get_linear_accel)
                  00014a06    00000064     ml_math_func.obj (.text:mlMatrixVectorMult)
                  00014a6a    00000062     MX25_CMD.obj (.text:CMD_RDID)
                  00014acc    00000062     rts430x_lc_rd.lib : atoi.obj (.text:atoi)
                  00014b2e    00000062     ml_math_func.obj (.text:inv_q_rotate)
                  00014b90    00000060     data_builder.obj (.text:inv_reset_compass_soft_iron_matrix)
                  00014bf0    00000060     data_builder.obj (.text:inv_set_compass_bias)
                  00014c50    00000060     inv_mpu.obj (.text:mpu_get_lpf)
                  00014cb0    00000060     inv_mpu.obj (.text:mpu_set_int_latched)
                  00014d10    00000060     mllite_test.obj (.text:setup_gyro)
                  00014d70    0000005e     ml_math_func.obj (.text:inv_q_add)
                  00014dce    0000005e     inv_mpu.obj (.text:mpu_read_mem)
                  00014e2c    0000005e     sensor_probe.obj (.text:probe_alpsHS_p_chip)
                  00014e8a    0000005c     libmplmpu.lib : mag_disturb.obj (.text:inv_init_magnetic_disturbance)
                  00014ee6    0000005c                   : mag_disturb.obj (.text:inv_magnetic_disturbance_process)
                  00014f42    0000005a                   : mag_disturb.obj (.text:MagDisturbCheckSettling)
                  00014f9c    0000005a     rts430x_lc_rd.lib : mult64_f5hw.obj (.text:__mpyll)
                  00014ff6    0000005a     libmplmpu.lib : compass_vec_cal.obj (.text:inv_generate_vector_compass_cal)
                  00015050    0000005a     results_holder.obj (.text:inv_init_results_holder)
                  000150aa    0000005a     libmplmpu.lib : fast_no_motion.obj (.text:inv_record_max_moment_in_no_motion_accel)
                  00015104    0000005a                   : fast_no_motion.obj (.text:inv_record_max_moment_in_no_motion_gyro)
                  0001515e    00000058     HAL_TLV.obj (.text:Get_TLV_Info)
                  000151b6    00000058     usb.obj (.text:USB_init)
                  0001520e    00000058     sensor_probe.obj (.text:get_light_data)
                  00015266    00000058     libmplmpu.lib : fast_no_motion.obj (.text:inv_record_min_moment_in_motion_accel)
                  000152be    00000058                   : fast_no_motion.obj (.text:inv_record_min_moment_in_motion_gyro)
                  00015316    00000058     max17048_driver.obj (.text:max17048_probe)
                  0001536e    00000058     rts430x_lc_rd.lib : div32u.obj (.text)
                  000153c6    00000056     MX25_CMD.obj (.text:CMD_REMS)
                  0001541c    00000056     rts430x_lc_rd.lib : autoinit.obj (.text:_auto_init)
                  00015472    00000056     inv_mpu.obj (.text:mpu_set_compass_sample_rate)
                  000154c8    00000054     inv_mpu_dmp_motion_driver.obj (.text:dmp_get_pedometer_step_count)
                  0001551c    00000054     results_holder.obj (.text:inv_get_quaternion_set)
                  00015570    00000054     ml_math_func.obj (.text:inv_q_invert)
                  000155c4    00000054     mllite_test.obj (.text:load_calibration)
                  00015618    00000054     inv_mpu.obj (.text:mpu_get_gyro_sens)
                  0001566c    00000054     inv_mpu.obj (.text:set_int_enable)
                  000156c0    00000052     mllite_test.obj (.text:init_timer_A1)
                  00015712    00000052     libmplmpu.lib : fast_no_motion.obj (.text:inv_reset_min_max_gyro_accel_statistics)
                  00015764    00000052     UsbCdc.obj (.text:usbGetLineCoding)
                  000157b6    00000050     inv_mpu_dmp_motion_driver.obj (.text:dmp_enable_6x_lp_quat)
                  00015806    00000050     inv_mpu_dmp_motion_driver.obj (.text:dmp_enable_lp_quat)
                  00015856    00000050     libmplmpu.lib : fast_no_motion.obj (.text:inv_max_change)
                  000158a6    00000050                   : fast_no_motion.obj (.text:inv_set_default_number_of_samples)
                  000158f6    0000004e     rts430x_lc_rd.lib : _printfi.obj (.text:_fcpy)
                  00015944    0000004e     libmplmpu.lib : gyro_tc.obj (.text:inv_gtc_get_bin)
                  00015992    0000004e     ml_math_func.obj (.text:inv_row_2_scale)
                  000159e0    0000004e     usb.obj (.text:usbGetStringDescriptor)
                  00015a2e    0000004c     inv_mpu_dmp_motion_driver.obj (.text:dmp_set_shake_reject_thresh)
                  00015a7a    0000004c     ml_math_func.obj (.text:inv_q_invertf)
                  00015ac6    0000004c     libmplmpu.lib : fast_no_motion.obj (.text:inv_start_fast_nomot)
                  00015b12    0000004c     msp430_clock.obj (.text:msp430_clock_enable)
                  00015b5e    0000004c     sensor_probe.obj (.text:probe_cm3512_uv_chip)
                  00015baa    0000004a     mllite_test.obj (.text:check_for_usb_state)
                  00015bf4    0000004a     data_builder.obj (.text:inv_set_compass_soft_iron_input_data)
                  00015c3e    0000004a     mpl.obj (.text:inv_start_mpl)
                  00015c88    0000004a     rts430x_lc_rd.lib : fs_cmp.obj (.text)
                  00015cd2    0000004a                       : fs_ltof.obj (.text)
                  00015d1c    00000048     libmplmpu.lib : fusion_9axis.obj (.text:inv_init_9x_fusion)
                  00015d64    00000048     usb.obj (.text:usbReceiveNextPacketOnOEP0)
                  00015dac    00000046     rts430x_lc_rd.lib : _printfi.obj (.text:_pproc_fflags)
                  00015df2    00000046     mllite_test.obj (.text:get_eMPL_version)
                  00015e38    00000046     libmplmpu.lib : fast_no_motion.obj (.text:inv_fast_nomot_reset_data_compass)
                  00015e7e    00000046                   : quaternion_supervisor.obj (.text:inv_init_quaternion)
                  00015ec4    00000046     inv_mpu.obj (.text:mpu_get_accel_sens)
                  00015f0a    00000046     rts430x_lc_rd.lib : fs_tou.obj (.text)
                  00015f50    00000046     usb.obj (.text:usbClearEndpointFeature)
                  00015f96    00000044     UsbIsr.obj (.text:SetupPacketInterruptHandler)
                  00015fda    00000044     rts430x_lc_rd.lib : llmath.obj (.text:__asrll)
                  0001601e    00000044     max17048_driver.obj (.text:max17048_get_battery_soc)
                  00016062    00000044     inv_mpu.obj (.text:mpu_get_gyro_fsr)
                  000160a6    00000044     usb.obj (.text:usbSetEndpointFeature)
                  000160ea    00000042     UsbIsr.obj (.text:PWRVBUSoffHandler)
                  0001612c    00000042     libmplmpu.lib : quaternion_supervisor.obj (.text:inv_start_quaternion)
                  0001616e    00000042     msp430_uart.obj (.text:msp430_uart_init)
                  000161b0    00000040     UsbCdc.obj (.text:CdcResetData)
                  000161f0    00000040     MX25_CMD.obj (.text:SendFlashAddr)
                  00016230    00000040     usbConstructs.obj (.text:cdcReceiveDataInBuffer)
                  00016270    00000040     data_builder.obj (.text:inv_build_gyro)
                  000162b0    00000040     data_builder.obj (.text:inv_init_data_builder)
                  000162f0    00000040     results_holder.obj (.text:inv_set_motion_state)
                  00016330    00000040     inv_mpu.obj (.text:mpu_get_accel_fsr)
                  00016370    00000040     msp430_i2c.obj (.text:msp430_i2c_recover)
                  000163b0    00000040     rts430x_lc_rd.lib : div32s.obj (.text)
                  000163f0    0000003e     UsbCdc.obj (.text:Handler_SetLineCoding)
                  0001642e    0000003e     HAL_PMM.obj (.text:SetVCore)
                  0001646c    0000003e     rts430x_lc_rd.lib : llmath.obj (.text:__lslll)
                  000164aa    0000003e                       : llmath.obj (.text:__lsrll)
                  000164e8    0000003e     libmplmpu.lib : fast_no_motion.obj (.text:inv_fast_nomot_parameter_compass)
                  00016526    0000003e     data_builder.obj (.text:inv_set_accel_sample_rate)
                  00016564    0000003e     data_builder.obj (.text:inv_set_compass_sample_rate)
                  000165a2    0000003e     data_builder.obj (.text:inv_set_gyro_sample_rate)
                  000165e0    0000003e     rts430x_lc_rd.lib : asr32.obj (.text:l_asr_const)
                  0001661e    0000003e                       : lsl32.obj (.text:l_lsl_const)
                  0001665c    0000003e                       : lsr32.obj (.text:l_lsr_const)
                  0001669a    0000003c     mllite_test.obj (.text:Init_TimerA2)
                  000166d6    0000003c     rts430x_lc_rd.lib : xfdtest.obj (.text:_FDtest)
                  00016712    0000003c     inv_mpu_dmp_motion_driver.obj (.text:dmp_set_pedometer_walk_time)
                  0001674e    0000003c     data_builder.obj (.text:inv_get_compass_set)
                  0001678a    0000003a     results_holder.obj (.text:inv_get_quaternion)
                  000167c4    0000003a     rts430x_lc_rd.lib : vsprintf.obj (.text:vsprintf)
                  000167fe    00000038     libmplmpu.lib : fast_no_motion.obj (.text:inv_if_enough_data)
                  00016836    00000038                   : accel_auto_cal.obj (.text:inv_init_check_sample_balance)
                  0001686e    00000038                   : gyro_tc.obj (.text:inv_init_gyro_ts)
                  000168a6    00000038                   : compass_vec_cal.obj (.text:inv_reset_data_collection)
                  000168de    00000038     sensor_probe.obj (.text:probe_sht21_th_chip)
                  00016916    00000038     rts430x_lc_rd.lib : signal.obj (.text:signal)
                  0001694e    00000036                       : xferaise.obj (.text:_Feraise)
                  00016984    00000036     msp430_clock.obj (.text:msp430_delay_ms)
                  000169ba    00000036     rts430x_lc_rd.lib : fs_itof.obj (.text)
                  000169f0    00000034     HAL_UCS.obj (.text:XT1_Start)
                  00016a24    00000034     inv_mpu_dmp_motion_driver.obj (.text:dmp_set_tap_axes)
                  00016a58    00000034     rts430x_lc_rd.lib : feraiseexcept.obj (.text:feraiseexcept)
                  00016a8c    00000034     ml_math_func.obj (.text:inv_cosf)
                  00016ac0    00000034     libmplmpu.lib : gyro_tc.obj (.text:inv_enable_gyro_tc)
                  00016af4    00000034     data_builder.obj (.text:inv_get_accel_set)
                  00016b28    00000032     HAL_UCS.obj (.text:Init_FLL_Settle)
                  00016b5a    00000032     usb.obj (.text:USB_connectionInfo)
                  00016b8c    00000032     usb.obj (.text:USB_suspend)
                  00016bbe    00000032     inv_mpu_dmp_motion_driver.obj (.text:dmp_set_pedometer_step_count)
                  00016bf0    00000032     ml_math_func.obj (.text:inv_checksum)
                  00016c22    00000032     data_builder.obj (.text:inv_db_load_func)
                  00016c54    00000032     libmplmpu.lib : gyro_tc.obj (.text:inv_gtc_store)
                  00016c86    00000032     rts430x_lc_rd.lib : raise.obj (.text:raise)
                  00016cb8    00000032                       : fs_ultof.obj (.text)
                  00016cea    00000032     mllite_test.obj (.text:showBatteryStatus)
                  00016d1c    00000030     HAL_FLASH.obj (.text:FlashWrite_8)
                  00016d4c    00000030     UsbIsr.obj (.text:PWRVBUSonHandler)
                  00016d7c    00000030     HAL_UCS.obj (.text:XT2_Start)
                  00016dac    00000030     data_builder.obj (.text:inv_get_gyro_set)
                  00016ddc    00000030     libmplmpu.lib : fast_no_motion.obj (.text:inv_reset_packet)
                  00016e0c    00000030     ml_math_func.obj (.text:inv_sinf)
                  00016e3c    0000002e     MX25_CMD.obj (.text:CMD_RES)
                  00016e6a    0000002e     UsbIsr.obj (.text:OEP0InterruptHandler)
                  00016e98    0000002e     start_manager.obj (.text:inv_execute_mpl_start_notification)
                  00016ec6    0000002e     rts430x_lc_rd.lib : memmov.obj (.text:memmove)
                  00016ef4    0000002e     mllite_test.obj (.text:test_flash)
                  00016f22    0000002c     MX25_CMD.obj (.text:WaitFlashReady)
                  00016f4e    0000002c     ml_math_func.obj (.text:inv_get_gyro_sum_of_sqr)
                  00016f7a    0000002c     eMPL_outputs.obj (.text:inv_get_sensor_type_quat)
                  00016fa6    0000002c     libmplmpu.lib : gyro_tc.obj (.text:inv_gtc_load)
                  00016fd2    0000002c     rts430x_lc_rd.lib : div16s.obj (.text)
                  00016ffe    0000002c     usb.obj (.text:usbGetDeviceStatus)
                  0001702a    0000002a     rts430x_lc_rd.lib : mult3264_f5hw.obj (.text:__mpysll)
                  00017054    0000002a     inv_mpu_dmp_motion_driver.obj (.text:dmp_set_tap_count)
                  0001707e    0000002a     mllite_test.obj (.text:gyro_data_ready_cb)
                  000170a8    0000002a     eMPL_outputs.obj (.text:inv_get_sensor_type_rot_mat)
                  000170d2    0000002a     ml_math_func.obj (.text:inv_orientation_matrix_to_scalar)
                  000170fc    00000028     dma.obj (.text:USB_initMemcpy)
                  00017124    00000028     data_builder.obj (.text:inv_get_gyro_bias)
                  0001714c    00000028     dma.obj (.text:memcpyDMA0)
                  00017174    00000028     msp430_spi.obj (.text:msp430_init_spi_usb1)
                  0001719c    00000026     MX25_CMD.obj (.text:CMD_RDSCUR)
                  000171c2    00000026     MX25_CMD.obj (.text:CMD_RDSR)
                  000171e8    00000026     mllite_test.obj (.text:checkClicked)
                  0001720e    00000026     inv_mpu_dmp_motion_driver.obj (.text:dmp_set_orient_time)
                  00017234    00000026     inv_mpu_dmp_motion_driver.obj (.text:dmp_set_shake_reject_time)
                  0001725a    00000026     inv_mpu_dmp_motion_driver.obj (.text:dmp_set_shake_reject_timeout)
                  00017280    00000026     inv_mpu_dmp_motion_driver.obj (.text:dmp_set_tap_time)
                  000172a6    00000026     inv_mpu_dmp_motion_driver.obj (.text:dmp_set_tap_time_multi)
                  000172cc    00000026     data_builder.obj (.text:inv_build_temp)
                  000172f2    00000026     msp430_uart.obj (.text:msp430_uart_tx)
                  00017318    00000026     sensor_probe.obj (.text:read_data)
                  0001733e    00000026     sensor_probe.obj (.text:read_data_uv)
                  00017364    00000026     sensor_probe.obj (.text:write_data)
                  0001738a    00000024     HAL_FLASH.obj (.text:Flash_SegmentErase)
                  000173ae    00000024     storage_manager.obj (.text:inv_find_entry)
                  000173d2    00000024     results_holder.obj (.text:inv_set_compass_correction)
                  000173f6    00000024     results_holder.obj (.text:inv_store_gaming_quaternion)
                  0001741a    00000024     msp430_i2c.obj (.text:msp430_i2c_disable)
                  0001743e    00000024     rts430x_lc_rd.lib : fs_utof.obj (.text)
                  00017462    00000022     usb.obj (.text:USB_disable)
                  00017484    00000022     libmplmpu.lib : compass_vec_cal.obj (.text:inv_init_peaks)
                  000174a6    00000022     start_manager.obj (.text:inv_register_mpl_start_notification)
                  000174c8    00000022     message_layer.obj (.text:inv_set_message)
                  000174ea    00000022     rts430x_lc_rd.lib : mult32_f5hw.obj (.text)
                  0001750c    00000022     usb.obj (.text:usbSetAddress)
                  0001752e    00000020     mllite_test.obj (.text:Buttons_interruptEnable)
                  0001754e    00000020     rts430x_lc_rd.lib : vsprintf.obj (.text:_outs)
                  0001756e    00000020     results_holder.obj (.text:inv_get_compass_correction)
                  0001758e    00000020     rts430x_lc_rd.lib : memccpy.obj (.text:memccpy)
                  000175ae    00000020     usb.obj (.text:usbSendDataPacketOnEP0)
                  000175ce    00000020     usb.obj (.text:usbSetConfiguration)
                  000175ee    0000001e     MX25_CMD.obj (.text:GetByte)
                  0001760c    0000001e     libmplmpu.lib : accel_auto_cal.obj (.text:inv_init_check_sample_balance_parameter)
                  0001762a    0000001e     usb.obj (.text:usbGetInterface)
                  00017648    0000001e     usb.obj (.text:usbGetInterfaceStatus)
                  00017666    0000001c     UsbIsr.obj (.text:IEP0InterruptHandler)
                  00017682    0000001c     inv_mpu_dmp_motion_driver.obj (.text:dmp_set_orient_axes)
                  0001769e    0000001c     storage_manager.obj (.text:inv_init_storage_manager)
                  000176ba    0000001c     data_builder.obj (.text:inv_set_quat_sample_rate)
                  000176d6    0000001c     msp430_interrupt.obj (.text:msp430_int_init)
                  000176f2    0000001a     UsbCdc.obj (.text:CdcIsReceiveInProgress)
                  0001770c    0000001a     MX25_CMD.obj (.text:InsertDummyCycle)
                  00017726    0000001a     usb.obj (.text:USB_connect)
                  00017740    0000001a     rts430x_lc_rd.lib : mult1632_f5hw.obj (.text:__mpysl)
                  0001775a    0000001a     libmplmpu.lib : mag_disturb.obj (.text:inv_enable_magnetic_disturbance)
                  00017774    0000001a     data_builder.obj (.text:inv_get_compass_soft_iron_output_data)
                  0001778e    0000001a     ml_math_func.obj (.text:inv_q29_mult)
                  000177a8    0000001a     ml_math_func.obj (.text:inv_q30_mult)
                  000177c2    0000001a     usb.obj (.text:usbClearDeviceFeature)
                  000177dc    0000001a     usb.obj (.text:usbSetDeviceFeature)
                  000177f6    00000018     HAL_FLASH.obj (.text:Flash_EraseCheck)
                  0001780e    00000018     usb.obj (.text:USB_resume)
                  00017826    00000018     rts430x_lc_rd.lib : xfdclass.obj (.text:_FDclass)
                  0001783e    00000018     libmplmpu.lib : fusion_9axis.obj (.text:inv_enable_9x_sensor_fusion)
                  00017856    00000018                   : fast_no_motion.obj (.text:inv_enable_fast_nomot)
                  0001786e    00000018     eMPL_outputs.obj (.text:inv_init_eMPL_outputs)
                  00017886    00000018     start_manager.obj (.text:inv_init_start_manager)
                  0001789e    00000018     data_builder.obj (.text:inv_set_accel_orientation_and_scale)
                  000178b6    00000018     data_builder.obj (.text:inv_set_compass_orientation_and_scale)
                  000178ce    00000018     data_builder.obj (.text:inv_set_gyro_orientation_and_scale)
                  000178e6    00000018     msp430_clock.obj (.text:msp430_get_clock_ms)
                  000178fe    00000016     MX25_CMD.obj (.text:CMD_WREN)
                  00017914    00000016     MX25_CMD.obj (.text:IsFlash4Byte)
                  0001792a    00000016     message_layer.obj (.text:inv_get_message_level_0)
                  00017940    00000016     rts430x_lc_rd.lib : abs.obj (.text:llabs)
                  00017956    00000016                       : memset.obj (.text:memset)
                  0001796c    00000016                       : div16u.obj (.text)
                  00017982    00000016                       : mult16_f5hw.obj (.text)
                  00017998    00000016                       : rand.obj (.text:srand)
                  000179ae    00000016     usb.obj (.text:usbGetConfigurationDescriptor)
                  000179c4    00000016     usb.obj (.text:usbGetDeviceDescriptor)
                  000179da    00000014     usbEventHandling.obj (.text:USB_handleVbusOnEvent)
                  000179ee    00000014     rts430x_lc_rd.lib : vsprintf.obj (.text:_outc)
                  00017a02    00000014     libmplmpu.lib : fast_no_motion.obj (.text:inv_fast_nomot_get_time_elaps)
                  00017a16    00000014     results_holder.obj (.text:inv_start_results_holder)
                  00017a2a    00000014     rts430x_lc_rd.lib : memcpy.obj (.text:memcpy)
                  00017a3e    00000014     inv_mpu.obj (.text:mpu_get_sample_rate)
                  00017a52    00000014     usb.obj (.text:usbGetConfiguration)
                  00017a66    00000012     eMPL_outputs.obj (.text:inv_enable_eMPL_outputs)
                  00017a78    00000012     libmplmpu.lib : quaternion_supervisor.obj (.text:inv_enable_quaternion)
                  00017a8a    00000012     results_holder.obj (.text:inv_enable_results_holder)
                  00017a9c    00000012     libmplmpu.lib : compass_vec_cal.obj (.text:inv_enable_vector_compass_cal)
                  00017aae    00000012     data_builder.obj (.text:inv_get_compass_bias)
                  00017ac0    00000012     eMPL_outputs.obj (.text:inv_get_sensor_type_accel)
                  00017ad2    00000012     eMPL_outputs.obj (.text:inv_get_sensor_type_compass)
                  00017ae4    00000012     eMPL_outputs.obj (.text:inv_get_sensor_type_gyro)
                  00017af6    00000012     rts430x_lc_rd.lib : toupper.obj (.text:toupper)
                  00017b08    00000012     usb.obj (.text:usbReceiveDataPacketOnEP0)
                  00017b1a    00000012     usb.obj (.text:usbSetInterface)
                  00017b2c    00000010     MX25_CMD.obj (.text:IsFlashBusy)
                  00017b3c    00000010     data_builder.obj (.text:inv_db_save_func)
                  00017b4c    00000010     results_holder.obj (.text:inv_get_6axis_quaternion)
                  00017b5c    00000010     data_builder.obj (.text:inv_get_gyro_bias_tc_set)
                  00017b6c    00000010     data_builder.obj (.text:inv_get_mag_accuracy)
                  00017b7c    00000010     libmplmpu.lib : mag_disturb.obj (.text:inv_set_magnetic_disturbance)
                  00017b8c    00000010     eMPL_outputs.obj (.text:inv_start_eMPL_outputs)
                  00017b9c    00000010     rts430x_lc_rd.lib : lsr32.obj (.text:l_lsr)
                  00017bac    00000010     msp430_clock.obj (.text:msp430_get_smclk_freq)
                  00017bbc    0000000e     data_builder.obj (.text:inv_get_accel_on)
                  00017bca    0000000e     data_builder.obj (.text:inv_get_compass_on)
                  00017bd8    0000000e     data_builder.obj (.text:inv_get_gyro_on)
                  00017be6    0000000e     results_holder.obj (.text:inv_set_compass_bias_error)
                  00017bf4    0000000e     libmplmpu.lib : fusion_9axis.obj (.text:inv_start_9x_sensor_fusion)
                  00017c02    0000000e                   : gyro_tc.obj (.text:inv_start_gyro_tc)
                  00017c10    0000000e                   : mag_disturb.obj (.text:inv_start_magnetic_disturbance)
                  00017c1e    0000000e                   : compass_vec_cal.obj (.text:inv_start_vector_compass_cal)
                  00017c2c    0000000e     rts430x_lc_rd.lib : abs.obj (.text:labs)
                  00017c3a    0000000e     inv_mpu.obj (.text:mpu_get_compass_fsr)
                  00017c48    0000000e     data_builder.obj (.text:set_sensor_orientation_and_scale)
                  00017c56    0000000e     rts430x_lc_rd.lib : strlen.obj (.text:strlen)
                  00017c64    0000000e     usb.obj (.text:usbInvalidRequest)
                  00017c72    0000000e     usb.obj (.text:usbSendZeroLengthPacketOnIEP0)
                  00017c80    0000000c     data_builder.obj (.text:inv_get_gyro)
                  00017c8c    0000000c     results_holder.obj (.text:inv_get_local_field)
                  00017c98    0000000c     results_holder.obj (.text:inv_get_motion_state)
                  00017ca4    0000000c     mpl.obj (.text:inv_get_version)
                  00017cb0    0000000c     msp430_spi.obj (.text:msp430_spi_send)
                  00017cbc    0000000c     UsbCdc.obj (.text:usbSetLineCoding)
                  00017cc8    0000000a     MX25_CMD.obj (.text:Initial_Spi)
                  00017cd2    0000000a     MX25_CMD.obj (.text:SendByte)
                  00017cdc    0000000a     rts430x_lc_rd.lib : abs.obj (.text:abs)
                  00017ce6    0000000a     inv_mpu_dmp_motion_driver.obj (.text:dmp_get_fifo_rate)
                  00017cf0    0000000a     storage_manager.obj (.text:inv_get_mpl_state_size)
                  00017cfa    0000000a     inv_mpu.obj (.text:mpu_get_fifo_config)
                  00017d04    0000000a     msp430_uart.obj (.text:msp430_uart_disable)
                  00017d0e    0000000a     msp430_uart.obj (.text:msp430_uart_enable)
                  00017d18    0000000a     rts430x_lc_rd.lib : fs_neg.obj (.text)
                  00017d22    0000000a                       : lsl16.obj (.text)
                  00017d2c    0000000a                       : lsr16.obj (.text)
                  00017d36    0000000a     usb.obj (.text:usbStallEndpoint0)
                  00017d40    00000008     usbEventHandling.obj (.text:USBCDC_handleDataReceived)
                  00017d48    00000008     usbEventHandling.obj (.text:USB_handleVbusOffEvent)
                  00017d50    00000008     usb.obj (.text:USB_setEnabledEvents)
                  00017d58    00000008     HAL_UCS.obj (.text:XT2_Stop)
                  00017d60    00000008     libmplmpu.lib : fusion_9axis.obj (.text:inv_9x_fusion_enable_jitter_reduction)
                  00017d68    00000008                   : fusion_9axis.obj (.text:inv_9x_fusion_use_timestamps)
                  00017d70    00000008                   : mag_disturb.obj (.text:inv_disable_dip_tracking)
                  00017d78    00000008     results_holder.obj (.text:inv_generate_results)
                  00017d80    00000008     libmplmpu.lib : mag_disturb.obj (.text:inv_stop_magnetic_disturbance)
                  00017d88    00000008     msp430_uart.obj (.text:msp430_get_uart_rx_data)
                  00017d90    00000008     UsbCdc.obj (.text:usbSetControlLineState)
                  00017d98    00000006     mllite_test.obj (.text:Buttons_interruptDisable)
                  00017d9e    00000006     MX25_CMD.obj (.text:CS_High)
                  00017da4    00000006     MX25_CMD.obj (.text:CS_Low)
                  00017daa    00000006     rts430x_lc_rd.lib : cosf.obj (.text:cosf)
                  00017db0    00000006     msp430_spi.obj (.text:get_spi_rx_interrupt_flag)
                  00017db6    00000006     data_builder.obj (.text:inv_accel_was_turned_off)
                  00017dbc    00000006     data_builder.obj (.text:inv_compass_was_turned_off)
                  00017dc2    00000006     data_builder.obj (.text:inv_disable_compass_soft_iron_matrix)
                  00017dc8    00000006     results_holder.obj (.text:inv_get_acc_state)
                  00017dce    00000006     data_builder.obj (.text:inv_get_accel_accuracy)
                  00017dd4    00000006     results_holder.obj (.text:inv_get_compass_state)
                  00017dda    00000006     data_builder.obj (.text:inv_get_gyro_accuracy)
                  00017de0    00000006     results_holder.obj (.text:inv_get_large_mag_field)
                  00017de6    00000006     libmplmpu.lib : mag_disturb.obj (.text:inv_get_magnetic_disturbance_state)
                  00017dec    00000006     results_holder.obj (.text:inv_got_compass_bias)
                  00017df2    00000006     data_builder.obj (.text:inv_gyro_was_turned_off)
                  00017df8    00000006     data_builder.obj (.text:inv_quaternion_sensor_was_turned_off)
                  00017dfe    00000006     results_holder.obj (.text:inv_set_compass_bias_found)
                  00017e04    00000006     data_builder.obj (.text:inv_set_compass_disturbance)
                  00017e0a    00000006     results_holder.obj (.text:inv_set_compass_state)
                  00017e10    00000006     rts430x_lc_rd.lib : log.obj (.text:log)
                  00017e16    00000006     mllite_test.obj (.text:msp430_reset)
                  00017e1c    00000006     msp430_spi.obj (.text:set_spi_rx_interrupt_flag)
                  00017e22    00000006     rts430x_lc_rd.lib : sinf.obj (.text:sinf)
                  00017e28    00000006     usb.obj (.text:usbClearOEP0ByteCount)
                  00017e2e    00000006     usb.obj (.text:usbStallOEP0)
                  00017e34    00000004     usbEventHandling.obj (.text:USBCDC_handleReceiveCompleted)
                  00017e38    00000004     usbEventHandling.obj (.text:USBCDC_handleSendCompleted)
                  00017e3c    00000004     usbEventHandling.obj (.text:USBCDC_handleSetLineCoding)
                  00017e40    00000004     usbEventHandling.obj (.text:USB_handleClockEvent)
                  00017e44    00000004     usbEventHandling.obj (.text:USB_handleEnumCompleteEvent)
                  00017e48    00000004     usbEventHandling.obj (.text:USB_handleResetEvent)
                  00017e4c    00000004     usbEventHandling.obj (.text:USB_handleResumeEvent)
                  00017e50    00000004     usbEventHandling.obj (.text:USB_handleSuspendEvent)
                  00017e54    00000004     rts430x_lc_rd.lib : pre_init.obj (.text:_system_pre_init)
                  00017e58    00000004                       : exit.obj (.text:abort)
                  00017e5c    00000002                       : _lock.obj (.text:_nop)

.const     0    00017e5e    00000c58     
                  00017e5e    00000400     ml_math_func.obj (.const:sin_lookup)
                  0001825e    000002f0     mllite_test.obj (.const:.string)
                  0001854e    0000010a     descriptors.obj (.const:tUsbRequestList)
                  00018658    00000101     rts430x_lc_rd.lib : ctype.obj (.const:.string:_ctypes_)
                  00018759    00000001     --HOLE-- [fill = 0]
                  0001875a    0000008a     descriptors.obj (.const:.string:abromStringDescriptor)
                  000187e4    0000005e     inv_mpu.obj (.const)
                  00018842    00000048     data_builder.obj (.const:.string)
                  0001888a    00000048     inv_mpu.obj (.const:.string)
                  000188d2    00000043     descriptors.obj (.const)
                  00018915    00000001     --HOLE-- [fill = 0]
                  00018916    0000002e     mpl.obj (.const:.string)
                  00018944    0000002c     rts430x_lc_rd.lib : xlog.obj (.const)
                  00018970    00000024                       : _printfi.obj (.const:.string)
                  00018994    00000020                       : xfatan.obj (.const:a)
                  000189b4    00000014     mpl.obj (.const:.string:ml_ver)
                  000189c8    00000012     descriptors.obj (.const:.string:abromDeviceDescriptor)
                  000189da    00000010     rts430x_lc_rd.lib : xexp.obj (.const)
                  000189ea    00000010                       : xfsin.obj (.const)
                  000189fa    00000010                       : xsin.obj (.const)
                  00018a0a    00000010     descriptors.obj (.const:stUsbHandle)
                  00018a1a    0000000e     mpl.obj (.const:.string:__func__$2)
                  00018a28    0000000e     rts430x_lc_rd.lib : pow.obj (.const)
                  00018a36    0000000d     mpl.obj (.const:.string:__func__$1)
                  00018a43    00000001     --HOLE-- [fill = 0]
                  00018a44    0000000c     inv_mpu_dmp_motion_driver.obj (.const:.string:$P$T4$5)
                  00018a50    0000000c     rts430x_lc_rd.lib : xfsin.obj (.const:c)
                  00018a5c    0000000c                       : xlog.obj (.const:p)
                  00018a68    0000000c                       : xfsin.obj (.const:s)
                  00018a74    0000000a     libmplmpu.lib : quaternion_supervisor.obj (.const:.string)
                  00018a7e    00000008     rts430x_lc_rd.lib : xfatan.obj (.const:c)
                  00018a86    00000008                       : xatan.obj (.const)
                  00018a8e    00000008                       : xfatan.obj (.const)
                  00018a96    00000004                       : acos.obj (.const)
                  00018a9a    00000004                       : acosf.obj (.const)
                  00018a9e    00000004                       : asin.obj (.const)
                  00018aa2    00000004                       : asinf.obj (.const)
                  00018aa6    00000004                       : atan.obj (.const)
                  00018aaa    00000004                       : xfatan.obj (.const:s)
                  00018aae    00000003     mllite_test.obj (.const:.string:$P$T0$1)
                  00018ab1    00000002     MX25_APP.obj (.const)
                  00018ab3    00000001     --HOLE-- [fill = 0]
                  00018ab4    00000002     inv_mpu_dmp_motion_driver.obj (.const)


GLOBAL SYMBOLS: SORTED ALPHABETICALLY BY Name 

address    name
--------   ----
00002400   .bss
ffffffff   .text
00000700   ADC12CTL0
00000701   ADC12CTL0_H
00000700   ADC12CTL0_L
00000702   ADC12CTL1
00000703   ADC12CTL1_H
00000702   ADC12CTL1_L
00000704   ADC12CTL2
00000705   ADC12CTL2_H
00000704   ADC12CTL2_L
0000070c   ADC12IE
0000070d   ADC12IE_H
0000070c   ADC12IE_L
0000070a   ADC12IFG
0000070b   ADC12IFG_H
0000070a   ADC12IFG_L
0000070e   ADC12IV
0000070f   ADC12IV_H
0000070e   ADC12IV_L
00000710   ADC12MCTL0
00000711   ADC12MCTL1
0000071a   ADC12MCTL10
0000071b   ADC12MCTL11
0000071c   ADC12MCTL12
0000071d   ADC12MCTL13
0000071e   ADC12MCTL14
0000071f   ADC12MCTL15
00000712   ADC12MCTL2
00000713   ADC12MCTL3
00000714   ADC12MCTL4
00000715   ADC12MCTL5
00000716   ADC12MCTL6
00000717   ADC12MCTL7
00000718   ADC12MCTL8
00000719   ADC12MCTL9
00000720   ADC12MEM0
00000721   ADC12MEM0_H
00000720   ADC12MEM0_L
00000722   ADC12MEM1
00000734   ADC12MEM10
00000735   ADC12MEM10_H
00000734   ADC12MEM10_L
00000736   ADC12MEM11
00000737   ADC12MEM11_H
00000736   ADC12MEM11_L
00000738   ADC12MEM12
00000739   ADC12MEM12_H
00000738   ADC12MEM12_L
0000073a   ADC12MEM13
0000073b   ADC12MEM13_H
0000073a   ADC12MEM13_L
0000073c   ADC12MEM14
0000073d   ADC12MEM14_H
0000073c   ADC12MEM14_L
0000073e   ADC12MEM15
0000073f   ADC12MEM15_H
0000073e   ADC12MEM15_L
00000723   ADC12MEM1_H
00000722   ADC12MEM1_L
00000724   ADC12MEM2
00000725   ADC12MEM2_H
00000724   ADC12MEM2_L
00000726   ADC12MEM3
00000727   ADC12MEM3_H
00000726   ADC12MEM3_L
00000728   ADC12MEM4
00000729   ADC12MEM4_H
00000728   ADC12MEM4_L
0000072a   ADC12MEM5
0000072b   ADC12MEM5_H
0000072a   ADC12MEM5_L
0000072c   ADC12MEM6
0000072d   ADC12MEM6_H
0000072c   ADC12MEM6_L
0000072e   ADC12MEM7
0000072f   ADC12MEM7_H
0000072e   ADC12MEM7_L
00000730   ADC12MEM8
00000731   ADC12MEM8_H
00000730   ADC12MEM8_L
00000732   ADC12MEM9
00000733   ADC12MEM9_H
00000732   ADC12MEM9_L
00017d98   Buttons_interruptDisable
0001752e   Buttons_interruptEnable
00017e58   C$$EXIT
000008c0   CBCTL0
000008c1   CBCTL0_H
000008c0   CBCTL0_L
000008c2   CBCTL1
000008c3   CBCTL1_H
000008c2   CBCTL1_L
000008c4   CBCTL2
000008c5   CBCTL2_H
000008c4   CBCTL2_L
000008c6   CBCTL3
000008c7   CBCTL3_H
000008c6   CBCTL3_L
000008cc   CBINT
000008cd   CBINT_H
000008cc   CBINT_L
000008ce   CBIV
000127c0   CMD_PP
00014a6a   CMD_RDID
0001719c   CMD_RDSCUR
000171c2   CMD_RDSR
00013aa2   CMD_READ
000153c6   CMD_REMS
00016e3c   CMD_RES
000143ea   CMD_SE
000178fe   CMD_WREN
00000150   CRCDI
00000152   CRCDIRB
00000153   CRCDIRB_H
00000152   CRCDIRB_L
00000151   CRCDI_H
00000150   CRCDI_L
00000154   CRCINIRES
00000155   CRCINIRES_H
00000154   CRCINIRES_L
00000156   CRCRESR
00000157   CRCRESR_H
00000156   CRCRESR_L
00017d9e   CS_High
00017da4   CS_Low
000176f2   CdcIsReceiveInProgress
000161b0   CdcResetData
0000fe64   CdcToBufferFromHost
0000ed1a   CdcToHostFromBuffer
0000d566   ComputeAngleVelocity
000140d0   CopyUsbToBuff
00000510   DMA0CTL
00000511   DMA0CTL_H
00000510   DMA0CTL_L
00000516   DMA0DA
00000518   DMA0DAH
00000516   DMA0DAL
00000512   DMA0SA
00000514   DMA0SAH
00000512   DMA0SAL
0000051a   DMA0SZ
00000520   DMA1CTL
00000521   DMA1CTL_H
00000520   DMA1CTL_L
00000526   DMA1DA
00000528   DMA1DAH
00000526   DMA1DAL
00000522   DMA1SA
00000524   DMA1SAH
00000522   DMA1SAL
0000052a   DMA1SZ
00000530   DMA2CTL
00000531   DMA2CTL_H
00000530   DMA2CTL_L
00000536   DMA2DA
00000538   DMA2DAH
00000536   DMA2DAL
00000532   DMA2SA
00000534   DMA2SAH
00000532   DMA2SAL
0000053a   DMA2SZ
00000500   DMACTL0
00000501   DMACTL0_H
00000500   DMACTL0_L
00000502   DMACTL1
00000503   DMACTL1_H
00000502   DMACTL1_L
00000504   DMACTL2
00000505   DMACTL2_H
00000504   DMACTL2_L
00000506   DMACTL3
00000507   DMACTL3_H
00000506   DMACTL3_L
00000508   DMACTL4
00000509   DMACTL4_H
00000508   DMACTL4_L
0000050e   DMAIV
0000050f   DMAIV_H
0000050e   DMAIV_L
00000140   FCTL1
00000141   FCTL1_H
00000140   FCTL1_L
00000144   FCTL3
00000145   FCTL3_H
00000144   FCTL3_L
00000146   FCTL4
00000147   FCTL4_H
00000146   FCTL4_L
00012d38   FlashID_Test
00012ad2   FlashReadWrite_Test
00016d1c   FlashWrite_8
000177f6   Flash_EraseCheck
0001738a   Flash_SegmentErase
000175ee   GetByte
0001515e   Get_TLV_Info
000163f0   Handler_SetLineCoding
00004548   I2C_ISR
00017666   IEP0InterruptHandler
00017d22   I_LSL
00017d2c   I_LSR
00010f24   Init_FLL
00016b28   Init_FLL_Settle
0001669a   Init_TimerA2
00017cc8   Initial_Spi
0001770c   InsertDummyCycle
00017914   IsFlash4Byte
00017b2c   IsFlashBusy
00016618   L_ASR_1
000165f4   L_ASR_10
000165f0   L_ASR_11
000165ec   L_ASR_12
000165e8   L_ASR_13
000165e4   L_ASR_14
000165e0   L_ASR_15
00016614   L_ASR_2
00016610   L_ASR_3
0001660c   L_ASR_4
00016608   L_ASR_5
00016604   L_ASR_6
00016600   L_ASR_7
000165fc   L_ASR_8
000165f8   L_ASR_9
00016656   L_LSL_1
00016632   L_LSL_10
0001662e   L_LSL_11
0001662a   L_LSL_12
00016626   L_LSL_13
00016622   L_LSL_14
0001661e   L_LSL_15
00016652   L_LSL_2
0001664e   L_LSL_3
0001664a   L_LSL_4
00016646   L_LSL_5
00016642   L_LSL_6
0001663e   L_LSL_7
0001663a   L_LSL_8
00016636   L_LSL_9
00017b9c   L_LSR
00016694   L_LSR_1
00016670   L_LSR_10
0001666c   L_LSR_11
00016668   L_LSR_12
00016664   L_LSR_13
00016660   L_LSR_14
0001665c   L_LSR_15
00016690   L_LSR_2
0001668c   L_LSR_3
00016688   L_LSR_4
00016684   L_LSR_5
00016680   L_LSR_6
0001667c   L_LSR_7
00016678   L_LSR_8
00016674   L_LSR_9
000004c4   MAC
000004da   MAC32H
000004db   MAC32H_H
000004da   MAC32H_L
000004d8   MAC32L
000004d9   MAC32L_H
000004d8   MAC32L_L
000004c6   MACS
000004de   MACS32H
000004df   MACS32H_H
000004de   MACS32H_L
000004dc   MACS32L
000004dd   MACS32L_H
000004dc   MACS32L_L
000004c7   MACS_H
000004c6   MACS_L
000004c5   MAC_H
000004c4   MAC_L
000004c0   MPY
000004ec   MPY32CTL0
000004ed   MPY32CTL0_H
000004ec   MPY32CTL0_L
000004d2   MPY32H
000004d3   MPY32H_H
000004d2   MPY32H_L
000004d0   MPY32L
000004d1   MPY32L_H
000004d0   MPY32L_L
000004c2   MPYS
000004d6   MPYS32H
000004d7   MPYS32H_H
000004d6   MPYS32H_L
000004d4   MPYS32L
000004d5   MPYS32L_H
000004d4   MPYS32L_L
000004c3   MPYS_H
000004c2   MPYS_L
000004c1   MPY_H
000004c0   MPY_L
00013922   Mag3ofNormalizedLong
00014f42   MagDisturbCheckSettling
00012ca0   MagDisturbSetDisturbance
00003630   NoMotion_flag
00016e6a   OEP0InterruptHandler
000004c8   OP2
000004e2   OP2H
000004e3   OP2H_H
000004e2   OP2H_L
000004e0   OP2L
000004e1   OP2L_H
000004e0   OP2L_L
000004c9   OP2_H
000004c8   OP2_L
0000020e   P1IV
0000467a   P1_ISR
0000021e   P2IV
00004602   P2_ISR
000001e0   P4MAP01
000001e1   P4MAP01_H
000001e0   P4MAP01_L
000001e2   P4MAP23
000001e3   P4MAP23_H
000001e2   P4MAP23_L
000001e4   P4MAP45
000001e5   P4MAP45_H
000001e4   P4MAP45_L
000001e6   P4MAP67
000001e7   P4MAP67_H
000001e6   P4MAP67_L
00000204   PADIR
00000205   PADIR_H
00000204   PADIR_L
00000208   PADS
00000209   PADS_H
00000208   PADS_L
0000021a   PAIE
00000218   PAIES
00000219   PAIES_H
00000218   PAIES_L
0000021b   PAIE_H
0000021a   PAIE_L
0000021c   PAIFG
0000021d   PAIFG_H
0000021c   PAIFG_L
00000200   PAIN
00000201   PAIN_H
00000200   PAIN_L
00000202   PAOUT
00000203   PAOUT_H
00000202   PAOUT_L
00000206   PAREN
00000207   PAREN_H
00000206   PAREN_L
0000020a   PASEL
0000020b   PASEL_H
0000020a   PASEL_L
00000224   PBDIR
00000225   PBDIR_H
00000224   PBDIR_L
00000228   PBDS
00000229   PBDS_H
00000228   PBDS_L
00000220   PBIN
00000221   PBIN_H
00000220   PBIN_L
00000222   PBOUT
00000223   PBOUT_H
00000222   PBOUT_L
00000226   PBREN
00000227   PBREN_H
00000226   PBREN_L
0000022a   PBSEL
0000022b   PBSEL_H
0000022a   PBSEL_L
00000244   PCDIR
00000245   PCDIR_H
00000244   PCDIR_L
00000248   PCDS
00000249   PCDS_H
00000248   PCDS_L
00000240   PCIN
00000241   PCIN_H
00000240   PCIN_L
00000242   PCOUT
00000243   PCOUT_H
00000242   PCOUT_L
00000246   PCREN
00000247   PCREN_H
00000246   PCREN_L
0000024a   PCSEL
0000024b   PCSEL_H
0000024a   PCSEL_L
00000324   PJDIR
00000325   PJDIR_H
00000324   PJDIR_L
00000328   PJDS
00000329   PJDS_H
00000328   PJDS_L
00000320   PJIN
00000321   PJIN_H
00000320   PJIN_L
00000322   PJOUT
00000323   PJOUT_H
00000322   PJOUT_L
00000326   PJREN
00000327   PJREN_H
00000326   PJREN_L
00000130   PM5CTL0
00000131   PM5CTL0_H
00000130   PM5CTL0_L
000001c2   PMAPCTL
000001c3   PMAPCTL_H
000001c2   PMAPCTL_L
000001c0   PMAPKEYID
000001c1   PMAPKEYID_H
000001c0   PMAPKEYID_L
00000120   PMMCTL0
00000121   PMMCTL0_H
00000120   PMMCTL0_L
00000122   PMMCTL1
00000123   PMMCTL1_H
00000122   PMMCTL1_L
0000012c   PMMIFG
0000012d   PMMIFG_H
0000012c   PMMIFG_L
0000012e   PMMRIE
0000012f   PMMRIE_H
0000012e   PMMRIE_L
000160ea   PWRVBUSoffHandler
00016d4c   PWRVBUSonHandler
00000158   RCCTL0
00000159   RCCTL0_H
00000158   RCCTL0_L
000001b0   REFCTL0
000001b1   REFCTL0_H
000001b0   REFCTL0_L
000004e4   RES0
000004e5   RES0_H
000004e4   RES0_L
000004e6   RES1
000004e7   RES1_H
000004e6   RES1_L
000004e8   RES2
000004e9   RES2_H
000004e8   RES2_L
000004ea   RES3
000004eb   RES3_H
000004ea   RES3_L
000004cc   RESHI
000004cd   RESHI_H
000004cc   RESHI_L
000004ca   RESLO
000004cb   RESLO_H
000004ca   RESLO_L
000004ba   RTCADOWDAY
000004bb   RTCADOWDAY_H
000004ba   RTCADOWDAY_L
000004b8   RTCAMINHR
000004b9   RTCAMINHR_H
000004b8   RTCAMINHR_L
000004a0   RTCCTL01
000004a1   RTCCTL01_H
000004a0   RTCCTL01_L
000004a2   RTCCTL23
000004a3   RTCCTL23_H
000004a2   RTCCTL23_L
000004b4   RTCDATE
000004b5   RTCDATE_H
000004b4   RTCDATE_L
000004ae   RTCIV
000004ac   RTCPS
000004a8   RTCPS0CTL
000004a9   RTCPS0CTL_H
000004a8   RTCPS0CTL_L
000004aa   RTCPS1CTL
000004ab   RTCPS1CTL_H
000004aa   RTCPS1CTL_L
000004ad   RTCPS_H
000004ac   RTCPS_L
000004b0   RTCTIM0
000004b1   RTCTIM0_H
000004b0   RTCTIM0_L
000004b2   RTCTIM1
000004b3   RTCTIM1_H
000004b2   RTCTIM1_L
000004b6   RTCYEAR
000004b7   RTCYEAR_H
000004b6   RTCYEAR_L
00000100   SFRIE1
00000101   SFRIE1_H
00000100   SFRIE1_L
00000102   SFRIFG1
00000103   SFRIFG1_H
00000102   SFRIFG1_L
00000104   SFRRPCR
00000105   SFRRPCR_H
00000104   SFRRPCR_L
000004ce   SUMEXT
000004cf   SUMEXT_H
000004ce   SUMEXT_L
00000124   SVSMHCTL
00000125   SVSMHCTL_H
00000124   SVSMHCTL_L
00000128   SVSMIO
00000129   SVSMIO_H
00000128   SVSMIO_L
00000126   SVSMLCTL
00000127   SVSMLCTL_H
00000126   SVSMLCTL_L
00000198   SYSBERRIV
00000199   SYSBERRIV_H
00000198   SYSBERRIV_L
00000182   SYSBSLC
00000183   SYSBSLC_H
00000182   SYSBSLC_L
00000180   SYSCTL
00000181   SYSCTL_H
00000180   SYSCTL_L
00000186   SYSJMBC
00000187   SYSJMBC_H
00000186   SYSJMBC_L
00000188   SYSJMBI0
00000189   SYSJMBI0_H
00000188   SYSJMBI0_L
0000018a   SYSJMBI1
0000018b   SYSJMBI1_H
0000018a   SYSJMBI1_L
0000018c   SYSJMBO0
0000018d   SYSJMBO0_H
0000018c   SYSJMBO0_L
0000018e   SYSJMBO1
0000018f   SYSJMBO1_H
0000018e   SYSJMBO1_L
0000019e   SYSRSTIV
0000019f   SYSRSTIV_H
0000019e   SYSRSTIV_L
0000019c   SYSSNIV
0000019d   SYSSNIV_H
0000019c   SYSSNIV_L
0000019a   SYSUNIV
0000019b   SYSUNIV_H
0000019a   SYSUNIV_L
00017cd2   SendByte
000161f0   SendFlashAddr
0001642e   SetVCore
00015f96   SetupPacketInterruptHandler
00000352   TA0CCR0
00000354   TA0CCR1
00000356   TA0CCR2
00000358   TA0CCR3
0000035a   TA0CCR4
00000342   TA0CCTL0
00000344   TA0CCTL1
00000346   TA0CCTL2
00000348   TA0CCTL3
0000034a   TA0CCTL4
00000340   TA0CTL
00000360   TA0EX0
0000036e   TA0IV
00000350   TA0R
00000392   TA1CCR0
00000394   TA1CCR1
00000396   TA1CCR2
00000382   TA1CCTL0
00000384   TA1CCTL1
00000386   TA1CCTL2
00000380   TA1CTL
000003a0   TA1EX0
000003ae   TA1IV
00000390   TA1R
00000412   TA2CCR0
00000414   TA2CCR1
00000416   TA2CCR2
00000402   TA2CCTL0
00000404   TA2CCTL1
00000406   TA2CCTL2
00000400   TA2CTL
00000420   TA2EX0
0000042e   TA2IV
00000410   TA2R
000003d2   TB0CCR0
000003d4   TB0CCR1
000003d6   TB0CCR2
000003d8   TB0CCR3
000003da   TB0CCR4
000003dc   TB0CCR5
000003de   TB0CCR6
000003c2   TB0CCTL0
000003c4   TB0CCTL1
000003c6   TB0CCTL2
000003c8   TB0CCTL3
000003ca   TB0CCTL4
000003cc   TB0CCTL5
000003ce   TB0CCTL6
000003c0   TB0CTL
000003e0   TB0EX0
000003ee   TB0IV
000003d0   TB0R
00004804   TIMER1_A0_ISR
000047dc   TIMER2_A0_ISR
00004736   TIMERB0_ISR
000046ee   UART_ISR
000005d0   UCA0ABCTL
000005c6   UCA0BRW
000005c7   UCA0BRW_H
000005c6   UCA0BRW_L
000005c0   UCA0CTLW0
000005c1   UCA0CTLW0_H
000005c0   UCA0CTLW0_L
000005dc   UCA0ICTL
000005dd   UCA0ICTL_H
000005dc   UCA0ICTL_L
000005d2   UCA0IRCTL
000005d3   UCA0IRCTL_H
000005d2   UCA0IRCTL_L
000005de   UCA0IV
000005c8   UCA0MCTL
000005cc   UCA0RXBUF
000005ca   UCA0STAT
000005ce   UCA0TXBUF
00000610   UCA1ABCTL
00000606   UCA1BRW
00000607   UCA1BRW_H
00000606   UCA1BRW_L
00000600   UCA1CTLW0
00000601   UCA1CTLW0_H
00000600   UCA1CTLW0_L
0000061c   UCA1ICTL
0000061d   UCA1ICTL_H
0000061c   UCA1ICTL_L
00000612   UCA1IRCTL
00000613   UCA1IRCTL_H
00000612   UCA1IRCTL_L
0000061e   UCA1IV
00000608   UCA1MCTL
0000060c   UCA1RXBUF
0000060a   UCA1STAT
0000060e   UCA1TXBUF
000005e6   UCB0BRW
000005e7   UCB0BRW_H
000005e6   UCB0BRW_L
000005e0   UCB0CTLW0
000005e1   UCB0CTLW0_H
000005e0   UCB0CTLW0_L
000005f0   UCB0I2COA
000005f1   UCB0I2COA_H
000005f0   UCB0I2COA_L
000005f2   UCB0I2CSA
000005f3   UCB0I2CSA_H
000005f2   UCB0I2CSA_L
000005fc   UCB0ICTL
000005fd   UCB0ICTL_H
000005fc   UCB0ICTL_L
000005fe   UCB0IV
000005ec   UCB0RXBUF
000005ea   UCB0STAT
000005ee   UCB0TXBUF
00000626   UCB1BRW
00000627   UCB1BRW_H
00000626   UCB1BRW_L
00000620   UCB1CTLW0
00000621   UCB1CTLW0_H
00000620   UCB1CTLW0_L
00000630   UCB1I2COA
00000631   UCB1I2COA_H
00000630   UCB1I2COA_L
00000632   UCB1I2CSA
00000633   UCB1I2CSA_H
00000632   UCB1I2CSA_L
0000063c   UCB1ICTL
0000063d   UCB1ICTL_H
0000063c   UCB1ICTL_L
0000063e   UCB1IV
0000062c   UCB1RXBUF
0000062a   UCB1STAT
0000062e   UCB1TXBUF
00000160   UCSCTL0
00000161   UCSCTL0_H
00000160   UCSCTL0_L
00000162   UCSCTL1
00000163   UCSCTL1_H
00000162   UCSCTL1_L
00000164   UCSCTL2
00000165   UCSCTL2_H
00000164   UCSCTL2_L
00000166   UCSCTL3
00000167   UCSCTL3_H
00000166   UCSCTL3_L
00000168   UCSCTL4
00000169   UCSCTL4_H
00000168   UCSCTL4_L
0000016a   UCSCTL5
0000016b   UCSCTL5_H
0000016a   UCSCTL5_L
0000016c   UCSCTL6
0000016d   UCSCTL6_H
0000016c   UCSCTL6_L
0000016e   UCSCTL7
0000016f   UCSCTL7_H
0000016e   UCSCTL7_L
00000170   UCSCTL8
00000171   UCSCTL8_H
00000170   UCSCTL8_L
0000477c   UNMI_ISR
000132e0   USBCDC_bytesInUSBBuffer
00017d40   USBCDC_handleDataReceived
00017e34   USBCDC_handleReceiveCompleted
00017e38   USBCDC_handleSendCompleted
00017e3c   USBCDC_handleSetLineCoding
000121b6   USBCDC_intfStatus
0000ca90   USBCDC_receiveData
00013d96   USBCDC_sendData
00000902   USBCNF
00000903   USBCNF_H
00000902   USBCNF_L
0000093c   USBCTL
0000093a   USBFN
0000093b   USBFN_H
0000093a   USBFN_L
0000093f   USBFUNADR
0000093d   USBIE
00002378   USBIEP0BUF
000023c9   USBIEPBBAX_1
000023d1   USBIEPBBAX_2
000023d9   USBIEPBBAX_3
000023e1   USBIEPBBAX_4
000023e9   USBIEPBBAX_5
000023f1   USBIEPBBAX_6
000023f9   USBIEPBBAX_7
000023cd   USBIEPBBAY_1
000023d5   USBIEPBBAY_2
000023dd   USBIEPBBAY_3
000023e5   USBIEPBBAY_4
000023ed   USBIEPBBAY_5
000023f5   USBIEPBBAY_6
000023fd   USBIEPBBAY_7
000023ca   USBIEPBCTX_1
000023d2   USBIEPBCTX_2
000023da   USBIEPBCTX_3
000023e2   USBIEPBCTX_4
000023ea   USBIEPBCTX_5
000023f2   USBIEPBCTX_6
000023fa   USBIEPBCTX_7
000023ce   USBIEPBCTY_1
000023d6   USBIEPBCTY_2
000023de   USBIEPBCTY_3
000023e6   USBIEPBCTY_4
000023ee   USBIEPBCTY_5
000023f6   USBIEPBCTY_6
000023fe   USBIEPBCTY_7
00000920   USBIEPCNF_0
000023c8   USBIEPCNF_1
[...]
00002370   abOEP0Buffer
00002378   USBIEP0BUF
00002378   abIEP0Buffer
00002380   USBSUBLK
00002380   tSetupPacket
00002388   USBOEPCNF_1
00002388   tOutputEndPointDescriptorBlock
00002389   USBOEPBBAX_1
0000238a   USBOEPBCTX_1
0000238d   USBOEPBBAY_1
0000238e   USBOEPBCTY_1
0000238f   USBOEPSIZXY_1
00002390   USBOEPCNF_2
00002391   USBOEPBBAX_2
00002392   USBOEPBCTX_2
00002395   USBOEPBBAY_2
00002396   USBOEPBCTY_2
00002397   USBOEPSIZXY_2
00002398   USBOEPCNF_3
00002399   USBOEPBBAX_3
0000239a   USBOEPBCTX_3
0000239d   USBOEPBBAY_3
0000239e   USBOEPBCTY_3
0000239f   USBOEPSIZXY_3
000023a0   USBOEPCNF_4
000023a1   USBOEPBBAX_4
000023a2   USBOEPBCTX_4
000023a5   USBOEPBBAY_4
000023a6   USBOEPBCTY_4
000023a7   USBOEPSIZXY_4
000023a8   USBOEPCNF_5
000023a9   USBOEPBBAX_5
000023aa   USBOEPBCTX_5
000023ad   USBOEPBBAY_5
000023ae   USBOEPBCTY_5
000023af   USBOEPSIZXY_5
000023b0   USBOEPCNF_6
000023b1   USBOEPBBAX_6
000023b2   USBOEPBCTX_6
000023b5   USBOEPBBAY_6
000023b6   USBOEPBCTY_6
000023b7   USBOEPSIZXY_6
000023b8   USBOEPCNF_7
000023b9   USBOEPBBAX_7
000023ba   USBOEPBCTX_7
000023bd   USBOEPBBAY_7
000023be   USBOEPBCTY_7
000023bf   USBOEPSIZXY_7
000023c8   USBIEPCNF_1
000023c8   tInputEndPointDescriptorBlock
000023c9   USBIEPBBAX_1
000023ca   USBIEPBCTX_1
000023cd   USBIEPBBAY_1
000023ce   USBIEPBCTY_1
000023cf   USBIEPSIZXY_1
000023d0   USBIEPCNF_2
000023d1   USBIEPBBAX_2
000023d2   USBIEPBCTX_2
000023d5   USBIEPBBAY_2
000023d6   USBIEPBCTY_2
000023d7   USBIEPSIZXY_2
000023d8   USBIEPCNF_3
000023d9   USBIEPBBAX_3
000023da   USBIEPBCTX_3
000023dd   USBIEPBBAY_3
000023de   USBIEPBCTY_3
000023df   USBIEPSIZXY_3
000023e0   USBIEPCNF_4
000023e1   USBIEPBBAX_4
000023e2   USBIEPBCTX_4
000023e5   USBIEPBBAY_4
000023e6   USBIEPBCTY_4
000023e7   USBIEPSIZXY_4
000023e8   USBIEPCNF_5
000023e9   USBIEPBBAX_5
000023ea   USBIEPBCTX_5
000023ed   USBIEPBBAY_5
000023ee   USBIEPBCTY_5
000023ef   USBIEPSIZXY_5
000023f0   USBIEPCNF_6
000023f1   USBIEPBBAX_6
000023f2   USBIEPBCTX_6
000023f5   USBIEPBBAY_6
000023f6   USBIEPBCTY_6
000023f7   USBIEPSIZXY_6
000023f8   USBIEPCNF_7
000023f9   USBIEPBBAX_7
000023fa   USBIEPBCTX_7
000023fd   USBIEPBBAY_7
000023fe   USBIEPBCTY_7
000023ff   USBIEPSIZXY_7
00002400   .bss
00002400   __bss__
00002794   cb
00002808   cb_test
0000287c   cb_sim
000028f0   vc
00002a20   fnm
000031e8   s9axis
000033cc   compass_low_pass_filter_coeff
00003490   mag_disturb
000035a6   _Denorm
000035b6   _Eps
000035c6   _Hugeval
000035d6   _Inf
000035e6   _Nan
000035f6   _Snan
00003606   _Rteps
00003616   _Xbig
0000361a   _Zero
0000361e   flag_byte_1
00003620   int_param
00003628   buttonsPressed
00003629   button2PressedCount
0000362a   button1PressedCount
0000362c   sec3Count
0000362e   tcntr
00003630   NoMotion_flag
00003632   count
00003636   s
0000363c   is_uart_enable
0000365c   rx_new
0000365e   mpl_key
00003662   cntr_blink_red
00003664   cntr_blink_blue
00003678   prev_timestamp
0000367c   pressure
0000367e   humidity
00003680   temperture
00003682   light
00003684   uv_index
00003686   fInvokeBSL
00003688   testval
0000368a   current_timestamp
0000368e   time_curr
000036fc   _FDenorm
0000370c   _FEps
0000371c   _FInf
0000372c   _FNan
0000373c   _FSnan
0000374c   _FRteps
0000375c   _FXbig
00003760   _FZero
0000380a   wBytesRemainingOnIEP0
0000380c   wBytesRemainingOnOEP0
00003818   abUsbRequestReturnData
00003820   abUsbRequestIncomingData
00003828   abramSerialStringDescriptor
0000384a   bStatusAction
0000384b   bFunctionSuspended
0000384c   bEnumerationStatus
0000384e   wUsbEventMask
00003850   data
0000386e   ic_sht21
00003876   ic_hspad32
0000387e   ic_cm3512
00003886   ic_cm36682
0000388f   interrupt_detect_flag
00003958   USB_TX_memcpy
0000395c   USB_RX_memcpy
00003960   _lock
00003964   _unlock
00003968   _cleanup_ptr
0000396c   _dtors_ptr
00003970   _Fenv
00003974   _Tls_setup__Fenv
00003980   _Errno
00003982   __end__
00003982   end
00003dc0   _stack
00004400   __STACK_END
00004400   iUsbInterruptHandler
00004548   I2C_ISR
00004602   P2_ISR
0000467a   P1_ISR
000046ee   UART_ISR
00004736   TIMERB0_ISR
0000477c   UNMI_ISR
000047b2   _c_int00
000047b2   _c_int00_noexit
000047dc   TIMER2_A0_ISR
000047f2   USCI_B1_ISR
00004804   TIMER1_A0_ISR
00004810   __cinit__
00004810   cinit
00004b06   inv_compute_bias
00005d9c   inv_center_sum
000065f4   inv_process_compass_only_cal
00006d5e   main
00007370   inv_perform_9x_fusion
00007eba   inv_generate_accel_gyro_quaternion
00008314   inv_set_terms
00008ba2   inv_check_magnetic_disturbance
00008fce   __divull
000096ce   inv_get_sensor_type_euler
00009a18   inv_fast_nomot_parameter
0000a08a   inv_generate_fast_nomot
0000a3aa   run_self_test
0000a8f2   inv_check_sample_balance
0000ab6e   eMPL_send_data
0000b058   _Log
0000b2c4   inv_filter_correction_angle
0000b9c6   mpu_lp_motion_interrupt
0000bc10   _FSin
0000c06e   inv_q_multf
0000c28a   _printfi
0000c498   inv_q_normalizef
0000c698   inv_generate_gyro_quaternion
0000c894   inv_quaternion_to_rotation
0000ca90   USBCDC_receiveData
0000cc7c   mpu_read_fifo
0000ce68   inv_combine_compass_data
0000d02e   dmp_enable_feature
0000d1f0   dmp_set_gyro_bias
0000d3ac   inv_check_sim
0000d566   ComputeAngleVelocity
0000d71a   inv_fast_nomot_set_gyro_bias
0000dc28   mpu_reset_fifo
0000ddd2   fmodf
0000df78   inv_q_mult
0000e446   dmp_set_tap_thresh
0000e5ca   mpu_init
0000ea40   inv_fast_nomot_store_data
0000ed1a   CdcToHostFromBuffer
0000efd8   mpu_set_sensors
0000f12c   inv_compass_angle
0000f274   _FAtan
0000f3b6   USB_reset
0000f4f6   __divlli
0000f776   inv_q_norm4
0000f8b2   __fs_sub
0000f8b8   __fs_add
0000f9e2   _Dscale
0000fc28   sqrt
0000fd46   sqrtf
0000fe64   CdcToBufferFromHost
0000fffe   _reset_vector
00010000   _FDscale
0001011c   inv_get_sensor_type_heading
0001022c   msp430_reg_int_cb
0001033c   eMPL_send_quat
0001044a   setup_all_sensors
00010556   atan2f
00010762   mpu_set_bypass
00010b66   inv_sort_order_4_T
00010c5c   acosf
00010e3c   inv_process_9x_sensor_fusion_cb
00010f24   Init_FLL
0001100a   _MLPrintLog
000110ee   inv_detect_motion_by_gyro_accel
000111d2   mpu_lp_accel_mode
000112b6   _fltllid
00011398   make_protocol
0001155a   inv_apply_calibration
00011638   inv_register_data_cb
00011714   USB_InitSerialStringDescriptor
000117ee   inv_sensor_data_preprocess
0001198c   mpu_get_compass_reg
00011a58   inv_init_mpl
00011b22   send_status_compass
00011bec   inv_load_mpl_states
00011cb2   dmp_set_interrupt_mode
00011d76   inv_init_maxmin
00011e32   mpu_run_self_test
00011ee8   __fs_mpy
00011f9e   inv_convert_to_body_with_scale
00012104   inv_track_dip_angle
000121b6   USBCDC_intfStatus
00012266   inv_get_gravity
00012316   msp430_i2c_read_uv
000123c6   msp430_clock_init
00012474   msp430_i2c_read_new
00012522   mpu_set_sample_rate
00012674   inv_add_compass_block_data
0001271c   mpu_get_temperature
000127c0   CMD_PP
0001285e   inv_cheap_rand
000128fc   msp430_i2c_write_new
0001299a   inv_get_current_calibrated_compass
00012ad2   FlashReadWrite_Test
00012b6c   msp430_i2c_read
00012c06   msp430_i2c_write
00012ca0   MagDisturbSetDisturbance
00012d38   FlashID_Test
00012dce   USB_connectionState
00012e64   inv_build_compass
00012efa   inv_save_mpl_states
00012f90   _Dnorm
00013022   __fs_div
0001313c   _FDnorm
000131c8   inv_set_gyro_bias
00013254   usbDecodeAndProcessUsbRequest
000132e0   USBCDC_bytesInUSBBuffer
000133f2   inv_init_fast_nomot
0001347a   USB_enable
00013586   get_ht_data
0001360c   inv_register_load_store
00013692   _fixdlli
00013716   inv_build_accel
0001379a   mpu_set_lpf
0001381e   inv_fast_nomot_store_data_compass
000138a0   mpu_set_dmp_state
00013922   Mag3ofNormalizedLong
000139a2   dmp_set_orient_thresh
00013a22   ltoa
00013aa2   CMD_READ
00013b9e   inv_cheap_gaussian
00013c1c   inv_init_vector_compass_cal
00013c9a   mpu_set_gyro_fsr
00013d18   __fs_tol
00013d96   USBCDC_sendData
00013e0e   inv_q_addf
00013e86   msp430_i2c_enable
00013f74   get_uv_data
00013fe8   inv_execute_on_data
0001405c   usbSendNextPacketOnIEP0
000140d0   CopyUsbToBuff
00014142   cdcSendDataWaitTilDone
000141b4   inv_get_last_timestamp
00014226   mpu_reg_dump
00014298   mpu_set_accel_fsr
0001430a   get_pressure_data
0001437a   usbGetEndpointStatus
000143ea   CMD_SE
00014458   cdcSendDataInBackground
00014534   dmp_set_fifo_rate
000145a0   dmp_get_pedometer_walk_time
00014608   inv_set_accel_bias
00014670   inv_unregister_data_cb
000146d8   mpu_write_mem
00014740   __fs_toi
0001480e   mpu_configure_fifo
00014874   msp430_int_enable
000148da   _Dunscale
0001493e   _FDunscale
000149a2   inv_get_linear_accel
00014a06   mlMatrixVectorMult
00014a6a   CMD_RDID
00014acc   atoi
00014b2e   inv_q_rotate
00014b90   inv_reset_compass_soft_iron_matrix
00014bf0   inv_set_compass_bias
00014c50   mpu_get_lpf
00014cb0   mpu_set_int_latched
00014d70   inv_q_add
00014dce   mpu_read_mem
00014e2c   probe_alpsHS_p_chip
00014e8a   inv_init_magnetic_disturbance
00014ee6   inv_magnetic_disturbance_process
00014f42   MagDisturbCheckSettling
00014f9c   __mpyll_f5hw
00014ff6   inv_generate_vector_compass_cal
00015050   inv_init_results_holder
000150aa   inv_record_max_moment_in_no_motion_accel
00015104   inv_record_max_moment_in_no_motion_gyro
0001515e   Get_TLV_Info
000151b6   USB_init
0001520e   get_light_data
00015266   inv_record_min_moment_in_motion_accel
000152be   inv_record_min_moment_in_motion_gyro
00015316   max17048_probe
0001536e   __divul
0001536e   __remul
000153c6   CMD_REMS
0001541c   _auto_init
00015472   mpu_set_compass_sample_rate
000154c8   dmp_get_pedometer_step_count
0001551c   inv_get_quaternion_set
00015570   inv_q_invert
000155c4   load_calibration
00015618   mpu_get_gyro_sens
000156c0   init_timer_A1
00015712   inv_reset_min_max_gyro_accel_statistics
00015764   usbGetLineCoding
000157b6   dmp_enable_6x_lp_quat
00015806   dmp_enable_lp_quat
000158a6   inv_set_default_number_of_samples
000159e0   usbGetStringDescriptor
00015a2e   dmp_set_shake_reject_thresh
00015a7a   inv_q_invertf
00015ac6   inv_start_fast_nomot
00015b12   msp430_clock_enable
00015b5e   probe_cm3512_uv_chip
00015baa   check_for_usb_state
00015bf4   inv_set_compass_soft_iron_input_data
00015c3e   inv_start_mpl
00015c88   __fs_cmp
00015cd2   __fs_ltof
00015d1c   inv_init_9x_fusion
00015d64   usbReceiveNextPacketOnOEP0
00015df2   get_eMPL_version
00015e38   inv_fast_nomot_reset_data_compass
00015e7e   inv_init_quaternion
00015ec4   mpu_get_accel_sens
00015f0a   __fs_tou
00015f50   usbClearEndpointFeature
00015f96   SetupPacketInterruptHandler
00015fda   __asrll
0001601e   max17048_get_battery_soc
00016062   mpu_get_gyro_fsr
000160a6   usbSetEndpointFeature
000160ea   PWRVBUSoffHandler
0001612c   inv_start_quaternion
0001616e   msp430_uart_init
000161b0   CdcResetData
000161f0   SendFlashAddr
00016230   cdcReceiveDataInBuffer
00016270   inv_build_gyro
000162b0   inv_init_data_builder
000162f0   inv_set_motion_state
00016330   mpu_get_accel_fsr
00016370   msp430_i2c_recover
000163b0   __divli
000163b0   __remli
000163f0   Handler_SetLineCoding
0001642e   SetVCore
0001646c   __lslll
000164aa   __lsrll
000164e8   inv_fast_nomot_parameter_compass
00016526   inv_set_accel_sample_rate
00016564   inv_set_compass_sample_rate
000165a2   inv_set_gyro_sample_rate
000165e0   L_ASR_15
000165e4   L_ASR_14
000165e8   L_ASR_13
000165ec   L_ASR_12
000165f0   L_ASR_11
000165f4   L_ASR_10
000165f8   L_ASR_9
000165fc   L_ASR_8
00016600   L_ASR_7
00016604   L_ASR_6
00016608   L_ASR_5
0001660c   L_ASR_4
00016610   L_ASR_3
00016614   L_ASR_2
00016618   L_ASR_1
0001661e   L_LSL_15
00016622   L_LSL_14
00016626   L_LSL_13
0001662a   L_LSL_12
0001662e   L_LSL_11
00016632   L_LSL_10
00016636   L_LSL_9
0001663a   L_LSL_8
0001663e   L_LSL_7
00016642   L_LSL_6
00016646   L_LSL_5
0001664a   L_LSL_4
0001664e   L_LSL_3
00016652   L_LSL_2
00016656   L_LSL_1
0001665c   L_LSR_15
00016660   L_LSR_14
00016664   L_LSR_13
00016668   L_LSR_12
0001666c   L_LSR_11
00016670   L_LSR_10
00016674   L_LSR_9
00016678   L_LSR_8
0001667c   L_LSR_7
00016680   L_LSR_6
00016684   L_LSR_5
00016688   L_LSR_4
0001668c   L_LSR_3
00016690   L_LSR_2
00016694   L_LSR_1
0001669a   Init_TimerA2
000166d6   _FDtest
00016712   dmp_set_pedometer_walk_time
0001674e   inv_get_compass_set
0001678a   inv_get_quaternion
000167c4   vsprintf
00016836   inv_init_check_sample_balance
0001686e   inv_init_gyro_ts
000168a6   inv_reset_data_collection
000168de   probe_sht21_th_chip
00016916   signal
0001694e   _Feraise
00016984   msp430_delay_ms
000169ba   __fs_itof
000169f0   XT1_Start
00016a24   dmp_set_tap_axes
00016a58   feraiseexcept
00016a8c   inv_cosf
00016ac0   inv_enable_gyro_tc
00016af4   inv_get_accel_set
00016b28   Init_FLL_Settle
00016b5a   USB_connectionInfo
00016b8c   USB_suspend
00016bbe   dmp_set_pedometer_step_count
00016bf0   inv_checksum
00016c86   raise
00016cb8   __fs_ultof
00016cea   showBatteryStatus
00016d1c   FlashWrite_8
00016d4c   PWRVBUSonHandler
00016d7c   XT2_Start
00016dac   inv_get_gyro_set
00016e0c   inv_sinf
00016e3c   CMD_RES
00016e6a   OEP0InterruptHandler
00016e98   inv_execute_mpl_start_notification
00016ec6   memmove
00016ef4   test_flash
00016f22   WaitFlashReady
00016f4e   inv_get_gyro_sum_of_sqr
00016f7a   inv_get_sensor_type_quat
00016fd2   __divi
00016fd2   __remi
00016ffe   usbGetDeviceStatus
0001702a   __mpysll_f5hw
00017054   dmp_set_tap_count
000170a8   inv_get_sensor_type_rot_mat
000170d2   inv_orientation_matrix_to_scalar
000170fc   USB_initMemcpy
00017124   inv_get_gyro_bias
0001714c   memcpyDMA0
00017174   msp430_init_spi_usb1
0001719c   CMD_RDSCUR
000171c2   CMD_RDSR
000171e8   checkClicked
0001720e   dmp_set_orient_time
00017234   dmp_set_shake_reject_time
0001725a   dmp_set_shake_reject_timeout
00017280   dmp_set_tap_time
000172a6   dmp_set_tap_time_multi
000172cc   inv_build_temp
000172f2   msp430_uart_tx
00017318   read_data
0001733e   read_data_uv
00017364   write_data
0001738a   Flash_SegmentErase
000173d2   inv_set_compass_correction
000173f6   inv_store_gaming_quaternion
0001741a   msp430_i2c_disable
0001743e   __fs_utof
00017462   USB_disable
000174a6   inv_register_mpl_start_notification
000174c8   inv_set_message
000174ea   __mpyl_f5hw
0001750c   usbSetAddress
0001752e   Buttons_interruptEnable
0001756e   inv_get_compass_correction
0001758e   memccpy
000175ae   usbSendDataPacketOnEP0
000175ce   usbSetConfiguration
000175ee   GetByte
0001760c   inv_init_check_sample_balance_parameter
0001762a   usbGetInterface
00017648   usbGetInterfaceStatus
00017666   IEP0InterruptHandler
00017682   dmp_set_orient_axes
0001769e   inv_init_storage_manager
000176ba   inv_set_quat_sample_rate
000176d6   msp430_int_init
000176f2   CdcIsReceiveInProgress
0001770c   InsertDummyCycle
00017726   USB_connect
00017740   __mpysl_f5hw
0001775a   inv_enable_magnetic_disturbance
00017774   inv_get_compass_soft_iron_output_data
0001778e   inv_q29_mult
000177a8   inv_q30_mult
000177c2   usbClearDeviceFeature
000177dc   usbSetDeviceFeature
000177f6   Flash_EraseCheck
0001780e   USB_resume
00017826   _FDclass
0001783e   inv_enable_9x_sensor_fusion
00017856   inv_enable_fast_nomot
00017886   inv_init_start_manager
0001789e   inv_set_accel_orientation_and_scale
000178b6   inv_set_compass_orientation_and_scale
000178ce   inv_set_gyro_orientation_and_scale
000178e6   msp430_get_clock_ms
000178fe   CMD_WREN
00017914   IsFlash4Byte
0001792a   inv_get_message_level_0
00017940   llabs
00017956   memset
0001796c   __divu
0001796c   __remu
00017982   __mpyi_f5hw
00017998   srand
000179ae   usbGetConfigurationDescriptor
000179c4   usbGetDeviceDescriptor
000179da   USB_handleVbusOnEvent
00017a02   inv_fast_nomot_get_time_elaps
00017a16   inv_start_results_holder
00017a2a   memcpy
00017a3e   mpu_get_sample_rate
00017a52   usbGetConfiguration
00017a66   inv_enable_eMPL_outputs
00017a78   inv_enable_quaternion
00017a8a   inv_enable_results_holder
00017a9c   inv_enable_vector_compass_cal
00017aae   inv_get_compass_bias
00017ac0   inv_get_sensor_type_accel
00017ad2   inv_get_sensor_type_compass
00017ae4   inv_get_sensor_type_gyro
00017af6   toupper
00017b08   usbReceiveDataPacketOnEP0
00017b1a   usbSetInterface
00017b2c   IsFlashBusy
00017b4c   inv_get_6axis_quaternion
00017b5c   inv_get_gyro_bias_tc_set
00017b6c   inv_get_mag_accuracy
00017b7c   inv_set_magnetic_disturbance
00017b9c   L_LSR
00017bac   msp430_get_smclk_freq
00017bbc   inv_get_accel_on
00017bca   inv_get_compass_on
00017bd8   inv_get_gyro_on
00017be6   inv_set_compass_bias_error
00017bf4   inv_start_9x_sensor_fusion
00017c02   inv_start_gyro_tc
00017c10   inv_start_magnetic_disturbance
00017c1e   inv_start_vector_compass_cal
00017c2c   labs
00017c3a   mpu_get_compass_fsr
00017c48   set_sensor_orientation_and_scale
00017c56   strlen
00017c64   usbInvalidRequest
00017c72   usbSendZeroLengthPacketOnIEP0
00017c80   inv_get_gyro
00017c8c   inv_get_local_field
00017c98   inv_get_motion_state
00017ca4   inv_get_version
00017cb0   msp430_spi_send
00017cbc   usbSetLineCoding
00017cc8   Initial_Spi
00017cd2   SendByte
00017cdc   abs
00017ce6   dmp_get_fifo_rate
00017cf0   inv_get_mpl_state_size
00017cfa   mpu_get_fifo_config
00017d04   msp430_uart_disable
00017d0e   msp430_uart_enable
00017d18   __fs_neg
00017d22   I_LSL
00017d2c   I_LSR
00017d36   usbStallEndpoint0
00017d40   USBCDC_handleDataReceived
00017d48   USB_handleVbusOffEvent
00017d50   USB_setEnabledEvents
00017d58   XT2_Stop
00017d60   inv_9x_fusion_enable_jitter_reduction
00017d68   inv_9x_fusion_use_timestamps
00017d70   inv_disable_dip_tracking
00017d78   inv_generate_results
00017d80   inv_stop_magnetic_disturbance
00017d88   msp430_get_uart_rx_data
00017d90   usbSetControlLineState
00017d98   Buttons_interruptDisable
00017d9e   CS_High
00017da4   CS_Low
00017daa   cosf
00017db0   get_spi_rx_interrupt_flag
00017db6   inv_accel_was_turned_off
00017dbc   inv_compass_was_turned_off
00017dc2   inv_disable_compass_soft_iron_matrix
00017dc8   inv_get_acc_state
00017dce   inv_get_accel_accuracy
00017dd4   inv_get_compass_state
00017dda   inv_get_gyro_accuracy
00017de0   inv_get_large_mag_field
00017de6   inv_get_magnetic_disturbance_state
00017dec   inv_got_compass_bias
00017df2   inv_gyro_was_turned_off
00017df8   inv_quaternion_sensor_was_turned_off
00017dfe   inv_set_compass_bias_found
00017e04   inv_set_compass_disturbance
00017e0a   inv_set_compass_state
00017e10   log
00017e1c   set_spi_rx_interrupt_flag
00017e22   sinf
00017e28   usbClearOEP0ByteCount
00017e2e   usbStallOEP0
00017e34   USBCDC_handleReceiveCompleted
00017e38   USBCDC_handleSendCompleted
00017e3c   USBCDC_handleSetLineCoding
00017e40   USB_handleClockEvent
00017e44   USB_handleEnumCompleteEvent
00017e48   USB_handleResetEvent
00017e4c   USB_handleResumeEvent
00017e50   USB_handleSuspendEvent
00017e54   _system_pre_init
00017e58   C$$EXIT
00017e58   abort
00017e5c   _nop
00017e5e   sin_lookup
0001854e   tUsbRequestList
00018658   _ctypes_
0001875a   abromStringDescriptor
000187e4   reg
0001880c   hw
0001881a   test
000188d2   abromConfigurationDescriptorGroup
000189b4   ml_ver
000189c8   abromDeviceDescriptor
00018a0a   stUsbHandle
ffffffff   .text
ffffffff   __binit__
ffffffff   __c_args__
ffffffff   __etext__
ffffffff   __pinit__
ffffffff   __text__
ffffffff   binit
ffffffff   etext
ffffffff   pinit

[1388 symbols]
