<?xml version="1.0"?>
<link_info>
   <banner>MSP430 Linker PC v4.1.7</banner>
   <copyright>Copyright (c) 2003-2013 Texas Instruments Incorporated</copyright>
   <link_time>0x58b7ef4c</link_time>
   <output_file>CA-SDK-firmware test.out</output_file>
   <entry_point>
      <name>_c_int00</name>
      <address>0x47b2</address>
   </entry_point>
   <input_file_list>
      <input_file id="fl-2">
         <path>.\core\driver\MX25L25635E\</path>
         <kind>object</kind>
         <file>MX25_APP.obj</file>
         <name>MX25_APP.obj</name>
      </input_file>
      <input_file id="fl-3">
         <path>.\core\driver\MX25L25635E\</path>
         <kind>object</kind>
         <file>MX25_CMD.obj</file>
         <name>MX25_CMD.obj</name>
      </input_file>
      <input_file id="fl-4">
         <path>.\core\driver\battery_management\</path>
         <kind>object</kind>
         <file>max17048_driver.obj</file>
         <name>max17048_driver.obj</name>
      </input_file>
      <input_file id="fl-5">
         <path>.\core\driver\eMPL\</path>
         <kind>object</kind>
         <file>inv_mpu.obj</file>
         <name>inv_mpu.obj</name>
      </input_file>
      <input_file id="fl-6">
         <path>.\core\driver\eMPL\</path>
         <kind>object</kind>
         <file>inv_mpu_dmp_motion_driver.obj</file>
         <name>inv_mpu_dmp_motion_driver.obj</name>
      </input_file>
      <input_file id="fl-7">
         <path>.\core\driver\env_sensors\</path>
         <kind>object</kind>
         <file>sensor_probe.obj</file>
         <name>sensor_probe.obj</name>
      </input_file>
      <input_file id="fl-8">
         <path>.\core\driver\msp430\F5xx_F6xx_Core_Lib\</path>
         <kind>object</kind>
         <file>HAL_FLASH.obj</file>
         <name>HAL_FLASH.obj</name>
      </input_file>
      <input_file id="fl-9">
         <path>.\core\driver\msp430\F5xx_F6xx_Core_Lib\</path>
         <kind>object</kind>
         <file>HAL_PMAP.obj</file>
         <name>HAL_PMAP.obj</name>
      </input_file>
      <input_file id="fl-a">
         <path>.\core\driver\msp430\F5xx_F6xx_Core_Lib\</path>
         <kind>object</kind>
         <file>HAL_PMM.obj</file>
         <name>HAL_PMM.obj</name>
      </input_file>
      <input_file id="fl-b">
         <path>.\core\driver\msp430\F5xx_F6xx_Core_Lib\</path>
         <kind>object</kind>
         <file>HAL_TLV.obj</file>
         <name>HAL_TLV.obj</name>
      </input_file>
      <input_file id="fl-c">
         <path>.\core\driver\msp430\F5xx_F6xx_Core_Lib\</path>
         <kind>object</kind>
         <file>HAL_UCS.obj</file>
         <name>HAL_UCS.obj</name>
      </input_file>
      <input_file id="fl-d">
         <path>.\core\driver\msp430\USB_API\USB_CDC_API\</path>
         <kind>object</kind>
         <file>UsbCdc.obj</file>
         <name>UsbCdc.obj</name>
      </input_file>
      <input_file id="fl-e">
         <path>.\core\driver\msp430\USB_API\USB_Common\</path>
         <kind>object</kind>
         <file>dma.obj</file>
         <name>dma.obj</name>
      </input_file>
      <input_file id="fl-f">
         <path>.\core\driver\msp430\USB_API\USB_Common\</path>
         <kind>object</kind>
         <file>usb.obj</file>
         <name>usb.obj</name>
      </input_file>
      <input_file id="fl-10">
         <path>.\core\driver\msp430\USB_API\USB_HID_API\</path>
         <kind>object</kind>
         <file>UsbHid.obj</file>
         <name>UsbHid.obj</name>
      </input_file>
      <input_file id="fl-11">
         <path>.\core\driver\msp430\USB_API\USB_HID_API\</path>
         <kind>object</kind>
         <file>UsbHidReq.obj</file>
         <name>UsbHidReq.obj</name>
      </input_file>
      <input_file id="fl-12">
         <path>.\core\driver\msp430\USB_API\USB_MSC_API\</path>
         <kind>object</kind>
         <file>UsbMscReq.obj</file>
         <name>UsbMscReq.obj</name>
      </input_file>
      <input_file id="fl-13">
         <path>.\core\driver\msp430\USB_API\USB_MSC_API\</path>
         <kind>object</kind>
         <file>UsbMscScsi.obj</file>
         <name>UsbMscScsi.obj</name>
      </input_file>
      <input_file id="fl-14">
         <path>.\core\driver\msp430\USB_API\USB_MSC_API\</path>
         <kind>object</kind>
         <file>UsbMscStateMachine.obj</file>
         <name>UsbMscStateMachine.obj</name>
      </input_file>
      <input_file id="fl-15">
         <path>.\core\driver\msp430\USB_API\USB_PHDC_API\</path>
         <kind>object</kind>
         <file>UsbPHDC.obj</file>
         <name>UsbPHDC.obj</name>
      </input_file>
      <input_file id="fl-16">
         <path>.\core\driver\msp430\USB_eMPL\</path>
         <kind>object</kind>
         <file>UsbIsr.obj</file>
         <name>UsbIsr.obj</name>
      </input_file>
      <input_file id="fl-17">
         <path>.\core\driver\msp430\USB_eMPL\</path>
         <kind>object</kind>
         <file>descriptors.obj</file>
         <name>descriptors.obj</name>
      </input_file>
      <input_file id="fl-18">
         <path>.\core\driver\msp430\USB_eMPL\</path>
         <kind>object</kind>
         <file>log_msp430.obj</file>
         <name>log_msp430.obj</name>
      </input_file>
      <input_file id="fl-19">
         <path>.\core\driver\msp430\USB_eMPL\</path>
         <kind>object</kind>
         <file>usbConstructs.obj</file>
         <name>usbConstructs.obj</name>
      </input_file>
      <input_file id="fl-1a">
         <path>.\core\driver\msp430\USB_eMPL\</path>
         <kind>object</kind>
         <file>usbEventHandling.obj</file>
         <name>usbEventHandling.obj</name>
      </input_file>
      <input_file id="fl-1b">
         <path>.\core\driver\msp430\</path>
         <kind>object</kind>
         <file>msp430_clock.obj</file>
         <name>msp430_clock.obj</name>
      </input_file>
      <input_file id="fl-1c">
         <path>.\core\driver\msp430\</path>
         <kind>object</kind>
         <file>msp430_i2c.obj</file>
         <name>msp430_i2c.obj</name>
      </input_file>
      <input_file id="fl-1d">
         <path>.\core\driver\msp430\</path>
         <kind>object</kind>
         <file>msp430_interrupt.obj</file>
         <name>msp430_interrupt.obj</name>
      </input_file>
      <input_file id="fl-1e">
         <path>.\core\driver\msp430\</path>
         <kind>object</kind>
         <file>msp430_spi.obj</file>
         <name>msp430_spi.obj</name>
      </input_file>
      <input_file id="fl-1f">
         <path>.\core\driver\msp430\</path>
         <kind>object</kind>
         <file>msp430_uart.obj</file>
         <name>msp430_uart.obj</name>
      </input_file>
      <input_file id="fl-20">
         <path>.\core\eMPL-hal\</path>
         <kind>object</kind>
         <file>eMPL_outputs.obj</file>
         <name>eMPL_outputs.obj</name>
      </input_file>
      <input_file id="fl-21">
         <path>.\core\mllite\</path>
         <kind>object</kind>
         <file>data_builder.obj</file>
         <name>data_builder.obj</name>
      </input_file>
      <input_file id="fl-22">
         <path>.\core\mllite\</path>
         <kind>object</kind>
         <file>hal_outputs.obj</file>
         <name>hal_outputs.obj</name>
      </input_file>
      <input_file id="fl-23">
         <path>.\core\mllite\</path>
         <kind>object</kind>
         <file>message_layer.obj</file>
         <name>message_layer.obj</name>
      </input_file>
      <input_file id="fl-24">
         <path>.\core\mllite\</path>
         <kind>object</kind>
         <file>ml_math_func.obj</file>
         <name>ml_math_func.obj</name>
      </input_file>
      <input_file id="fl-25">
         <path>.\core\mllite\</path>
         <kind>object</kind>
         <file>mlmath.obj</file>
         <name>mlmath.obj</name>
      </input_file>
      <input_file id="fl-26">
         <path>.\core\mllite\</path>
         <kind>object</kind>
         <file>mpl.obj</file>
         <name>mpl.obj</name>
      </input_file>
      <input_file id="fl-27">
         <path>.\core\mllite\</path>
         <kind>object</kind>
         <file>results_holder.obj</file>
         <name>results_holder.obj</name>
      </input_file>
      <input_file id="fl-28">
         <path>.\core\mllite\</path>
         <kind>object</kind>
         <file>start_manager.obj</file>
         <name>start_manager.obj</name>
      </input_file>
      <input_file id="fl-29">
         <path>.\core\mllite\</path>
         <kind>object</kind>
         <file>storage_manager.obj</file>
         <name>storage_manager.obj</name>
      </input_file>
      <input_file id="fl-2a">
         <path>.\simple_apps\msp430\</path>
         <kind>object</kind>
         <file>mllite_test.obj</file>
         <name>mllite_test.obj</name>
      </input_file>
      <input_file id="fl-32">
         <path>..\core\mpl\</path>
         <kind>archive</kind>
         <file>libmplmpu.lib</file>
         <name>quaternion_supervisor.obj</name>
      </input_file>
      <input_file id="fl-33">
         <path>..\core\mpl\</path>
         <kind>archive</kind>
         <file>libmplmpu.lib</file>
         <name>mag_disturb.obj</name>
      </input_file>
      <input_file id="fl-34">
         <path>..\core\mpl\</path>
         <kind>archive</kind>
         <file>libmplmpu.lib</file>
         <name>gyro_tc.obj</name>
      </input_file>
      <input_file id="fl-35">
         <path>..\core\mpl\</path>
         <kind>archive</kind>
         <file>libmplmpu.lib</file>
         <name>fusion_9axis.obj</name>
      </input_file>
      <input_file id="fl-36">
         <path>..\core\mpl\</path>
         <kind>archive</kind>
         <file>libmplmpu.lib</file>
         <name>fast_no_motion.obj</name>
      </input_file>
      <input_file id="fl-37">
         <path>..\core\mpl\</path>
         <kind>archive</kind>
         <file>libmplmpu.lib</file>
         <name>compass_vec_cal.obj</name>
      </input_file>
      <input_file id="fl-38">
         <path>..\core\mpl\</path>
         <kind>archive</kind>
         <file>libmplmpu.lib</file>
         <name>accel_auto_cal.obj</name>
      </input_file>
      <input_file id="fl-4e">
         <path>C:\ti\ccsv7\tools\compiler\msp430_4.1.7\lib\</path>
         <kind>archive</kind>
         <file>rts430x_lc_rd.lib</file>
         <name>abs.obj</name>
      </input_file>
      <input_file id="fl-4f">
         <path>C:\ti\ccsv7\tools\compiler\msp430_4.1.7\lib\</path>
         <kind>archive</kind>
         <file>rts430x_lc_rd.lib</file>
         <name>acos.obj</name>
      </input_file>
      <input_file id="fl-50">
         <path>C:\ti\ccsv7\tools\compiler\msp430_4.1.7\lib\</path>
         <kind>archive</kind>
         <file>rts430x_lc_rd.lib</file>
         <name>acosf.obj</name>
      </input_file>
      <input_file id="fl-51">
         <path>C:\ti\ccsv7\tools\compiler\msp430_4.1.7\lib\</path>
         <kind>archive</kind>
         <file>rts430x_lc_rd.lib</file>
         <name>asin.obj</name>
      </input_file>
      <input_file id="fl-52">
         <path>C:\ti\ccsv7\tools\compiler\msp430_4.1.7\lib\</path>
         <kind>archive</kind>
         <file>rts430x_lc_rd.lib</file>
         <name>asinf.obj</name>
      </input_file>
      <input_file id="fl-53">
         <path>C:\ti\ccsv7\tools\compiler\msp430_4.1.7\lib\</path>
         <kind>archive</kind>
         <file>rts430x_lc_rd.lib</file>
         <name>asr32.obj</name>
      </input_file>
      <input_file id="fl-54">
         <path>C:\ti\ccsv7\tools\compiler\msp430_4.1.7\lib\</path>
         <kind>archive</kind>
         <file>rts430x_lc_rd.lib</file>
         <name>atan.obj</name>
      </input_file>
      <input_file id="fl-55">
         <path>C:\ti\ccsv7\tools\compiler\msp430_4.1.7\lib\</path>
         <kind>archive</kind>
         <file>rts430x_lc_rd.lib</file>
         <name>atan2.obj</name>
      </input_file>
      <input_file id="fl-56">
         <path>C:\ti\ccsv7\tools\compiler\msp430_4.1.7\lib\</path>
         <kind>archive</kind>
         <file>rts430x_lc_rd.lib</file>
         <name>atan2f.obj</name>
      </input_file>
      <input_file id="fl-57">
         <path>C:\ti\ccsv7\tools\compiler\msp430_4.1.7\lib\</path>
         <kind>archive</kind>
         <file>rts430x_lc_rd.lib</file>
         <name>boot.obj</name>
      </input_file>
      <input_file id="fl-58">
         <path>C:\ti\ccsv7\tools\compiler\msp430_4.1.7\lib\</path>
         <kind>archive</kind>
         <file>rts430x_lc_rd.lib</file>
         <name>ceil.obj</name>
      </input_file>
      <input_file id="fl-59">
         <path>C:\ti\ccsv7\tools\compiler\msp430_4.1.7\lib\</path>
         <kind>archive</kind>
         <file>rts430x_lc_rd.lib</file>
         <name>copy_decompress_none.obj</name>
      </input_file>
      <input_file id="fl-5a">
         <path>C:\ti\ccsv7\tools\compiler\msp430_4.1.7\lib\</path>
         <kind>archive</kind>
         <file>rts430x_lc_rd.lib</file>
         <name>copy_decompress_rle.obj</name>
      </input_file>
      <input_file id="fl-5b">
         <path>C:\ti\ccsv7\tools\compiler\msp430_4.1.7\lib\</path>
         <kind>archive</kind>
         <file>rts430x_lc_rd.lib</file>
         <name>copy_zero_init.obj</name>
      </input_file>
      <input_file id="fl-5c">
         <path>C:\ti\ccsv7\tools\compiler\msp430_4.1.7\lib\</path>
         <kind>archive</kind>
         <file>rts430x_lc_rd.lib</file>
         <name>cos.obj</name>
      </input_file>
      <input_file id="fl-5d">
         <path>C:\ti\ccsv7\tools\compiler\msp430_4.1.7\lib\</path>
         <kind>archive</kind>
         <file>rts430x_lc_rd.lib</file>
         <name>cosf.obj</name>
      </input_file>
      <input_file id="fl-5e">
         <path>C:\ti\ccsv7\tools\compiler\msp430_4.1.7\lib\</path>
         <kind>archive</kind>
         <file>rts430x_lc_rd.lib</file>
         <name>div16s.obj</name>
      </input_file>
      <input_file id="fl-5f">
         <path>C:\ti\ccsv7\tools\compiler\msp430_4.1.7\lib\</path>
         <kind>archive</kind>
         <file>rts430x_lc_rd.lib</file>
         <name>div16u.obj</name>
      </input_file>
      <input_file id="fl-60">
         <path>C:\ti\ccsv7\tools\compiler\msp430_4.1.7\lib\</path>
         <kind>archive</kind>
         <file>rts430x_lc_rd.lib</file>
         <name>div32s.obj</name>
      </input_file>
      <input_file id="fl-61">
         <path>C:\ti\ccsv7\tools\compiler\msp430_4.1.7\lib\</path>
         <kind>archive</kind>
         <file>rts430x_lc_rd.lib</file>
         <name>div32u.obj</name>
      </input_file>
      <input_file id="fl-62">
         <path>C:\ti\ccsv7\tools\compiler\msp430_4.1.7\lib\</path>
         <kind>archive</kind>
         <file>rts430x_lc_rd.lib</file>
         <name>exit.obj</name>
      </input_file>
      <input_file id="fl-63">
         <path>C:\ti\ccsv7\tools\compiler\msp430_4.1.7\lib\</path>
         <kind>archive</kind>
         <file>rts430x_lc_rd.lib</file>
         <name>fixdlli.obj</name>
      </input_file>
      <input_file id="fl-64">
         <path>C:\ti\ccsv7\tools\compiler\msp430_4.1.7\lib\</path>
         <kind>archive</kind>
         <file>rts430x_lc_rd.lib</file>
         <name>floor.obj</name>
      </input_file>
      <input_file id="fl-65">
         <path>C:\ti\ccsv7\tools\compiler\msp430_4.1.7\lib\</path>
         <kind>archive</kind>
         <file>rts430x_lc_rd.lib</file>
         <name>fltllid.obj</name>
      </input_file>
      <input_file id="fl-66">
         <path>C:\ti\ccsv7\tools\compiler\msp430_4.1.7\lib\</path>
         <kind>archive</kind>
         <file>rts430x_lc_rd.lib</file>
         <name>fs_add.obj</name>
      </input_file>
      <input_file id="fl-67">
         <path>C:\ti\ccsv7\tools\compiler\msp430_4.1.7\lib\</path>
         <kind>archive</kind>
         <file>rts430x_lc_rd.lib</file>
         <name>fs_cmp.obj</name>
      </input_file>
      <input_file id="fl-68">
         <path>C:\ti\ccsv7\tools\compiler\msp430_4.1.7\lib\</path>
         <kind>archive</kind>
         <file>rts430x_lc_rd.lib</file>
         <name>fs_div.obj</name>
      </input_file>
      <input_file id="fl-69">
         <path>C:\ti\ccsv7\tools\compiler\msp430_4.1.7\lib\</path>
         <kind>archive</kind>
         <file>rts430x_lc_rd.lib</file>
         <name>fs_itof.obj</name>
      </input_file>
      <input_file id="fl-6a">
         <path>C:\ti\ccsv7\tools\compiler\msp430_4.1.7\lib\</path>
         <kind>archive</kind>
         <file>rts430x_lc_rd.lib</file>
         <name>fs_ltof.obj</name>
      </input_file>
      <input_file id="fl-6b">
         <path>C:\ti\ccsv7\tools\compiler\msp430_4.1.7\lib\</path>
         <kind>archive</kind>
         <file>rts430x_lc_rd.lib</file>
         <name>fs_mpy.obj</name>
      </input_file>
      <input_file id="fl-6c">
         <path>C:\ti\ccsv7\tools\compiler\msp430_4.1.7\lib\</path>
         <kind>archive</kind>
         <file>rts430x_lc_rd.lib</file>
         <name>fs_neg.obj</name>
      </input_file>
      <input_file id="fl-6d">
         <path>C:\ti\ccsv7\tools\compiler\msp430_4.1.7\lib\</path>
         <kind>archive</kind>
         <file>rts430x_lc_rd.lib</file>
         <name>fs_toi.obj</name>
      </input_file>
      <input_file id="fl-6e">
         <path>C:\ti\ccsv7\tools\compiler\msp430_4.1.7\lib\</path>
         <kind>archive</kind>
         <file>rts430x_lc_rd.lib</file>
         <name>fs_tol.obj</name>
      </input_file>
      <input_file id="fl-6f">
         <path>C:\ti\ccsv7\tools\compiler\msp430_4.1.7\lib\</path>
         <kind>archive</kind>
         <file>rts430x_lc_rd.lib</file>
         <name>fs_tou.obj</name>
      </input_file>
      <input_file id="fl-70">
         <path>C:\ti\ccsv7\tools\compiler\msp430_4.1.7\lib\</path>
         <kind>archive</kind>
         <file>rts430x_lc_rd.lib</file>
         <name>fs_ultof.obj</name>
      </input_file>
      <input_file id="fl-71">
         <path>C:\ti\ccsv7\tools\compiler\msp430_4.1.7\lib\</path>
         <kind>archive</kind>
         <file>rts430x_lc_rd.lib</file>
         <name>fs_utof.obj</name>
      </input_file>
      <input_file id="fl-72">
         <path>C:\ti\ccsv7\tools\compiler\msp430_4.1.7\lib\</path>
         <kind>archive</kind>
         <file>rts430x_lc_rd.lib</file>
         <name>llmath.obj</name>
      </input_file>
      <input_file id="fl-73">
         <path>C:\ti\ccsv7\tools\compiler\msp430_4.1.7\lib\</path>
         <kind>archive</kind>
         <file>rts430x_lc_rd.lib</file>
         <name>log.obj</name>
      </input_file>
      <input_file id="fl-74">
         <path>C:\ti\ccsv7\tools\compiler\msp430_4.1.7\lib\</path>
         <kind>archive</kind>
         <file>rts430x_lc_rd.lib</file>
         <name>lsl16.obj</name>
      </input_file>
      <input_file id="fl-75">
         <path>C:\ti\ccsv7\tools\compiler\msp430_4.1.7\lib\</path>
         <kind>archive</kind>
         <file>rts430x_lc_rd.lib</file>
         <name>lsl32.obj</name>
      </input_file>
      <input_file id="fl-76">
         <path>C:\ti\ccsv7\tools\compiler\msp430_4.1.7\lib\</path>
         <kind>archive</kind>
         <file>rts430x_lc_rd.lib</file>
         <name>lsr32.obj</name>
      </input_file>
      <input_file id="fl-77">
         <path>C:\ti\ccsv7\tools\compiler\msp430_4.1.7\lib\</path>
         <kind>archive</kind>
         <file>rts430x_lc_rd.lib</file>
         <name>memcpy.obj</name>
      </input_file>
      <input_file id="fl-78">
         <path>C:\ti\ccsv7\tools\compiler\msp430_4.1.7\lib\</path>
         <kind>archive</kind>
         <file>rts430x_lc_rd.lib</file>
         <name>memmov.obj</name>
      </input_file>
      <input_file id="fl-79">
         <path>C:\ti\ccsv7\tools\compiler\msp430_4.1.7\lib\</path>
         <kind>archive</kind>
         <file>rts430x_lc_rd.lib</file>
         <name>memset.obj</name>
      </input_file>
      <input_file id="fl-7a">
         <path>C:\ti\ccsv7\tools\compiler\msp430_4.1.7\lib\</path>
         <kind>archive</kind>
         <file>rts430x_lc_rd.lib</file>
         <name>mult1632_f5hw.obj</name>
      </input_file>
      <input_file id="fl-7b">
         <path>C:\ti\ccsv7\tools\compiler\msp430_4.1.7\lib\</path>
         <kind>archive</kind>
         <file>rts430x_lc_rd.lib</file>
         <name>mult16_f5hw.obj</name>
      </input_file>
      <input_file id="fl-7c">
         <path>C:\ti\ccsv7\tools\compiler\msp430_4.1.7\lib\</path>
         <kind>archive</kind>
         <file>rts430x_lc_rd.lib</file>
         <name>mult3264_f5hw.obj</name>
      </input_file>
      <input_file id="fl-7d">
         <path>C:\ti\ccsv7\tools\compiler\msp430_4.1.7\lib\</path>
         <kind>archive</kind>
         <file>rts430x_lc_rd.lib</file>
         <name>mult32_f5hw.obj</name>
      </input_file>
      <input_file id="fl-7e">
         <path>C:\ti\ccsv7\tools\compiler\msp430_4.1.7\lib\</path>
         <kind>archive</kind>
         <file>rts430x_lc_rd.lib</file>
         <name>mult64_f5hw.obj</name>
      </input_file>
      <input_file id="fl-7f">
         <path>C:\ti\ccsv7\tools\compiler\msp430_4.1.7\lib\</path>
         <kind>archive</kind>
         <file>rts430x_lc_rd.lib</file>
         <name>pow.obj</name>
      </input_file>
      <input_file id="fl-80">
         <path>C:\ti\ccsv7\tools\compiler\msp430_4.1.7\lib\</path>
         <kind>archive</kind>
         <file>rts430x_lc_rd.lib</file>
         <name>pre_init.obj</name>
      </input_file>
      <input_file id="fl-81">
         <path>C:\ti\ccsv7\tools\compiler\msp430_4.1.7\lib\</path>
         <kind>archive</kind>
         <file>rts430x_lc_rd.lib</file>
         <name>rand.obj</name>
      </input_file>
      <input_file id="fl-82">
         <path>C:\ti\ccsv7\tools\compiler\msp430_4.1.7\lib\</path>
         <kind>archive</kind>
         <file>rts430x_lc_rd.lib</file>
         <name>sin.obj</name>
      </input_file>
      <input_file id="fl-83">
         <path>C:\ti\ccsv7\tools\compiler\msp430_4.1.7\lib\</path>
         <kind>archive</kind>
         <file>rts430x_lc_rd.lib</file>
         <name>sinf.obj</name>
      </input_file>
      <input_file id="fl-84">
         <path>C:\ti\ccsv7\tools\compiler\msp430_4.1.7\lib\</path>
         <kind>archive</kind>
         <file>rts430x_lc_rd.lib</file>
         <name>sqrt.obj</name>
      </input_file>
      <input_file id="fl-85">
         <path>C:\ti\ccsv7\tools\compiler\msp430_4.1.7\lib\</path>
         <kind>archive</kind>
         <file>rts430x_lc_rd.lib</file>
         <name>sqrtf.obj</name>
      </input_file>
      <input_file id="fl-86">
         <path>C:\ti\ccsv7\tools\compiler\msp430_4.1.7\lib\</path>
         <kind>archive</kind>
         <file>rts430x_lc_rd.lib</file>
         <name>vsprintf.obj</name>
      </input_file>
      <input_file id="fl-87">
         <path>C:\ti\ccsv7\tools\compiler\msp430_4.1.7\lib\</path>
         <kind>archive</kind>
         <file>rts430x_lc_rd.lib</file>
         <name>xatan.obj</name>
      </input_file>
      <input_file id="fl-88">
         <path>C:\ti\ccsv7\tools\compiler\msp430_4.1.7\lib\</path>
         <kind>archive</kind>
         <file>rts430x_lc_rd.lib</file>
         <name>xdint.obj</name>
      </input_file>
      <input_file id="fl-89">
         <path>C:\ti\ccsv7\tools\compiler\msp430_4.1.7\lib\</path>
         <kind>archive</kind>
         <file>rts430x_lc_rd.lib</file>
         <name>xdscale.obj</name>
      </input_file>
      <input_file id="fl-8a">
         <path>C:\ti\ccsv7\tools\compiler\msp430_4.1.7\lib\</path>
         <kind>archive</kind>
         <file>rts430x_lc_rd.lib</file>
         <name>xdtest.obj</name>
      </input_file>
      <input_file id="fl-8b">
         <path>C:\ti\ccsv7\tools\compiler\msp430_4.1.7\lib\</path>
         <kind>archive</kind>
         <file>rts430x_lc_rd.lib</file>
         <name>xdunscal.obj</name>
      </input_file>
      <input_file id="fl-8c">
         <path>C:\ti\ccsv7\tools\compiler\msp430_4.1.7\lib\</path>
         <kind>archive</kind>
         <file>rts430x_lc_rd.lib</file>
         <name>xexp.obj</name>
      </input_file>
      <input_file id="fl-8d">
         <path>C:\ti\ccsv7\tools\compiler\msp430_4.1.7\lib\</path>
         <kind>archive</kind>
         <file>rts430x_lc_rd.lib</file>
         <name>xfatan.obj</name>
      </input_file>
      <input_file id="fl-8e">
         <path>C:\ti\ccsv7\tools\compiler\msp430_4.1.7\lib\</path>
         <kind>archive</kind>
         <file>rts430x_lc_rd.lib</file>
         <name>xfdint.obj</name>
      </input_file>
      <input_file id="fl-8f">
         <path>C:\ti\ccsv7\tools\compiler\msp430_4.1.7\lib\</path>
         <kind>archive</kind>
         <file>rts430x_lc_rd.lib</file>
         <name>xfdscale.obj</name>
      </input_file>
      <input_file id="fl-90">
         <path>C:\ti\ccsv7\tools\compiler\msp430_4.1.7\lib\</path>
         <kind>archive</kind>
         <file>rts430x_lc_rd.lib</file>
         <name>xfdtest.obj</name>
      </input_file>
      <input_file id="fl-91">
         <path>C:\ti\ccsv7\tools\compiler\msp430_4.1.7\lib\</path>
         <kind>archive</kind>
         <file>rts430x_lc_rd.lib</file>
         <name>xfdunsca.obj</name>
      </input_file>
      <input_file id="fl-92">
         <path>C:\ti\ccsv7\tools\compiler\msp430_4.1.7\lib\</path>
         <kind>archive</kind>
         <file>rts430x_lc_rd.lib</file>
         <name>xferaise.obj</name>
      </input_file>
      <input_file id="fl-93">
         <path>C:\ti\ccsv7\tools\compiler\msp430_4.1.7\lib\</path>
         <kind>archive</kind>
         <file>rts430x_lc_rd.lib</file>
         <name>xfsin.obj</name>
      </input_file>
      <input_file id="fl-94">
         <path>C:\ti\ccsv7\tools\compiler\msp430_4.1.7\lib\</path>
         <kind>archive</kind>
         <file>rts430x_lc_rd.lib</file>
         <name>xfvalues.obj</name>
      </input_file>
      <input_file id="fl-95">
         <path>C:\ti\ccsv7\tools\compiler\msp430_4.1.7\lib\</path>
         <kind>archive</kind>
         <file>rts430x_lc_rd.lib</file>
         <name>xlog.obj</name>
      </input_file>
      <input_file id="fl-96">
         <path>C:\ti\ccsv7\tools\compiler\msp430_4.1.7\lib\</path>
         <kind>archive</kind>
         <file>rts430x_lc_rd.lib</file>
         <name>xsin.obj</name>
      </input_file>
      <input_file id="fl-97">
         <path>C:\ti\ccsv7\tools\compiler\msp430_4.1.7\lib\</path>
         <kind>archive</kind>
         <file>rts430x_lc_rd.lib</file>
         <name>xvalues.obj</name>
      </input_file>
      <input_file id="fl-98">
         <path>C:\ti\ccsv7\tools\compiler\msp430_4.1.7\lib\</path>
         <kind>archive</kind>
         <file>rts430x_lc_rd.lib</file>
         <name>_lock.obj</name>
      </input_file>
      <input_file id="fl-99">
         <path>C:\ti\ccsv7\tools\compiler\msp430_4.1.7\lib\</path>
         <kind>archive</kind>
         <file>rts430x_lc_rd.lib</file>
         <name>_printfi.obj</name>
      </input_file>
      <input_file id="fl-9a">
         <path>C:\ti\ccsv7\tools\compiler\msp430_4.1.7\lib\</path>
         <kind>archive</kind>
         <file>rts430x_lc_rd.lib</file>
         <name>args_main.obj</name>
      </input_file>
      <input_file id="fl-9b">
         <path>C:\ti\ccsv7\tools\compiler\msp430_4.1.7\lib\</path>
         <kind>archive</kind>
         <file>rts430x_lc_rd.lib</file>
         <name>atoi.obj</name>
      </input_file>
      <input_file id="fl-9c">
         <path>C:\ti\ccsv7\tools\compiler\msp430_4.1.7\lib\</path>
         <kind>archive</kind>
         <file>rts430x_lc_rd.lib</file>
         <name>autoinit.obj</name>
      </input_file>
      <input_file id="fl-9d">
         <path>C:\ti\ccsv7\tools\compiler\msp430_4.1.7\lib\</path>
         <kind>archive</kind>
         <file>rts430x_lc_rd.lib</file>
         <name>ctype.obj</name>
      </input_file>
      <input_file id="fl-9e">
         <path>C:\ti\ccsv7\tools\compiler\msp430_4.1.7\lib\</path>
         <kind>archive</kind>
         <file>rts430x_lc_rd.lib</file>
         <name>errno.obj</name>
      </input_file>
      <input_file id="fl-9f">
         <path>C:\ti\ccsv7\tools\compiler\msp430_4.1.7\lib\</path>
         <kind>archive</kind>
         <file>rts430x_lc_rd.lib</file>
         <name>feraiseexcept.obj</name>
      </input_file>
      <input_file id="fl-a0">
         <path>C:\ti\ccsv7\tools\compiler\msp430_4.1.7\lib\</path>
         <kind>archive</kind>
         <file>rts430x_lc_rd.lib</file>
         <name>fmod.obj</name>
      </input_file>
      <input_file id="fl-a1">
         <path>C:\ti\ccsv7\tools\compiler\msp430_4.1.7\lib\</path>
         <kind>archive</kind>
         <file>rts430x_lc_rd.lib</file>
         <name>fmodf.obj</name>
      </input_file>
      <input_file id="fl-a2">
         <path>C:\ti\ccsv7\tools\compiler\msp430_4.1.7\lib\</path>
         <kind>archive</kind>
         <file>rts430x_lc_rd.lib</file>
         <name>lsr16.obj</name>
      </input_file>
      <input_file id="fl-a3">
         <path>C:\ti\ccsv7\tools\compiler\msp430_4.1.7\lib\</path>
         <kind>archive</kind>
         <file>rts430x_lc_rd.lib</file>
         <name>ltoa.obj</name>
      </input_file>
      <input_file id="fl-a4">
         <path>C:\ti\ccsv7\tools\compiler\msp430_4.1.7\lib\</path>
         <kind>archive</kind>
         <file>rts430x_lc_rd.lib</file>
         <name>memccpy.obj</name>
      </input_file>
      <input_file id="fl-a5">
         <path>C:\ti\ccsv7\tools\compiler\msp430_4.1.7\lib\</path>
         <kind>archive</kind>
         <file>rts430x_lc_rd.lib</file>
         <name>raise.obj</name>
      </input_file>
      <input_file id="fl-a6">
         <path>C:\ti\ccsv7\tools\compiler\msp430_4.1.7\lib\</path>
         <kind>archive</kind>
         <file>rts430x_lc_rd.lib</file>
         <name>signal.obj</name>
      </input_file>
      <input_file id="fl-a7">
         <path>C:\ti\ccsv7\tools\compiler\msp430_4.1.7\lib\</path>
         <kind>archive</kind>
         <file>rts430x_lc_rd.lib</file>
         <name>strlen.obj</name>
      </input_file>
      <input_file id="fl-a8">
         <path>C:\ti\ccsv7\tools\compiler\msp430_4.1.7\lib\</path>
         <kind>archive</kind>
         <file>rts430x_lc_rd.lib</file>
         <name>toupper.obj</name>
      </input_file>
      <input_file id="fl-a9">
         <path>C:\ti\ccsv7\tools\compiler\msp430_4.1.7\lib\</path>
         <kind>archive</kind>
         <file>rts430x_lc_rd.lib</file>
         <name>xdnorm.obj</name>
      </input_file>
      <input_file id="fl-aa">
         <path>C:\ti\ccsv7\tools\compiler\msp430_4.1.7\lib\</path>
         <kind>archive</kind>
         <file>rts430x_lc_rd.lib</file>
         <name>xfdclass.obj</name>
      </input_file>
      <input_file id="fl-ab">
         <path>C:\ti\ccsv7\tools\compiler\msp430_4.1.7\lib\</path>
         <kind>archive</kind>
         <file>rts430x_lc_rd.lib</file>
         <name>xfdnorm.obj</name>
      </input_file>
   </input_file_list>
   <object_component_list>
      <object_component id="oc-5d">
         <name>.bss</name>
         <uninitialized>true</uninitialized>
         <run_address>0x3894</run_address>
         <size>0x36</size>
         <input_file_ref idref="fl-5"/>
      </object_component>
      <object_component id="oc-65">
         <name>.bss</name>
         <uninitialized>true</uninitialized>
         <run_address>0x3934</run_address>
         <size>0x10</size>
         <input_file_ref idref="fl-6"/>
      </object_component>
      <object_component id="oc-6c">
         <name>.bss</name>
         <uninitialized>true</uninitialized>
         <run_address>0x3854</run_address>
         <size>0x3f</size>
         <input_file_ref idref="fl-7"/>
      </object_component>
      <object_component id="oc-86">
         <name>.bss</name>
         <uninitialized>true</uninitialized>
         <run_address>0x38ca</run_address>
         <size>0x2e</size>
         <input_file_ref idref="fl-d"/>
      </object_component>
      <object_component id="oc-8b">
         <name>.bss</name>
         <uninitialized>true</uninitialized>
         <run_address>0x395c</run_address>
         <size>0x8</size>
         <input_file_ref idref="fl-e"/>
      </object_component>
      <object_component id="oc-90">
         <name>.bss</name>
         <uninitialized>true</uninitialized>
         <run_address>0x380c</run_address>
         <size>0x48</size>
         <input_file_ref idref="fl-f"/>
      </object_component>
      <object_component id="oc-b7">
         <name>.bss</name>
         <uninitialized>true</uninitialized>
         <run_address>0x3916</run_address>
         <size>0x1e</size>
         <input_file_ref idref="fl-1b"/>
      </object_component>
      <object_component id="oc-bf">
         <name>.bss</name>
         <uninitialized>true</uninitialized>
         <run_address>0x3944</run_address>
         <size>0xc</size>
         <input_file_ref idref="fl-1c"/>
      </object_component>
      <object_component id="oc-c7">
         <name>.bss</name>
         <uninitialized>true</uninitialized>
         <run_address>0x3768</run_address>
         <size>0x52</size>
         <input_file_ref idref="fl-1d"/>
      </object_component>
      <object_component id="oc-d3">
         <name>.bss</name>
         <uninitialized>true</uninitialized>
         <run_address>0x3893</run_address>
         <size>0x1</size>
         <input_file_ref idref="fl-1e"/>
      </object_component>
      <object_component id="oc-da">
         <name>.bss</name>
         <uninitialized>true</uninitialized>
         <run_address>0x3950</run_address>
         <size>0xc</size>
         <input_file_ref idref="fl-1f"/>
      </object_component>
      <object_component id="oc-e1">
         <name>.bss</name>
         <uninitialized>true</uninitialized>
         <run_address>0x38f8</run_address>
         <size>0x1e</size>
         <input_file_ref idref="fl-20"/>
      </object_component>
      <object_component id="oc-e6">
         <name>.bss</name>
         <uninitialized>true</uninitialized>
         <run_address>0x2c78</run_address>
         <size>0x24e</size>
         <input_file_ref idref="fl-21"/>
      </object_component>
      <object_component id="oc-ec">
         <name>.bss</name>
         <uninitialized>true</uninitialized>
         <run_address>0x3314</run_address>
         <size>0xcc</size>
         <input_file_ref idref="fl-22"/>
      </object_component>
      <object_component id="oc-f2">
         <name>.bss</name>
         <uninitialized>true</uninitialized>
         <run_address>0x397c</run_address>
         <size>0x4</size>
         <input_file_ref idref="fl-23"/>
      </object_component>
      <object_component id="oc-104">
         <name>.bss</name>
         <uninitialized>true</uninitialized>
         <run_address>0x352c</run_address>
         <size>0x7a</size>
         <input_file_ref idref="fl-27"/>
      </object_component>
      <object_component id="oc-109">
         <name>.bss</name>
         <uninitialized>true</uninitialized>
         <run_address>0x37ba</run_address>
         <size>0x52</size>
         <input_file_ref idref="fl-28"/>
      </object_component>
      <object_component id="oc-10e">
         <name>.bss</name>
         <uninitialized>true</uninitialized>
         <run_address>0x307c</run_address>
         <size>0x16c</size>
         <input_file_ref idref="fl-29"/>
      </object_component>
      <object_component id="oc-113">
         <name>.bss</name>
         <uninitialized>true</uninitialized>
         <run_address>0x35a6</run_address>
         <size>0x78</size>
         <input_file_ref idref="fl-2a"/>
      </object_component>
      <object_component id="oc-11e">
         <name>.bss</name>
         <uninitialized>true</uninitialized>
         <run_address>0x3696</run_address>
         <size>0x6a</size>
         <input_file_ref idref="fl-32"/>
      </object_component>
      <object_component id="oc-124">
         <name>.bss</name>
         <uninitialized>true</uninitialized>
         <run_address>0x3490</run_address>
         <size>0x9c</size>
         <input_file_ref idref="fl-33"/>
      </object_component>
      <object_component id="oc-12a">
         <name>.bss</name>
         <uninitialized>true</uninitialized>
         <run_address>0x2ec6</run_address>
         <size>0x1b6</size>
         <input_file_ref idref="fl-34"/>
      </object_component>
      <object_component id="oc-12f">
         <name>.bss</name>
         <uninitialized>true</uninitialized>
         <run_address>0x31e8</run_address>
         <size>0x12c</size>
         <input_file_ref idref="fl-35"/>
      </object_component>
      <object_component id="oc-134">
         <name>.bss</name>
         <uninitialized>true</uninitialized>
         <run_address>0x2a20</run_address>
         <size>0x258</size>
         <input_file_ref idref="fl-36"/>
      </object_component>
      <object_component id="oc-139">
         <name>.bss</name>
         <uninitialized>true</uninitialized>
         <run_address>0x2794</run_address>
         <size>0x28c</size>
         <input_file_ref idref="fl-37"/>
      </object_component>
      <object_component id="oc-13f">
         <name>.bss</name>
         <uninitialized>true</uninitialized>
         <run_address>0x2400</run_address>
         <size>0x394</size>
         <input_file_ref idref="fl-38"/>
      </object_component>
      <object_component id="oc-164">
         <name>.bss</name>
         <uninitialized>true</uninitialized>
         <run_address>0x396c</run_address>
         <size>0x8</size>
         <input_file_ref idref="fl-57"/>
      </object_component>
      <object_component id="oc-1f9">
         <name>.bss</name>
         <uninitialized>true</uninitialized>
         <run_address>0x3980</run_address>
         <size>0x4</size>
         <input_file_ref idref="fl-81"/>
      </object_component>
      <object_component id="oc-238">
         <name>.bss</name>
         <uninitialized>true</uninitialized>
         <run_address>0x3700</run_address>
         <size>0x68</size>
         <input_file_ref idref="fl-94"/>
      </object_component>
      <object_component id="oc-244">
         <name>.bss</name>
         <uninitialized>true</uninitialized>
         <run_address>0x361e</run_address>
         <size>0x78</size>
         <input_file_ref idref="fl-97"/>
      </object_component>
      <object_component id="oc-248">
         <name>.bss</name>
         <uninitialized>true</uninitialized>
         <run_address>0x3964</run_address>
         <size>0x8</size>
         <input_file_ref idref="fl-98"/>
      </object_component>
      <object_component id="oc-25b">
         <name>.bss</name>
         <uninitialized>true</uninitialized>
         <run_address>0x3984</run_address>
         <size>0x2</size>
         <input_file_ref idref="fl-9e"/>
      </object_component>
      <object_component id="oc-25f">
         <name>.bss</name>
         <uninitialized>true</uninitialized>
         <run_address>0x3974</run_address>
         <size>0x8</size>
         <input_file_ref idref="fl-9f"/>
      </object_component>
      <object_component id="oc-277">
         <name>.bss</name>
         <uninitialized>true</uninitialized>
         <run_address>0x33e0</run_address>
         <size>0xb0</size>
         <input_file_ref idref="fl-a6"/>
      </object_component>
      <object_component id="oc-166">
         <name>.stack</name>
         <uninitialized>true</uninitialized>
         <run_address>0x3dc0</run_address>
         <size>0x4</size>
         <input_file_ref idref="fl-57"/>
      </object_component>
      <object_component id="oc-4d1">
         <name>.stack</name>
         <uninitialized>true</uninitialized>
         <run_address>0x3dc0</run_address>
         <size>0x0</size>
      </object_component>
      <object_component id="oc-426">
         <name>.text:inv_compute_bias</name>
         <load_address>0x4b16</load_address>
         <run_address>0x4b16</run_address>
         <size>0xa04</size>
         <input_file_ref idref="fl-37"/>
      </object_component>
      <object_component id="oc-2e0">
         <name>.text:handle_input</name>
         <load_address>0x551a</load_address>
         <run_address>0x551a</run_address>
         <size>0x8c4</size>
         <input_file_ref idref="fl-2a"/>
      </object_component>
      <object_component id="oc-427">
         <name>.text:inv_center_sum</name>
         <load_address>0x5dde</load_address>
         <run_address>0x5dde</run_address>
         <size>0x858</size>
         <input_file_ref idref="fl-37"/>
      </object_component>
      <object_component id="oc-3eb">
         <name>.text:inv_process_compass_only_cal</name>
         <load_address>0x6636</load_address>
         <run_address>0x6636</run_address>
         <size>0x76a</size>
         <input_file_ref idref="fl-37"/>
      </object_component>
      <object_component id="oc-3d8">
         <name>.text:inv_perform_9x_fusion</name>
         <load_address>0x6da0</load_address>
         <run_address>0x6da0</run_address>
         <size>0x5fc</size>
         <input_file_ref idref="fl-35"/>
      </object_component>
      <object_component id="oc-28e">
         <name>.text:main</name>
         <load_address>0x739c</load_address>
         <run_address>0x739c</run_address>
         <size>0x584</size>
         <input_file_ref idref="fl-2a"/>
      </object_component>
      <object_component id="oc-38f">
         <name>.text:get_st_biases</name>
         <load_address>0x7920</load_address>
         <run_address>0x7920</run_address>
         <size>0x54e</size>
         <input_file_ref idref="fl-5"/>
      </object_component>
      <object_component id="oc-3d6">
         <name>.text:inv_generate_accel_gyro_quaternion</name>
         <load_address>0x7e6e</load_address>
         <run_address>0x7e6e</run_address>
         <size>0x45a</size>
         <input_file_ref idref="fl-32"/>
      </object_component>
      <object_component id="oc-424">
         <name>.text:inv_set_terms</name>
         <load_address>0x82c8</load_address>
         <run_address>0x82c8</run_address>
         <size>0x448</size>
         <input_file_ref idref="fl-37"/>
      </object_component>
      <object_component id="oc-3e7">
         <name>.text:inv_gtc_compute_slope</name>
         <load_address>0x8710</load_address>
         <run_address>0x8710</run_address>
         <size>0x446</size>
         <input_file_ref idref="fl-34"/>
      </object_component>
      <object_component id="oc-3ee">
         <name>.text:inv_check_magnetic_disturbance</name>
         <load_address>0x8b56</load_address>
         <run_address>0x8b56</run_address>
         <size>0x42c</size>
         <input_file_ref idref="fl-33"/>
      </object_component>
      <object_component id="oc-444">
         <name>.text:__divull</name>
         <load_address>0x8f82</load_address>
         <run_address>0x8f82</run_address>
         <size>0x38e</size>
         <input_file_ref idref="fl-72"/>
      </object_component>
      <object_component id="oc-412">
         <name>.text:accel_fusion</name>
         <load_address>0x9310</load_address>
         <run_address>0x9310</run_address>
         <size>0x372</size>
         <input_file_ref idref="fl-32"/>
      </object_component>
      <object_component id="oc-341">
         <name>.text:inv_get_sensor_type_euler</name>
         <load_address>0x9682</load_address>
         <run_address>0x9682</run_address>
         <size>0x34a</size>
         <input_file_ref idref="fl-20"/>
      </object_component>
      <object_component id="oc-41e">
         <name>.text:inv_fast_nomot_parameter</name>
         <load_address>0x99cc</load_address>
         <run_address>0x99cc</run_address>
         <size>0x33c</size>
         <input_file_ref idref="fl-36"/>
      </object_component>
      <object_component id="oc-40d">
         <name>.text:inv_process_dmp_quaternion</name>
         <load_address>0x9d08</load_address>
         <run_address>0x9d08</run_address>
         <size>0x336</size>
         <input_file_ref idref="fl-32"/>
      </object_component>
      <object_component id="oc-388">
         <name>.text:inv_generate_fast_nomot</name>
         <load_address>0xa03e</load_address>
         <run_address>0xa03e</run_address>
         <size>0x320</size>
         <input_file_ref idref="fl-36"/>
      </object_component>
      <object_component id="oc-2d1">
         <name>.text:run_self_test</name>
         <load_address>0xa35e</load_address>
         <run_address>0xa35e</run_address>
         <size>0x2c2</size>
         <input_file_ref idref="fl-2a"/>
      </object_component>
      <object_component id="oc-2de">
         <name>.text:read_from_mpl</name>
         <load_address>0xa620</load_address>
         <run_address>0xa620</run_address>
         <size>0x286</size>
         <input_file_ref idref="fl-2a"/>
      </object_component>
      <object_component id="oc-460">
         <name>.text:inv_check_sample_balance</name>
         <load_address>0xa8a6</load_address>
         <run_address>0xa8a6</run_address>
         <size>0x27c</size>
         <input_file_ref idref="fl-38"/>
      </object_component>
      <object_component id="oc-33e">
         <name>.text:eMPL_send_data</name>
         <load_address>0xab22</load_address>
         <run_address>0xab22</run_address>
         <size>0x276</size>
         <input_file_ref idref="fl-18"/>
      </object_component>
      <object_component id="oc-42f">
         <name>.text:inv_check_peaks</name>
         <load_address>0xad98</load_address>
         <run_address>0xad98</run_address>
         <size>0x274</size>
         <input_file_ref idref="fl-37"/>
      </object_component>
      <object_component id="oc-479">
         <name>.text:_Log</name>
         <load_address>0xb00c</load_address>
         <run_address>0xb00c</run_address>
         <size>0x26c</size>
         <input_file_ref idref="fl-95"/>
      </object_component>
      <object_component id="oc-415">
         <name>.text:inv_filter_correction_angle</name>
         <load_address>0xb278</load_address>
         <run_address>0xb278</run_address>
         <size>0x25c</size>
         <input_file_ref idref="fl-35"/>
      </object_component>
      <object_component id="oc-40a">
         <name>.text:inv_compute_quat_from_accel</name>
         <load_address>0xb4d4</load_address>
         <run_address>0xb4d4</run_address>
         <size>0x25a</size>
         <input_file_ref idref="fl-32"/>
      </object_component>
      <object_component id="oc-302">
         <name>.text:setup_compass</name>
         <load_address>0xb72e</load_address>
         <run_address>0xb72e</run_address>
         <size>0x24c</size>
         <input_file_ref idref="fl-5"/>
      </object_component>
      <object_component id="oc-2e1">
         <name>.text:mpu_lp_motion_interrupt</name>
         <load_address>0xb97a</load_address>
         <run_address>0xb97a</run_address>
         <size>0x24a</size>
         <input_file_ref idref="fl-5"/>
      </object_component>
      <object_component id="oc-44a">
         <name>.text:_FSin</name>
         <load_address>0xbbc4</load_address>
         <run_address>0xbbc4</run_address>
         <size>0x236</size>
         <input_file_ref idref="fl-93"/>
      </object_component>
      <object_component id="oc-3c7">
         <name>.text:_setfield</name>
         <load_address>0xbdfa</load_address>
         <run_address>0xbdfa</run_address>
         <size>0x228</size>
         <input_file_ref idref="fl-99"/>
      </object_component>
      <object_component id="oc-418">
         <name>.text:inv_q_multf</name>
         <load_address>0xc022</load_address>
         <run_address>0xc022</run_address>
         <size>0x21c</size>
         <input_file_ref idref="fl-24"/>
      </object_component>
      <object_component id="oc-372">
         <name>.text:_printfi</name>
         <load_address>0xc23e</load_address>
         <run_address>0xc23e</run_address>
         <size>0x20e</size>
         <input_file_ref idref="fl-99"/>
      </object_component>
      <object_component id="oc-419">
         <name>.text:inv_q_normalizef</name>
         <load_address>0xc44c</load_address>
         <run_address>0xc44c</run_address>
         <size>0x200</size>
         <input_file_ref idref="fl-24"/>
      </object_component>
      <object_component id="oc-40c">
         <name>.text:inv_generate_gyro_quaternion</name>
         <load_address>0xc64c</load_address>
         <run_address>0xc64c</run_address>
         <size>0x1fc</size>
         <input_file_ref idref="fl-32"/>
      </object_component>
      <object_component id="oc-39a">
         <name>.text:inv_quaternion_to_rotation</name>
         <load_address>0xc848</load_address>
         <run_address>0xc848</run_address>
         <size>0x1fc</size>
         <input_file_ref idref="fl-24"/>
      </object_component>
      <object_component id="oc-39e">
         <name>.text:USBCDC_receiveData</name>
         <load_address>0xca44</load_address>
         <run_address>0xca44</run_address>
         <size>0x1ec</size>
         <input_file_ref idref="fl-d"/>
      </object_component>
      <object_component id="oc-2d6">
         <name>.text:mpu_read_fifo</name>
         <load_address>0xcc30</load_address>
         <run_address>0xcc30</run_address>
         <size>0x1ec</size>
         <input_file_ref idref="fl-5"/>
      </object_component>
      <object_component id="oc-42b">
         <name>.text:inv_combine_compass_data</name>
         <load_address>0xce1c</load_address>
         <run_address>0xce1c</run_address>
         <size>0x1c6</size>
         <input_file_ref idref="fl-37"/>
      </object_component>
      <object_component id="oc-34f">
         <name>.text:dmp_enable_feature</name>
         <load_address>0xcfe2</load_address>
         <run_address>0xcfe2</run_address>
         <size>0x1c2</size>
         <input_file_ref idref="fl-6"/>
      </object_component>
      <object_component id="oc-348">
         <name>.text:dmp_set_gyro_bias</name>
         <load_address>0xd1a4</load_address>
         <run_address>0xd1a4</run_address>
         <size>0x1bc</size>
         <input_file_ref idref="fl-6"/>
      </object_component>
      <object_component id="oc-42d">
         <name>.text:inv_check_sim</name>
         <load_address>0xd360</load_address>
         <run_address>0xd360</run_address>
         <size>0x1ba</size>
         <input_file_ref idref="fl-37"/>
      </object_component>
      <object_component id="oc-439">
         <name>.text:ComputeAngleVelocity</name>
         <load_address>0xd51a</load_address>
         <run_address>0xd51a</run_address>
         <size>0x1b4</size>
         <input_file_ref idref="fl-33"/>
      </object_component>
      <object_component id="oc-3df">
         <name>.text:inv_fast_nomot_set_gyro_bias</name>
         <load_address>0xd6ce</load_address>
         <run_address>0xd6ce</run_address>
         <size>0x1b2</size>
         <input_file_ref idref="fl-36"/>
      </object_component>
      <object_component id="oc-423">
         <name>.text:inv_ignore_compass_data</name>
         <load_address>0xd880</load_address>
         <run_address>0xd880</run_address>
         <size>0x1b0</size>
         <input_file_ref idref="fl-37"/>
      </object_component>
      <object_component id="oc-411">
         <name>.text:inv_normalize_quat</name>
         <load_address>0xda30</load_address>
         <run_address>0xda30</run_address>
         <size>0x1ac</size>
         <input_file_ref idref="fl-32"/>
      </object_component>
      <object_component id="oc-328">
         <name>.text:mpu_reset_fifo</name>
         <load_address>0xdbdc</load_address>
         <run_address>0xdbdc</run_address>
         <size>0x1aa</size>
         <input_file_ref idref="fl-5"/>
      </object_component>
      <object_component id="oc-468">
         <name>.text:fmodf</name>
         <load_address>0xdd86</load_address>
         <run_address>0xdd86</run_address>
         <size>0x1a6</size>
         <input_file_ref idref="fl-a1"/>
      </object_component>
      <object_component id="oc-40b">
         <name>.text:inv_q_mult</name>
         <load_address>0xdf2c</load_address>
         <run_address>0xdf2c</run_address>
         <size>0x1a4</size>
         <input_file_ref idref="fl-24"/>
      </object_component>
      <object_component id="oc-402">
         <name>.text:_pproc_fge</name>
         <load_address>0xe0d0</load_address>
         <run_address>0xe0d0</run_address>
         <size>0x1a2</size>
         <input_file_ref idref="fl-99"/>
      </object_component>
      <object_component id="oc-44c">
         <name>.text:_getarg_diouxp</name>
         <load_address>0xe272</load_address>
         <run_address>0xe272</run_address>
         <size>0x188</size>
         <input_file_ref idref="fl-99"/>
      </object_component>
      <object_component id="oc-39f">
         <name>.text:dmp_set_tap_thresh</name>
         <load_address>0xe3fa</load_address>
         <run_address>0xe3fa</run_address>
         <size>0x184</size>
         <input_file_ref idref="fl-6"/>
      </object_component>
      <object_component id="oc-2b2">
         <name>.text:mpu_init</name>
         <load_address>0xe57e</load_address>
         <run_address>0xe57e</run_address>
         <size>0x184</size>
         <input_file_ref idref="fl-5"/>
      </object_component>
      <object_component id="oc-46c">
         <name>.text:ecvt</name>
         <load_address>0xe702</load_address>
         <run_address>0xe702</run_address>
         <size>0x17c</size>
         <input_file_ref idref="fl-99"/>
      </object_component>
      <object_component id="oc-42e">
         <name>.text:inv_bias_stability</name>
         <load_address>0xe87e</load_address>
         <run_address>0xe87e</run_address>
         <size>0x176</size>
         <input_file_ref idref="fl-37"/>
      </object_component>
      <object_component id="oc-41a">
         <name>.text:inv_fast_nomot_store_data</name>
         <load_address>0xe9f4</load_address>
         <run_address>0xe9f4</run_address>
         <size>0x16e</size>
         <input_file_ref idref="fl-36"/>
      </object_component>
      <object_component id="oc-46f">
         <name>.text:fcvt</name>
         <load_address>0xeb62</load_address>
         <run_address>0xeb62</run_address>
         <size>0x16c</size>
         <input_file_ref idref="fl-99"/>
      </object_component>
      <object_component id="oc-295">
         <name>.text:CdcToHostFromBuffer</name>
         <load_address>0xecce</load_address>
         <run_address>0xecce</run_address>
         <size>0x168</size>
         <input_file_ref idref="fl-d"/>
      </object_component>
      <object_component id="oc-452">
         <name>.text:_pconv_e</name>
         <load_address>0xee36</load_address>
         <run_address>0xee36</run_address>
         <size>0x156</size>
         <input_file_ref idref="fl-99"/>
      </object_component>
      <object_component id="oc-2bf">
         <name>.text:mpu_set_sensors</name>
         <load_address>0xef8c</load_address>
         <run_address>0xef8c</run_address>
         <size>0x154</size>
         <input_file_ref idref="fl-5"/>
      </object_component>
      <object_component id="oc-458">
         <name>.text:inv_compass_angle</name>
         <load_address>0xf0e0</load_address>
         <run_address>0xf0e0</run_address>
         <size>0x148</size>
         <input_file_ref idref="fl-24"/>
      </object_component>
      <object_component id="oc-3f6">
         <name>.text:_FAtan</name>
         <load_address>0xf228</load_address>
         <run_address>0xf228</run_address>
         <size>0x142</size>
         <input_file_ref idref="fl-8d"/>
      </object_component>
      <object_component id="oc-29a">
         <name>.text:USB_reset</name>
         <load_address>0xf36a</load_address>
         <run_address>0xf36a</run_address>
         <size>0x140</size>
         <input_file_ref idref="fl-f"/>
      </object_component>
      <object_component id="oc-3f1">
         <name>.text:__divlli</name>
         <load_address>0xf4aa</load_address>
         <run_address>0xf4aa</run_address>
         <size>0x140</size>
         <input_file_ref idref="fl-72"/>
      </object_component>
      <object_component id="oc-38e">
         <name>.text:inv_generate_eMPL_outputs</name>
         <load_address>0xf5ea</load_address>
         <run_address>0xf5ea</run_address>
         <size>0x140</size>
         <input_file_ref idref="fl-20"/>
      </object_component>
      <object_component id="oc-457">
         <name>.text:inv_q_norm4</name>
         <load_address>0xf72a</load_address>
         <run_address>0xf72a</run_address>
         <size>0x13c</size>
         <input_file_ref idref="fl-24"/>
      </object_component>
      <object_component id="oc-198">
         <name>.text</name>
         <load_address>0xf866</load_address>
         <run_address>0xf866</run_address>
         <size>0x130</size>
         <input_file_ref idref="fl-66"/>
      </object_component>
      <object_component id="oc-462">
         <name>.text:_Dscale</name>
         <load_address>0xf996</load_address>
         <run_address>0xf996</run_address>
         <size>0x128</size>
         <input_file_ref idref="fl-89"/>
      </object_component>
      <object_component id="oc-401">
         <name>.text:_pproc_diouxp</name>
         <load_address>0xfabe</load_address>
         <run_address>0xfabe</run_address>
         <size>0x11e</size>
         <input_file_ref idref="fl-99"/>
      </object_component>
      <object_component id="oc-428">
         <name>.text:sqrt</name>
         <load_address>0xfbdc</load_address>
         <run_address>0xfbdc</run_address>
         <size>0x11e</size>
         <input_file_ref idref="fl-84"/>
      </object_component>
      <object_component id="oc-399">
         <name>.text:sqrtf</name>
         <load_address>0xfcfa</load_address>
         <run_address>0xfcfa</run_address>
         <size>0x11e</size>
         <input_file_ref idref="fl-85"/>
      </object_component>
      <object_component id="oc-294">
         <name>.text:CdcToBufferFromHost</name>
         <load_address>0xfe18</load_address>
         <run_address>0xfe18</run_address>
         <size>0x11c</size>
         <input_file_ref idref="fl-d"/>
      </object_component>
      <object_component id="oc-3a4">
         <name>.text:dmp_set_shake_reject_thresh</name>
         <load_address>0xff34</load_address>
         <run_address>0xff34</run_address>
         <size>0x4c</size>
         <input_file_ref idref="fl-6"/>
      </object_component>
      <object_component id="oc-3f8">
         <name>.text:_FDscale</name>
         <load_address>0x10000</load_address>
         <run_address>0x10000</run_address>
         <size>0x11c</size>
         <input_file_ref idref="fl-8f"/>
      </object_component>
      <object_component id="oc-343">
         <name>.text:inv_get_sensor_type_heading</name>
         <load_address>0x1011c</load_address>
         <run_address>0x1011c</run_address>
         <size>0x110</size>
         <input_file_ref idref="fl-20"/>
      </object_component>
      <object_component id="oc-2d3">
         <name>.text:msp430_reg_int_cb</name>
         <load_address>0x1022c</load_address>
         <run_address>0x1022c</run_address>
         <size>0x110</size>
         <input_file_ref idref="fl-1d"/>
      </object_component>
      <object_component id="oc-33c">
         <name>.text:eMPL_send_quat</name>
         <load_address>0x1033c</load_address>
         <run_address>0x1033c</run_address>
         <size>0x10e</size>
         <input_file_ref idref="fl-18"/>
      </object_component>
      <object_component id="oc-398">
         <name>.text:atan2f</name>
         <load_address>0x1044a</load_address>
         <run_address>0x1044a</run_address>
         <size>0x108</size>
         <input_file_ref idref="fl-56"/>
      </object_component>
      <object_component id="oc-450">
         <name>.text:_pconv_g</name>
         <load_address>0x10552</load_address>
         <run_address>0x10552</run_address>
         <size>0x104</size>
         <input_file_ref idref="fl-99"/>
      </object_component>
      <object_component id="oc-36f">
         <name>.text:mpu_set_bypass</name>
         <load_address>0x10656</load_address>
         <run_address>0x10656</run_address>
         <size>0x104</size>
         <input_file_ref idref="fl-5"/>
      </object_component>
      <object_component id="oc-44d">
         <name>.text:_ltostr</name>
         <load_address>0x1075a</load_address>
         <run_address>0x1075a</run_address>
         <size>0x102</size>
         <input_file_ref idref="fl-99"/>
      </object_component>
      <object_component id="oc-3c6">
         <name>.text:_pproc_fwp</name>
         <load_address>0x1085c</load_address>
         <run_address>0x1085c</run_address>
         <size>0x100</size>
         <input_file_ref idref="fl-99"/>
      </object_component>
      <object_component id="oc-389">
         <name>.text:inv_gtc_data_cb</name>
         <load_address>0x1095c</load_address>
         <run_address>0x1095c</run_address>
         <size>0xfe</size>
         <input_file_ref idref="fl-34"/>
      </object_component>
      <object_component id="oc-472">
         <name>.text:inv_sort_order_4_T</name>
         <load_address>0x10a5a</load_address>
         <run_address>0x10a5a</run_address>
         <size>0xf6</size>
         <input_file_ref idref="fl-38"/>
      </object_component>
      <object_component id="oc-435">
         <name>.text:acosf</name>
         <load_address>0x10b50</load_address>
         <run_address>0x10b50</run_address>
         <size>0xf0</size>
         <input_file_ref idref="fl-50"/>
      </object_component>
      <object_component id="oc-413">
         <name>.text:inv_find_synchronized_compass_angle</name>
         <load_address>0x10c40</load_address>
         <run_address>0x10c40</run_address>
         <size>0xf0</size>
         <input_file_ref idref="fl-35"/>
      </object_component>
      <object_component id="oc-384">
         <name>.text:inv_process_9x_sensor_fusion_cb</name>
         <load_address>0x10d30</load_address>
         <run_address>0x10d30</run_address>
         <size>0xe8</size>
         <input_file_ref idref="fl-35"/>
      </object_component>
      <object_component id="oc-36b">
         <name>.text:Init_FLL</name>
         <load_address>0x10e18</load_address>
         <run_address>0x10e18</run_address>
         <size>0xe6</size>
         <input_file_ref idref="fl-c"/>
      </object_component>
      <object_component id="oc-2b3">
         <name>.text:_MLPrintLog</name>
         <load_address>0x10efe</load_address>
         <run_address>0x10efe</run_address>
         <size>0xe4</size>
         <input_file_ref idref="fl-18"/>
      </object_component>
      <object_component id="oc-3dd">
         <name>.text:inv_detect_motion_by_gyro_accel</name>
         <load_address>0x10fe2</load_address>
         <run_address>0x10fe2</run_address>
         <size>0xe4</size>
         <input_file_ref idref="fl-36"/>
      </object_component>
      <object_component id="oc-329">
         <name>.text:mpu_lp_accel_mode</name>
         <load_address>0x110c6</load_address>
         <run_address>0x110c6</run_address>
         <size>0xe4</size>
         <input_file_ref idref="fl-5"/>
      </object_component>
      <object_component id="oc-45b">
         <name>.text:_fltllid</name>
         <load_address>0x111aa</load_address>
         <run_address>0x111aa</run_address>
         <size>0xe2</size>
         <input_file_ref idref="fl-65"/>
      </object_component>
      <object_component id="oc-3e6">
         <name>.text:inv_gtc_add_data</name>
         <load_address>0x1128c</load_address>
         <run_address>0x1128c</run_address>
         <size>0xe0</size>
         <input_file_ref idref="fl-34"/>
      </object_component>
      <object_component id="oc-335">
         <name>.text:inv_apply_calibration</name>
         <load_address>0x1136c</load_address>
         <run_address>0x1136c</run_address>
         <size>0xde</size>
         <input_file_ref idref="fl-21"/>
      </object_component>
      <object_component id="oc-382">
         <name>.text:inv_register_data_cb</name>
         <load_address>0x1144a</load_address>
         <run_address>0x1144a</run_address>
         <size>0xdc</size>
         <input_file_ref idref="fl-21"/>
      </object_component>
      <object_component id="oc-2f8">
         <name>.text:USB_InitSerialStringDescriptor</name>
         <load_address>0x11526</load_address>
         <run_address>0x11526</run_address>
         <size>0xda</size>
         <input_file_ref idref="fl-f"/>
      </object_component>
      <object_component id="oc-3da">
         <name>.text:inv_sensor_data_preprocess</name>
         <load_address>0x11600</load_address>
         <run_address>0x11600</run_address>
         <size>0xd0</size>
         <input_file_ref idref="fl-36"/>
      </object_component>
      <object_component id="oc-2f2">
         <name>.text:SetVCoreUp</name>
         <load_address>0x116d0</load_address>
         <run_address>0x116d0</run_address>
         <size>0xce</size>
         <input_file_ref idref="fl-a"/>
      </object_component>
      <object_component id="oc-2db">
         <name>.text:mpu_get_compass_reg</name>
         <load_address>0x1179e</load_address>
         <run_address>0x1179e</run_address>
         <size>0xcc</size>
         <input_file_ref idref="fl-5"/>
      </object_component>
      <object_component id="oc-2b6">
         <name>.text:inv_init_mpl</name>
         <load_address>0x1186a</load_address>
         <run_address>0x1186a</run_address>
         <size>0xca</size>
         <input_file_ref idref="fl-26"/>
      </object_component>
      <object_component id="oc-35d">
         <name>.text:send_status_compass</name>
         <load_address>0x11934</load_address>
         <run_address>0x11934</run_address>
         <size>0xca</size>
         <input_file_ref idref="fl-2a"/>
      </object_component>
      <object_component id="oc-334">
         <name>.text:inv_load_mpl_states</name>
         <load_address>0x119fe</load_address>
         <run_address>0x119fe</run_address>
         <size>0xc6</size>
         <input_file_ref idref="fl-29"/>
      </object_component>
      <object_component id="oc-362">
         <name>.text:dmp_set_interrupt_mode</name>
         <load_address>0x11ac4</load_address>
         <run_address>0x11ac4</run_address>
         <size>0xc4</size>
         <input_file_ref idref="fl-6"/>
      </object_component>
      <object_component id="oc-385">
         <name>.text:inv_init_maxmin</name>
         <load_address>0x11b88</load_address>
         <run_address>0x11b88</run_address>
         <size>0xbc</size>
         <input_file_ref idref="fl-36"/>
      </object_component>
      <object_component id="oc-32c">
         <name>.text:mpu_run_self_test</name>
         <load_address>0x11c44</load_address>
         <run_address>0x11c44</run_address>
         <size>0xb6</size>
         <input_file_ref idref="fl-5"/>
      </object_component>
      <object_component id="oc-1ac">
         <name>.text</name>
         <load_address>0x11cfa</load_address>
         <run_address>0x11cfa</run_address>
         <size>0xb6</size>
         <input_file_ref idref="fl-6b"/>
      </object_component>
      <object_component id="oc-392">
         <name>.text:inv_convert_to_body_with_scale</name>
         <load_address>0x11db0</load_address>
         <run_address>0x11db0</run_address>
         <size>0xb4</size>
         <input_file_ref idref="fl-24"/>
      </object_component>
      <object_component id="oc-3ea">
         <name>.text:inv_init_sensitivity_const</name>
         <load_address>0x11e64</load_address>
         <run_address>0x11e64</run_address>
         <size>0xb2</size>
         <input_file_ref idref="fl-37"/>
      </object_component>
      <object_component id="oc-436">
         <name>.text:inv_track_dip_angle</name>
         <load_address>0x11f16</load_address>
         <run_address>0x11f16</run_address>
         <size>0xb2</size>
         <input_file_ref idref="fl-33"/>
      </object_component>
      <object_component id="oc-373">
         <name>.text:USBCDC_intfStatus</name>
         <load_address>0x11fc8</load_address>
         <run_address>0x11fc8</run_address>
         <size>0xb0</size>
         <input_file_ref idref="fl-d"/>
      </object_component>
      <object_component id="oc-3ec">
         <name>.text:inv_get_gravity</name>
         <load_address>0x12078</load_address>
         <run_address>0x12078</run_address>
         <size>0xb0</size>
         <input_file_ref idref="fl-27"/>
      </object_component>
      <object_component id="oc-2a6">
         <name>.text:msp430_clock_init</name>
         <load_address>0x12128</load_address>
         <run_address>0x12128</run_address>
         <size>0xae</size>
         <input_file_ref idref="fl-1b"/>
      </object_component>
      <object_component id="oc-2c1">
         <name>.text:mpu_set_sample_rate</name>
         <load_address>0x121d6</load_address>
         <run_address>0x121d6</run_address>
         <size>0xaa</size>
         <input_file_ref idref="fl-5"/>
      </object_component>
      <object_component id="oc-3c8">
         <name>.text:_pproc_str</name>
         <load_address>0x12280</load_address>
         <run_address>0x12280</run_address>
         <size>0xa8</size>
         <input_file_ref idref="fl-99"/>
      </object_component>
      <object_component id="oc-45f">
         <name>.text:inv_add_compass_block_data</name>
         <load_address>0x12328</load_address>
         <run_address>0x12328</run_address>
         <size>0xa8</size>
         <input_file_ref idref="fl-37"/>
      </object_component>
      <object_component id="oc-2d8">
         <name>.text:mpu_get_temperature</name>
         <load_address>0x123d0</load_address>
         <run_address>0x123d0</run_address>
         <size>0xa4</size>
         <input_file_ref idref="fl-5"/>
      </object_component>
      <object_component id="oc-37a">
         <name>.text:CMD_PP</name>
         <load_address>0x12474</load_address>
         <run_address>0x12474</run_address>
         <size>0x9e</size>
         <input_file_ref idref="fl-3"/>
      </object_component>
      <object_component id="oc-474">
         <name>.text:inv_cheap_rand</name>
         <load_address>0x12512</load_address>
         <run_address>0x12512</run_address>
         <size>0x9e</size>
         <input_file_ref idref="fl-37"/>
      </object_component>
      <object_component id="oc-471">
         <name>.text:inv_get_current_calibrated_compass</name>
         <load_address>0x125b0</load_address>
         <run_address>0x125b0</run_address>
         <size>0x9c</size>
         <input_file_ref idref="fl-37"/>
      </object_component>
      <object_component id="oc-425">
         <name>.text:inv_set_peaks</name>
         <load_address>0x1264c</load_address>
         <run_address>0x1264c</run_address>
         <size>0x9c</size>
         <input_file_ref idref="fl-37"/>
      </object_component>
      <object_component id="oc-309">
         <name>.text:FlashReadWrite_Test</name>
         <load_address>0x126e8</load_address>
         <run_address>0x126e8</run_address>
         <size>0x9a</size>
         <input_file_ref idref="fl-2"/>
      </object_component>
      <object_component id="oc-307">
         <name>.text:msp430_i2c_read</name>
         <load_address>0x12782</load_address>
         <run_address>0x12782</run_address>
         <size>0x9a</size>
         <input_file_ref idref="fl-1c"/>
      </object_component>
      <object_component id="oc-2fd">
         <name>.text:msp430_i2c_write</name>
         <load_address>0x1281c</load_address>
         <run_address>0x1281c</run_address>
         <size>0x9a</size>
         <input_file_ref idref="fl-1c"/>
      </object_component>
      <object_component id="oc-43b">
         <name>.text:MagDisturbSetDisturbance</name>
         <load_address>0x128b6</load_address>
         <run_address>0x128b6</run_address>
         <size>0x98</size>
         <input_file_ref idref="fl-33"/>
      </object_component>
      <object_component id="oc-308">
         <name>.text:FlashID_Test</name>
         <load_address>0x1294e</load_address>
         <run_address>0x1294e</run_address>
         <size>0x96</size>
         <input_file_ref idref="fl-2"/>
      </object_component>
      <object_component id="oc-349">
         <name>.text:USB_connectionState</name>
         <load_address>0x129e4</load_address>
         <run_address>0x129e4</run_address>
         <size>0x96</size>
         <input_file_ref idref="fl-f"/>
      </object_component>
      <object_component id="oc-2dc">
         <name>.text:inv_build_compass</name>
         <load_address>0x12a7a</load_address>
         <run_address>0x12a7a</run_address>
         <size>0x96</size>
         <input_file_ref idref="fl-21"/>
      </object_component>
      <object_component id="oc-350">
         <name>.text:inv_save_mpl_states</name>
         <load_address>0x12b10</load_address>
         <run_address>0x12b10</run_address>
         <size>0x96</size>
         <input_file_ref idref="fl-29"/>
      </object_component>
      <object_component id="oc-473">
         <name>.text:_Dnorm</name>
         <load_address>0x12ba6</load_address>
         <run_address>0x12ba6</run_address>
         <size>0x92</size>
         <input_file_ref idref="fl-a9"/>
      </object_component>
      <object_component id="oc-1a0">
         <name>.text</name>
         <load_address>0x12c38</load_address>
         <run_address>0x12c38</run_address>
         <size>0x8e</size>
         <input_file_ref idref="fl-68"/>
      </object_component>
      <object_component id="oc-2f1">
         <name>.text:SetVCoreDown</name>
         <load_address>0x12cc6</load_address>
         <run_address>0x12cc6</run_address>
         <size>0x8c</size>
         <input_file_ref idref="fl-a"/>
      </object_component>
      <object_component id="oc-448">
         <name>.text:_FDnorm</name>
         <load_address>0x12d52</load_address>
         <run_address>0x12d52</run_address>
         <size>0x8c</size>
         <input_file_ref idref="fl-ab"/>
      </object_component>
      <object_component id="oc-330">
         <name>.text:inv_set_gyro_bias</name>
         <load_address>0x12dde</load_address>
         <run_address>0x12dde</run_address>
         <size>0x8c</size>
         <input_file_ref idref="fl-21"/>
      </object_component>
      <object_component id="oc-2e7">
         <name>.text:usbDecodeAndProcessUsbRequest</name>
         <load_address>0x12e6a</load_address>
         <run_address>0x12e6a</run_address>
         <size>0x8c</size>
         <input_file_ref idref="fl-f"/>
      </object_component>
      <object_component id="oc-292">
         <name>.text:USBCDC_bytesInUSBBuffer</name>
         <load_address>0x12ef6</load_address>
         <run_address>0x12ef6</run_address>
         <size>0x8a</size>
         <input_file_ref idref="fl-d"/>
      </object_component>
      <object_component id="oc-46d">
         <name>.text:_ecpy</name>
         <load_address>0x12f80</load_address>
         <run_address>0x12f80</run_address>
         <size>0x88</size>
         <input_file_ref idref="fl-99"/>
      </object_component>
      <object_component id="oc-316">
         <name>.text:inv_init_fast_nomot</name>
         <load_address>0x13008</load_address>
         <run_address>0x13008</run_address>
         <size>0x88</size>
         <input_file_ref idref="fl-36"/>
      </object_component>
      <object_component id="oc-2ae">
         <name>.text:USB_enable</name>
         <load_address>0x13090</load_address>
         <run_address>0x13090</run_address>
         <size>0x86</size>
         <input_file_ref idref="fl-f"/>
      </object_component>
      <object_component id="oc-46b">
         <name>.text:_div</name>
         <load_address>0x13116</load_address>
         <run_address>0x13116</run_address>
         <size>0x86</size>
         <input_file_ref idref="fl-99"/>
      </object_component>
      <object_component id="oc-31b">
         <name>.text:inv_register_load_store</name>
         <load_address>0x1319c</load_address>
         <run_address>0x1319c</run_address>
         <size>0x86</size>
         <input_file_ref idref="fl-29"/>
      </object_component>
      <object_component id="oc-45c">
         <name>.text:_fixdlli</name>
         <load_address>0x13222</load_address>
         <run_address>0x13222</run_address>
         <size>0x84</size>
         <input_file_ref idref="fl-63"/>
      </object_component>
      <object_component id="oc-2da">
         <name>.text:inv_build_accel</name>
         <load_address>0x132a6</load_address>
         <run_address>0x132a6</run_address>
         <size>0x84</size>
         <input_file_ref idref="fl-21"/>
      </object_component>
      <object_component id="oc-301">
         <name>.text:mpu_set_lpf</name>
         <load_address>0x1332a</load_address>
         <run_address>0x1332a</run_address>
         <size>0x84</size>
         <input_file_ref idref="fl-5"/>
      </object_component>
      <object_component id="oc-41b">
         <name>.text:inv_fast_nomot_store_data_compass</name>
         <load_address>0x133ae</load_address>
         <run_address>0x133ae</run_address>
         <size>0x82</size>
         <input_file_ref idref="fl-36"/>
      </object_component>
      <object_component id="oc-356">
         <name>.text:mpu_set_dmp_state</name>
         <load_address>0x13430</load_address>
         <run_address>0x13430</run_address>
         <size>0x82</size>
         <input_file_ref idref="fl-5"/>
      </object_component>
      <object_component id="oc-434">
         <name>.text:Mag3ofNormalizedLong</name>
         <load_address>0x134b2</load_address>
         <run_address>0x134b2</run_address>
         <size>0x80</size>
         <input_file_ref idref="fl-33"/>
      </object_component>
[...]
         <object_component_ref idref="oc-17c"/>
      </symbol>
      <symbol id="sm-1449">
         <name>__remu</name>
         <value>0x1719e</value>
         <object_component_ref idref="oc-180"/>
      </symbol>
      <symbol id="sm-144a">
         <name>__divu</name>
         <value>0x1719e</value>
         <object_component_ref idref="oc-180"/>
      </symbol>
      <symbol id="sm-1456">
         <name>__remli</name>
         <value>0x15c5c</value>
         <object_component_ref idref="oc-184"/>
      </symbol>
      <symbol id="sm-1457">
         <name>__divli</name>
         <value>0x15c5c</value>
         <object_component_ref idref="oc-184"/>
      </symbol>
      <symbol id="sm-1465">
         <name>__divul</name>
         <value>0x14cf2</value>
         <object_component_ref idref="oc-188"/>
      </symbol>
      <symbol id="sm-1466">
         <name>__remul</name>
         <value>0x14cf2</value>
         <object_component_ref idref="oc-188"/>
      </symbol>
      <symbol id="sm-1471">
         <name>C$$EXIT</name>
         <value>0x1768a</value>
         <object_component_ref idref="oc-28f"/>
      </symbol>
      <symbol id="sm-1472">
         <name>abort</name>
         <value>0x1768a</value>
         <object_component_ref idref="oc-28f"/>
      </symbol>
      <symbol id="sm-1473">
         <name>__TI_exit</name>
         <value>0x1</value>
      </symbol>
      <symbol id="sm-1483">
         <name>_fixdlli</name>
         <value>0x13222</value>
         <object_component_ref idref="oc-45c"/>
      </symbol>
      <symbol id="sm-149f">
         <name>_fltllid</name>
         <value>0x111aa</value>
         <object_component_ref idref="oc-45b"/>
      </symbol>
      <symbol id="sm-14b9">
         <name>__fs_add</name>
         <value>0xf86c</value>
         <object_component_ref idref="oc-198"/>
      </symbol>
      <symbol id="sm-14ba">
         <name>__fs_sub</name>
         <value>0xf866</value>
         <object_component_ref idref="oc-198"/>
      </symbol>
      <symbol id="sm-14ca">
         <name>__fs_cmp</name>
         <value>0x15574</value>
         <object_component_ref idref="oc-19c"/>
      </symbol>
      <symbol id="sm-14da">
         <name>__fs_div</name>
         <value>0x12c38</value>
         <object_component_ref idref="oc-1a0"/>
      </symbol>
      <symbol id="sm-14e6">
         <name>__fs_itof</name>
         <value>0x1622e</value>
         <object_component_ref idref="oc-1a4"/>
      </symbol>
      <symbol id="sm-14f4">
         <name>__fs_ltof</name>
         <value>0x155be</value>
         <object_component_ref idref="oc-1a8"/>
      </symbol>
      <symbol id="sm-150a">
         <name>__fs_mpy</name>
         <value>0x11cfa</value>
         <object_component_ref idref="oc-1ac"/>
      </symbol>
      <symbol id="sm-1513">
         <name>__fs_neg</name>
         <value>0x1754a</value>
         <object_component_ref idref="oc-1b0"/>
      </symbol>
      <symbol id="sm-1525">
         <name>__fs_toi</name>
         <value>0x1417a</value>
         <object_component_ref idref="oc-1b4"/>
      </symbol>
      <symbol id="sm-1538">
         <name>__fs_tol</name>
         <value>0x138a8</value>
         <object_component_ref idref="oc-1b8"/>
      </symbol>
      <symbol id="sm-1547">
         <name>__fs_tou</name>
         <value>0x157f6</value>
         <object_component_ref idref="oc-1bc"/>
      </symbol>
      <symbol id="sm-1553">
         <name>__fs_ultof</name>
         <value>0x1652c</value>
         <object_component_ref idref="oc-1c0"/>
      </symbol>
      <symbol id="sm-155d">
         <name>__fs_utof</name>
         <value>0x16c70</value>
         <object_component_ref idref="oc-1c4"/>
      </symbol>
      <symbol id="sm-15af">
         <name>__divull</name>
         <value>0x8f82</value>
         <object_component_ref idref="oc-444"/>
      </symbol>
      <symbol id="sm-15b0">
         <name>__divlli</name>
         <value>0xf4aa</value>
         <object_component_ref idref="oc-3f1"/>
      </symbol>
      <symbol id="sm-15b1">
         <name>__lslll</name>
         <value>0x15d18</value>
         <object_component_ref idref="oc-3f2"/>
      </symbol>
      <symbol id="sm-15b2">
         <name>__asrll</name>
         <value>0x158c6</value>
         <object_component_ref idref="oc-39c"/>
      </symbol>
      <symbol id="sm-15b3">
         <name>__lsrll</name>
         <value>0x15d56</value>
         <object_component_ref idref="oc-465"/>
      </symbol>
      <symbol id="sm-15bd">
         <name>log</name>
         <value>0x17642</value>
         <object_component_ref idref="oc-475"/>
      </symbol>
      <symbol id="sm-15c6">
         <name>I_LSL</name>
         <value>0x17554</value>
         <object_component_ref idref="oc-1ce"/>
      </symbol>
      <symbol id="sm-15ce">
         <name>L_LSL_3</name>
         <value>0x15efa</value>
         <object_component_ref idref="oc-2cb"/>
      </symbol>
      <symbol id="sm-15cf">
         <name>L_LSL_2</name>
         <value>0x15efe</value>
         <object_component_ref idref="oc-2cb"/>
      </symbol>
      <symbol id="sm-15d0">
         <name>L_LSL_1</name>
         <value>0x15f02</value>
         <object_component_ref idref="oc-2cb"/>
      </symbol>
      <symbol id="sm-15d1">
         <name>L_LSL_7</name>
         <value>0x15eea</value>
         <object_component_ref idref="oc-2cb"/>
      </symbol>
      <symbol id="sm-15d2">
         <name>L_LSL_6</name>
         <value>0x15eee</value>
         <object_component_ref idref="oc-2cb"/>
      </symbol>
      <symbol id="sm-15d3">
         <name>L_LSL_5</name>
         <value>0x15ef2</value>
         <object_component_ref idref="oc-2cb"/>
      </symbol>
      <symbol id="sm-15d4">
         <name>L_LSL_4</name>
         <value>0x15ef6</value>
         <object_component_ref idref="oc-2cb"/>
      </symbol>
      <symbol id="sm-15d5">
         <name>L_LSL_9</name>
         <value>0x15ee2</value>
         <object_component_ref idref="oc-2cb"/>
      </symbol>
      <symbol id="sm-15d6">
         <name>L_LSL_8</name>
         <value>0x15ee6</value>
         <object_component_ref idref="oc-2cb"/>
      </symbol>
      <symbol id="sm-15d7">
         <name>L_LSL_12</name>
         <value>0x15ed6</value>
         <object_component_ref idref="oc-2cb"/>
      </symbol>
      <symbol id="sm-15d8">
         <name>L_LSL_13</name>
         <value>0x15ed2</value>
         <object_component_ref idref="oc-2cb"/>
      </symbol>
      <symbol id="sm-15d9">
         <name>L_LSL_10</name>
         <value>0x15ede</value>
         <object_component_ref idref="oc-2cb"/>
      </symbol>
      <symbol id="sm-15da">
         <name>L_LSL_11</name>
         <value>0x15eda</value>
         <object_component_ref idref="oc-2cb"/>
      </symbol>
      <symbol id="sm-15db">
         <name>L_LSL_14</name>
         <value>0x15ece</value>
         <object_component_ref idref="oc-2cb"/>
      </symbol>
      <symbol id="sm-15dc">
         <name>L_LSL_15</name>
         <value>0x15eca</value>
         <object_component_ref idref="oc-2cb"/>
      </symbol>
      <symbol id="sm-15e8">
         <name>L_LSR_12</name>
         <value>0x15f14</value>
         <object_component_ref idref="oc-2f3"/>
      </symbol>
      <symbol id="sm-15e9">
         <name>L_LSR_13</name>
         <value>0x15f10</value>
         <object_component_ref idref="oc-2f3"/>
      </symbol>
      <symbol id="sm-15ea">
         <name>L_LSR_10</name>
         <value>0x15f1c</value>
         <object_component_ref idref="oc-2f3"/>
      </symbol>
      <symbol id="sm-15eb">
         <name>L_LSR_11</name>
         <value>0x15f18</value>
         <object_component_ref idref="oc-2f3"/>
      </symbol>
      <symbol id="sm-15ec">
         <name>L_LSR_14</name>
         <value>0x15f0c</value>
         <object_component_ref idref="oc-2f3"/>
      </symbol>
      <symbol id="sm-15ed">
         <name>L_LSR_15</name>
         <value>0x15f08</value>
         <object_component_ref idref="oc-2f3"/>
      </symbol>
      <symbol id="sm-15ee">
         <name>L_LSR</name>
         <value>0x173ce</value>
         <object_component_ref idref="oc-466"/>
      </symbol>
      <symbol id="sm-15ef">
         <name>L_LSR_3</name>
         <value>0x15f38</value>
         <object_component_ref idref="oc-2f3"/>
      </symbol>
      <symbol id="sm-15f0">
         <name>L_LSR_2</name>
         <value>0x15f3c</value>
         <object_component_ref idref="oc-2f3"/>
      </symbol>
      <symbol id="sm-15f1">
         <name>L_LSR_1</name>
         <value>0x15f40</value>
         <object_component_ref idref="oc-2f3"/>
      </symbol>
      <symbol id="sm-15f2">
         <name>L_LSR_7</name>
         <value>0x15f28</value>
         <object_component_ref idref="oc-2f3"/>
      </symbol>
      <symbol id="sm-15f3">
         <name>L_LSR_6</name>
         <value>0x15f2c</value>
         <object_component_ref idref="oc-2f3"/>
      </symbol>
      <symbol id="sm-15f4">
         <name>L_LSR_5</name>
         <value>0x15f30</value>
         <object_component_ref idref="oc-2f3"/>
      </symbol>
      <symbol id="sm-15f5">
         <name>L_LSR_4</name>
         <value>0x15f34</value>
         <object_component_ref idref="oc-2f3"/>
      </symbol>
      <symbol id="sm-15f6">
         <name>L_LSR_9</name>
         <value>0x15f20</value>
         <object_component_ref idref="oc-2f3"/>
      </symbol>
      <symbol id="sm-15f7">
         <name>L_LSR_8</name>
         <value>0x15f24</value>
         <object_component_ref idref="oc-2f3"/>
      </symbol>
      <symbol id="sm-1603">
         <name>memcpy</name>
         <value>0x1725c</value>
         <object_component_ref idref="oc-2a4"/>
      </symbol>
      <symbol id="sm-1610">
         <name>memmove</name>
         <value>0x1676a</value>
         <object_component_ref idref="oc-422"/>
      </symbol>
      <symbol id="sm-161c">
         <name>memset</name>
         <value>0x17188</value>
         <object_component_ref idref="oc-306"/>
      </symbol>
      <symbol id="sm-1624">
         <name>__mpysl_f5hw</name>
         <value>0x16f72</value>
         <object_component_ref idref="oc-336"/>
      </symbol>
      <symbol id="sm-162c">
         <name>__mpyi_f5hw</name>
         <value>0x171b4</value>
         <object_component_ref idref="oc-1e4"/>
      </symbol>
      <symbol id="sm-1634">
         <name>__mpysll_f5hw</name>
         <value>0x168ce</value>
         <object_component_ref idref="oc-3f4"/>
      </symbol>
      <symbol id="sm-163c">
         <name>__mpyl_f5hw</name>
         <value>0x16d1c</value>
         <object_component_ref idref="oc-1eb"/>
      </symbol>
      <symbol id="sm-1644">
         <name>__mpyll_f5hw</name>
         <value>0x14978</value>
         <object_component_ref idref="oc-39b"/>
      </symbol>
      <symbol id="sm-1657">
         <name>_system_pre_init</name>
         <value>0x17686</value>
         <object_component_ref idref="oc-28c"/>
      </symbol>
      <symbol id="sm-1666">
         <name>srand</name>
         <value>0x171ca</value>
         <object_component_ref idref="oc-378"/>
      </symbol>
      <symbol id="sm-1677">
         <name>sinf</name>
         <value>0x17654</value>
         <object_component_ref idref="oc-3fa"/>
      </symbol>
      <symbol id="sm-1687">
         <name>sqrt</name>
         <value>0xfbdc</value>
         <object_component_ref idref="oc-428"/>
      </symbol>
      <symbol id="sm-1697">
         <name>sqrtf</name>
         <value>0xfcfa</value>
         <object_component_ref idref="oc-399"/>
      </symbol>
      <symbol id="sm-16a7">
         <name>vsprintf</name>
         <value>0x16070</value>
         <object_component_ref idref="oc-303"/>
      </symbol>
      <symbol id="sm-16d3">
         <name>_Dscale</name>
         <value>0xf996</value>
         <object_component_ref idref="oc-462"/>
      </symbol>
      <symbol id="sm-16ea">
         <name>_Dunscale</name>
         <value>0x14314</value>
         <object_component_ref idref="oc-461"/>
      </symbol>
      <symbol id="sm-170d">
         <name>_FAtan</name>
         <value>0xf228</value>
         <object_component_ref idref="oc-3f6"/>
      </symbol>
      <symbol id="sm-172f">
         <name>_FDscale</name>
         <value>0x10000</value>
         <object_component_ref idref="oc-3f8"/>
      </symbol>
      <symbol id="sm-173e">
         <name>_FDtest</name>
         <value>0x15f82</value>
         <object_component_ref idref="oc-3f5"/>
      </symbol>
      <symbol id="sm-174e">
         <name>_FDunscale</name>
         <value>0x14378</value>
         <object_component_ref idref="oc-3f7"/>
      </symbol>
      <symbol id="sm-175b">
         <name>_Feraise</name>
         <value>0x161c2</value>
         <object_component_ref idref="oc-3f9"/>
      </symbol>
      <symbol id="sm-177d">
         <name>_FSin</name>
         <value>0xbbc4</value>
         <object_component_ref idref="oc-44a"/>
      </symbol>
      <symbol id="sm-1787">
         <name>_FZero</name>
         <value>0x3764</value>
         <object_component_ref idref="oc-238"/>
      </symbol>
      <symbol id="sm-1788">
         <name>_FRteps</name>
         <value>0x3750</value>
         <object_component_ref idref="oc-238"/>
      </symbol>
      <symbol id="sm-1789">
         <name>_FSnan</name>
         <value>0x3740</value>
         <object_component_ref idref="oc-238"/>
      </symbol>
      <symbol id="sm-178a">
         <name>_FNan</name>
         <value>0x3730</value>
         <object_component_ref idref="oc-238"/>
      </symbol>
      <symbol id="sm-178b">
         <name>_FInf</name>
         <value>0x3720</value>
         <object_component_ref idref="oc-238"/>
      </symbol>
      <symbol id="sm-178c">
         <name>_FEps</name>
         <value>0x3710</value>
         <object_component_ref idref="oc-238"/>
      </symbol>
      <symbol id="sm-178d">
         <name>_FXbig</name>
         <value>0x3760</value>
         <object_component_ref idref="oc-238"/>
      </symbol>
      <symbol id="sm-178e">
         <name>_FDenorm</name>
         <value>0x3700</value>
         <object_component_ref idref="oc-238"/>
      </symbol>
      <symbol id="sm-17aa">
         <name>_Log</name>
         <value>0xb00c</value>
         <object_component_ref idref="oc-479"/>
      </symbol>
      <symbol id="sm-17bd">
         <name>_Rteps</name>
         <value>0x367e</value>
         <object_component_ref idref="oc-244"/>
      </symbol>
      <symbol id="sm-17be">
         <name>_Zero</name>
         <value>0x3692</value>
         <object_component_ref idref="oc-244"/>
      </symbol>
      <symbol id="sm-17bf">
         <name>_Hugeval</name>
         <value>0x363e</value>
         <object_component_ref idref="oc-244"/>
      </symbol>
      <symbol id="sm-17c0">
         <name>_Snan</name>
         <value>0x366e</value>
         <object_component_ref idref="oc-244"/>
      </symbol>
      <symbol id="sm-17c1">
         <name>_Nan</name>
         <value>0x365e</value>
         <object_component_ref idref="oc-244"/>
      </symbol>
      <symbol id="sm-17c2">
         <name>_Inf</name>
         <value>0x364e</value>
         <object_component_ref idref="oc-244"/>
      </symbol>
      <symbol id="sm-17c3">
         <name>_Xbig</name>
         <value>0x368e</value>
         <object_component_ref idref="oc-244"/>
      </symbol>
      <symbol id="sm-17c4">
         <name>_Eps</name>
         <value>0x362e</value>
         <object_component_ref idref="oc-244"/>
      </symbol>
      <symbol id="sm-17c5">
         <name>_Denorm</name>
         <value>0x361e</value>
         <object_component_ref idref="oc-244"/>
      </symbol>
      <symbol id="sm-17d1">
         <name>_nop</name>
         <value>0x1768e</value>
         <object_component_ref idref="oc-28b"/>
      </symbol>
      <symbol id="sm-17d2">
         <name>_lock</name>
         <value>0x3964</value>
         <object_component_ref idref="oc-248"/>
      </symbol>
      <symbol id="sm-17d3">
         <name>_unlock</name>
         <value>0x3968</value>
         <object_component_ref idref="oc-248"/>
      </symbol>
      <symbol id="sm-18eb">
         <name>_printfi</name>
         <value>0xc23e</value>
         <object_component_ref idref="oc-372"/>
      </symbol>
      <symbol id="sm-18f3">
         <name>__TI_args_main</name>
         <value>0x1</value>
      </symbol>
      <symbol id="sm-1904">
         <name>atoi</name>
         <value>0x14506</value>
         <object_component_ref idref="oc-400"/>
      </symbol>
      <symbol id="sm-1914">
         <name>_auto_init</name>
         <value>0x14da0</value>
         <object_component_ref idref="oc-28d"/>
      </symbol>
      <symbol id="sm-1915">
         <name>__TI_auto_init</name>
         <value>0x1</value>
      </symbol>
      <symbol id="sm-191d">
         <name>_ctypes_</name>
         <value>0x17e8c</value>
         <object_component_ref idref="oc-44b"/>
      </symbol>
      <symbol id="sm-1927">
         <name>_Errno</name>
         <value>0x3984</value>
         <object_component_ref idref="oc-25b"/>
      </symbol>
      <symbol id="sm-1937">
         <name>feraiseexcept</name>
         <value>0x162cc</value>
         <object_component_ref idref="oc-449"/>
      </symbol>
      <symbol id="sm-1938">
         <name>_Tls_setup__Fenv</name>
         <value>0x3978</value>
         <object_component_ref idref="oc-25f"/>
      </symbol>
      <symbol id="sm-1939">
         <name>_Fenv</name>
         <value>0x3974</value>
         <object_component_ref idref="oc-25f"/>
      </symbol>
      <symbol id="sm-195e">
         <name>fmodf</name>
         <value>0xdd86</value>
         <object_component_ref idref="oc-468"/>
      </symbol>
      <symbol id="sm-1967">
         <name>I_LSR</name>
         <value>0x1755e</value>
         <object_component_ref idref="oc-26a"/>
      </symbol>
      <symbol id="sm-1974">
         <name>ltoa</name>
         <value>0x135b2</value>
         <object_component_ref idref="oc-477"/>
      </symbol>
      <symbol id="sm-1981">
         <name>memccpy</name>
         <value>0x16dc0</value>
         <object_component_ref idref="oc-403"/>
      </symbol>
      <symbol id="sm-198e">
         <name>raise</name>
         <value>0x164fa</value>
         <object_component_ref idref="oc-467"/>
      </symbol>
      <symbol id="sm-19a0">
         <name>signal</name>
         <value>0x1618a</value>
         <object_component_ref idref="oc-476"/>
      </symbol>
      <symbol id="sm-19ab">
         <name>strlen</name>
         <value>0x17488</value>
         <object_component_ref idref="oc-3c4"/>
      </symbol>
      <symbol id="sm-19b6">
         <name>toupper</name>
         <value>0x17328</value>
         <object_component_ref idref="oc-44e"/>
      </symbol>
      <symbol id="sm-19c7">
         <name>_Dnorm</name>
         <value>0x12ba6</value>
         <object_component_ref idref="oc-473"/>
      </symbol>
      <symbol id="sm-19d1">
         <name>_FDclass</name>
         <value>0x17058</value>
         <object_component_ref idref="oc-44f"/>
      </symbol>
      <symbol id="sm-19e1">
         <name>_FDnorm</name>
         <value>0x12d52</value>
         <object_component_ref idref="oc-448"/>
      </symbol>
   </symbol_table>
</link_info>
