******************************************************************************
                  MSP430 Linker PC v4.1.7                      
******************************************************************************
>> Linked Wed Aug 21 14:02:52 2013

OUTPUT FILE NAME:   <CA-SDK-firmware.out>
ENTRY POINT SYMBOL: "_c_int00"  address: 000047b2


MEMORY CONFIGURATION

         name            origin    length      used     unused   attr    fill
----------------------  --------  ---------  --------  --------  ----  --------
  SFR                   00000000   00000010  00000000  00000010  RWIX
  PERIPHERALS_8BIT      00000010   000000f0  00000000  000000f0  RWIX
  PERIPHERALS_16BIT     00000100   00000100  00000000  00000100  RWIX
  INFOD                 00001800   00000080  00000000  00000080  RWIX
  INFOC                 00001880   00000080  00000000  00000080  RWIX
  INFOB                 00001900   00000080  00000000  00000080  RWIX
  INFOA                 00001980   00000080  00000000  00000080  RWIX
  RAM                   00002400   00002000  00001bc0  00000440  RWIX
  FLASH                 00004400   0000bb80  0000bb80  00000000  RWIX
  INT00                 0000ff80   00000002  00000000  00000002  RWIX
  INT01                 0000ff82   00000002  00000000  00000002  RWIX
  INT02                 0000ff84   00000002  00000000  00000002  RWIX
  INT03                 0000ff86   00000002  00000000  00000002  RWIX
  INT04                 0000ff88   00000002  00000000  00000002  RWIX
  INT05                 0000ff8a   00000002  00000000  00000002  RWIX
  INT06                 0000ff8c   00000002  00000000  00000002  RWIX
  INT07                 0000ff8e   00000002  00000000  00000002  RWIX
  INT08                 0000ff90   00000002  00000000  00000002  RWIX
  INT09                 0000ff92   00000002  00000000  00000002  RWIX
  INT10                 0000ff94   00000002  00000000  00000002  RWIX
  INT11                 0000ff96   00000002  00000000  00000002  RWIX
  INT12                 0000ff98   00000002  00000000  00000002  RWIX
  INT13                 0000ff9a   00000002  00000000  00000002  RWIX
  INT14                 0000ff9c   00000002  00000000  00000002  RWIX
  INT15                 0000ff9e   00000002  00000000  00000002  RWIX
  INT16                 0000ffa0   00000002  00000000  00000002  RWIX
  INT17                 0000ffa2   00000002  00000000  00000002  RWIX
  INT18                 0000ffa4   00000002  00000000  00000002  RWIX
  INT19                 0000ffa6   00000002  00000000  00000002  RWIX
  INT20                 0000ffa8   00000002  00000000  00000002  RWIX
  INT21                 0000ffaa   00000002  00000000  00000002  RWIX
  INT22                 0000ffac   00000002  00000000  00000002  RWIX
  INT23                 0000ffae   00000002  00000000  00000002  RWIX
  INT24                 0000ffb0   00000002  00000000  00000002  RWIX
  INT25                 0000ffb2   00000002  00000000  00000002  RWIX
  INT26                 0000ffb4   00000002  00000000  00000002  RWIX
  INT27                 0000ffb6   00000002  00000000  00000002  RWIX
  INT28                 0000ffb8   00000002  00000000  00000002  RWIX
  INT29                 0000ffba   00000002  00000000  00000002  RWIX
  INT30                 0000ffbc   00000002  00000000  00000002  RWIX
  INT31                 0000ffbe   00000002  00000000  00000002  RWIX
  INT32                 0000ffc0   00000002  00000000  00000002  RWIX
  INT33                 0000ffc2   00000002  00000000  00000002  RWIX
  INT34                 0000ffc4   00000002  00000000  00000002  RWIX
  INT35                 0000ffc6   00000002  00000000  00000002  RWIX
  INT36                 0000ffc8   00000002  00000000  00000002  RWIX
  INT37                 0000ffca   00000002  00000000  00000002  RWIX
  INT38                 0000ffcc   00000002  00000000  00000002  RWIX
  INT39                 0000ffce   00000002  00000000  00000002  RWIX
  INT40                 0000ffd0   00000002  00000000  00000002  RWIX
  INT41                 0000ffd2   00000002  00000000  00000002  RWIX
  INT42                 0000ffd4   00000002  00000002  00000000  RWIX
  INT43                 0000ffd6   00000002  00000000  00000002  RWIX
  INT44                 0000ffd8   00000002  00000002  00000000  RWIX
  INT45                 0000ffda   00000002  00000002  00000000  RWIX
  INT46                 0000ffdc   00000002  00000000  00000002  RWIX
  INT47                 0000ffde   00000002  00000002  00000000  RWIX
  INT48                 0000ffe0   00000002  00000000  00000002  RWIX
  INT49                 0000ffe2   00000002  00000002  00000000  RWIX
  INT50                 0000ffe4   00000002  00000000  00000002  RWIX
  INT51                 0000ffe6   00000002  00000002  00000000  RWIX
  INT52                 0000ffe8   00000002  00000000  00000002  RWIX
  INT53                 0000ffea   00000002  00000000  00000002  RWIX
  INT54                 0000ffec   00000002  00000000  00000002  RWIX
  INT55                 0000ffee   00000002  00000002  00000000  RWIX
  INT56                 0000fff0   00000002  00000002  00000000  RWIX
  INT57                 0000fff2   00000002  00000000  00000002  RWIX
  INT58                 0000fff4   00000002  00000000  00000002  RWIX
  INT59                 0000fff6   00000002  00000002  00000000  RWIX
  INT60                 0000fff8   00000002  00000000  00000002  RWIX
  INT61                 0000fffa   00000002  00000002  00000000  RWIX
  INT62                 0000fffc   00000002  00000000  00000002  RWIX
  RESET                 0000fffe   00000002  00000002  00000000  RWIX
  FLASH2                00010000   00014400  0000a1d6  0000a22a  RWIX


SECTION ALLOCATION MAP

 output                                  attributes/
section   page    origin      length       input sections
--------  ----  ----------  ----------   ----------------
.pinit     0    00004400    00000000     UNINITIALIZED

.bss       0    00002400    00001580     UNINITIALIZED
                  00002400    00000394     libmplmpu.lib : accel_auto_cal.obj (.bss)
                  00002794    0000028c                   : compass_vec_cal.obj (.bss)
                  00002a20    00000258                   : fast_no_motion.obj (.bss)
                  00002c78    0000024e     data_builder.obj (.bss)
                  00002ec6    000001b6     libmplmpu.lib : gyro_tc.obj (.bss)
                  0000307c    0000016c     storage_manager.obj (.bss)
                  000031e8    0000012c     libmplmpu.lib : fusion_9axis.obj (.bss)
                  00003314    000000cc     hal_outputs.obj (.bss)
                  000033e0    000000b0     rts430x_lc_rd.lib : signal.obj (.bss)
                  00003490    0000009c     libmplmpu.lib : mag_disturb.obj (.bss)
                  0000352c    0000007a     results_holder.obj (.bss)
                  000035a6    00000078     rts430x_lc_rd.lib : xvalues.obj (.bss)
                  0000361e    00000072     mllite_test.obj (.bss)
                  00003690    0000006a     libmplmpu.lib : quaternion_supervisor.obj (.bss)
                  000036fa    00000068     rts430x_lc_rd.lib : xfvalues.obj (.bss)
                  00003762    00000052     msp430_interrupt.obj (.bss)
                  000037b4    00000052     start_manager.obj (.bss)
                  00003806    00000048     usb.obj (.bss)
                  0000384e    0000003f     sensor_probe.obj (.bss)
                  0000388d    00000001     msp430_spi.obj (.bss)
                  0000388e    00000036     inv_mpu.obj (.bss)
                  000038c4    0000002e     UsbCdc.obj (.bss)
                  000038f2    0000001e     eMPL_outputs.obj (.bss)
                  00003910    0000001e     msp430_clock.obj (.bss)
                  0000392e    00000010     inv_mpu_dmp_motion_driver.obj (.bss)
                  0000393e    0000000c     msp430_i2c.obj (.bss)
                  0000394a    0000000c     msp430_uart.obj (.bss)
                  00003956    00000008     dma.obj (.bss)
                  0000395e    00000008     rts430x_lc_rd.lib : _lock.obj (.bss)
                  00003966    00000008                       : boot.obj (.bss)
                  0000396e    00000008                       : feraiseexcept.obj (.bss)
                  00003976    00000004     message_layer.obj (.bss)
                  0000397a    00000004     rts430x_lc_rd.lib : rand.obj (.bss)
                  0000397e    00000002                       : errno.obj (.bss)

.stack     0    00003dc0    00000640     UNINITIALIZED
                  00003dc0    00000004     rts430x_lc_rd.lib : boot.obj (.stack)
                  00003dc4    0000063c     --HOLE--

.text:_isr 
*          0    00004400    00000410     
                  00004400    00000148     UsbIsr.obj (.text:_isr:iUsbInterruptHandler)
                  00004548    000000ba     msp430_i2c.obj (.text:_isr:I2C_ISR)
                  00004602    00000078     msp430_interrupt.obj (.text:_isr:P2_ISR)
                  0000467a    00000074     msp430_interrupt.obj (.text:_isr:P1_ISR)
                  000046ee    00000048     msp430_uart.obj (.text:_isr:UART_ISR)
                  00004736    00000046     msp430_clock.obj (.text:_isr:TIMERB0_ISR)
                  0000477c    00000036     msp430_interrupt.obj (.text:_isr:UNMI_ISR)
                  000047b2    0000002a     rts430x_lc_rd.lib : boot.obj (.text:_isr:_c_int00_noexit)
                  000047dc    00000016     mllite_test.obj (.text:_isr:TIMER2_A0_ISR)
                  000047f2    00000012     msp430_spi.obj (.text:_isr:USCI_B1_ISR)
                  00004804    0000000c     mllite_test.obj (.text:_isr:TIMER1_A0_ISR)

.cinit     0    00004810    000002f6     
                  00004810    000000e2     mllite_test.obj (.cinit)
                  000048f2    00000063     sensor_probe.obj (.cinit)
                  00004955    00000001     --HOLE-- [fill = 0]
                  00004956    0000005a     rts430x_lc_rd.lib : xvalues.obj (.cinit)
                  000049b0    00000050                       : xfvalues.obj (.cinit)
                  00004a00    00000028     libmplmpu.lib : compass_vec_cal.obj (.cinit)
                  00004a28    00000024     msp430_clock.obj (.cinit)
                  00004a4c    0000001a     hal_outputs.obj (.cinit)
                  00004a66    0000001a     inv_mpu.obj (.cinit)
                  00004a80    00000017     usb.obj (.cinit)
                  00004a97    00000001     --HOLE-- [fill = 0]
                  00004a98    00000015     inv_mpu_dmp_motion_driver.obj (.cinit)
                  00004aad    00000001     --HOLE-- [fill = 0]
                  00004aae    00000014     rts430x_lc_rd.lib : feraiseexcept.obj (.cinit)
                  00004ac2    00000011     msp430_i2c.obj (.cinit)
                  00004ad3    00000001     --HOLE-- [fill = 0]
                  00004ad4    0000000a     libmplmpu.lib : mag_disturb.obj (.cinit)
                  00004ade    0000000a     msp430_interrupt.obj (.cinit)
                  00004ae8    0000000a     rts430x_lc_rd.lib : rand.obj (.cinit)
                  00004af2    0000000a                       : signal.obj (.cinit)
                  00004afc    00000008                       : errno.obj (.cinit)
                  00004b04    00000002     --HOLE-- [fill = 0]

.text.1    0    00004b06    0000b47a     
                  00004b06    00000a04     libmplmpu.lib : compass_vec_cal.obj (.text:inv_compute_bias)
                  0000550a    00000892     mllite_test.obj (.text:handle_input)
                  00005d9c    00000858     libmplmpu.lib : compass_vec_cal.obj (.text:inv_center_sum)
                  000065f4    000007fa     mllite_test.obj (.text:main)
                  00006dee    0000076a     libmplmpu.lib : compass_vec_cal.obj (.text:inv_process_compass_only_cal)
                  00007558    000005fc                   : fusion_9axis.obj (.text:inv_perform_9x_fusion)
                  00007b54    0000054e     inv_mpu.obj (.text:get_st_biases)
                  000080a2    0000045a     libmplmpu.lib : quaternion_supervisor.obj (.text:inv_generate_accel_gyro_quaternion)
                  000084fc    00000448                   : compass_vec_cal.obj (.text:inv_set_terms)
                  00008944    00000446                   : gyro_tc.obj (.text:inv_gtc_compute_slope)
                  00008d8a    0000042c                   : mag_disturb.obj (.text:inv_check_magnetic_disturbance)
                  000091b6    0000038e     rts430x_lc_rd.lib : llmath.obj (.text:__divull)
                  00009544    00000372     libmplmpu.lib : quaternion_supervisor.obj (.text:accel_fusion)
                  000098b6    0000034a     eMPL_outputs.obj (.text:inv_get_sensor_type_euler)
                  00009c00    0000033c     libmplmpu.lib : fast_no_motion.obj (.text:inv_fast_nomot_parameter)
                  00009f3c    00000336                   : quaternion_supervisor.obj (.text:inv_process_dmp_quaternion)
                  0000a272    00000320                   : fast_no_motion.obj (.text:inv_generate_fast_nomot)
                  0000a592    000002c2     mllite_test.obj (.text:run_self_test)
                  0000a854    00000286     mllite_test.obj (.text:read_from_mpl)
                  0000aada    0000027c     libmplmpu.lib : accel_auto_cal.obj (.text:inv_check_sample_balance)
                  0000ad56    00000276     log_msp430.obj (.text:eMPL_send_data)
                  0000afcc    00000274     libmplmpu.lib : compass_vec_cal.obj (.text:inv_check_peaks)
                  0000b240    0000026c     rts430x_lc_rd.lib : xlog.obj (.text:_Log)
                  0000b4ac    0000025c     libmplmpu.lib : fusion_9axis.obj (.text:inv_filter_correction_angle)
                  0000b708    0000025a                   : quaternion_supervisor.obj (.text:inv_compute_quat_from_accel)
                  0000b962    0000024c     inv_mpu.obj (.text:setup_compass)
                  0000bbae    0000024a     inv_mpu.obj (.text:mpu_lp_motion_interrupt)
                  0000bdf8    00000236     rts430x_lc_rd.lib : xfsin.obj (.text:_FSin)
                  0000c02e    00000228                       : _printfi.obj (.text:_setfield)
                  0000c256    0000021c     ml_math_func.obj (.text:inv_q_multf)
                  0000c472    0000020e     rts430x_lc_rd.lib : _printfi.obj (.text:_printfi)
                  0000c680    00000204     inv_mpu_dmp_motion_driver.obj (.text:dmp_read_fifo)
                  0000c884    00000200     ml_math_func.obj (.text:inv_q_normalizef)
                  0000ca84    000001fc     libmplmpu.lib : quaternion_supervisor.obj (.text:inv_generate_gyro_quaternion)
                  0000cc80    000001fc     ml_math_func.obj (.text:inv_quaternion_to_rotation)
                  0000ce7c    000001ec     UsbCdc.obj (.text:USBCDC_receiveData)
                  0000d068    000001ec     inv_mpu.obj (.text:mpu_read_fifo)
                  0000d254    000001c6     libmplmpu.lib : compass_vec_cal.obj (.text:inv_combine_compass_data)
                  0000d41a    000001c2     inv_mpu_dmp_motion_driver.obj (.text:dmp_enable_feature)
                  0000d5dc    000001bc     inv_mpu_dmp_motion_driver.obj (.text:dmp_set_gyro_bias)
                  0000d798    000001ba     libmplmpu.lib : compass_vec_cal.obj (.text:inv_check_sim)
                  0000d952    000001b4                   : mag_disturb.obj (.text:ComputeAngleVelocity)
                  0000db06    000001b2                   : fast_no_motion.obj (.text:inv_fast_nomot_set_gyro_bias)
                  0000dcb8    000001b0                   : compass_vec_cal.obj (.text:inv_ignore_compass_data)
                  0000de68    000001ac                   : quaternion_supervisor.obj (.text:inv_normalize_quat)
                  0000e014    000001aa     inv_mpu.obj (.text:mpu_reset_fifo)
                  0000e1be    000001a6     rts430x_lc_rd.lib : fmodf.obj (.text:fmodf)
                  0000e364    000001a4     ml_math_func.obj (.text:inv_q_mult)
                  0000e508    000001a2     rts430x_lc_rd.lib : _printfi.obj (.text:_pproc_fge)
                  0000e6aa    00000188                       : _printfi.obj (.text:_getarg_diouxp)
                  0000e832    00000184     inv_mpu_dmp_motion_driver.obj (.text:dmp_set_tap_thresh)
                  0000e9b6    00000184     inv_mpu.obj (.text:mpu_init)
                  0000eb3a    0000017c     inv_mpu_dmp_motion_driver.obj (.text:dmp_set_orientation)
                  0000ecb6    0000017c     rts430x_lc_rd.lib : _printfi.obj (.text:ecvt)
                  0000ee32    00000176     libmplmpu.lib : compass_vec_cal.obj (.text:inv_bias_stability)
                  0000efa8    0000016e                   : fast_no_motion.obj (.text:inv_fast_nomot_store_data)
                  0000f116    0000016c     rts430x_lc_rd.lib : _printfi.obj (.text:fcvt)
                  0000f282    00000168     UsbCdc.obj (.text:CdcToHostFromBuffer)
                  0000f3ea    00000156     rts430x_lc_rd.lib : _printfi.obj (.text:_pconv_e)
                  0000f540    00000154     inv_mpu.obj (.text:mpu_set_sensors)
                  0000f694    00000148     ml_math_func.obj (.text:inv_compass_angle)
                  0000f7dc    00000146     mllite_test.obj (.text:setup_all_sensors)
                  0000f922    00000142     rts430x_lc_rd.lib : xfatan.obj (.text:_FAtan)
                  0000fa64    00000140     usb.obj (.text:USB_reset)
                  0000fba4    00000140     rts430x_lc_rd.lib : llmath.obj (.text:__divlli)
                  0000fce4    00000140     eMPL_outputs.obj (.text:inv_generate_eMPL_outputs)
                  0000fe24    0000013c     ml_math_func.obj (.text:inv_q_norm4)
                  0000ff60    00000020     mllite_test.obj (.text:Buttons_interruptEnable)

.int42     0    0000ffd4    00000002     
                  0000ffd4    00000002     msp430_interrupt.obj (.int42)

.int44     0    0000ffd8    00000002     
                  0000ffd8    00000002     mllite_test.obj (.int44)

.int45     0    0000ffda    00000002     
                  0000ffda    00000002     msp430_spi.obj (.int45)

.int47     0    0000ffde    00000002     
                  0000ffde    00000002     msp430_interrupt.obj (.int47)

.int49     0    0000ffe2    00000002     
                  0000ffe2    00000002     mllite_test.obj (.int49)

.int51     0    0000ffe6    00000002     
                  0000ffe6    00000002     UsbIsr.obj (.int51)

.int55     0    0000ffee    00000002     
                  0000ffee    00000002     msp430_i2c.obj (.int55)

.int56     0    0000fff0    00000002     
                  0000fff0    00000002     msp430_uart.obj (.int56)

.int59     0    0000fff6    00000002     
                  0000fff6    00000002     msp430_clock.obj (.int59)

.int61     0    0000fffa    00000002     
                  0000fffa    00000002     msp430_interrupt.obj (.int61)

.reset     0    0000fffe    00000002     
                  0000fffe    00000002     rts430x_lc_rd.lib : boot.obj (.reset)

.text.2    0    00010000    0000886c     
                  00010000    00000130     rts430x_lc_rd.lib : fs_add.obj (.text)
                  00010130    00000128                       : xdscale.obj (.text:_Dscale)
                  00010258    0000011e                       : _printfi.obj (.text:_pproc_diouxp)
                  00010376    0000011e                       : sqrt.obj (.text:sqrt)
                  00010494    0000011e                       : sqrtf.obj (.text:sqrtf)
                  000105b2    0000011c     UsbCdc.obj (.text:CdcToBufferFromHost)
                  000106ce    0000011c     rts430x_lc_rd.lib : xfdscale.obj (.text:_FDscale)
                  000107ea    00000110     eMPL_outputs.obj (.text:inv_get_sensor_type_heading)
                  000108fa    00000110     msp430_interrupt.obj (.text:msp430_reg_int_cb)
                  00010a0a    0000010e     log_msp430.obj (.text:eMPL_send_quat)
                  00010b18    00000108     rts430x_lc_rd.lib : atan2f.obj (.text:atan2f)
                  00010c20    00000104                       : _printfi.obj (.text:_pconv_g)
                  00010d24    00000104     inv_mpu.obj (.text:mpu_set_bypass)
                  00010e28    00000102     rts430x_lc_rd.lib : _printfi.obj (.text:_ltostr)
                  00010f2a    00000100                       : _printfi.obj (.text:_pproc_fwp)
                  0001102a    000000fe     libmplmpu.lib : gyro_tc.obj (.text:inv_gtc_data_cb)
                  00011128    000000f6                   : accel_auto_cal.obj (.text:inv_sort_order_4_T)
                  0001121e    000000f0     rts430x_lc_rd.lib : acosf.obj (.text:acosf)
                  0001130e    000000f0     libmplmpu.lib : fusion_9axis.obj (.text:inv_find_synchronized_compass_angle)
                  000113fe    000000e8                   : fusion_9axis.obj (.text:inv_process_9x_sensor_fusion_cb)
                  000114e6    000000e6     HAL_UCS.obj (.text:Init_FLL)
                  000115cc    000000e4     log_msp430.obj (.text:_MLPrintLog)
                  000116b0    000000e4     libmplmpu.lib : fast_no_motion.obj (.text:inv_detect_motion_by_gyro_accel)
                  00011794    000000e4     inv_mpu.obj (.text:mpu_lp_accel_mode)
                  00011878    000000e2     rts430x_lc_rd.lib : fltllid.obj (.text:_fltllid)
                  0001195a    000000e2     mllite_test.obj (.text:make_protocol)
                  00011a3c    000000e0     libmplmpu.lib : gyro_tc.obj (.text:inv_gtc_add_data)
                  00011b1c    000000de     data_builder.obj (.text:inv_apply_calibration)
                  00011bfa    000000dc     data_builder.obj (.text:inv_register_data_cb)
                  00011cd6    000000da     usb.obj (.text:USB_InitSerialStringDescriptor)
                  00011db0    000000d0     libmplmpu.lib : fast_no_motion.obj (.text:inv_sensor_data_preprocess)
                  00011e80    000000ce     HAL_PMM.obj (.text:SetVCoreUp)
                  00011f4e    000000cc     inv_mpu.obj (.text:mpu_get_compass_reg)
                  0001201a    000000ca     mpl.obj (.text:inv_init_mpl)
                  000120e4    000000ca     mllite_test.obj (.text:send_status_compass)
                  000121ae    000000c6     storage_manager.obj (.text:inv_load_mpl_states)
                  00012274    000000c4     inv_mpu_dmp_motion_driver.obj (.text:dmp_set_interrupt_mode)
                  00012338    000000c0     inv_mpu.obj (.text:mpu_load_firmware)
                  000123f8    000000be     mllite_test.obj (.text:orient_cb)
                  000124b6    000000bc     libmplmpu.lib : fast_no_motion.obj (.text:inv_init_maxmin)
                  00012572    000000b6     inv_mpu.obj (.text:mpu_run_self_test)
                  00012628    000000b6     rts430x_lc_rd.lib : fs_mpy.obj (.text)
                  000126de    000000b4     ml_math_func.obj (.text:inv_convert_to_body_with_scale)
                  00012792    000000b2     libmplmpu.lib : compass_vec_cal.obj (.text:inv_init_sensitivity_const)
                  00012844    000000b2                   : mag_disturb.obj (.text:inv_track_dip_angle)
                  000128f6    000000b2     inv_mpu.obj (.text:mpu_read_fifo_stream)
                  000129a8    000000b0     UsbCdc.obj (.text:USBCDC_intfStatus)
                  00012a58    000000b0     results_holder.obj (.text:inv_get_gravity)
                  00012b08    000000b0     msp430_i2c.obj (.text:msp430_i2c_read_uv)
                  00012bb8    000000ae     msp430_clock.obj (.text:msp430_clock_init)
                  00012c66    000000ae     msp430_i2c.obj (.text:msp430_i2c_read_new)
                  00012d14    000000aa     inv_mpu.obj (.text:mpu_set_sample_rate)
                  00012dbe    000000aa     mllite_test.obj (.text:tap_cb)
                  00012e68    000000a8     rts430x_lc_rd.lib : _printfi.obj (.text:_pproc_str)
                  00012f10    000000a8     libmplmpu.lib : compass_vec_cal.obj (.text:inv_add_compass_block_data)
                  00012fb8    000000a4     inv_mpu.obj (.text:mpu_get_temperature)
                  0001305c    0000009e     MX25_CMD.obj (.text:CMD_PP)
                  000130fa    0000009e     libmplmpu.lib : compass_vec_cal.obj (.text:inv_cheap_rand)
                  00013198    0000009e     msp430_i2c.obj (.text:msp430_i2c_write_new)
                  00013236    0000009c     libmplmpu.lib : compass_vec_cal.obj (.text:inv_get_current_calibrated_compass)
                  000132d2    0000009c                   : compass_vec_cal.obj (.text:inv_set_peaks)
                  0001336e    0000009a     MX25_APP.obj (.text:FlashReadWrite_Test)
                  00013408    0000009a     msp430_i2c.obj (.text:msp430_i2c_read)
                  000134a2    0000009a     msp430_i2c.obj (.text:msp430_i2c_write)
                  0001353c    00000098     libmplmpu.lib : mag_disturb.obj (.text:MagDisturbSetDisturbance)
                  000135d4    00000096     MX25_APP.obj (.text:FlashID_Test)
                  0001366a    00000096     usb.obj (.text:USB_connectionState)
                  00013700    00000096     data_builder.obj (.text:inv_build_compass)
                  00013796    00000096     storage_manager.obj (.text:inv_save_mpl_states)
                  0001382c    00000092     rts430x_lc_rd.lib : xdnorm.obj (.text:_Dnorm)
                  000138be    0000008e                       : fs_div.obj (.text)
                  0001394c    0000008c     HAL_PMM.obj (.text:SetVCoreDown)
                  000139d8    0000008c     rts430x_lc_rd.lib : xfdnorm.obj (.text:_FDnorm)
                  00013a64    0000008c     data_builder.obj (.text:inv_set_gyro_bias)
                  00013af0    0000008c     usb.obj (.text:usbDecodeAndProcessUsbRequest)
                  00013b7c    0000008a     UsbCdc.obj (.text:USBCDC_bytesInUSBBuffer)
                  00013c06    00000088     rts430x_lc_rd.lib : _printfi.obj (.text:_ecpy)
                  00013c8e    00000088     libmplmpu.lib : fast_no_motion.obj (.text:inv_init_fast_nomot)
                  00013d16    00000086     usb.obj (.text:USB_enable)
                  00013d9c    00000086     rts430x_lc_rd.lib : _printfi.obj (.text:_div)
                  00013e22    00000086     sensor_probe.obj (.text:get_ht_data)
                  00013ea8    00000086     storage_manager.obj (.text:inv_register_load_store)
                  00013f2e    00000084     rts430x_lc_rd.lib : fixdlli.obj (.text:_fixdlli)
                  00013fb2    00000084     data_builder.obj (.text:inv_build_accel)
                  00014036    00000084     inv_mpu.obj (.text:mpu_set_lpf)
                  000140ba    00000082     libmplmpu.lib : fast_no_motion.obj (.text:inv_fast_nomot_store_data_compass)
                  0001413c    00000082     inv_mpu.obj (.text:mpu_set_dmp_state)
                  000141be    00000080     libmplmpu.lib : mag_disturb.obj (.text:Mag3ofNormalizedLong)
                  0001423e    00000080     inv_mpu_dmp_motion_driver.obj (.text:dmp_set_orient_thresh)
                  000142be    00000080     rts430x_lc_rd.lib : ltoa.obj (.text:ltoa)
                  0001433e    0000007e     MX25_CMD.obj (.text:CMD_READ)
                  000143bc    0000007e     rts430x_lc_rd.lib : _printfi.obj (.text:_mcpy)
                  0001443a    0000007e     libmplmpu.lib : compass_vec_cal.obj (.text:inv_cheap_gaussian)
                  000144b8    0000007e                   : compass_vec_cal.obj (.text:inv_init_vector_compass_cal)
                  00014536    0000007e     inv_mpu.obj (.text:mpu_set_gyro_fsr)
                  000145b4    0000007e     rts430x_lc_rd.lib : fs_tol.obj (.text)
                  00014632    00000078     UsbCdc.obj (.text:USBCDC_sendData)
                  000146aa    00000078     ml_math_func.obj (.text:inv_q_addf)
                  00014722    00000078     inv_mpu.obj (.text:mpu_get_accel_reg)
                  0001479a    00000078     msp430_i2c.obj (.text:msp430_i2c_enable)
                  00014812    00000076     rts430x_lc_rd.lib : _printfi.obj (.text:_pconv_f)
                  00014888    00000074     sensor_probe.obj (.text:get_uv_data)
                  000148fc    00000074     data_builder.obj (.text:inv_execute_on_data)
                  00014970    00000074     usb.obj (.text:usbSendNextPacketOnIEP0)
                  000149e4    00000072     UsbCdc.obj (.text:CopyUsbToBuff)
                  00014a56    00000072     usbConstructs.obj (.text:cdcSendDataWaitTilDone)
                  00014ac8    00000072     data_builder.obj (.text:inv_get_last_timestamp)
                  00014b3a    00000072     inv_mpu.obj (.text:mpu_reg_dump)
                  00014bac    00000072     inv_mpu.obj (.text:mpu_set_accel_fsr)
                  00014c1e    00000070     sensor_probe.obj (.text:get_pressure_data)
                  00014c8e    00000070     usb.obj (.text:usbGetEndpointStatus)
                  00014cfe    0000006e     MX25_CMD.obj (.text:CMD_SE)
                  00014d6c    0000006e     usbConstructs.obj (.text:cdcSendDataInBackground)
                  00014dda    0000006e     libmplmpu.lib : quaternion_supervisor.obj (.text:inv_generate_quaternion)
                  00014e48    0000006c     inv_mpu_dmp_motion_driver.obj (.text:dmp_set_fifo_rate)
                  00014eb4    00000068     inv_mpu_dmp_motion_driver.obj (.text:dmp_get_pedometer_walk_time)
                  00014f1c    00000068     data_builder.obj (.text:inv_set_accel_bias)
                  00014f84    00000068     data_builder.obj (.text:inv_unregister_data_cb)
                  00014fec    00000068     inv_mpu.obj (.text:mpu_write_mem)
                  00015054    00000068     rts430x_lc_rd.lib : fs_toi.obj (.text)
                  000150bc    00000066     data_builder.obj (.text:inv_set_contiguous)
                  00015122    00000066     inv_mpu.obj (.text:mpu_configure_fifo)
                  00015188    00000066     msp430_interrupt.obj (.text:msp430_int_enable)
                  000151ee    00000064     rts430x_lc_rd.lib : xdunscal.obj (.text:_Dunscale)
                  00015252    00000064                       : xfdunsca.obj (.text:_FDunscale)
                  000152b6    00000064     results_holder.obj (.text:inv_get_linear_accel)
                  0001531a    00000064     ml_math_func.obj (.text:mlMatrixVectorMult)
                  0001537e    00000062     MX25_CMD.obj (.text:CMD_RDID)
                  000153e0    00000062     rts430x_lc_rd.lib : atoi.obj (.text:atoi)
                  00015442    00000062     ml_math_func.obj (.text:inv_q_rotate)
                  000154a4    00000060     data_builder.obj (.text:inv_reset_compass_soft_iron_matrix)
                  00015504    00000060     data_builder.obj (.text:inv_set_compass_bias)
                  00015564    00000060     max17048_driver.obj (.text:max17048_probe)
                  000155c4    00000060     inv_mpu.obj (.text:mpu_get_lpf)
                  00015624    00000060     inv_mpu.obj (.text:mpu_set_int_latched)
                  00015684    00000060     mllite_test.obj (.text:setup_gyro)
                  000156e4    0000005e     ml_math_func.obj (.text:inv_q_add)
                  00015742    0000005e     inv_mpu.obj (.text:mpu_read_mem)
                  000157a0    0000005e     sensor_probe.obj (.text:probe_alpsHS_p_chip)
                  000157fe    0000005c     libmplmpu.lib : mag_disturb.obj (.text:inv_init_magnetic_disturbance)
                  0001585a    0000005c                   : mag_disturb.obj (.text:inv_magnetic_disturbance_process)
                  000158b6    0000005a                   : mag_disturb.obj (.text:MagDisturbCheckSettling)
                  00015910    0000005a     rts430x_lc_rd.lib : mult64_f5hw.obj (.text:__mpyll)
                  0001596a    0000005a     libmplmpu.lib : compass_vec_cal.obj (.text:inv_generate_vector_compass_cal)
                  000159c4    0000005a     results_holder.obj (.text:inv_init_results_holder)
                  00015a1e    0000005a     libmplmpu.lib : fast_no_motion.obj (.text:inv_record_max_moment_in_no_motion_accel)
                  00015a78    0000005a                   : fast_no_motion.obj (.text:inv_record_max_moment_in_no_motion_gyro)
                  00015ad2    00000058     HAL_TLV.obj (.text:Get_TLV_Info)
                  00015b2a    00000058     usb.obj (.text:USB_init)
                  00015b82    00000058     sensor_probe.obj (.text:get_light_data)
                  00015bda    00000058     libmplmpu.lib : fast_no_motion.obj (.text:inv_record_min_moment_in_motion_accel)
                  00015c32    00000058                   : fast_no_motion.obj (.text:inv_record_min_moment_in_motion_gyro)
                  00015c8a    00000058     rts430x_lc_rd.lib : div32u.obj (.text)
                  00015ce2    00000056     MX25_CMD.obj (.text:CMD_REMS)
                  00015d38    00000056     rts430x_lc_rd.lib : autoinit.obj (.text:_auto_init)
                  00015d8e    00000056     inv_mpu.obj (.text:mpu_set_compass_sample_rate)
                  00015de4    00000054     inv_mpu_dmp_motion_driver.obj (.text:dmp_get_pedometer_step_count)
                  00015e38    00000054     results_holder.obj (.text:inv_get_quaternion_set)
                  00015e8c    00000054     ml_math_func.obj (.text:inv_q_invert)
                  00015ee0    00000054     mllite_test.obj (.text:load_calibration)
                  00015f34    00000054     inv_mpu.obj (.text:mpu_get_gyro_sens)
                  00015f88    00000054     inv_mpu.obj (.text:set_int_enable)
                  00015fdc    00000052     mllite_test.obj (.text:init_timer_A1)
                  0001602e    00000052     libmplmpu.lib : fast_no_motion.obj (.text:inv_reset_min_max_gyro_accel_statistics)
                  00016080    00000052     UsbCdc.obj (.text:usbGetLineCoding)
                  000160d2    00000050     inv_mpu_dmp_motion_driver.obj (.text:dmp_enable_6x_lp_quat)
                  00016122    00000050     inv_mpu_dmp_motion_driver.obj (.text:dmp_enable_lp_quat)
                  00016172    00000050     libmplmpu.lib : fast_no_motion.obj (.text:inv_max_change)
                  000161c2    00000050                   : fast_no_motion.obj (.text:inv_set_default_number_of_samples)
                  00016212    0000004e     rts430x_lc_rd.lib : _printfi.obj (.text:_fcpy)
                  00016260    0000004e     libmplmpu.lib : gyro_tc.obj (.text:inv_gtc_get_bin)
                  000162ae    0000004e     ml_math_func.obj (.text:inv_row_2_scale)
                  000162fc    0000004e     usb.obj (.text:usbGetStringDescriptor)
                  0001634a    0000004c     inv_mpu_dmp_motion_driver.obj (.text:dmp_set_shake_reject_thresh)
                  00016396    0000004c     ml_math_func.obj (.text:inv_q_invertf)
                  000163e2    0000004c     libmplmpu.lib : fast_no_motion.obj (.text:inv_start_fast_nomot)
                  0001642e    0000004c     msp430_clock.obj (.text:msp430_clock_enable)
                  0001647a    0000004c     sensor_probe.obj (.text:probe_cm3512_uv_chip)
                  000164c6    0000004a     mllite_test.obj (.text:check_for_usb_state)
                  00016510    0000004a     data_builder.obj (.text:inv_set_compass_soft_iron_input_data)
                  0001655a    0000004a     mpl.obj (.text:inv_start_mpl)
                  000165a4    0000004a     rts430x_lc_rd.lib : fs_cmp.obj (.text)
                  000165ee    0000004a                       : fs_ltof.obj (.text)
                  00016638    00000048     libmplmpu.lib : fusion_9axis.obj (.text:inv_init_9x_fusion)
                  00016680    00000048     usb.obj (.text:usbReceiveNextPacketOnOEP0)
                  000166c8    00000046     rts430x_lc_rd.lib : _printfi.obj (.text:_pproc_fflags)
                  0001670e    00000046     inv_mpu_dmp_motion_driver.obj (.text:decode_gesture)
                  00016754    00000046     mllite_test.obj (.text:get_eMPL_version)
                  0001679a    00000046     libmplmpu.lib : fast_no_motion.obj (.text:inv_fast_nomot_reset_data_compass)
                  000167e0    00000046                   : quaternion_supervisor.obj (.text:inv_init_quaternion)
                  00016826    00000046     inv_mpu.obj (.text:mpu_get_accel_sens)
                  0001686c    00000046     rts430x_lc_rd.lib : fs_tou.obj (.text)
                  000168b2    00000046     usb.obj (.text:usbClearEndpointFeature)
                  000168f8    00000044     UsbIsr.obj (.text:SetupPacketInterruptHandler)
                  0001693c    00000044     rts430x_lc_rd.lib : llmath.obj (.text:__asrll)
                  00016980    00000044     max17048_driver.obj (.text:max17048_get_battery_soc)
                  000169c4    00000044     inv_mpu.obj (.text:mpu_get_gyro_fsr)
                  00016a08    00000044     usb.obj (.text:usbSetEndpointFeature)
                  00016a4c    00000042     UsbIsr.obj (.text:PWRVBUSoffHandler)
                  00016a8e    00000042     libmplmpu.lib : quaternion_supervisor.obj (.text:inv_start_quaternion)
                  00016ad0    00000042     msp430_uart.obj (.text:msp430_uart_init)
                  00016b12    00000042     sensor_probe.obj (.text:probe_cm3668_lp_chip)
                  00016b54    00000040     UsbCdc.obj (.text:CdcResetData)
                  00016b94    00000040     MX25_CMD.obj (.text:SendFlashAddr)
                  00016bd4    00000040     usbConstructs.obj (.text:cdcReceiveDataInBuffer)
                  00016c14    00000040     data_builder.obj (.text:inv_build_gyro)
                  00016c54    00000040     data_builder.obj (.text:inv_init_data_builder)
                  00016c94    00000040     results_holder.obj (.text:inv_set_motion_state)
                  00016cd4    00000040     inv_mpu.obj (.text:mpu_get_accel_fsr)
                  00016d14    00000040     msp430_i2c.obj (.text:msp430_i2c_recover)
                  00016d54    00000040     rts430x_lc_rd.lib : div32s.obj (.text)
                  00016d94    0000003e     UsbCdc.obj (.text:Handler_SetLineCoding)
                  00016dd2    0000003e     HAL_PMM.obj (.text:SetVCore)
                  00016e10    0000003e     rts430x_lc_rd.lib : llmath.obj (.text:__lslll)
                  00016e4e    0000003e                       : llmath.obj (.text:__lsrll)
                  00016e8c    0000003e     libmplmpu.lib : fast_no_motion.obj (.text:inv_fast_nomot_parameter_compass)
                  00016eca    0000003e     data_builder.obj (.text:inv_set_accel_sample_rate)
                  00016f08    0000003e     data_builder.obj (.text:inv_set_compass_sample_rate)
                  00016f46    0000003e     data_builder.obj (.text:inv_set_gyro_sample_rate)
                  00016f84    0000003e     rts430x_lc_rd.lib : asr32.obj (.text:l_asr_const)
                  00016fc2    0000003e                       : lsl32.obj (.text:l_lsl_const)
                  00017000    0000003e                       : lsr32.obj (.text:l_lsr_const)
                  0001703e    0000003c     mllite_test.obj (.text:Init_TimerA2)
                  0001707a    0000003c     rts430x_lc_rd.lib : xfdtest.obj (.text:_FDtest)
                  000170b6    0000003c     inv_mpu_dmp_motion_driver.obj (.text:dmp_set_pedometer_walk_time)
                  000170f2    0000003c     data_builder.obj (.text:inv_get_compass_set)
                  0001712e    0000003a     results_holder.obj (.text:inv_get_quaternion)
                  00017168    0000003a     rts430x_lc_rd.lib : vsprintf.obj (.text:vsprintf)
                  000171a2    00000038     libmplmpu.lib : fast_no_motion.obj (.text:inv_if_enough_data)
                  000171da    00000038                   : accel_auto_cal.obj (.text:inv_init_check_sample_balance)
                  00017212    00000038                   : gyro_tc.obj (.text:inv_init_gyro_ts)
                  0001724a    00000038                   : compass_vec_cal.obj (.text:inv_reset_data_collection)
                  00017282    00000038     sensor_probe.obj (.text:probe_sht21_th_chip)
                  000172ba    00000038     rts430x_lc_rd.lib : signal.obj (.text:signal)
                  000172f2    00000036                       : xferaise.obj (.text:_Feraise)
                  00017328    00000036     msp430_clock.obj (.text:msp430_delay_ms)
                  0001735e    00000036     rts430x_lc_rd.lib : fs_itof.obj (.text)
                  00017394    00000034     HAL_UCS.obj (.text:XT1_Start)
                  000173c8    00000034     inv_mpu_dmp_motion_driver.obj (.text:dmp_set_tap_axes)
                  000173fc    00000034     rts430x_lc_rd.lib : feraiseexcept.obj (.text:feraiseexcept)
                  00017430    00000034     data_builder.obj (.text:inv_build_quat)
                  00017464    00000034     ml_math_func.obj (.text:inv_cosf)
                  00017498    00000034     libmplmpu.lib : gyro_tc.obj (.text:inv_enable_gyro_tc)
                  000174cc    00000034     data_builder.obj (.text:inv_get_accel_set)
                  00017500    00000032     HAL_UCS.obj (.text:Init_FLL_Settle)
                  00017532    00000032     usb.obj (.text:USB_connectionInfo)
                  00017564    00000032     usb.obj (.text:USB_suspend)
                  00017596    00000032     inv_mpu_dmp_motion_driver.obj (.text:dmp_set_pedometer_step_count)
                  000175c8    00000032     ml_math_func.obj (.text:inv_checksum)
                  000175fa    00000032     data_builder.obj (.text:inv_db_load_func)
                  0001762c    00000032     libmplmpu.lib : gyro_tc.obj (.text:inv_gtc_store)
                  0001765e    00000032     rts430x_lc_rd.lib : raise.obj (.text:raise)
                  00017690    00000032                       : fs_ultof.obj (.text)
                  000176c2    00000032     mllite_test.obj (.text:showBatteryStatus)
                  000176f4    00000030     HAL_FLASH.obj (.text:FlashWrite_8)
                  00017724    00000030     UsbIsr.obj (.text:PWRVBUSonHandler)
                  00017754    00000030     HAL_UCS.obj (.text:XT2_Start)
                  00017784    00000030     data_builder.obj (.text:inv_get_gyro_set)
                  000177b4    00000030     libmplmpu.lib : fast_no_motion.obj (.text:inv_reset_packet)
                  000177e4    00000030     ml_math_func.obj (.text:inv_sinf)
                  00017814    0000002e     MX25_CMD.obj (.text:CMD_RES)
                  00017842    0000002e     UsbIsr.obj (.text:OEP0InterruptHandler)
                  00017870    0000002e     start_manager.obj (.text:inv_execute_mpl_start_notification)
                  0001789e    0000002e     rts430x_lc_rd.lib : memmov.obj (.text:memmove)
                  000178cc    0000002e     mllite_test.obj (.text:test_flash)
                  000178fa    0000002c     MX25_CMD.obj (.text:WaitFlashReady)
                  00017926    0000002c     ml_math_func.obj (.text:inv_get_gyro_sum_of_sqr)
                  00017952    0000002c     eMPL_outputs.obj (.text:inv_get_sensor_type_quat)
                  0001797e    0000002c     libmplmpu.lib : gyro_tc.obj (.text:inv_gtc_load)
                  000179aa    0000002c     rts430x_lc_rd.lib : div16s.obj (.text)
                  000179d6    0000002c     usb.obj (.text:usbGetDeviceStatus)
                  00017a02    0000002a     rts430x_lc_rd.lib : mult3264_f5hw.obj (.text:__mpysll)
                  00017a2c    0000002a     inv_mpu_dmp_motion_driver.obj (.text:dmp_set_tap_count)
                  00017a56    0000002a     mllite_test.obj (.text:gyro_data_ready_cb)
                  00017a80    0000002a     eMPL_outputs.obj (.text:inv_get_sensor_type_rot_mat)
                  00017aaa    0000002a     ml_math_func.obj (.text:inv_orientation_matrix_to_scalar)
                  00017ad4    00000028     dma.obj (.text:USB_initMemcpy)
                  00017afc    00000028     data_builder.obj (.text:inv_get_gyro_bias)
                  00017b24    00000028     dma.obj (.text:memcpyDMA0)
                  00017b4c    00000028     msp430_spi.obj (.text:msp430_init_spi_usb1)
                  00017b74    00000026     MX25_CMD.obj (.text:CMD_RDSCUR)
                  00017b9a    00000026     MX25_CMD.obj (.text:CMD_RDSR)
                  00017bc0    00000026     mllite_test.obj (.text:checkClicked)
                  00017be6    00000026     inv_mpu_dmp_motion_driver.obj (.text:dmp_set_orient_time)
                  00017c0c    00000026     inv_mpu_dmp_motion_driver.obj (.text:dmp_set_shake_reject_time)
                  00017c32    00000026     inv_mpu_dmp_motion_driver.obj (.text:dmp_set_shake_reject_timeout)
                  00017c58    00000026     inv_mpu_dmp_motion_driver.obj (.text:dmp_set_tap_time)
                  00017c7e    00000026     inv_mpu_dmp_motion_driver.obj (.text:dmp_set_tap_time_multi)
                  00017ca4    00000026     data_builder.obj (.text:inv_build_temp)
                  00017cca    00000026     msp430_uart.obj (.text:msp430_uart_tx)
                  00017cf0    00000026     sensor_probe.obj (.text:read_data)
                  00017d16    00000026     sensor_probe.obj (.text:read_data_uv)
                  00017d3c    00000026     sensor_probe.obj (.text:write_data)
                  00017d62    00000024     HAL_FLASH.obj (.text:Flash_SegmentErase)
                  00017d86    00000024     mllite_test.obj (.text:checkClick)
                  00017daa    00000024     storage_manager.obj (.text:inv_find_entry)
                  00017dce    00000024     results_holder.obj (.text:inv_set_compass_correction)
                  00017df2    00000024     results_holder.obj (.text:inv_store_gaming_quaternion)
                  00017e16    00000024     msp430_i2c.obj (.text:msp430_i2c_disable)
                  00017e3a    00000024     rts430x_lc_rd.lib : fs_utof.obj (.text)
                  00017e5e    00000022     usb.obj (.text:USB_disable)
                  00017e80    00000022     libmplmpu.lib : compass_vec_cal.obj (.text:inv_init_peaks)
                  00017ea2    00000022     start_manager.obj (.text:inv_register_mpl_start_notification)
                  00017ec4    00000022     message_layer.obj (.text:inv_set_message)
                  00017ee6    00000022     rts430x_lc_rd.lib : mult32_f5hw.obj (.text)
                  00017f08    00000022     usb.obj (.text:usbSetAddress)
                  00017f2a    00000020     rts430x_lc_rd.lib : vsprintf.obj (.text:_outs)
                  00017f4a    00000020     results_holder.obj (.text:inv_get_compass_correction)
                  00017f6a    00000020     rts430x_lc_rd.lib : memccpy.obj (.text:memccpy)
                  00017f8a    00000020     usb.obj (.text:usbSendDataPacketOnEP0)
                  00017faa    00000020     usb.obj (.text:usbSetConfiguration)
                  00017fca    0000001e     MX25_CMD.obj (.text:GetByte)
                  00017fe8    0000001e     libmplmpu.lib : accel_auto_cal.obj (.text:inv_init_check_sample_balance_parameter)
                  00018006    0000001e     usb.obj (.text:usbGetInterface)
                  00018024    0000001e     usb.obj (.text:usbGetInterfaceStatus)
                  00018042    0000001c     UsbIsr.obj (.text:IEP0InterruptHandler)
                  0001805e    0000001c     inv_mpu_dmp_motion_driver.obj (.text:dmp_set_orient_axes)
                  0001807a    0000001c     storage_manager.obj (.text:inv_init_storage_manager)
                  00018096    0000001c     data_builder.obj (.text:inv_set_quat_sample_rate)
                  000180b2    0000001c     msp430_interrupt.obj (.text:msp430_int_init)
                  000180ce    0000001a     UsbCdc.obj (.text:CdcIsReceiveInProgress)
                  000180e8    0000001a     MX25_CMD.obj (.text:InsertDummyCycle)
                  00018102    0000001a     usb.obj (.text:USB_connect)
                  0001811c    0000001a     rts430x_lc_rd.lib : mult1632_f5hw.obj (.text:__mpysl)
                  00018136    0000001a     libmplmpu.lib : mag_disturb.obj (.text:inv_enable_magnetic_disturbance)
                  00018150    0000001a     data_builder.obj (.text:inv_get_compass_soft_iron_output_data)
                  0001816a    0000001a     ml_math_func.obj (.text:inv_q29_mult)
                  00018184    0000001a     ml_math_func.obj (.text:inv_q30_mult)
                  0001819e    0000001a     usb.obj (.text:usbClearDeviceFeature)
                  000181b8    0000001a     usb.obj (.text:usbSetDeviceFeature)
                  000181d2    00000018     HAL_FLASH.obj (.text:Flash_EraseCheck)
                  000181ea    00000018     usb.obj (.text:USB_resume)
                  00018202    00000018     rts430x_lc_rd.lib : xfdclass.obj (.text:_FDclass)
                  0001821a    00000018     libmplmpu.lib : fusion_9axis.obj (.text:inv_enable_9x_sensor_fusion)
                  00018232    00000018                   : fast_no_motion.obj (.text:inv_enable_fast_nomot)
                  0001824a    00000018     eMPL_outputs.obj (.text:inv_init_eMPL_outputs)
                  00018262    00000018     start_manager.obj (.text:inv_init_start_manager)
                  0001827a    00000018     data_builder.obj (.text:inv_set_accel_orientation_and_scale)
                  00018292    00000018     data_builder.obj (.text:inv_set_compass_orientation_and_scale)
                  000182aa    00000018     data_builder.obj (.text:inv_set_gyro_orientation_and_scale)
                  000182c2    00000018     msp430_clock.obj (.text:msp430_get_clock_ms)
                  000182da    00000016     MX25_CMD.obj (.text:CMD_WREN)
                  000182f0    00000016     MX25_CMD.obj (.text:IsFlash4Byte)
                  00018306    00000016     message_layer.obj (.text:inv_get_message_level_0)
                  0001831c    00000016     rts430x_lc_rd.lib : abs.obj (.text:llabs)
                  00018332    00000016                       : memset.obj (.text:memset)
                  00018348    00000016                       : div16u.obj (.text)
                  0001835e    00000016                       : mult16_f5hw.obj (.text)
                  00018374    00000016                       : rand.obj (.text:srand)
                  0001838a    00000016     usb.obj (.text:usbGetConfigurationDescriptor)
                  000183a0    00000016     usb.obj (.text:usbGetDeviceDescriptor)
                  000183b6    00000014     usbEventHandling.obj (.text:USB_handleVbusOnEvent)
                  000183ca    00000014     rts430x_lc_rd.lib : vsprintf.obj (.text:_outc)
                  000183de    00000014     inv_mpu_dmp_motion_driver.obj (.text:dmp_load_motion_driver_firmware)
                  000183f2    00000014     libmplmpu.lib : fast_no_motion.obj (.text:inv_fast_nomot_get_time_elaps)
                  00018406    00000014     results_holder.obj (.text:inv_start_results_holder)
                  0001841a    00000014     rts430x_lc_rd.lib : memcpy.obj (.text:memcpy)
                  0001842e    00000014     inv_mpu.obj (.text:mpu_get_sample_rate)
                  00018442    00000014     usb.obj (.text:usbGetConfiguration)
                  00018456    00000012     eMPL_outputs.obj (.text:inv_enable_eMPL_outputs)
                  00018468    00000012     libmplmpu.lib : quaternion_supervisor.obj (.text:inv_enable_quaternion)
                  0001847a    00000012     results_holder.obj (.text:inv_enable_results_holder)
                  0001848c    00000012     libmplmpu.lib : compass_vec_cal.obj (.text:inv_enable_vector_compass_cal)
                  0001849e    00000012     data_builder.obj (.text:inv_get_compass_bias)
                  000184b0    00000012     eMPL_outputs.obj (.text:inv_get_sensor_type_accel)
                  000184c2    00000012     eMPL_outputs.obj (.text:inv_get_sensor_type_compass)
                  000184d4    00000012     eMPL_outputs.obj (.text:inv_get_sensor_type_gyro)
                  000184e6    00000012     rts430x_lc_rd.lib : toupper.obj (.text:toupper)
                  000184f8    00000012     usb.obj (.text:usbReceiveDataPacketOnEP0)
                  0001850a    00000012     usb.obj (.text:usbSetInterface)
                  0001851c    00000010     MX25_CMD.obj (.text:IsFlashBusy)
                  0001852c    00000010     data_builder.obj (.text:inv_db_save_func)
                  0001853c    00000010     results_holder.obj (.text:inv_get_6axis_quaternion)
                  0001854c    00000010     data_builder.obj (.text:inv_get_gyro_bias_tc_set)
                  0001855c    00000010     data_builder.obj (.text:inv_get_mag_accuracy)
                  0001856c    00000010     libmplmpu.lib : mag_disturb.obj (.text:inv_set_magnetic_disturbance)
                  0001857c    00000010     eMPL_outputs.obj (.text:inv_start_eMPL_outputs)
                  0001858c    00000010     rts430x_lc_rd.lib : lsr32.obj (.text:l_lsr)
                  0001859c    00000010     msp430_clock.obj (.text:msp430_get_smclk_freq)
                  000185ac    0000000e     mllite_test.obj (.text:Stop_TimerA2)
                  000185ba    0000000e     data_builder.obj (.text:inv_get_accel_on)
                  000185c8    0000000e     data_builder.obj (.text:inv_get_compass_on)
                  000185d6    0000000e     data_builder.obj (.text:inv_get_gyro_on)
                  000185e4    0000000e     results_holder.obj (.text:inv_set_compass_bias_error)
                  000185f2    0000000e     libmplmpu.lib : fusion_9axis.obj (.text:inv_start_9x_sensor_fusion)
                  00018600    0000000e                   : gyro_tc.obj (.text:inv_start_gyro_tc)
                  0001860e    0000000e                   : mag_disturb.obj (.text:inv_start_magnetic_disturbance)
                  0001861c    0000000e                   : compass_vec_cal.obj (.text:inv_start_vector_compass_cal)
                  0001862a    0000000e     rts430x_lc_rd.lib : abs.obj (.text:labs)
                  00018638    0000000e     inv_mpu.obj (.text:mpu_get_compass_fsr)
                  00018646    0000000e     data_builder.obj (.text:set_sensor_orientation_and_scale)
                  00018654    0000000e     rts430x_lc_rd.lib : strlen.obj (.text:strlen)
                  00018662    0000000e     usb.obj (.text:usbInvalidRequest)
                  00018670    0000000e     usb.obj (.text:usbSendZeroLengthPacketOnIEP0)
                  0001867e    0000000c     data_builder.obj (.text:inv_get_gyro)
                  0001868a    0000000c     results_holder.obj (.text:inv_get_local_field)
                  00018696    0000000c     results_holder.obj (.text:inv_get_motion_state)
                  000186a2    0000000c     mpl.obj (.text:inv_get_version)
                  000186ae    0000000c     msp430_spi.obj (.text:msp430_spi_send)
                  000186ba    0000000c     UsbCdc.obj (.text:usbSetLineCoding)
                  000186c6    0000000a     MX25_CMD.obj (.text:Initial_Spi)
                  000186d0    0000000a     MX25_CMD.obj (.text:SendByte)
                  000186da    0000000a     rts430x_lc_rd.lib : abs.obj (.text:abs)
                  000186e4    0000000a     inv_mpu_dmp_motion_driver.obj (.text:dmp_get_fifo_rate)
                  000186ee    0000000a     storage_manager.obj (.text:inv_get_mpl_state_size)
                  000186f8    0000000a     inv_mpu.obj (.text:mpu_get_fifo_config)
                  00018702    0000000a     msp430_uart.obj (.text:msp430_uart_disable)
                  0001870c    0000000a     msp430_uart.obj (.text:msp430_uart_enable)
                  00018716    0000000a     rts430x_lc_rd.lib : fs_neg.obj (.text)
                  00018720    0000000a                       : lsl16.obj (.text)
                  0001872a    0000000a                       : lsr16.obj (.text)
                  00018734    0000000a     usb.obj (.text:usbStallEndpoint0)
                  0001873e    00000008     usbEventHandling.obj (.text:USBCDC_handleDataReceived)
                  00018746    00000008     usbEventHandling.obj (.text:USB_handleVbusOffEvent)
                  0001874e    00000008     usb.obj (.text:USB_setEnabledEvents)
                  00018756    00000008     HAL_UCS.obj (.text:XT2_Stop)
                  0001875e    00000008     inv_mpu_dmp_motion_driver.obj (.text:dmp_register_orient_cb)
                  00018766    00000008     inv_mpu_dmp_motion_driver.obj (.text:dmp_register_tap_cb)
                  0001876e    00000008     libmplmpu.lib : fusion_9axis.obj (.text:inv_9x_fusion_enable_jitter_reduction)
                  00018776    00000008                   : fusion_9axis.obj (.text:inv_9x_fusion_use_timestamps)
                  0001877e    00000008                   : mag_disturb.obj (.text:inv_disable_dip_tracking)
                  00018786    00000008     results_holder.obj (.text:inv_generate_results)
                  0001878e    00000008     libmplmpu.lib : mag_disturb.obj (.text:inv_stop_magnetic_disturbance)
                  00018796    00000008     msp430_uart.obj (.text:msp430_get_uart_rx_data)
                  0001879e    00000008     UsbCdc.obj (.text:usbSetControlLineState)
                  000187a6    00000006     mllite_test.obj (.text:Buttons_interruptDisable)
                  000187ac    00000006     MX25_CMD.obj (.text:CS_High)
                  000187b2    00000006     MX25_CMD.obj (.text:CS_Low)
                  000187b8    00000006     rts430x_lc_rd.lib : cosf.obj (.text:cosf)
                  000187be    00000006     msp430_spi.obj (.text:get_spi_rx_interrupt_flag)
                  000187c4    00000006     data_builder.obj (.text:inv_accel_was_turned_off)
                  000187ca    00000006     data_builder.obj (.text:inv_compass_was_turned_off)
                  000187d0    00000006     data_builder.obj (.text:inv_disable_compass_soft_iron_matrix)
                  000187d6    00000006     results_holder.obj (.text:inv_get_acc_state)
                  000187dc    00000006     data_builder.obj (.text:inv_get_accel_accuracy)
                  000187e2    00000006     results_holder.obj (.text:inv_get_compass_state)
                  000187e8    00000006     data_builder.obj (.text:inv_get_gyro_accuracy)
                  000187ee    00000006     results_holder.obj (.text:inv_get_large_mag_field)
                  000187f4    00000006     libmplmpu.lib : mag_disturb.obj (.text:inv_get_magnetic_disturbance_state)
                  000187fa    00000006     results_holder.obj (.text:inv_got_compass_bias)
                  00018800    00000006     data_builder.obj (.text:inv_gyro_was_turned_off)
                  00018806    00000006     data_builder.obj (.text:inv_quaternion_sensor_was_turned_off)
                  0001880c    00000006     results_holder.obj (.text:inv_set_compass_bias_found)
                  00018812    00000006     data_builder.obj (.text:inv_set_compass_disturbance)
                  00018818    00000006     results_holder.obj (.text:inv_set_compass_state)
                  0001881e    00000006     rts430x_lc_rd.lib : log.obj (.text:log)
                  00018824    00000006     mllite_test.obj (.text:msp430_reset)
                  0001882a    00000006     msp430_spi.obj (.text:set_spi_rx_interrupt_flag)
                  00018830    00000006     rts430x_lc_rd.lib : sinf.obj (.text:sinf)
                  00018836    00000006     usb.obj (.text:usbClearOEP0ByteCount)
                  0001883c    00000006     usb.obj (.text:usbStallOEP0)
                  00018842    00000004     usbEventHandling.obj (.text:USBCDC_handleReceiveCompleted)
                  00018846    00000004     usbEventHandling.obj (.text:USBCDC_handleSendCompleted)
                  0001884a    00000004     usbEventHandling.obj (.text:USBCDC_handleSetLineCoding)
                  0001884e    00000004     usbEventHandling.obj (.text:USB_handleClockEvent)
                  00018852    00000004     usbEventHandling.obj (.text:USB_handleEnumCompleteEvent)
                  00018856    00000004     usbEventHandling.obj (.text:USB_handleResetEvent)
                  0001885a    00000004     usbEventHandling.obj (.text:USB_handleResumeEvent)
                  0001885e    00000004     usbEventHandling.obj (.text:USB_handleSuspendEvent)
                  00018862    00000004     rts430x_lc_rd.lib : pre_init.obj (.text:_system_pre_init)
                  00018866    00000004                       : exit.obj (.text:abort)
                  0001886a    00000002                       : _lock.obj (.text:_nop)

.const     0    0001886c    0000196a     
                  0001886c    00000bf9     inv_mpu_dmp_motion_driver.obj (.const:.string:dmp_memory)
                  00019465    00000001     --HOLE-- [fill = 0]
                  00019466    00000400     ml_math_func.obj (.const:sin_lookup)
                  00019866    000003f8     mllite_test.obj (.const:.string)
                  00019c5e    0000010a     descriptors.obj (.const:tUsbRequestList)
                  00019d68    00000101     rts430x_lc_rd.lib : ctype.obj (.const:.string:_ctypes_)
                  00019e69    00000001     --HOLE-- [fill = 0]
                  00019e6a    0000008a     descriptors.obj (.const:.string:abromStringDescriptor)
                  00019ef4    0000005e     inv_mpu.obj (.const)
                  00019f52    00000048     data_builder.obj (.const:.string)
                  00019f9a    00000048     inv_mpu.obj (.const:.string)
                  00019fe2    00000043     descriptors.obj (.const)
                  0001a025    00000001     --HOLE-- [fill = 0]
                  0001a026    0000002e     mpl.obj (.const:.string)
                  0001a054    0000002c     rts430x_lc_rd.lib : xlog.obj (.const)
                  0001a080    00000024                       : _printfi.obj (.const:.string)
                  0001a0a4    00000020                       : xfatan.obj (.const:a)
                  0001a0c4    00000014     mpl.obj (.const:.string:ml_ver)
                  0001a0d8    00000012     descriptors.obj (.const:.string:abromDeviceDescriptor)
                  0001a0ea    00000010     rts430x_lc_rd.lib : xexp.obj (.const)
                  0001a0fa    00000010                       : xfsin.obj (.const)
                  0001a10a    00000010                       : xsin.obj (.const)
                  0001a11a    00000010     descriptors.obj (.const:stUsbHandle)
                  0001a12a    0000000e     mpl.obj (.const:.string:__func__$2)
                  0001a138    0000000e     rts430x_lc_rd.lib : pow.obj (.const)
                  0001a146    0000000d     mpl.obj (.const:.string:__func__$1)
                  0001a153    00000001     --HOLE-- [fill = 0]
                  0001a154    0000000c     inv_mpu_dmp_motion_driver.obj (.const:.string:$P$T4$5)
                  0001a160    0000000c     rts430x_lc_rd.lib : xfsin.obj (.const:c)
                  0001a16c    0000000c                       : xlog.obj (.const:p)
                  0001a178    0000000c                       : xfsin.obj (.const:s)
                  0001a184    0000000a     libmplmpu.lib : quaternion_supervisor.obj (.const:.string)
                  0001a18e    00000008     rts430x_lc_rd.lib : xfatan.obj (.const:c)
                  0001a196    00000008                       : xatan.obj (.const)
                  0001a19e    00000008                       : xfatan.obj (.const)
                  0001a1a6    00000004                       : acos.obj (.const)
                  0001a1aa    00000004                       : acosf.obj (.const)
                  0001a1ae    00000004                       : asin.obj (.const)
                  0001a1b2    00000004                       : asinf.obj (.const)
                  0001a1b6    00000004                       : atan.obj (.const)
                  0001a1ba    00000004                       : xfatan.obj (.const:s)
                  0001a1be    00000003     inv_mpu_dmp_motion_driver.obj (.const:.string:$P$T0$1)
                  0001a1c1    00000001     --HOLE-- [fill = 0]
                  0001a1c2    00000003     mllite_test.obj (.const:.string:$P$T0$1)
                  0001a1c5    00000001     --HOLE-- [fill = 0]
                  0001a1c6    00000003     inv_mpu_dmp_motion_driver.obj (.const:.string:$P$T1$2)
                  0001a1c9    00000001     --HOLE-- [fill = 0]
                  0001a1ca    00000003     inv_mpu_dmp_motion_driver.obj (.const:.string:$P$T2$3)
                  0001a1cd    00000001     --HOLE-- [fill = 0]
                  0001a1ce    00000003     inv_mpu_dmp_motion_driver.obj (.const:.string:$P$T3$4)
                  0001a1d1    00000002     MX25_APP.obj (.const)
                  0001a1d3    00000001     --HOLE-- [fill = 0]
                  0001a1d4    00000002     inv_mpu_dmp_motion_driver.obj (.const)


GLOBAL SYMBOLS: SORTED ALPHABETICALLY BY Name 

address    name
--------   ----
00002400   .bss
ffffffff   .text
00000700   ADC12CTL0
00000701   ADC12CTL0_H
00000700   ADC12CTL0_L
00000702   ADC12CTL1
00000703   ADC12CTL1_H
00000702   ADC12CTL1_L
00000704   ADC12CTL2
00000705   ADC12CTL2_H
00000704   ADC12CTL2_L
0000070c   ADC12IE
0000070d   ADC12IE_H
0000070c   ADC12IE_L
0000070a   ADC12IFG
0000070b   ADC12IFG_H
0000070a   ADC12IFG_L
0000070e   ADC12IV
0000070f   ADC12IV_H
0000070e   ADC12IV_L
00000710   ADC12MCTL0
00000711   ADC12MCTL1
0000071a   ADC12MCTL10
0000071b   ADC12MCTL11
0000071c   ADC12MCTL12
0000071d   ADC12MCTL13
0000071e   ADC12MCTL14
0000071f   ADC12MCTL15
00000712   ADC12MCTL2
00000713   ADC12MCTL3
00000714   ADC12MCTL4
00000715   ADC12MCTL5
00000716   ADC12MCTL6
00000717   ADC12MCTL7
00000718   ADC12MCTL8
00000719   ADC12MCTL9
00000720   ADC12MEM0
00000721   ADC12MEM0_H
00000720   ADC12MEM0_L
00000722   ADC12MEM1
00000734   ADC12MEM10
00000735   ADC12MEM10_H
00000734   ADC12MEM10_L
00000736   ADC12MEM11
00000737   ADC12MEM11_H
00000736   ADC12MEM11_L
00000738   ADC12MEM12
00000739   ADC12MEM12_H
00000738   ADC12MEM12_L
0000073a   ADC12MEM13
0000073b   ADC12MEM13_H
0000073a   ADC12MEM13_L
0000073c   ADC12MEM14
0000073d   ADC12MEM14_H
0000073c   ADC12MEM14_L
0000073e   ADC12MEM15
0000073f   ADC12MEM15_H
0000073e   ADC12MEM15_L
00000723   ADC12MEM1_H
00000722   ADC12MEM1_L
00000724   ADC12MEM2
00000725   ADC12MEM2_H
00000724   ADC12MEM2_L
00000726   ADC12MEM3
00000727   ADC12MEM3_H
00000726   ADC12MEM3_L
00000728   ADC12MEM4
00000729   ADC12MEM4_H
00000728   ADC12MEM4_L
0000072a   ADC12MEM5
0000072b   ADC12MEM5_H
0000072a   ADC12MEM5_L
0000072c   ADC12MEM6
0000072d   ADC12MEM6_H
0000072c   ADC12MEM6_L
0000072e   ADC12MEM7
0000072f   ADC12MEM7_H
0000072e   ADC12MEM7_L
00000730   ADC12MEM8
00000731   ADC12MEM8_H
00000730   ADC12MEM8_L
00000732   ADC12MEM9
00000733   ADC12MEM9_H
00000732   ADC12MEM9_L
000187a6   Buttons_interruptDisable
0000ff60   Buttons_interruptEnable
00018866   C$$EXIT
000008c0   CBCTL0
000008c1   CBCTL0_H
000008c0   CBCTL0_L
000008c2   CBCTL1
000008c3   CBCTL1_H
000008c2   CBCTL1_L
000008c4   CBCTL2
000008c5   CBCTL2_H
000008c4   CBCTL2_L
000008c6   CBCTL3
000008c7   CBCTL3_H
000008c6   CBCTL3_L
000008cc   CBINT
000008cd   CBINT_H
000008cc   CBINT_L
000008ce   CBIV
0001305c   CMD_PP
0001537e   CMD_RDID
00017b74   CMD_RDSCUR
00017b9a   CMD_RDSR
0001433e   CMD_READ
00015ce2   CMD_REMS
00017814   CMD_RES
00014cfe   CMD_SE
000182da   CMD_WREN
00000150   CRCDI
00000152   CRCDIRB
00000153   CRCDIRB_H
00000152   CRCDIRB_L
00000151   CRCDI_H
00000150   CRCDI_L
00000154   CRCINIRES
00000155   CRCINIRES_H
00000154   CRCINIRES_L
00000156   CRCRESR
00000157   CRCRESR_H
00000156   CRCRESR_L
000187ac   CS_High
000187b2   CS_Low
000180ce   CdcIsReceiveInProgress
00016b54   CdcResetData
000105b2   CdcToBufferFromHost
0000f282   CdcToHostFromBuffer
0000d952   ComputeAngleVelocity
000149e4   CopyUsbToBuff
00000510   DMA0CTL
00000511   DMA0CTL_H
00000510   DMA0CTL_L
00000516   DMA0DA
00000516   DMA0DAL
00000512   DMA0SA
00000512   DMA0SAL
0000051a   DMA0SZ
00000520   DMA1CTL
00000521   DMA1CTL_H
00000520   DMA1CTL_L
00000526   DMA1DA
00000526   DMA1DAL
00000522   DMA1SA
00000522   DMA1SAL
0000052a   DMA1SZ
00000530   DMA2CTL
00000531   DMA2CTL_H
00000530   DMA2CTL_L
00000536   DMA2DA
00000536   DMA2DAL
00000532   DMA2SA
00000532   DMA2SAL
0000053a   DMA2SZ
00000500   DMACTL0
00000501   DMACTL0_H
00000500   DMACTL0_L
00000502   DMACTL1
00000503   DMACTL1_H
00000502   DMACTL1_L
00000504   DMACTL2
00000505   DMACTL2_H
00000504   DMACTL2_L
00000506   DMACTL3
00000507   DMACTL3_H
00000506   DMACTL3_L
00000508   DMACTL4
00000509   DMACTL4_H
00000508   DMACTL4_L
0000050e   DMAIV
0000050f   DMAIV_H
0000050e   DMAIV_L
00000140   FCTL1
00000141   FCTL1_H
00000140   FCTL1_L
00000144   FCTL3
00000145   FCTL3_H
00000144   FCTL3_L
00000146   FCTL4
00000147   FCTL4_H
00000146   FCTL4_L
000135d4   FlashID_Test
0001336e   FlashReadWrite_Test
000176f4   FlashWrite_8
000181d2   Flash_EraseCheck
00017d62   Flash_SegmentErase
00017fca   GetByte
00015ad2   Get_TLV_Info
00016d94   Handler_SetLineCoding
00004548   I2C_ISR
00018042   IEP0InterruptHandler
00018720   I_LSL
0001872a   I_LSR
000114e6   Init_FLL
00017500   Init_FLL_Settle
0001703e   Init_TimerA2
000186c6   Initial_Spi
000180e8   InsertDummyCycle
000182f0   IsFlash4Byte
0001851c   IsFlashBusy
00016fbc   L_ASR_1
00016f98   L_ASR_10
00016f94   L_ASR_11
00016f90   L_ASR_12
00016f8c   L_ASR_13
00016f88   L_ASR_14
00016f84   L_ASR_15
00016fb8   L_ASR_2
00016fb4   L_ASR_3
00016fb0   L_ASR_4
00016fac   L_ASR_5
00016fa8   L_ASR_6
00016fa4   L_ASR_7
00016fa0   L_ASR_8
00016f9c   L_ASR_9
00016ffa   L_LSL_1
00016fd6   L_LSL_10
00016fd2   L_LSL_11
00016fce   L_LSL_12
00016fca   L_LSL_13
00016fc6   L_LSL_14
00016fc2   L_LSL_15
00016ff6   L_LSL_2
00016ff2   L_LSL_3
00016fee   L_LSL_4
00016fea   L_LSL_5
00016fe6   L_LSL_6
00016fe2   L_LSL_7
00016fde   L_LSL_8
00016fda   L_LSL_9
0001858c   L_LSR
00017038   L_LSR_1
00017014   L_LSR_10
00017010   L_LSR_11
0001700c   L_LSR_12
00017008   L_LSR_13
00017004   L_LSR_14
00017000   L_LSR_15
00017034   L_LSR_2
00017030   L_LSR_3
0001702c   L_LSR_4
00017028   L_LSR_5
00017024   L_LSR_6
00017020   L_LSR_7
0001701c   L_LSR_8
00017018   L_LSR_9
000004c4   MAC
000004da   MAC32H
000004db   MAC32H_H
000004da   MAC32H_L
000004d8   MAC32L
000004d9   MAC32L_H
000004d8   MAC32L_L
000004c6   MACS
000004de   MACS32H
000004df   MACS32H_H
000004de   MACS32H_L
000004dc   MACS32L
000004dd   MACS32L_H
000004dc   MACS32L_L
000004c7   MACS_H
000004c6   MACS_L
000004c5   MAC_H
000004c4   MAC_L
000004c0   MPY
000004ec   MPY32CTL0
000004ed   MPY32CTL0_H
000004ec   MPY32CTL0_L
000004d2   MPY32H
000004d3   MPY32H_H
000004d2   MPY32H_L
000004d0   MPY32L
000004d1   MPY32L_H
000004d0   MPY32L_L
000004c2   MPYS
000004d6   MPYS32H
000004d7   MPYS32H_H
000004d6   MPYS32H_L
000004d4   MPYS32L
000004d5   MPYS32L_H
000004d4   MPYS32L_L
000004c3   MPYS_H
000004c2   MPYS_L
000004c1   MPY_H
000004c0   MPY_L
000141be   Mag3ofNormalizedLong
000158b6   MagDisturbCheckSettling
0001353c   MagDisturbSetDisturbance
00003630   NoMotion_flag
00017842   OEP0InterruptHandler
000004c8   OP2
000004e2   OP2H
000004e3   OP2H_H
000004e2   OP2H_L
000004e0   OP2L
000004e1   OP2L_H
000004e0   OP2L_L
000004c9   OP2_H
000004c8   OP2_L
0000020e   P1IV
0000467a   P1_ISR
0000021e   P2IV
00004602   P2_ISR
000001e0   P4MAP01
000001e1   P4MAP01_H
000001e0   P4MAP01_L
000001e2   P4MAP23
000001e3   P4MAP23_H
000001e2   P4MAP23_L
000001e4   P4MAP45
000001e5   P4MAP45_H
000001e4   P4MAP45_L
000001e6   P4MAP67
000001e7   P4MAP67_H
000001e6   P4MAP67_L
00000204   PADIR
00000205   PADIR_H
00000204   PADIR_L
00000208   PADS
00000209   PADS_H
00000208   PADS_L
0000021a   PAIE
00000218   PAIES
00000219   PAIES_H
00000218   PAIES_L
0000021b   PAIE_H
0000021a   PAIE_L
0000021c   PAIFG
0000021d   PAIFG_H
0000021c   PAIFG_L
00000200   PAIN
00000201   PAIN_H
00000200   PAIN_L
00000202   PAOUT
00000203   PAOUT_H
00000202   PAOUT_L
00000206   PAREN
00000207   PAREN_H
00000206   PAREN_L
0000020a   PASEL
0000020b   PASEL_H
0000020a   PASEL_L
00000224   PBDIR
00000225   PBDIR_H
00000224   PBDIR_L
00000228   PBDS
00000229   PBDS_H
00000228   PBDS_L
00000220   PBIN
00000221   PBIN_H
00000220   PBIN_L
00000222   PBOUT
00000223   PBOUT_H
00000222   PBOUT_L
00000226   PBREN
00000227   PBREN_H
00000226   PBREN_L
0000022a   PBSEL
0000022b   PBSEL_H
0000022a   PBSEL_L
00000244   PCDIR
00000245   PCDIR_H
00000244   PCDIR_L
00000248   PCDS
00000249   PCDS_H
00000248   PCDS_L
00000240   PCIN
00000241   PCIN_H
00000240   PCIN_L
00000242   PCOUT
00000243   PCOUT_H
00000242   PCOUT_L
00000246   PCREN
00000247   PCREN_H
00000246   PCREN_L
0000024a   PCSEL
0000024b   PCSEL_H
0000024a   PCSEL_L
00000324   PJDIR
00000325   PJDIR_H
00000324   PJDIR_L
00000328   PJDS
00000329   PJDS_H
00000328   PJDS_L
00000320   PJIN
00000321   PJIN_H
00000320   PJIN_L
00000322   PJOUT
00000323   PJOUT_H
00000322   PJOUT_L
00000326   PJREN
00000327   PJREN_H
00000326   PJREN_L
00000130   PM5CTL0
00000131   PM5CTL0_H
00000130   PM5CTL0_L
000001c2   PMAPCTL
000001c3   PMAPCTL_H
000001c2   PMAPCTL_L
000001c0   PMAPKEYID
000001c1   PMAPKEYID_H
000001c0   PMAPKEYID_L
00000120   PMMCTL0
00000121   PMMCTL0_H
00000120   PMMCTL0_L
00000122   PMMCTL1
00000123   PMMCTL1_H
00000122   PMMCTL1_L
0000012c   PMMIFG
0000012d   PMMIFG_H
0000012c   PMMIFG_L
0000012e   PMMRIE
0000012f   PMMRIE_H
0000012e   PMMRIE_L
00016a4c   PWRVBUSoffHandler
00017724   PWRVBUSonHandler
00000158   RCCTL0
00000159   RCCTL0_H
00000158   RCCTL0_L
000001b0   REFCTL0
000001b1   REFCTL0_H
000001b0   REFCTL0_L
000004e4   RES0
000004e5   RES0_H
000004e4   RES0_L
000004e6   RES1
000004e7   RES1_H
000004e6   RES1_L
000004e8   RES2
000004e9   RES2_H
000004e8   RES2_L
000004ea   RES3
000004eb   RES3_H
000004ea   RES3_L
000004cc   RESHI
000004cd   RESHI_H
000004cc   RESHI_L
000004ca   RESLO
000004cb   RESLO_H
000004ca   RESLO_L
000004ba   RTCADOWDAY
000004bb   RTCADOWDAY_H
000004ba   RTCADOWDAY_L
000004b8   RTCAMINHR
000004b9   RTCAMINHR_H
000004b8   RTCAMINHR_L
000004a0   RTCCTL01
000004a1   RTCCTL01_H
000004a0   RTCCTL01_L
000004a2   RTCCTL23
000004a3   RTCCTL23_H
000004a2   RTCCTL23_L
000004b4   RTCDATE
000004b5   RTCDATE_H
000004b4   RTCDATE_L
000004ae   RTCIV
000004ac   RTCPS
000004a8   RTCPS0CTL
000004a9   RTCPS0CTL_H
000004a8   RTCPS0CTL_L
000004aa   RTCPS1CTL
000004ab   RTCPS1CTL_H
000004aa   RTCPS1CTL_L
000004ad   RTCPS_H
000004ac   RTCPS_L
000004b0   RTCTIM0
000004b1   RTCTIM0_H
000004b0   RTCTIM0_L
000004b2   RTCTIM1
000004b3   RTCTIM1_H
000004b2   RTCTIM1_L
000004b6   RTCYEAR
000004b7   RTCYEAR_H
000004b6   RTCYEAR_L
00000100   SFRIE1
00000101   SFRIE1_H
00000100   SFRIE1_L
00000102   SFRIFG1
00000103   SFRIFG1_H
00000102   SFRIFG1_L
00000104   SFRRPCR
00000105   SFRRPCR_H
00000104   SFRRPCR_L
000004ce   SUMEXT
000004cf   SUMEXT_H
000004ce   SUMEXT_L
00000124   SVSMHCTL
00000125   SVSMHCTL_H
00000124   SVSMHCTL_L
00000128   SVSMIO
00000129   SVSMIO_H
00000128   SVSMIO_L
00000126   SVSMLCTL
00000127   SVSMLCTL_H
00000126   SVSMLCTL_L
00000198   SYSBERRIV
00000199   SYSBERRIV_H
00000198   SYSBERRIV_L
00000182   SYSBSLC
00000183   SYSBSLC_H
00000182   SYSBSLC_L
00000180   SYSCTL
00000181   SYSCTL_H
00000180   SYSCTL_L
00000186   SYSJMBC
00000187   SYSJMBC_H
00000186   SYSJMBC_L
00000188   SYSJMBI0
00000189   SYSJMBI0_H
00000188   SYSJMBI0_L
0000018a   SYSJMBI1
0000018b   SYSJMBI1_H
0000018a   SYSJMBI1_L
0000018c   SYSJMBO0
0000018d   SYSJMBO0_H
0000018c   SYSJMBO0_L
0000018e   SYSJMBO1
0000018f   SYSJMBO1_H
0000018e   SYSJMBO1_L
0000019e   SYSRSTIV
0000019f   SYSRSTIV_H
0000019e   SYSRSTIV_L
0000019c   SYSSNIV
0000019d   SYSSNIV_H
0000019c   SYSSNIV_L
0000019a   SYSUNIV
0000019b   SYSUNIV_H
0000019a   SYSUNIV_L
000186d0   SendByte
00016b94   SendFlashAddr
00016dd2   SetVCore
000168f8   SetupPacketInterruptHandler
000185ac   Stop_TimerA2
00000352   TA0CCR0
00000354   TA0CCR1
00000356   TA0CCR2
00000358   TA0CCR3
0000035a   TA0CCR4
00000342   TA0CCTL0
00000344   TA0CCTL1
00000346   TA0CCTL2
00000348   TA0CCTL3
0000034a   TA0CCTL4
00000340   TA0CTL
00000360   TA0EX0
0000036e   TA0IV
00000350   TA0R
00000392   TA1CCR0
00000394   TA1CCR1
00000396   TA1CCR2
00000382   TA1CCTL0
00000384   TA1CCTL1
00000386   TA1CCTL2
00000380   TA1CTL
000003a0   TA1EX0
000003ae   TA1IV
00000390   TA1R
00000412   TA2CCR0
00000414   TA2CCR1
00000416   TA2CCR2
00000402   TA2CCTL0
00000404   TA2CCTL1
00000406   TA2CCTL2
00000400   TA2CTL
00000420   TA2EX0
0000042e   TA2IV
00000410   TA2R
000003d2   TB0CCR0
000003d4   TB0CCR1
000003d6   TB0CCR2
000003d8   TB0CCR3
000003da   TB0CCR4
000003dc   TB0CCR5
000003de   TB0CCR6
000003c2   TB0CCTL0
000003c4   TB0CCTL1
000003c6   TB0CCTL2
000003c8   TB0CCTL3
000003ca   TB0CCTL4
000003cc   TB0CCTL5
000003ce   TB0CCTL6
000003c0   TB0CTL
000003e0   TB0EX0
000003ee   TB0IV
000003d0   TB0R
00004804   TIMER1_A0_ISR
000047dc   TIMER2_A0_ISR
00004736   TIMERB0_ISR
000046ee   UART_ISR
000005d0   UCA0ABCTL
000005c6   UCA0BRW
000005c7   UCA0BRW_H
000005c6   UCA0BRW_L
000005c0   UCA0CTLW0
000005c1   UCA0CTLW0_H
000005c0   UCA0CTLW0_L
000005dc   UCA0ICTL
000005dd   UCA0ICTL_H
000005dc   UCA0ICTL_L
000005d2   UCA0IRCTL
000005d3   UCA0IRCTL_H
000005d2   UCA0IRCTL_L
000005de   UCA0IV
000005c8   UCA0MCTL
000005cc   UCA0RXBUF
000005ca   UCA0STAT
000005ce   UCA0TXBUF
00000610   UCA1ABCTL
00000606   UCA1BRW
00000607   UCA1BRW_H
00000606   UCA1BRW_L
00000600   UCA1CTLW0
00000601   UCA1CTLW0_H
00000600   UCA1CTLW0_L
0000061c   UCA1ICTL
0000061d   UCA1ICTL_H
0000061c   UCA1ICTL_L
00000612   UCA1IRCTL
00000613   UCA1IRCTL_H
00000612   UCA1IRCTL_L
0000061e   UCA1IV
00000608   UCA1MCTL
0000060c   UCA1RXBUF
0000060a   UCA1STAT
0000060e   UCA1TXBUF
000005e6   UCB0BRW
000005e7   UCB0BRW_H
000005e6   UCB0BRW_L
000005e0   UCB0CTLW0
000005e1   UCB0CTLW0_H
000005e0   UCB0CTLW0_L
000005f0   UCB0I2COA
000005f1   UCB0I2COA_H
000005f0   UCB0I2COA_L
000005f2   UCB0I2CSA
000005f3   UCB0I2CSA_H
000005f2   UCB0I2CSA_L
000005fc   UCB0ICTL
000005fd   UCB0ICTL_H
000005fc   UCB0ICTL_L
000005fe   UCB0IV
000005ec   UCB0RXBUF
000005ea   UCB0STAT
000005ee   UCB0TXBUF
00000626   UCB1BRW
00000627   UCB1BRW_H
00000626   UCB1BRW_L
00000620   UCB1CTLW0
00000621   UCB1CTLW0_H
00000620   UCB1CTLW0_L
00000630   UCB1I2COA
[...]
00002391   USBOEPBBAX_2
00002392   USBOEPBCTX_2
00002395   USBOEPBBAY_2
00002396   USBOEPBCTY_2
00002397   USBOEPSIZXY_2
00002398   USBOEPCNF_3
00002399   USBOEPBBAX_3
0000239a   USBOEPBCTX_3
0000239d   USBOEPBBAY_3
0000239e   USBOEPBCTY_3
0000239f   USBOEPSIZXY_3
000023a0   USBOEPCNF_4
000023a1   USBOEPBBAX_4
000023a2   USBOEPBCTX_4
000023a5   USBOEPBBAY_4
000023a6   USBOEPBCTY_4
000023a7   USBOEPSIZXY_4
000023a8   USBOEPCNF_5
000023a9   USBOEPBBAX_5
000023aa   USBOEPBCTX_5
000023ad   USBOEPBBAY_5
000023ae   USBOEPBCTY_5
000023af   USBOEPSIZXY_5
000023b0   USBOEPCNF_6
000023b1   USBOEPBBAX_6
000023b2   USBOEPBCTX_6
000023b5   USBOEPBBAY_6
000023b6   USBOEPBCTY_6
000023b7   USBOEPSIZXY_6
000023b8   USBOEPCNF_7
000023b9   USBOEPBBAX_7
000023ba   USBOEPBCTX_7
000023bd   USBOEPBBAY_7
000023be   USBOEPBCTY_7
000023bf   USBOEPSIZXY_7
000023c8   USBIEPCNF_1
000023c8   tInputEndPointDescriptorBlock
000023c9   USBIEPBBAX_1
000023ca   USBIEPBCTX_1
000023cd   USBIEPBBAY_1
000023ce   USBIEPBCTY_1
000023cf   USBIEPSIZXY_1
000023d0   USBIEPCNF_2
000023d1   USBIEPBBAX_2
000023d2   USBIEPBCTX_2
000023d5   USBIEPBBAY_2
000023d6   USBIEPBCTY_2
000023d7   USBIEPSIZXY_2
000023d8   USBIEPCNF_3
000023d9   USBIEPBBAX_3
000023da   USBIEPBCTX_3
000023dd   USBIEPBBAY_3
000023de   USBIEPBCTY_3
000023df   USBIEPSIZXY_3
000023e0   USBIEPCNF_4
000023e1   USBIEPBBAX_4
000023e2   USBIEPBCTX_4
000023e5   USBIEPBBAY_4
000023e6   USBIEPBCTY_4
000023e7   USBIEPSIZXY_4
000023e8   USBIEPCNF_5
000023e9   USBIEPBBAX_5
000023ea   USBIEPBCTX_5
000023ed   USBIEPBBAY_5
000023ee   USBIEPBCTY_5
000023ef   USBIEPSIZXY_5
000023f0   USBIEPCNF_6
000023f1   USBIEPBBAX_6
000023f2   USBIEPBCTX_6
000023f5   USBIEPBBAY_6
000023f6   USBIEPBCTY_6
000023f7   USBIEPSIZXY_6
000023f8   USBIEPCNF_7
000023f9   USBIEPBBAX_7
000023fa   USBIEPBCTX_7
000023fd   USBIEPBBAY_7
000023fe   USBIEPBCTY_7
000023ff   USBIEPSIZXY_7
00002400   .bss
00002400   __bss__
00002794   cb
00002808   cb_test
0000287c   cb_sim
000028f0   vc
00002a20   fnm
000031e8   s9axis
000033cc   compass_low_pass_filter_coeff
00003490   mag_disturb
000035a6   _Denorm
000035b6   _Eps
000035c6   _Hugeval
000035d6   _Inf
000035e6   _Nan
000035f6   _Snan
00003606   _Rteps
00003616   _Xbig
0000361a   _Zero
0000361e   flag_byte_1
00003620   int_param
00003628   buttonsPressed
00003629   button2PressedCount
0000362a   button1PressedCount
0000362c   sec3Count
0000362e   tcntr
00003630   NoMotion_flag
00003632   count
00003636   s
0000363c   is_uart_enable
0000365c   rx_new
0000365e   mpl_key
00003662   cntr_blink_red
00003664   cntr_blink_blue
00003678   prev_timestamp
0000367c   pressure
0000367e   humidity
00003680   temperture
00003682   light
00003684   uv_index
00003686   fInvokeBSL
00003688   current_timestamp
0000368c   time_curr
000036fa   _FDenorm
0000370a   _FEps
0000371a   _FInf
0000372a   _FNan
0000373a   _FSnan
0000374a   _FRteps
0000375a   _FXbig
0000375e   _FZero
00003808   wBytesRemainingOnIEP0
0000380a   wBytesRemainingOnOEP0
00003816   abUsbRequestReturnData
0000381e   abUsbRequestIncomingData
00003826   abramSerialStringDescriptor
00003848   bStatusAction
00003849   bFunctionSuspended
0000384a   bEnumerationStatus
0000384c   wUsbEventMask
0000384e   data
0000386c   ic_sht21
00003874   ic_hspad32
0000387c   ic_cm3512
00003884   ic_cm36682
0000388d   interrupt_detect_flag
00003956   USB_TX_memcpy
0000395a   USB_RX_memcpy
0000395e   _lock
00003962   _unlock
00003966   _cleanup_ptr
0000396a   _dtors_ptr
0000396e   _Fenv
00003972   _Tls_setup__Fenv
0000397e   _Errno
00003980   __end__
00003980   end
00003dc0   _stack
00004400   __STACK_END
00004400   iUsbInterruptHandler
00004548   I2C_ISR
00004602   P2_ISR
0000467a   P1_ISR
000046ee   UART_ISR
00004736   TIMERB0_ISR
0000477c   UNMI_ISR
000047b2   _c_int00
000047b2   _c_int00_noexit
000047dc   TIMER2_A0_ISR
000047f2   USCI_B1_ISR
00004804   TIMER1_A0_ISR
00004810   __cinit__
00004810   cinit
00004b06   inv_compute_bias
00005d9c   inv_center_sum
000065f4   main
00006dee   inv_process_compass_only_cal
00007558   inv_perform_9x_fusion
000080a2   inv_generate_accel_gyro_quaternion
000084fc   inv_set_terms
00008d8a   inv_check_magnetic_disturbance
000091b6   __divull
000098b6   inv_get_sensor_type_euler
00009c00   inv_fast_nomot_parameter
0000a272   inv_generate_fast_nomot
0000a592   run_self_test
0000aada   inv_check_sample_balance
0000ad56   eMPL_send_data
0000b240   _Log
0000b4ac   inv_filter_correction_angle
0000bbae   mpu_lp_motion_interrupt
0000bdf8   _FSin
0000c256   inv_q_multf
0000c472   _printfi
0000c680   dmp_read_fifo
0000c884   inv_q_normalizef
0000ca84   inv_generate_gyro_quaternion
0000cc80   inv_quaternion_to_rotation
0000ce7c   USBCDC_receiveData
0000d068   mpu_read_fifo
0000d254   inv_combine_compass_data
0000d41a   dmp_enable_feature
0000d5dc   dmp_set_gyro_bias
0000d798   inv_check_sim
0000d952   ComputeAngleVelocity
0000db06   inv_fast_nomot_set_gyro_bias
0000e014   mpu_reset_fifo
0000e1be   fmodf
0000e364   inv_q_mult
0000e832   dmp_set_tap_thresh
0000e9b6   mpu_init
0000eb3a   dmp_set_orientation
0000efa8   inv_fast_nomot_store_data
0000f282   CdcToHostFromBuffer
0000f540   mpu_set_sensors
0000f694   inv_compass_angle
0000f7dc   setup_all_sensors
0000f922   _FAtan
0000fa64   USB_reset
0000fba4   __divlli
0000fe24   inv_q_norm4
0000ff60   Buttons_interruptEnable
0000fffe   _reset_vector
00010000   __fs_sub
00010006   __fs_add
00010130   _Dscale
00010376   sqrt
00010494   sqrtf
000105b2   CdcToBufferFromHost
000106ce   _FDscale
000107ea   inv_get_sensor_type_heading
000108fa   msp430_reg_int_cb
00010a0a   eMPL_send_quat
00010b18   atan2f
00010d24   mpu_set_bypass
00011128   inv_sort_order_4_T
0001121e   acosf
000113fe   inv_process_9x_sensor_fusion_cb
000114e6   Init_FLL
000115cc   _MLPrintLog
000116b0   inv_detect_motion_by_gyro_accel
00011794   mpu_lp_accel_mode
00011878   _fltllid
0001195a   make_protocol
00011b1c   inv_apply_calibration
00011bfa   inv_register_data_cb
00011cd6   USB_InitSerialStringDescriptor
00011db0   inv_sensor_data_preprocess
00011f4e   mpu_get_compass_reg
0001201a   inv_init_mpl
000120e4   send_status_compass
000121ae   inv_load_mpl_states
00012274   dmp_set_interrupt_mode
00012338   mpu_load_firmware
000124b6   inv_init_maxmin
00012572   mpu_run_self_test
00012628   __fs_mpy
000126de   inv_convert_to_body_with_scale
00012844   inv_track_dip_angle
000128f6   mpu_read_fifo_stream
000129a8   USBCDC_intfStatus
00012a58   inv_get_gravity
00012b08   msp430_i2c_read_uv
00012bb8   msp430_clock_init
00012c66   msp430_i2c_read_new
00012d14   mpu_set_sample_rate
00012f10   inv_add_compass_block_data
00012fb8   mpu_get_temperature
0001305c   CMD_PP
000130fa   inv_cheap_rand
00013198   msp430_i2c_write_new
00013236   inv_get_current_calibrated_compass
0001336e   FlashReadWrite_Test
00013408   msp430_i2c_read
000134a2   msp430_i2c_write
0001353c   MagDisturbSetDisturbance
000135d4   FlashID_Test
0001366a   USB_connectionState
00013700   inv_build_compass
00013796   inv_save_mpl_states
0001382c   _Dnorm
000138be   __fs_div
000139d8   _FDnorm
00013a64   inv_set_gyro_bias
00013af0   usbDecodeAndProcessUsbRequest
00013b7c   USBCDC_bytesInUSBBuffer
00013c8e   inv_init_fast_nomot
00013d16   USB_enable
00013e22   get_ht_data
00013ea8   inv_register_load_store
00013f2e   _fixdlli
00013fb2   inv_build_accel
00014036   mpu_set_lpf
000140ba   inv_fast_nomot_store_data_compass
0001413c   mpu_set_dmp_state
000141be   Mag3ofNormalizedLong
0001423e   dmp_set_orient_thresh
000142be   ltoa
0001433e   CMD_READ
0001443a   inv_cheap_gaussian
000144b8   inv_init_vector_compass_cal
00014536   mpu_set_gyro_fsr
000145b4   __fs_tol
00014632   USBCDC_sendData
000146aa   inv_q_addf
00014722   mpu_get_accel_reg
0001479a   msp430_i2c_enable
00014888   get_uv_data
000148fc   inv_execute_on_data
00014970   usbSendNextPacketOnIEP0
000149e4   CopyUsbToBuff
00014a56   cdcSendDataWaitTilDone
00014ac8   inv_get_last_timestamp
00014b3a   mpu_reg_dump
00014bac   mpu_set_accel_fsr
00014c1e   get_pressure_data
00014c8e   usbGetEndpointStatus
00014cfe   CMD_SE
00014d6c   cdcSendDataInBackground
00014e48   dmp_set_fifo_rate
00014eb4   dmp_get_pedometer_walk_time
00014f1c   inv_set_accel_bias
00014f84   inv_unregister_data_cb
00014fec   mpu_write_mem
00015054   __fs_toi
00015122   mpu_configure_fifo
00015188   msp430_int_enable
000151ee   _Dunscale
00015252   _FDunscale
000152b6   inv_get_linear_accel
0001531a   mlMatrixVectorMult
0001537e   CMD_RDID
000153e0   atoi
00015442   inv_q_rotate
000154a4   inv_reset_compass_soft_iron_matrix
00015504   inv_set_compass_bias
00015564   max17048_probe
000155c4   mpu_get_lpf
00015624   mpu_set_int_latched
000156e4   inv_q_add
00015742   mpu_read_mem
000157a0   probe_alpsHS_p_chip
000157fe   inv_init_magnetic_disturbance
0001585a   inv_magnetic_disturbance_process
000158b6   MagDisturbCheckSettling
00015910   __mpyll_f5hw
0001596a   inv_generate_vector_compass_cal
000159c4   inv_init_results_holder
00015a1e   inv_record_max_moment_in_no_motion_accel
00015a78   inv_record_max_moment_in_no_motion_gyro
00015ad2   Get_TLV_Info
00015b2a   USB_init
00015b82   get_light_data
00015bda   inv_record_min_moment_in_motion_accel
00015c32   inv_record_min_moment_in_motion_gyro
00015c8a   __divul
00015c8a   __remul
00015ce2   CMD_REMS
00015d38   _auto_init
00015d8e   mpu_set_compass_sample_rate
00015de4   dmp_get_pedometer_step_count
00015e38   inv_get_quaternion_set
00015e8c   inv_q_invert
00015ee0   load_calibration
00015f34   mpu_get_gyro_sens
00015fdc   init_timer_A1
0001602e   inv_reset_min_max_gyro_accel_statistics
00016080   usbGetLineCoding
000160d2   dmp_enable_6x_lp_quat
00016122   dmp_enable_lp_quat
000161c2   inv_set_default_number_of_samples
000162fc   usbGetStringDescriptor
0001634a   dmp_set_shake_reject_thresh
00016396   inv_q_invertf
000163e2   inv_start_fast_nomot
0001642e   msp430_clock_enable
0001647a   probe_cm3512_uv_chip
000164c6   check_for_usb_state
00016510   inv_set_compass_soft_iron_input_data
0001655a   inv_start_mpl
000165a4   __fs_cmp
000165ee   __fs_ltof
00016638   inv_init_9x_fusion
00016680   usbReceiveNextPacketOnOEP0
00016754   get_eMPL_version
0001679a   inv_fast_nomot_reset_data_compass
000167e0   inv_init_quaternion
00016826   mpu_get_accel_sens
0001686c   __fs_tou
000168b2   usbClearEndpointFeature
000168f8   SetupPacketInterruptHandler
0001693c   __asrll
00016980   max17048_get_battery_soc
000169c4   mpu_get_gyro_fsr
00016a08   usbSetEndpointFeature
00016a4c   PWRVBUSoffHandler
00016a8e   inv_start_quaternion
00016ad0   msp430_uart_init
00016b12   probe_cm3668_lp_chip
00016b54   CdcResetData
00016b94   SendFlashAddr
00016bd4   cdcReceiveDataInBuffer
00016c14   inv_build_gyro
00016c54   inv_init_data_builder
00016c94   inv_set_motion_state
00016cd4   mpu_get_accel_fsr
00016d14   msp430_i2c_recover
00016d54   __divli
00016d54   __remli
00016d94   Handler_SetLineCoding
00016dd2   SetVCore
00016e10   __lslll
00016e4e   __lsrll
00016e8c   inv_fast_nomot_parameter_compass
00016eca   inv_set_accel_sample_rate
00016f08   inv_set_compass_sample_rate
00016f46   inv_set_gyro_sample_rate
00016f84   L_ASR_15
00016f88   L_ASR_14
00016f8c   L_ASR_13
00016f90   L_ASR_12
00016f94   L_ASR_11
00016f98   L_ASR_10
00016f9c   L_ASR_9
00016fa0   L_ASR_8
00016fa4   L_ASR_7
00016fa8   L_ASR_6
00016fac   L_ASR_5
00016fb0   L_ASR_4
00016fb4   L_ASR_3
00016fb8   L_ASR_2
00016fbc   L_ASR_1
00016fc2   L_LSL_15
00016fc6   L_LSL_14
00016fca   L_LSL_13
00016fce   L_LSL_12
00016fd2   L_LSL_11
00016fd6   L_LSL_10
00016fda   L_LSL_9
00016fde   L_LSL_8
00016fe2   L_LSL_7
00016fe6   L_LSL_6
00016fea   L_LSL_5
00016fee   L_LSL_4
00016ff2   L_LSL_3
00016ff6   L_LSL_2
00016ffa   L_LSL_1
00017000   L_LSR_15
00017004   L_LSR_14
00017008   L_LSR_13
0001700c   L_LSR_12
00017010   L_LSR_11
00017014   L_LSR_10
00017018   L_LSR_9
0001701c   L_LSR_8
00017020   L_LSR_7
00017024   L_LSR_6
00017028   L_LSR_5
0001702c   L_LSR_4
00017030   L_LSR_3
00017034   L_LSR_2
00017038   L_LSR_1
0001703e   Init_TimerA2
0001707a   _FDtest
000170b6   dmp_set_pedometer_walk_time
000170f2   inv_get_compass_set
0001712e   inv_get_quaternion
00017168   vsprintf
000171da   inv_init_check_sample_balance
00017212   inv_init_gyro_ts
0001724a   inv_reset_data_collection
00017282   probe_sht21_th_chip
000172ba   signal
000172f2   _Feraise
00017328   msp430_delay_ms
0001735e   __fs_itof
00017394   XT1_Start
000173c8   dmp_set_tap_axes
000173fc   feraiseexcept
00017430   inv_build_quat
00017464   inv_cosf
00017498   inv_enable_gyro_tc
000174cc   inv_get_accel_set
00017500   Init_FLL_Settle
00017532   USB_connectionInfo
00017564   USB_suspend
00017596   dmp_set_pedometer_step_count
000175c8   inv_checksum
0001765e   raise
00017690   __fs_ultof
000176c2   showBatteryStatus
000176f4   FlashWrite_8
00017724   PWRVBUSonHandler
00017754   XT2_Start
00017784   inv_get_gyro_set
000177e4   inv_sinf
00017814   CMD_RES
00017842   OEP0InterruptHandler
00017870   inv_execute_mpl_start_notification
0001789e   memmove
000178cc   test_flash
000178fa   WaitFlashReady
00017926   inv_get_gyro_sum_of_sqr
00017952   inv_get_sensor_type_quat
000179aa   __divi
000179aa   __remi
000179d6   usbGetDeviceStatus
00017a02   __mpysll_f5hw
00017a2c   dmp_set_tap_count
00017a80   inv_get_sensor_type_rot_mat
00017aaa   inv_orientation_matrix_to_scalar
00017ad4   USB_initMemcpy
00017afc   inv_get_gyro_bias
00017b24   memcpyDMA0
00017b4c   msp430_init_spi_usb1
00017b74   CMD_RDSCUR
00017b9a   CMD_RDSR
00017bc0   checkClicked
00017be6   dmp_set_orient_time
00017c0c   dmp_set_shake_reject_time
00017c32   dmp_set_shake_reject_timeout
00017c58   dmp_set_tap_time
00017c7e   dmp_set_tap_time_multi
00017ca4   inv_build_temp
00017cca   msp430_uart_tx
00017cf0   read_data
00017d16   read_data_uv
00017d3c   write_data
00017d62   Flash_SegmentErase
00017d86   checkClick
00017dce   inv_set_compass_correction
00017df2   inv_store_gaming_quaternion
00017e16   msp430_i2c_disable
00017e3a   __fs_utof
00017e5e   USB_disable
00017ea2   inv_register_mpl_start_notification
00017ec4   inv_set_message
00017ee6   __mpyl_f5hw
00017f08   usbSetAddress
00017f4a   inv_get_compass_correction
00017f6a   memccpy
00017f8a   usbSendDataPacketOnEP0
00017faa   usbSetConfiguration
00017fca   GetByte
00017fe8   inv_init_check_sample_balance_parameter
00018006   usbGetInterface
00018024   usbGetInterfaceStatus
00018042   IEP0InterruptHandler
0001805e   dmp_set_orient_axes
0001807a   inv_init_storage_manager
00018096   inv_set_quat_sample_rate
000180b2   msp430_int_init
000180ce   CdcIsReceiveInProgress
000180e8   InsertDummyCycle
00018102   USB_connect
0001811c   __mpysl_f5hw
00018136   inv_enable_magnetic_disturbance
00018150   inv_get_compass_soft_iron_output_data
0001816a   inv_q29_mult
00018184   inv_q30_mult
0001819e   usbClearDeviceFeature
000181b8   usbSetDeviceFeature
000181d2   Flash_EraseCheck
000181ea   USB_resume
00018202   _FDclass
0001821a   inv_enable_9x_sensor_fusion
00018232   inv_enable_fast_nomot
00018262   inv_init_start_manager
0001827a   inv_set_accel_orientation_and_scale
00018292   inv_set_compass_orientation_and_scale
000182aa   inv_set_gyro_orientation_and_scale
000182c2   msp430_get_clock_ms
000182da   CMD_WREN
000182f0   IsFlash4Byte
00018306   inv_get_message_level_0
0001831c   llabs
00018332   memset
00018348   __divu
00018348   __remu
0001835e   __mpyi_f5hw
00018374   srand
0001838a   usbGetConfigurationDescriptor
000183a0   usbGetDeviceDescriptor
000183b6   USB_handleVbusOnEvent
000183de   dmp_load_motion_driver_firmware
000183f2   inv_fast_nomot_get_time_elaps
00018406   inv_start_results_holder
0001841a   memcpy
0001842e   mpu_get_sample_rate
00018442   usbGetConfiguration
00018456   inv_enable_eMPL_outputs
00018468   inv_enable_quaternion
0001847a   inv_enable_results_holder
0001848c   inv_enable_vector_compass_cal
0001849e   inv_get_compass_bias
000184b0   inv_get_sensor_type_accel
000184c2   inv_get_sensor_type_compass
000184d4   inv_get_sensor_type_gyro
000184e6   toupper
000184f8   usbReceiveDataPacketOnEP0
0001850a   usbSetInterface
0001851c   IsFlashBusy
0001853c   inv_get_6axis_quaternion
0001854c   inv_get_gyro_bias_tc_set
0001855c   inv_get_mag_accuracy
0001856c   inv_set_magnetic_disturbance
0001858c   L_LSR
0001859c   msp430_get_smclk_freq
000185ac   Stop_TimerA2
000185ba   inv_get_accel_on
000185c8   inv_get_compass_on
000185d6   inv_get_gyro_on
000185e4   inv_set_compass_bias_error
000185f2   inv_start_9x_sensor_fusion
00018600   inv_start_gyro_tc
0001860e   inv_start_magnetic_disturbance
0001861c   inv_start_vector_compass_cal
0001862a   labs
00018638   mpu_get_compass_fsr
00018646   set_sensor_orientation_and_scale
00018654   strlen
00018662   usbInvalidRequest
00018670   usbSendZeroLengthPacketOnIEP0
0001867e   inv_get_gyro
0001868a   inv_get_local_field
00018696   inv_get_motion_state
000186a2   inv_get_version
000186ae   msp430_spi_send
000186ba   usbSetLineCoding
000186c6   Initial_Spi
000186d0   SendByte
000186da   abs
000186e4   dmp_get_fifo_rate
000186ee   inv_get_mpl_state_size
000186f8   mpu_get_fifo_config
00018702   msp430_uart_disable
0001870c   msp430_uart_enable
00018716   __fs_neg
00018720   I_LSL
0001872a   I_LSR
00018734   usbStallEndpoint0
0001873e   USBCDC_handleDataReceived
00018746   USB_handleVbusOffEvent
0001874e   USB_setEnabledEvents
00018756   XT2_Stop
0001875e   dmp_register_orient_cb
00018766   dmp_register_tap_cb
0001876e   inv_9x_fusion_enable_jitter_reduction
00018776   inv_9x_fusion_use_timestamps
0001877e   inv_disable_dip_tracking
00018786   inv_generate_results
0001878e   inv_stop_magnetic_disturbance
00018796   msp430_get_uart_rx_data
0001879e   usbSetControlLineState
000187a6   Buttons_interruptDisable
000187ac   CS_High
000187b2   CS_Low
000187b8   cosf
000187be   get_spi_rx_interrupt_flag
000187c4   inv_accel_was_turned_off
000187ca   inv_compass_was_turned_off
000187d0   inv_disable_compass_soft_iron_matrix
000187d6   inv_get_acc_state
000187dc   inv_get_accel_accuracy
000187e2   inv_get_compass_state
000187e8   inv_get_gyro_accuracy
000187ee   inv_get_large_mag_field
000187f4   inv_get_magnetic_disturbance_state
000187fa   inv_got_compass_bias
00018800   inv_gyro_was_turned_off
00018806   inv_quaternion_sensor_was_turned_off
0001880c   inv_set_compass_bias_found
00018812   inv_set_compass_disturbance
00018818   inv_set_compass_state
0001881e   log
0001882a   set_spi_rx_interrupt_flag
00018830   sinf
00018836   usbClearOEP0ByteCount
0001883c   usbStallOEP0
00018842   USBCDC_handleReceiveCompleted
00018846   USBCDC_handleSendCompleted
0001884a   USBCDC_handleSetLineCoding
0001884e   USB_handleClockEvent
00018852   USB_handleEnumCompleteEvent
00018856   USB_handleResetEvent
0001885a   USB_handleResumeEvent
0001885e   USB_handleSuspendEvent
00018862   _system_pre_init
00018866   C$$EXIT
00018866   abort
0001886a   _nop
00019466   sin_lookup
00019c5e   tUsbRequestList
00019d68   _ctypes_
00019e6a   abromStringDescriptor
00019ef4   reg
00019f1c   hw
00019f2a   test
00019fe2   abromConfigurationDescriptorGroup
0001a0c4   ml_ver
0001a0d8   abromDeviceDescriptor
0001a11a   stUsbHandle
ffffffff   .text
ffffffff   __binit__
ffffffff   __c_args__
ffffffff   __etext__
ffffffff   __pinit__
ffffffff   __text__
ffffffff   binit
ffffffff   etext
ffffffff   pinit

[1393 symbols]
