<?xml version="1.0"?>
<link_info>
   <banner>MSP430 Linker PC v4.1.7</banner>
   <copyright>Copyright (c) 2003-2013 Texas Instruments Incorporated</copyright>
   <link_time>0x58b523c7</link_time>
   <output_file>CA-SDK-firmware.out</output_file>
   <entry_point>
      <name>_c_int00</name>
      <address>0x47b2</address>
   </entry_point>
   <input_file_list>
      <input_file id="fl-2">
         <path>.\core\driver\MX25L25635E\</path>
         <kind>object</kind>
         <file>MX25_APP.obj</file>
         <name>MX25_APP.obj</name>
      </input_file>
      <input_file id="fl-3">
         <path>.\core\driver\MX25L25635E\</path>
         <kind>object</kind>
         <file>MX25_CMD.obj</file>
         <name>MX25_CMD.obj</name>
      </input_file>
      <input_file id="fl-4">
         <path>.\core\driver\battery_management\</path>
         <kind>object</kind>
         <file>max17048_driver.obj</file>
         <name>max17048_driver.obj</name>
      </input_file>
      <input_file id="fl-5">
         <path>.\core\driver\eMPL\</path>
         <kind>object</kind>
         <file>inv_mpu.obj</file>
         <name>inv_mpu.obj</name>
      </input_file>
      <input_file id="fl-6">
         <path>.\core\driver\eMPL\</path>
         <kind>object</kind>
         <file>inv_mpu_dmp_motion_driver.obj</file>
         <name>inv_mpu_dmp_motion_driver.obj</name>
      </input_file>
      <input_file id="fl-7">
         <path>.\core\driver\env_sensors\</path>
         <kind>object</kind>
         <file>sensor_probe.obj</file>
         <name>sensor_probe.obj</name>
      </input_file>
      <input_file id="fl-8">
         <path>.\core\driver\msp430\F5xx_F6xx_Core_Lib\</path>
         <kind>object</kind>
         <file>HAL_FLASH.obj</file>
         <name>HAL_FLASH.obj</name>
      </input_file>
      <input_file id="fl-9">
         <path>.\core\driver\msp430\F5xx_F6xx_Core_Lib\</path>
         <kind>object</kind>
         <file>HAL_PMAP.obj</file>
         <name>HAL_PMAP.obj</name>
      </input_file>
      <input_file id="fl-a">
         <path>.\core\driver\msp430\F5xx_F6xx_Core_Lib\</path>
         <kind>object</kind>
         <file>HAL_PMM.obj</file>
         <name>HAL_PMM.obj</name>
      </input_file>
      <input_file id="fl-b">
         <path>.\core\driver\msp430\F5xx_F6xx_Core_Lib\</path>
         <kind>object</kind>
         <file>HAL_TLV.obj</file>
         <name>HAL_TLV.obj</name>
      </input_file>
      <input_file id="fl-c">
         <path>.\core\driver\msp430\F5xx_F6xx_Core_Lib\</path>
         <kind>object</kind>
         <file>HAL_UCS.obj</file>
         <name>HAL_UCS.obj</name>
      </input_file>
      <input_file id="fl-d">
         <path>.\core\driver\msp430\USB_API\USB_CDC_API\</path>
         <kind>object</kind>
         <file>UsbCdc.obj</file>
         <name>UsbCdc.obj</name>
      </input_file>
      <input_file id="fl-e">
         <path>.\core\driver\msp430\USB_API\USB_Common\</path>
         <kind>object</kind>
         <file>dma.obj</file>
         <name>dma.obj</name>
      </input_file>
      <input_file id="fl-f">
         <path>.\core\driver\msp430\USB_API\USB_Common\</path>
         <kind>object</kind>
         <file>usb.obj</file>
         <name>usb.obj</name>
      </input_file>
      <input_file id="fl-10">
         <path>.\core\driver\msp430\USB_API\USB_HID_API\</path>
         <kind>object</kind>
         <file>UsbHid.obj</file>
         <name>UsbHid.obj</name>
      </input_file>
      <input_file id="fl-11">
         <path>.\core\driver\msp430\USB_API\USB_HID_API\</path>
         <kind>object</kind>
         <file>UsbHidReq.obj</file>
         <name>UsbHidReq.obj</name>
      </input_file>
      <input_file id="fl-12">
         <path>.\core\driver\msp430\USB_API\USB_MSC_API\</path>
         <kind>object</kind>
         <file>UsbMscReq.obj</file>
         <name>UsbMscReq.obj</name>
      </input_file>
      <input_file id="fl-13">
         <path>.\core\driver\msp430\USB_API\USB_MSC_API\</path>
         <kind>object</kind>
         <file>UsbMscScsi.obj</file>
         <name>UsbMscScsi.obj</name>
      </input_file>
      <input_file id="fl-14">
         <path>.\core\driver\msp430\USB_API\USB_MSC_API\</path>
         <kind>object</kind>
         <file>UsbMscStateMachine.obj</file>
         <name>UsbMscStateMachine.obj</name>
      </input_file>
      <input_file id="fl-15">
         <path>.\core\driver\msp430\USB_API\USB_PHDC_API\</path>
         <kind>object</kind>
         <file>UsbPHDC.obj</file>
         <name>UsbPHDC.obj</name>
      </input_file>
      <input_file id="fl-16">
         <path>.\core\driver\msp430\USB_eMPL\</path>
         <kind>object</kind>
         <file>UsbIsr.obj</file>
         <name>UsbIsr.obj</name>
      </input_file>
      <input_file id="fl-17">
         <path>.\core\driver\msp430\USB_eMPL\</path>
         <kind>object</kind>
         <file>descriptors.obj</file>
         <name>descriptors.obj</name>
      </input_file>
      <input_file id="fl-18">
         <path>.\core\driver\msp430\USB_eMPL\</path>
         <kind>object</kind>
         <file>log_msp430.obj</file>
         <name>log_msp430.obj</name>
      </input_file>
      <input_file id="fl-19">
         <path>.\core\driver\msp430\USB_eMPL\</path>
         <kind>object</kind>
         <file>usbConstructs.obj</file>
         <name>usbConstructs.obj</name>
      </input_file>
      <input_file id="fl-1a">
         <path>.\core\driver\msp430\USB_eMPL\</path>
         <kind>object</kind>
         <file>usbEventHandling.obj</file>
         <name>usbEventHandling.obj</name>
      </input_file>
      <input_file id="fl-1b">
         <path>.\core\driver\msp430\</path>
         <kind>object</kind>
         <file>msp430_clock.obj</file>
         <name>msp430_clock.obj</name>
      </input_file>
      <input_file id="fl-1c">
         <path>.\core\driver\msp430\</path>
         <kind>object</kind>
         <file>msp430_i2c.obj</file>
         <name>msp430_i2c.obj</name>
      </input_file>
      <input_file id="fl-1d">
         <path>.\core\driver\msp430\</path>
         <kind>object</kind>
         <file>msp430_interrupt.obj</file>
         <name>msp430_interrupt.obj</name>
      </input_file>
      <input_file id="fl-1e">
         <path>.\core\driver\msp430\</path>
         <kind>object</kind>
         <file>msp430_spi.obj</file>
         <name>msp430_spi.obj</name>
      </input_file>
      <input_file id="fl-1f">
         <path>.\core\driver\msp430\</path>
         <kind>object</kind>
         <file>msp430_uart.obj</file>
         <name>msp430_uart.obj</name>
      </input_file>
      <input_file id="fl-20">
         <path>.\core\eMPL-hal\</path>
         <kind>object</kind>
         <file>eMPL_outputs.obj</file>
         <name>eMPL_outputs.obj</name>
      </input_file>
      <input_file id="fl-21">
         <path>.\core\mllite\</path>
         <kind>object</kind>
         <file>data_builder.obj</file>
         <name>data_builder.obj</name>
      </input_file>
      <input_file id="fl-22">
         <path>.\core\mllite\</path>
         <kind>object</kind>
         <file>hal_outputs.obj</file>
         <name>hal_outputs.obj</name>
      </input_file>
      <input_file id="fl-23">
         <path>.\core\mllite\</path>
         <kind>object</kind>
         <file>message_layer.obj</file>
         <name>message_layer.obj</name>
      </input_file>
      <input_file id="fl-24">
         <path>.\core\mllite\</path>
         <kind>object</kind>
         <file>ml_math_func.obj</file>
         <name>ml_math_func.obj</name>
      </input_file>
      <input_file id="fl-25">
         <path>.\core\mllite\</path>
         <kind>object</kind>
         <file>mlmath.obj</file>
         <name>mlmath.obj</name>
      </input_file>
      <input_file id="fl-26">
         <path>.\core\mllite\</path>
         <kind>object</kind>
         <file>mpl.obj</file>
         <name>mpl.obj</name>
      </input_file>
      <input_file id="fl-27">
         <path>.\core\mllite\</path>
         <kind>object</kind>
         <file>results_holder.obj</file>
         <name>results_holder.obj</name>
      </input_file>
      <input_file id="fl-28">
         <path>.\core\mllite\</path>
         <kind>object</kind>
         <file>start_manager.obj</file>
         <name>start_manager.obj</name>
      </input_file>
      <input_file id="fl-29">
         <path>.\core\mllite\</path>
         <kind>object</kind>
         <file>storage_manager.obj</file>
         <name>storage_manager.obj</name>
      </input_file>
      <input_file id="fl-2a">
         <path>.\simple_apps\msp430\</path>
         <kind>object</kind>
         <file>mllite_test.obj</file>
         <name>mllite_test.obj</name>
      </input_file>
      <input_file id="fl-32">
         <path>..\core\mpl\</path>
         <kind>archive</kind>
         <file>libmplmpu.lib</file>
         <name>quaternion_supervisor.obj</name>
      </input_file>
      <input_file id="fl-33">
         <path>..\core\mpl\</path>
         <kind>archive</kind>
         <file>libmplmpu.lib</file>
         <name>mag_disturb.obj</name>
      </input_file>
      <input_file id="fl-34">
         <path>..\core\mpl\</path>
         <kind>archive</kind>
         <file>libmplmpu.lib</file>
         <name>gyro_tc.obj</name>
      </input_file>
      <input_file id="fl-35">
         <path>..\core\mpl\</path>
         <kind>archive</kind>
         <file>libmplmpu.lib</file>
         <name>fusion_9axis.obj</name>
      </input_file>
      <input_file id="fl-36">
         <path>..\core\mpl\</path>
         <kind>archive</kind>
         <file>libmplmpu.lib</file>
         <name>fast_no_motion.obj</name>
      </input_file>
      <input_file id="fl-37">
         <path>..\core\mpl\</path>
         <kind>archive</kind>
         <file>libmplmpu.lib</file>
         <name>compass_vec_cal.obj</name>
      </input_file>
      <input_file id="fl-38">
         <path>..\core\mpl\</path>
         <kind>archive</kind>
         <file>libmplmpu.lib</file>
         <name>accel_auto_cal.obj</name>
      </input_file>
      <input_file id="fl-4e">
         <path>C:\ti\ccsv7\tools\compiler\msp430_4.1.7\lib\</path>
         <kind>archive</kind>
         <file>rts430x_lc_rd.lib</file>
         <name>abs.obj</name>
      </input_file>
      <input_file id="fl-4f">
         <path>C:\ti\ccsv7\tools\compiler\msp430_4.1.7\lib\</path>
         <kind>archive</kind>
         <file>rts430x_lc_rd.lib</file>
         <name>acos.obj</name>
      </input_file>
      <input_file id="fl-50">
         <path>C:\ti\ccsv7\tools\compiler\msp430_4.1.7\lib\</path>
         <kind>archive</kind>
         <file>rts430x_lc_rd.lib</file>
         <name>acosf.obj</name>
      </input_file>
      <input_file id="fl-51">
         <path>C:\ti\ccsv7\tools\compiler\msp430_4.1.7\lib\</path>
         <kind>archive</kind>
         <file>rts430x_lc_rd.lib</file>
         <name>asin.obj</name>
      </input_file>
      <input_file id="fl-52">
         <path>C:\ti\ccsv7\tools\compiler\msp430_4.1.7\lib\</path>
         <kind>archive</kind>
         <file>rts430x_lc_rd.lib</file>
         <name>asinf.obj</name>
      </input_file>
      <input_file id="fl-53">
         <path>C:\ti\ccsv7\tools\compiler\msp430_4.1.7\lib\</path>
         <kind>archive</kind>
         <file>rts430x_lc_rd.lib</file>
         <name>asr32.obj</name>
      </input_file>
      <input_file id="fl-54">
         <path>C:\ti\ccsv7\tools\compiler\msp430_4.1.7\lib\</path>
         <kind>archive</kind>
         <file>rts430x_lc_rd.lib</file>
         <name>atan.obj</name>
      </input_file>
      <input_file id="fl-55">
         <path>C:\ti\ccsv7\tools\compiler\msp430_4.1.7\lib\</path>
         <kind>archive</kind>
         <file>rts430x_lc_rd.lib</file>
         <name>atan2.obj</name>
      </input_file>
      <input_file id="fl-56">
         <path>C:\ti\ccsv7\tools\compiler\msp430_4.1.7\lib\</path>
         <kind>archive</kind>
         <file>rts430x_lc_rd.lib</file>
         <name>atan2f.obj</name>
      </input_file>
      <input_file id="fl-57">
         <path>C:\ti\ccsv7\tools\compiler\msp430_4.1.7\lib\</path>
         <kind>archive</kind>
         <file>rts430x_lc_rd.lib</file>
         <name>boot.obj</name>
      </input_file>
      <input_file id="fl-58">
         <path>C:\ti\ccsv7\tools\compiler\msp430_4.1.7\lib\</path>
         <kind>archive</kind>
         <file>rts430x_lc_rd.lib</file>
         <name>ceil.obj</name>
      </input_file>
      <input_file id="fl-59">
         <path>C:\ti\ccsv7\tools\compiler\msp430_4.1.7\lib\</path>
         <kind>archive</kind>
         <file>rts430x_lc_rd.lib</file>
         <name>copy_decompress_none.obj</name>
      </input_file>
      <input_file id="fl-5a">
         <path>C:\ti\ccsv7\tools\compiler\msp430_4.1.7\lib\</path>
         <kind>archive</kind>
         <file>rts430x_lc_rd.lib</file>
         <name>copy_decompress_rle.obj</name>
      </input_file>
      <input_file id="fl-5b">
         <path>C:\ti\ccsv7\tools\compiler\msp430_4.1.7\lib\</path>
         <kind>archive</kind>
         <file>rts430x_lc_rd.lib</file>
         <name>copy_zero_init.obj</name>
      </input_file>
      <input_file id="fl-5c">
         <path>C:\ti\ccsv7\tools\compiler\msp430_4.1.7\lib\</path>
         <kind>archive</kind>
         <file>rts430x_lc_rd.lib</file>
         <name>cos.obj</name>
      </input_file>
      <input_file id="fl-5d">
         <path>C:\ti\ccsv7\tools\compiler\msp430_4.1.7\lib\</path>
         <kind>archive</kind>
         <file>rts430x_lc_rd.lib</file>
         <name>cosf.obj</name>
      </input_file>
      <input_file id="fl-5e">
         <path>C:\ti\ccsv7\tools\compiler\msp430_4.1.7\lib\</path>
         <kind>archive</kind>
         <file>rts430x_lc_rd.lib</file>
         <name>div16s.obj</name>
      </input_file>
      <input_file id="fl-5f">
         <path>C:\ti\ccsv7\tools\compiler\msp430_4.1.7\lib\</path>
         <kind>archive</kind>
         <file>rts430x_lc_rd.lib</file>
         <name>div16u.obj</name>
      </input_file>
      <input_file id="fl-60">
         <path>C:\ti\ccsv7\tools\compiler\msp430_4.1.7\lib\</path>
         <kind>archive</kind>
         <file>rts430x_lc_rd.lib</file>
         <name>div32s.obj</name>
      </input_file>
      <input_file id="fl-61">
         <path>C:\ti\ccsv7\tools\compiler\msp430_4.1.7\lib\</path>
         <kind>archive</kind>
         <file>rts430x_lc_rd.lib</file>
         <name>div32u.obj</name>
      </input_file>
      <input_file id="fl-62">
         <path>C:\ti\ccsv7\tools\compiler\msp430_4.1.7\lib\</path>
         <kind>archive</kind>
         <file>rts430x_lc_rd.lib</file>
         <name>exit.obj</name>
      </input_file>
      <input_file id="fl-63">
         <path>C:\ti\ccsv7\tools\compiler\msp430_4.1.7\lib\</path>
         <kind>archive</kind>
         <file>rts430x_lc_rd.lib</file>
         <name>fixdlli.obj</name>
      </input_file>
      <input_file id="fl-64">
         <path>C:\ti\ccsv7\tools\compiler\msp430_4.1.7\lib\</path>
         <kind>archive</kind>
         <file>rts430x_lc_rd.lib</file>
         <name>floor.obj</name>
      </input_file>
      <input_file id="fl-65">
         <path>C:\ti\ccsv7\tools\compiler\msp430_4.1.7\lib\</path>
         <kind>archive</kind>
         <file>rts430x_lc_rd.lib</file>
         <name>fltllid.obj</name>
      </input_file>
      <input_file id="fl-66">
         <path>C:\ti\ccsv7\tools\compiler\msp430_4.1.7\lib\</path>
         <kind>archive</kind>
         <file>rts430x_lc_rd.lib</file>
         <name>fs_add.obj</name>
      </input_file>
      <input_file id="fl-67">
         <path>C:\ti\ccsv7\tools\compiler\msp430_4.1.7\lib\</path>
         <kind>archive</kind>
         <file>rts430x_lc_rd.lib</file>
         <name>fs_cmp.obj</name>
      </input_file>
      <input_file id="fl-68">
         <path>C:\ti\ccsv7\tools\compiler\msp430_4.1.7\lib\</path>
         <kind>archive</kind>
         <file>rts430x_lc_rd.lib</file>
         <name>fs_div.obj</name>
      </input_file>
      <input_file id="fl-69">
         <path>C:\ti\ccsv7\tools\compiler\msp430_4.1.7\lib\</path>
         <kind>archive</kind>
         <file>rts430x_lc_rd.lib</file>
         <name>fs_itof.obj</name>
      </input_file>
      <input_file id="fl-6a">
         <path>C:\ti\ccsv7\tools\compiler\msp430_4.1.7\lib\</path>
         <kind>archive</kind>
         <file>rts430x_lc_rd.lib</file>
         <name>fs_ltof.obj</name>
      </input_file>
      <input_file id="fl-6b">
         <path>C:\ti\ccsv7\tools\compiler\msp430_4.1.7\lib\</path>
         <kind>archive</kind>
         <file>rts430x_lc_rd.lib</file>
         <name>fs_mpy.obj</name>
      </input_file>
      <input_file id="fl-6c">
         <path>C:\ti\ccsv7\tools\compiler\msp430_4.1.7\lib\</path>
         <kind>archive</kind>
         <file>rts430x_lc_rd.lib</file>
         <name>fs_neg.obj</name>
      </input_file>
      <input_file id="fl-6d">
         <path>C:\ti\ccsv7\tools\compiler\msp430_4.1.7\lib\</path>
         <kind>archive</kind>
         <file>rts430x_lc_rd.lib</file>
         <name>fs_toi.obj</name>
      </input_file>
      <input_file id="fl-6e">
         <path>C:\ti\ccsv7\tools\compiler\msp430_4.1.7\lib\</path>
         <kind>archive</kind>
         <file>rts430x_lc_rd.lib</file>
         <name>fs_tol.obj</name>
      </input_file>
      <input_file id="fl-6f">
         <path>C:\ti\ccsv7\tools\compiler\msp430_4.1.7\lib\</path>
         <kind>archive</kind>
         <file>rts430x_lc_rd.lib</file>
         <name>fs_tou.obj</name>
      </input_file>
      <input_file id="fl-70">
         <path>C:\ti\ccsv7\tools\compiler\msp430_4.1.7\lib\</path>
         <kind>archive</kind>
         <file>rts430x_lc_rd.lib</file>
         <name>fs_ultof.obj</name>
      </input_file>
      <input_file id="fl-71">
         <path>C:\ti\ccsv7\tools\compiler\msp430_4.1.7\lib\</path>
         <kind>archive</kind>
         <file>rts430x_lc_rd.lib</file>
         <name>fs_utof.obj</name>
      </input_file>
      <input_file id="fl-72">
         <path>C:\ti\ccsv7\tools\compiler\msp430_4.1.7\lib\</path>
         <kind>archive</kind>
         <file>rts430x_lc_rd.lib</file>
         <name>llmath.obj</name>
      </input_file>
      <input_file id="fl-73">
         <path>C:\ti\ccsv7\tools\compiler\msp430_4.1.7\lib\</path>
         <kind>archive</kind>
         <file>rts430x_lc_rd.lib</file>
         <name>log.obj</name>
      </input_file>
      <input_file id="fl-74">
         <path>C:\ti\ccsv7\tools\compiler\msp430_4.1.7\lib\</path>
         <kind>archive</kind>
         <file>rts430x_lc_rd.lib</file>
         <name>lsl16.obj</name>
      </input_file>
      <input_file id="fl-75">
         <path>C:\ti\ccsv7\tools\compiler\msp430_4.1.7\lib\</path>
         <kind>archive</kind>
         <file>rts430x_lc_rd.lib</file>
         <name>lsl32.obj</name>
      </input_file>
      <input_file id="fl-76">
         <path>C:\ti\ccsv7\tools\compiler\msp430_4.1.7\lib\</path>
         <kind>archive</kind>
         <file>rts430x_lc_rd.lib</file>
         <name>lsr32.obj</name>
      </input_file>
      <input_file id="fl-77">
         <path>C:\ti\ccsv7\tools\compiler\msp430_4.1.7\lib\</path>
         <kind>archive</kind>
         <file>rts430x_lc_rd.lib</file>
         <name>memcpy.obj</name>
      </input_file>
      <input_file id="fl-78">
         <path>C:\ti\ccsv7\tools\compiler\msp430_4.1.7\lib\</path>
         <kind>archive</kind>
         <file>rts430x_lc_rd.lib</file>
         <name>memmov.obj</name>
      </input_file>
      <input_file id="fl-79">
         <path>C:\ti\ccsv7\tools\compiler\msp430_4.1.7\lib\</path>
         <kind>archive</kind>
         <file>rts430x_lc_rd.lib</file>
         <name>memset.obj</name>
      </input_file>
      <input_file id="fl-7a">
         <path>C:\ti\ccsv7\tools\compiler\msp430_4.1.7\lib\</path>
         <kind>archive</kind>
         <file>rts430x_lc_rd.lib</file>
         <name>mult1632_f5hw.obj</name>
      </input_file>
      <input_file id="fl-7b">
         <path>C:\ti\ccsv7\tools\compiler\msp430_4.1.7\lib\</path>
         <kind>archive</kind>
         <file>rts430x_lc_rd.lib</file>
         <name>mult16_f5hw.obj</name>
      </input_file>
      <input_file id="fl-7c">
         <path>C:\ti\ccsv7\tools\compiler\msp430_4.1.7\lib\</path>
         <kind>archive</kind>
         <file>rts430x_lc_rd.lib</file>
         <name>mult3264_f5hw.obj</name>
      </input_file>
      <input_file id="fl-7d">
         <path>C:\ti\ccsv7\tools\compiler\msp430_4.1.7\lib\</path>
         <kind>archive</kind>
         <file>rts430x_lc_rd.lib</file>
         <name>mult32_f5hw.obj</name>
      </input_file>
      <input_file id="fl-7e">
         <path>C:\ti\ccsv7\tools\compiler\msp430_4.1.7\lib\</path>
         <kind>archive</kind>
         <file>rts430x_lc_rd.lib</file>
         <name>mult64_f5hw.obj</name>
      </input_file>
      <input_file id="fl-7f">
         <path>C:\ti\ccsv7\tools\compiler\msp430_4.1.7\lib\</path>
         <kind>archive</kind>
         <file>rts430x_lc_rd.lib</file>
         <name>pow.obj</name>
      </input_file>
      <input_file id="fl-80">
         <path>C:\ti\ccsv7\tools\compiler\msp430_4.1.7\lib\</path>
         <kind>archive</kind>
         <file>rts430x_lc_rd.lib</file>
         <name>pre_init.obj</name>
      </input_file>
      <input_file id="fl-81">
         <path>C:\ti\ccsv7\tools\compiler\msp430_4.1.7\lib\</path>
         <kind>archive</kind>
         <file>rts430x_lc_rd.lib</file>
         <name>rand.obj</name>
      </input_file>
      <input_file id="fl-82">
         <path>C:\ti\ccsv7\tools\compiler\msp430_4.1.7\lib\</path>
         <kind>archive</kind>
         <file>rts430x_lc_rd.lib</file>
         <name>sin.obj</name>
      </input_file>
      <input_file id="fl-83">
         <path>C:\ti\ccsv7\tools\compiler\msp430_4.1.7\lib\</path>
         <kind>archive</kind>
         <file>rts430x_lc_rd.lib</file>
         <name>sinf.obj</name>
      </input_file>
      <input_file id="fl-84">
         <path>C:\ti\ccsv7\tools\compiler\msp430_4.1.7\lib\</path>
         <kind>archive</kind>
         <file>rts430x_lc_rd.lib</file>
         <name>sqrt.obj</name>
      </input_file>
      <input_file id="fl-85">
         <path>C:\ti\ccsv7\tools\compiler\msp430_4.1.7\lib\</path>
         <kind>archive</kind>
         <file>rts430x_lc_rd.lib</file>
         <name>sqrtf.obj</name>
      </input_file>
      <input_file id="fl-86">
         <path>C:\ti\ccsv7\tools\compiler\msp430_4.1.7\lib\</path>
         <kind>archive</kind>
         <file>rts430x_lc_rd.lib</file>
         <name>vsprintf.obj</name>
      </input_file>
      <input_file id="fl-87">
         <path>C:\ti\ccsv7\tools\compiler\msp430_4.1.7\lib\</path>
         <kind>archive</kind>
         <file>rts430x_lc_rd.lib</file>
         <name>xatan.obj</name>
      </input_file>
      <input_file id="fl-88">
         <path>C:\ti\ccsv7\tools\compiler\msp430_4.1.7\lib\</path>
         <kind>archive</kind>
         <file>rts430x_lc_rd.lib</file>
         <name>xdint.obj</name>
      </input_file>
      <input_file id="fl-89">
         <path>C:\ti\ccsv7\tools\compiler\msp430_4.1.7\lib\</path>
         <kind>archive</kind>
         <file>rts430x_lc_rd.lib</file>
         <name>xdscale.obj</name>
      </input_file>
      <input_file id="fl-8a">
         <path>C:\ti\ccsv7\tools\compiler\msp430_4.1.7\lib\</path>
         <kind>archive</kind>
         <file>rts430x_lc_rd.lib</file>
         <name>xdtest.obj</name>
      </input_file>
      <input_file id="fl-8b">
         <path>C:\ti\ccsv7\tools\compiler\msp430_4.1.7\lib\</path>
         <kind>archive</kind>
         <file>rts430x_lc_rd.lib</file>
         <name>xdunscal.obj</name>
      </input_file>
      <input_file id="fl-8c">
         <path>C:\ti\ccsv7\tools\compiler\msp430_4.1.7\lib\</path>
         <kind>archive</kind>
         <file>rts430x_lc_rd.lib</file>
         <name>xexp.obj</name>
      </input_file>
      <input_file id="fl-8d">
         <path>C:\ti\ccsv7\tools\compiler\msp430_4.1.7\lib\</path>
         <kind>archive</kind>
         <file>rts430x_lc_rd.lib</file>
         <name>xfatan.obj</name>
      </input_file>
      <input_file id="fl-8e">
         <path>C:\ti\ccsv7\tools\compiler\msp430_4.1.7\lib\</path>
         <kind>archive</kind>
         <file>rts430x_lc_rd.lib</file>
         <name>xfdint.obj</name>
      </input_file>
      <input_file id="fl-8f">
         <path>C:\ti\ccsv7\tools\compiler\msp430_4.1.7\lib\</path>
         <kind>archive</kind>
         <file>rts430x_lc_rd.lib</file>
         <name>xfdscale.obj</name>
      </input_file>
      <input_file id="fl-90">
         <path>C:\ti\ccsv7\tools\compiler\msp430_4.1.7\lib\</path>
         <kind>archive</kind>
         <file>rts430x_lc_rd.lib</file>
         <name>xfdtest.obj</name>
      </input_file>
      <input_file id="fl-91">
         <path>C:\ti\ccsv7\tools\compiler\msp430_4.1.7\lib\</path>
         <kind>archive</kind>
         <file>rts430x_lc_rd.lib</file>
         <name>xfdunsca.obj</name>
      </input_file>
      <input_file id="fl-92">
         <path>C:\ti\ccsv7\tools\compiler\msp430_4.1.7\lib\</path>
         <kind>archive</kind>
         <file>rts430x_lc_rd.lib</file>
         <name>xferaise.obj</name>
      </input_file>
      <input_file id="fl-93">
         <path>C:\ti\ccsv7\tools\compiler\msp430_4.1.7\lib\</path>
         <kind>archive</kind>
         <file>rts430x_lc_rd.lib</file>
         <name>xfsin.obj</name>
      </input_file>
      <input_file id="fl-94">
         <path>C:\ti\ccsv7\tools\compiler\msp430_4.1.7\lib\</path>
         <kind>archive</kind>
         <file>rts430x_lc_rd.lib</file>
         <name>xfvalues.obj</name>
      </input_file>
      <input_file id="fl-95">
         <path>C:\ti\ccsv7\tools\compiler\msp430_4.1.7\lib\</path>
         <kind>archive</kind>
         <file>rts430x_lc_rd.lib</file>
         <name>xlog.obj</name>
      </input_file>
      <input_file id="fl-96">
         <path>C:\ti\ccsv7\tools\compiler\msp430_4.1.7\lib\</path>
         <kind>archive</kind>
         <file>rts430x_lc_rd.lib</file>
         <name>xsin.obj</name>
      </input_file>
      <input_file id="fl-97">
         <path>C:\ti\ccsv7\tools\compiler\msp430_4.1.7\lib\</path>
         <kind>archive</kind>
         <file>rts430x_lc_rd.lib</file>
         <name>xvalues.obj</name>
      </input_file>
      <input_file id="fl-98">
         <path>C:\ti\ccsv7\tools\compiler\msp430_4.1.7\lib\</path>
         <kind>archive</kind>
         <file>rts430x_lc_rd.lib</file>
         <name>_lock.obj</name>
      </input_file>
      <input_file id="fl-99">
         <path>C:\ti\ccsv7\tools\compiler\msp430_4.1.7\lib\</path>
         <kind>archive</kind>
         <file>rts430x_lc_rd.lib</file>
         <name>_printfi.obj</name>
      </input_file>
      <input_file id="fl-9a">
         <path>C:\ti\ccsv7\tools\compiler\msp430_4.1.7\lib\</path>
         <kind>archive</kind>
         <file>rts430x_lc_rd.lib</file>
         <name>args_main.obj</name>
      </input_file>
      <input_file id="fl-9b">
         <path>C:\ti\ccsv7\tools\compiler\msp430_4.1.7\lib\</path>
         <kind>archive</kind>
         <file>rts430x_lc_rd.lib</file>
         <name>atoi.obj</name>
      </input_file>
      <input_file id="fl-9c">
         <path>C:\ti\ccsv7\tools\compiler\msp430_4.1.7\lib\</path>
         <kind>archive</kind>
         <file>rts430x_lc_rd.lib</file>
         <name>autoinit.obj</name>
      </input_file>
      <input_file id="fl-9d">
         <path>C:\ti\ccsv7\tools\compiler\msp430_4.1.7\lib\</path>
         <kind>archive</kind>
         <file>rts430x_lc_rd.lib</file>
         <name>ctype.obj</name>
      </input_file>
      <input_file id="fl-9e">
         <path>C:\ti\ccsv7\tools\compiler\msp430_4.1.7\lib\</path>
         <kind>archive</kind>
         <file>rts430x_lc_rd.lib</file>
         <name>errno.obj</name>
      </input_file>
      <input_file id="fl-9f">
         <path>C:\ti\ccsv7\tools\compiler\msp430_4.1.7\lib\</path>
         <kind>archive</kind>
         <file>rts430x_lc_rd.lib</file>
         <name>feraiseexcept.obj</name>
      </input_file>
      <input_file id="fl-a0">
         <path>C:\ti\ccsv7\tools\compiler\msp430_4.1.7\lib\</path>
         <kind>archive</kind>
         <file>rts430x_lc_rd.lib</file>
         <name>fmod.obj</name>
      </input_file>
      <input_file id="fl-a1">
         <path>C:\ti\ccsv7\tools\compiler\msp430_4.1.7\lib\</path>
         <kind>archive</kind>
         <file>rts430x_lc_rd.lib</file>
         <name>fmodf.obj</name>
      </input_file>
      <input_file id="fl-a2">
         <path>C:\ti\ccsv7\tools\compiler\msp430_4.1.7\lib\</path>
         <kind>archive</kind>
         <file>rts430x_lc_rd.lib</file>
         <name>lsr16.obj</name>
      </input_file>
      <input_file id="fl-a3">
         <path>C:\ti\ccsv7\tools\compiler\msp430_4.1.7\lib\</path>
         <kind>archive</kind>
         <file>rts430x_lc_rd.lib</file>
         <name>ltoa.obj</name>
      </input_file>
      <input_file id="fl-a4">
         <path>C:\ti\ccsv7\tools\compiler\msp430_4.1.7\lib\</path>
         <kind>archive</kind>
         <file>rts430x_lc_rd.lib</file>
         <name>memccpy.obj</name>
      </input_file>
      <input_file id="fl-a5">
         <path>C:\ti\ccsv7\tools\compiler\msp430_4.1.7\lib\</path>
         <kind>archive</kind>
         <file>rts430x_lc_rd.lib</file>
         <name>raise.obj</name>
      </input_file>
      <input_file id="fl-a6">
         <path>C:\ti\ccsv7\tools\compiler\msp430_4.1.7\lib\</path>
         <kind>archive</kind>
         <file>rts430x_lc_rd.lib</file>
         <name>signal.obj</name>
      </input_file>
      <input_file id="fl-a7">
         <path>C:\ti\ccsv7\tools\compiler\msp430_4.1.7\lib\</path>
         <kind>archive</kind>
         <file>rts430x_lc_rd.lib</file>
         <name>strlen.obj</name>
      </input_file>
      <input_file id="fl-a8">
         <path>C:\ti\ccsv7\tools\compiler\msp430_4.1.7\lib\</path>
         <kind>archive</kind>
         <file>rts430x_lc_rd.lib</file>
         <name>toupper.obj</name>
      </input_file>
      <input_file id="fl-a9">
         <path>C:\ti\ccsv7\tools\compiler\msp430_4.1.7\lib\</path>
         <kind>archive</kind>
         <file>rts430x_lc_rd.lib</file>
         <name>xdnorm.obj</name>
      </input_file>
      <input_file id="fl-aa">
         <path>C:\ti\ccsv7\tools\compiler\msp430_4.1.7\lib\</path>
         <kind>archive</kind>
         <file>rts430x_lc_rd.lib</file>
         <name>xfdclass.obj</name>
      </input_file>
      <input_file id="fl-ab">
         <path>C:\ti\ccsv7\tools\compiler\msp430_4.1.7\lib\</path>
         <kind>archive</kind>
         <file>rts430x_lc_rd.lib</file>
         <name>xfdnorm.obj</name>
      </input_file>
   </input_file_list>
   <object_component_list>
      <object_component id="oc-5d">
         <name>.bss</name>
         <uninitialized>true</uninitialized>
         <run_address>0x3890</run_address>
         <size>0x36</size>
         <input_file_ref idref="fl-5"/>
      </object_component>
      <object_component id="oc-65">
         <name>.bss</name>
         <uninitialized>true</uninitialized>
         <run_address>0x3930</run_address>
         <size>0x10</size>
         <input_file_ref idref="fl-6"/>
      </object_component>
      <object_component id="oc-6c">
         <name>.bss</name>
         <uninitialized>true</uninitialized>
         <run_address>0x3850</run_address>
         <size>0x3f</size>
         <input_file_ref idref="fl-7"/>
      </object_component>
      <object_component id="oc-86">
         <name>.bss</name>
         <uninitialized>true</uninitialized>
         <run_address>0x38c6</run_address>
         <size>0x2e</size>
         <input_file_ref idref="fl-d"/>
      </object_component>
      <object_component id="oc-8b">
         <name>.bss</name>
         <uninitialized>true</uninitialized>
         <run_address>0x3958</run_address>
         <size>0x8</size>
         <input_file_ref idref="fl-e"/>
      </object_component>
      <object_component id="oc-90">
         <name>.bss</name>
         <uninitialized>true</uninitialized>
         <run_address>0x3808</run_address>
         <size>0x48</size>
         <input_file_ref idref="fl-f"/>
      </object_component>
      <object_component id="oc-b7">
         <name>.bss</name>
         <uninitialized>true</uninitialized>
         <run_address>0x3912</run_address>
         <size>0x1e</size>
         <input_file_ref idref="fl-1b"/>
      </object_component>
      <object_component id="oc-bf">
         <name>.bss</name>
         <uninitialized>true</uninitialized>
         <run_address>0x3940</run_address>
         <size>0xc</size>
         <input_file_ref idref="fl-1c"/>
      </object_component>
      <object_component id="oc-c7">
         <name>.bss</name>
         <uninitialized>true</uninitialized>
         <run_address>0x3764</run_address>
         <size>0x52</size>
         <input_file_ref idref="fl-1d"/>
      </object_component>
      <object_component id="oc-d3">
         <name>.bss</name>
         <uninitialized>true</uninitialized>
         <run_address>0x388f</run_address>
         <size>0x1</size>
         <input_file_ref idref="fl-1e"/>
      </object_component>
      <object_component id="oc-da">
         <name>.bss</name>
         <uninitialized>true</uninitialized>
         <run_address>0x394c</run_address>
         <size>0xc</size>
         <input_file_ref idref="fl-1f"/>
      </object_component>
      <object_component id="oc-e1">
         <name>.bss</name>
         <uninitialized>true</uninitialized>
         <run_address>0x38f4</run_address>
         <size>0x1e</size>
         <input_file_ref idref="fl-20"/>
      </object_component>
      <object_component id="oc-e6">
         <name>.bss</name>
         <uninitialized>true</uninitialized>
         <run_address>0x2c78</run_address>
         <size>0x24e</size>
         <input_file_ref idref="fl-21"/>
      </object_component>
      <object_component id="oc-ec">
         <name>.bss</name>
         <uninitialized>true</uninitialized>
         <run_address>0x3314</run_address>
         <size>0xcc</size>
         <input_file_ref idref="fl-22"/>
      </object_component>
      <object_component id="oc-f2">
         <name>.bss</name>
         <uninitialized>true</uninitialized>
         <run_address>0x3978</run_address>
         <size>0x4</size>
         <input_file_ref idref="fl-23"/>
      </object_component>
      <object_component id="oc-104">
         <name>.bss</name>
         <uninitialized>true</uninitialized>
         <run_address>0x352c</run_address>
         <size>0x7a</size>
         <input_file_ref idref="fl-27"/>
      </object_component>
      <object_component id="oc-109">
         <name>.bss</name>
         <uninitialized>true</uninitialized>
         <run_address>0x37b6</run_address>
         <size>0x52</size>
         <input_file_ref idref="fl-28"/>
      </object_component>
      <object_component id="oc-10e">
         <name>.bss</name>
         <uninitialized>true</uninitialized>
         <run_address>0x307c</run_address>
         <size>0x16c</size>
         <input_file_ref idref="fl-29"/>
      </object_component>
      <object_component id="oc-113">
         <name>.bss</name>
         <uninitialized>true</uninitialized>
         <run_address>0x361e</run_address>
         <size>0x74</size>
         <input_file_ref idref="fl-2a"/>
      </object_component>
      <object_component id="oc-11e">
         <name>.bss</name>
         <uninitialized>true</uninitialized>
         <run_address>0x3692</run_address>
         <size>0x6a</size>
         <input_file_ref idref="fl-32"/>
      </object_component>
      <object_component id="oc-124">
         <name>.bss</name>
         <uninitialized>true</uninitialized>
         <run_address>0x3490</run_address>
         <size>0x9c</size>
         <input_file_ref idref="fl-33"/>
      </object_component>
      <object_component id="oc-12a">
         <name>.bss</name>
         <uninitialized>true</uninitialized>
         <run_address>0x2ec6</run_address>
         <size>0x1b6</size>
         <input_file_ref idref="fl-34"/>
      </object_component>
      <object_component id="oc-12f">
         <name>.bss</name>
         <uninitialized>true</uninitialized>
         <run_address>0x31e8</run_address>
         <size>0x12c</size>
         <input_file_ref idref="fl-35"/>
      </object_component>
      <object_component id="oc-134">
         <name>.bss</name>
         <uninitialized>true</uninitialized>
         <run_address>0x2a20</run_address>
         <size>0x258</size>
         <input_file_ref idref="fl-36"/>
      </object_component>
      <object_component id="oc-139">
         <name>.bss</name>
         <uninitialized>true</uninitialized>
         <run_address>0x2794</run_address>
         <size>0x28c</size>
         <input_file_ref idref="fl-37"/>
      </object_component>
      <object_component id="oc-13f">
         <name>.bss</name>
         <uninitialized>true</uninitialized>
         <run_address>0x2400</run_address>
         <size>0x394</size>
         <input_file_ref idref="fl-38"/>
      </object_component>
      <object_component id="oc-164">
         <name>.bss</name>
         <uninitialized>true</uninitialized>
         <run_address>0x3968</run_address>
         <size>0x8</size>
         <input_file_ref idref="fl-57"/>
      </object_component>
      <object_component id="oc-1f9">
         <name>.bss</name>
         <uninitialized>true</uninitialized>
         <run_address>0x397c</run_address>
         <size>0x4</size>
         <input_file_ref idref="fl-81"/>
      </object_component>
      <object_component id="oc-238">
         <name>.bss</name>
         <uninitialized>true</uninitialized>
         <run_address>0x36fc</run_address>
         <size>0x68</size>
         <input_file_ref idref="fl-94"/>
      </object_component>
      <object_component id="oc-244">
         <name>.bss</name>
         <uninitialized>true</uninitialized>
         <run_address>0x35a6</run_address>
         <size>0x78</size>
         <input_file_ref idref="fl-97"/>
      </object_component>
      <object_component id="oc-248">
         <name>.bss</name>
         <uninitialized>true</uninitialized>
         <run_address>0x3960</run_address>
         <size>0x8</size>
         <input_file_ref idref="fl-98"/>
      </object_component>
      <object_component id="oc-25b">
         <name>.bss</name>
         <uninitialized>true</uninitialized>
         <run_address>0x3980</run_address>
         <size>0x2</size>
         <input_file_ref idref="fl-9e"/>
      </object_component>
      <object_component id="oc-25f">
         <name>.bss</name>
         <uninitialized>true</uninitialized>
         <run_address>0x3970</run_address>
         <size>0x8</size>
         <input_file_ref idref="fl-9f"/>
      </object_component>
      <object_component id="oc-277">
         <name>.bss</name>
         <uninitialized>true</uninitialized>
         <run_address>0x33e0</run_address>
         <size>0xb0</size>
         <input_file_ref idref="fl-a6"/>
      </object_component>
      <object_component id="oc-166">
         <name>.stack</name>
         <uninitialized>true</uninitialized>
         <run_address>0x3dc0</run_address>
         <size>0x4</size>
         <input_file_ref idref="fl-57"/>
      </object_component>
      <object_component id="oc-4e1">
         <name>.stack</name>
         <uninitialized>true</uninitialized>
         <run_address>0x3dc0</run_address>
         <size>0x0</size>
      </object_component>
      <object_component id="oc-436">
         <name>.text:inv_compute_bias</name>
         <load_address>0x4b06</load_address>
         <run_address>0x4b06</run_address>
         <size>0xa04</size>
         <input_file_ref idref="fl-37"/>
      </object_component>
      <object_component id="oc-2e7">
         <name>.text:handle_input</name>
         <load_address>0x550a</load_address>
         <run_address>0x550a</run_address>
         <size>0x892</size>
         <input_file_ref idref="fl-2a"/>
      </object_component>
      <object_component id="oc-437">
         <name>.text:inv_center_sum</name>
         <load_address>0x5d9c</load_address>
         <run_address>0x5d9c</run_address>
         <size>0x858</size>
         <input_file_ref idref="fl-37"/>
      </object_component>
      <object_component id="oc-3fb">
         <name>.text:inv_process_compass_only_cal</name>
         <load_address>0x65f4</load_address>
         <run_address>0x65f4</run_address>
         <size>0x76a</size>
         <input_file_ref idref="fl-37"/>
      </object_component>
      <object_component id="oc-28e">
         <name>.text:main</name>
         <load_address>0x6d5e</load_address>
         <run_address>0x6d5e</run_address>
         <size>0x612</size>
         <input_file_ref idref="fl-2a"/>
      </object_component>
      <object_component id="oc-3e8">
         <name>.text:inv_perform_9x_fusion</name>
         <load_address>0x7370</load_address>
         <run_address>0x7370</run_address>
         <size>0x5fc</size>
         <input_file_ref idref="fl-35"/>
      </object_component>
      <object_component id="oc-39c">
         <name>.text:get_st_biases</name>
         <load_address>0x796c</load_address>
         <run_address>0x796c</run_address>
         <size>0x54e</size>
         <input_file_ref idref="fl-5"/>
      </object_component>
      <object_component id="oc-3e6">
         <name>.text:inv_generate_accel_gyro_quaternion</name>
         <load_address>0x7eba</load_address>
         <run_address>0x7eba</run_address>
         <size>0x45a</size>
         <input_file_ref idref="fl-32"/>
      </object_component>
      <object_component id="oc-434">
         <name>.text:inv_set_terms</name>
         <load_address>0x8314</load_address>
         <run_address>0x8314</run_address>
         <size>0x448</size>
         <input_file_ref idref="fl-37"/>
      </object_component>
      <object_component id="oc-3f7">
         <name>.text:inv_gtc_compute_slope</name>
         <load_address>0x875c</load_address>
         <run_address>0x875c</run_address>
         <size>0x446</size>
         <input_file_ref idref="fl-34"/>
      </object_component>
      <object_component id="oc-3fe">
         <name>.text:inv_check_magnetic_disturbance</name>
         <load_address>0x8ba2</load_address>
         <run_address>0x8ba2</run_address>
         <size>0x42c</size>
         <input_file_ref idref="fl-33"/>
      </object_component>
      <object_component id="oc-454">
         <name>.text:__divull</name>
         <load_address>0x8fce</load_address>
         <run_address>0x8fce</run_address>
         <size>0x38e</size>
         <input_file_ref idref="fl-72"/>
      </object_component>
      <object_component id="oc-422">
         <name>.text:accel_fusion</name>
         <load_address>0x935c</load_address>
         <run_address>0x935c</run_address>
         <size>0x372</size>
         <input_file_ref idref="fl-32"/>
      </object_component>
      <object_component id="oc-34a">
         <name>.text:inv_get_sensor_type_euler</name>
         <load_address>0x96ce</load_address>
         <run_address>0x96ce</run_address>
         <size>0x34a</size>
         <input_file_ref idref="fl-20"/>
      </object_component>
      <object_component id="oc-42e">
         <name>.text:inv_fast_nomot_parameter</name>
         <load_address>0x9a18</load_address>
         <run_address>0x9a18</run_address>
         <size>0x33c</size>
         <input_file_ref idref="fl-36"/>
      </object_component>
      <object_component id="oc-41d">
         <name>.text:inv_process_dmp_quaternion</name>
         <load_address>0x9d54</load_address>
         <run_address>0x9d54</run_address>
         <size>0x336</size>
         <input_file_ref idref="fl-32"/>
      </object_component>
      <object_component id="oc-395">
         <name>.text:inv_generate_fast_nomot</name>
         <load_address>0xa08a</load_address>
         <run_address>0xa08a</run_address>
         <size>0x320</size>
         <input_file_ref idref="fl-36"/>
      </object_component>
      <object_component id="oc-2d2">
         <name>.text:run_self_test</name>
         <load_address>0xa3aa</load_address>
         <run_address>0xa3aa</run_address>
         <size>0x2c2</size>
         <input_file_ref idref="fl-2a"/>
      </object_component>
      <object_component id="oc-2df">
         <name>.text:read_from_mpl</name>
         <load_address>0xa66c</load_address>
         <run_address>0xa66c</run_address>
         <size>0x286</size>
         <input_file_ref idref="fl-2a"/>
      </object_component>
      <object_component id="oc-470">
         <name>.text:inv_check_sample_balance</name>
         <load_address>0xa8f2</load_address>
         <run_address>0xa8f2</run_address>
         <size>0x27c</size>
         <input_file_ref idref="fl-38"/>
      </object_component>
      <object_component id="oc-347">
         <name>.text:eMPL_send_data</name>
         <load_address>0xab6e</load_address>
         <run_address>0xab6e</run_address>
         <size>0x276</size>
         <input_file_ref idref="fl-18"/>
      </object_component>
      <object_component id="oc-43f">
         <name>.text:inv_check_peaks</name>
         <load_address>0xade4</load_address>
         <run_address>0xade4</run_address>
         <size>0x274</size>
         <input_file_ref idref="fl-37"/>
      </object_component>
      <object_component id="oc-489">
         <name>.text:_Log</name>
         <load_address>0xb058</load_address>
         <run_address>0xb058</run_address>
         <size>0x26c</size>
         <input_file_ref idref="fl-95"/>
      </object_component>
      <object_component id="oc-425">
         <name>.text:inv_filter_correction_angle</name>
         <load_address>0xb2c4</load_address>
         <run_address>0xb2c4</run_address>
         <size>0x25c</size>
         <input_file_ref idref="fl-35"/>
      </object_component>
      <object_component id="oc-41a">
         <name>.text:inv_compute_quat_from_accel</name>
         <load_address>0xb520</load_address>
         <run_address>0xb520</run_address>
         <size>0x25a</size>
         <input_file_ref idref="fl-32"/>
      </object_component>
      <object_component id="oc-308">
         <name>.text:setup_compass</name>
         <load_address>0xb77a</load_address>
         <run_address>0xb77a</run_address>
         <size>0x24c</size>
         <input_file_ref idref="fl-5"/>
      </object_component>
      <object_component id="oc-2e8">
         <name>.text:mpu_lp_motion_interrupt</name>
         <load_address>0xb9c6</load_address>
         <run_address>0xb9c6</run_address>
         <size>0x24a</size>
         <input_file_ref idref="fl-5"/>
      </object_component>
      <object_component id="oc-45a">
         <name>.text:_FSin</name>
         <load_address>0xbc10</load_address>
         <run_address>0xbc10</run_address>
         <size>0x236</size>
         <input_file_ref idref="fl-93"/>
      </object_component>
      <object_component id="oc-3d7">
         <name>.text:_setfield</name>
         <load_address>0xbe46</load_address>
         <run_address>0xbe46</run_address>
         <size>0x228</size>
         <input_file_ref idref="fl-99"/>
      </object_component>
      <object_component id="oc-428">
         <name>.text:inv_q_multf</name>
         <load_address>0xc06e</load_address>
         <run_address>0xc06e</run_address>
         <size>0x21c</size>
         <input_file_ref idref="fl-24"/>
      </object_component>
      <object_component id="oc-37f">
         <name>.text:_printfi</name>
         <load_address>0xc28a</load_address>
         <run_address>0xc28a</run_address>
         <size>0x20e</size>
         <input_file_ref idref="fl-99"/>
      </object_component>
      <object_component id="oc-429">
         <name>.text:inv_q_normalizef</name>
         <load_address>0xc498</load_address>
         <run_address>0xc498</run_address>
         <size>0x200</size>
         <input_file_ref idref="fl-24"/>
      </object_component>
      <object_component id="oc-41c">
         <name>.text:inv_generate_gyro_quaternion</name>
         <load_address>0xc698</load_address>
         <run_address>0xc698</run_address>
         <size>0x1fc</size>
         <input_file_ref idref="fl-32"/>
      </object_component>
      <object_component id="oc-3a7">
         <name>.text:inv_quaternion_to_rotation</name>
         <load_address>0xc894</load_address>
         <run_address>0xc894</run_address>
         <size>0x1fc</size>
         <input_file_ref idref="fl-24"/>
      </object_component>
      <object_component id="oc-3ae">
         <name>.text:USBCDC_receiveData</name>
         <load_address>0xca90</load_address>
         <run_address>0xca90</run_address>
         <size>0x1ec</size>
         <input_file_ref idref="fl-d"/>
      </object_component>
      <object_component id="oc-2d7">
         <name>.text:mpu_read_fifo</name>
         <load_address>0xcc7c</load_address>
         <run_address>0xcc7c</run_address>
         <size>0x1ec</size>
         <input_file_ref idref="fl-5"/>
      </object_component>
      <object_component id="oc-43b">
         <name>.text:inv_combine_compass_data</name>
         <load_address>0xce68</load_address>
         <run_address>0xce68</run_address>
         <size>0x1c6</size>
         <input_file_ref idref="fl-37"/>
      </object_component>
      <object_component id="oc-35d">
         <name>.text:dmp_enable_feature</name>
         <load_address>0xd02e</load_address>
         <run_address>0xd02e</run_address>
         <size>0x1c2</size>
         <input_file_ref idref="fl-6"/>
      </object_component>
      <object_component id="oc-351">
         <name>.text:dmp_set_gyro_bias</name>
         <load_address>0xd1f0</load_address>
         <run_address>0xd1f0</run_address>
         <size>0x1bc</size>
         <input_file_ref idref="fl-6"/>
      </object_component>
      <object_component id="oc-43d">
         <name>.text:inv_check_sim</name>
         <load_address>0xd3ac</load_address>
         <run_address>0xd3ac</run_address>
         <size>0x1ba</size>
         <input_file_ref idref="fl-37"/>
      </object_component>
      <object_component id="oc-449">
         <name>.text:ComputeAngleVelocity</name>
         <load_address>0xd566</load_address>
         <run_address>0xd566</run_address>
         <size>0x1b4</size>
         <input_file_ref idref="fl-33"/>
      </object_component>
      <object_component id="oc-3ef">
         <name>.text:inv_fast_nomot_set_gyro_bias</name>
         <load_address>0xd71a</load_address>
         <run_address>0xd71a</run_address>
         <size>0x1b2</size>
         <input_file_ref idref="fl-36"/>
      </object_component>
      <object_component id="oc-433">
         <name>.text:inv_ignore_compass_data</name>
         <load_address>0xd8cc</load_address>
         <run_address>0xd8cc</run_address>
         <size>0x1b0</size>
         <input_file_ref idref="fl-37"/>
      </object_component>
      <object_component id="oc-421">
         <name>.text:inv_normalize_quat</name>
         <load_address>0xda7c</load_address>
         <run_address>0xda7c</run_address>
         <size>0x1ac</size>
         <input_file_ref idref="fl-32"/>
      </object_component>
      <object_component id="oc-331">
         <name>.text:mpu_reset_fifo</name>
         <load_address>0xdc28</load_address>
         <run_address>0xdc28</run_address>
         <size>0x1aa</size>
         <input_file_ref idref="fl-5"/>
      </object_component>
      <object_component id="oc-478">
         <name>.text:fmodf</name>
         <load_address>0xddd2</load_address>
         <run_address>0xddd2</run_address>
         <size>0x1a6</size>
         <input_file_ref idref="fl-a1"/>
      </object_component>
      <object_component id="oc-41b">
         <name>.text:inv_q_mult</name>
         <load_address>0xdf78</load_address>
         <run_address>0xdf78</run_address>
         <size>0x1a4</size>
         <input_file_ref idref="fl-24"/>
      </object_component>
      <object_component id="oc-412">
         <name>.text:_pproc_fge</name>
         <load_address>0xe11c</load_address>
         <run_address>0xe11c</run_address>
         <size>0x1a2</size>
         <input_file_ref idref="fl-99"/>
      </object_component>
      <object_component id="oc-45c">
         <name>.text:_getarg_diouxp</name>
         <load_address>0xe2be</load_address>
         <run_address>0xe2be</run_address>
         <size>0x188</size>
         <input_file_ref idref="fl-99"/>
      </object_component>
      <object_component id="oc-3af">
         <name>.text:dmp_set_tap_thresh</name>
         <load_address>0xe446</load_address>
         <run_address>0xe446</run_address>
         <size>0x184</size>
         <input_file_ref idref="fl-6"/>
      </object_component>
      <object_component id="oc-2b2">
         <name>.text:mpu_init</name>
         <load_address>0xe5ca</load_address>
         <run_address>0xe5ca</run_address>
         <size>0x184</size>
         <input_file_ref idref="fl-5"/>
      </object_component>
      <object_component id="oc-47c">
         <name>.text:ecvt</name>
         <load_address>0xe74e</load_address>
         <run_address>0xe74e</run_address>
         <size>0x17c</size>
         <input_file_ref idref="fl-99"/>
      </object_component>
      <object_component id="oc-43e">
         <name>.text:inv_bias_stability</name>
         <load_address>0xe8ca</load_address>
         <run_address>0xe8ca</run_address>
         <size>0x176</size>
         <input_file_ref idref="fl-37"/>
      </object_component>
      <object_component id="oc-42a">
         <name>.text:inv_fast_nomot_store_data</name>
         <load_address>0xea40</load_address>
         <run_address>0xea40</run_address>
         <size>0x16e</size>
         <input_file_ref idref="fl-36"/>
      </object_component>
      <object_component id="oc-47f">
         <name>.text:fcvt</name>
         <load_address>0xebae</load_address>
         <run_address>0xebae</run_address>
         <size>0x16c</size>
         <input_file_ref idref="fl-99"/>
      </object_component>
      <object_component id="oc-295">
         <name>.text:CdcToHostFromBuffer</name>
         <load_address>0xed1a</load_address>
         <run_address>0xed1a</run_address>
         <size>0x168</size>
         <input_file_ref idref="fl-d"/>
      </object_component>
      <object_component id="oc-462">
         <name>.text:_pconv_e</name>
         <load_address>0xee82</load_address>
         <run_address>0xee82</run_address>
         <size>0x156</size>
         <input_file_ref idref="fl-99"/>
      </object_component>
      <object_component id="oc-2c0">
         <name>.text:mpu_set_sensors</name>
         <load_address>0xefd8</load_address>
         <run_address>0xefd8</run_address>
         <size>0x154</size>
         <input_file_ref idref="fl-5"/>
      </object_component>
      <object_component id="oc-468">
         <name>.text:inv_compass_angle</name>
         <load_address>0xf12c</load_address>
         <run_address>0xf12c</run_address>
         <size>0x148</size>
         <input_file_ref idref="fl-24"/>
      </object_component>
      <object_component id="oc-406">
         <name>.text:_FAtan</name>
         <load_address>0xf274</load_address>
         <run_address>0xf274</run_address>
         <size>0x142</size>
         <input_file_ref idref="fl-8d"/>
      </object_component>
      <object_component id="oc-29a">
         <name>.text:USB_reset</name>
         <load_address>0xf3b6</load_address>
         <run_address>0xf3b6</run_address>
         <size>0x140</size>
         <input_file_ref idref="fl-f"/>
      </object_component>
      <object_component id="oc-401">
         <name>.text:__divlli</name>
         <load_address>0xf4f6</load_address>
         <run_address>0xf4f6</run_address>
         <size>0x140</size>
         <input_file_ref idref="fl-72"/>
      </object_component>
      <object_component id="oc-39b">
         <name>.text:inv_generate_eMPL_outputs</name>
         <load_address>0xf636</load_address>
         <run_address>0xf636</run_address>
         <size>0x140</size>
         <input_file_ref idref="fl-20"/>
      </object_component>
      <object_component id="oc-467">
         <name>.text:inv_q_norm4</name>
         <load_address>0xf776</load_address>
         <run_address>0xf776</run_address>
         <size>0x13c</size>
         <input_file_ref idref="fl-24"/>
      </object_component>
      <object_component id="oc-198">
         <name>.text</name>
         <load_address>0xf8b2</load_address>
         <run_address>0xf8b2</run_address>
         <size>0x130</size>
         <input_file_ref idref="fl-66"/>
      </object_component>
      <object_component id="oc-472">
         <name>.text:_Dscale</name>
         <load_address>0xf9e2</load_address>
         <run_address>0xf9e2</run_address>
         <size>0x128</size>
         <input_file_ref idref="fl-89"/>
      </object_component>
      <object_component id="oc-411">
         <name>.text:_pproc_diouxp</name>
         <load_address>0xfb0a</load_address>
         <run_address>0xfb0a</run_address>
         <size>0x11e</size>
         <input_file_ref idref="fl-99"/>
      </object_component>
      <object_component id="oc-438">
         <name>.text:sqrt</name>
         <load_address>0xfc28</load_address>
         <run_address>0xfc28</run_address>
         <size>0x11e</size>
         <input_file_ref idref="fl-84"/>
      </object_component>
      <object_component id="oc-3a6">
         <name>.text:sqrtf</name>
         <load_address>0xfd46</load_address>
         <run_address>0xfd46</run_address>
         <size>0x11e</size>
         <input_file_ref idref="fl-85"/>
      </object_component>
      <object_component id="oc-294">
         <name>.text:CdcToBufferFromHost</name>
         <load_address>0xfe64</load_address>
         <run_address>0xfe64</run_address>
         <size>0x11c</size>
         <input_file_ref idref="fl-d"/>
      </object_component>
      <object_component id="oc-408">
         <name>.text:_FDscale</name>
         <load_address>0x10000</load_address>
         <run_address>0x10000</run_address>
         <size>0x11c</size>
         <input_file_ref idref="fl-8f"/>
      </object_component>
      <object_component id="oc-34c">
         <name>.text:inv_get_sensor_type_heading</name>
         <load_address>0x1011c</load_address>
         <run_address>0x1011c</run_address>
         <size>0x110</size>
         <input_file_ref idref="fl-20"/>
      </object_component>
      <object_component id="oc-2d4">
         <name>.text:msp430_reg_int_cb</name>
         <load_address>0x1022c</load_address>
         <run_address>0x1022c</run_address>
         <size>0x110</size>
         <input_file_ref idref="fl-1d"/>
      </object_component>
      <object_component id="oc-345">
         <name>.text:eMPL_send_quat</name>
         <load_address>0x1033c</load_address>
         <run_address>0x1033c</run_address>
         <size>0x10e</size>
         <input_file_ref idref="fl-18"/>
      </object_component>
      <object_component id="oc-2b4">
         <name>.text:setup_all_sensors</name>
         <load_address>0x1044a</load_address>
         <run_address>0x1044a</run_address>
         <size>0x10c</size>
         <input_file_ref idref="fl-2a"/>
      </object_component>
      <object_component id="oc-3a5">
         <name>.text:atan2f</name>
         <load_address>0x10556</load_address>
         <run_address>0x10556</run_address>
         <size>0x108</size>
         <input_file_ref idref="fl-56"/>
      </object_component>
      <object_component id="oc-460">
         <name>.text:_pconv_g</name>
         <load_address>0x1065e</load_address>
         <run_address>0x1065e</run_address>
         <size>0x104</size>
         <input_file_ref idref="fl-99"/>
      </object_component>
      <object_component id="oc-37c">
         <name>.text:mpu_set_bypass</name>
         <load_address>0x10762</load_address>
         <run_address>0x10762</run_address>
         <size>0x104</size>
         <input_file_ref idref="fl-5"/>
      </object_component>
      <object_component id="oc-45d">
         <name>.text:_ltostr</name>
         <load_address>0x10866</load_address>
         <run_address>0x10866</run_address>
         <size>0x102</size>
         <input_file_ref idref="fl-99"/>
      </object_component>
      <object_component id="oc-3d6">
         <name>.text:_pproc_fwp</name>
         <load_address>0x10968</load_address>
         <run_address>0x10968</run_address>
         <size>0x100</size>
         <input_file_ref idref="fl-99"/>
      </object_component>
      <object_component id="oc-396">
         <name>.text:inv_gtc_data_cb</name>
         <load_address>0x10a68</load_address>
         <run_address>0x10a68</run_address>
         <size>0xfe</size>
         <input_file_ref idref="fl-34"/>
      </object_component>
      <object_component id="oc-482">
         <name>.text:inv_sort_order_4_T</name>
         <load_address>0x10b66</load_address>
         <run_address>0x10b66</run_address>
         <size>0xf6</size>
         <input_file_ref idref="fl-38"/>
      </object_component>
      <object_component id="oc-445">
         <name>.text:acosf</name>
         <load_address>0x10c5c</load_address>
         <run_address>0x10c5c</run_address>
         <size>0xf0</size>
         <input_file_ref idref="fl-50"/>
      </object_component>
      <object_component id="oc-423">
         <name>.text:inv_find_synchronized_compass_angle</name>
         <load_address>0x10d4c</load_address>
         <run_address>0x10d4c</run_address>
         <size>0xf0</size>
         <input_file_ref idref="fl-35"/>
      </object_component>
      <object_component id="oc-391">
         <name>.text:inv_process_9x_sensor_fusion_cb</name>
         <load_address>0x10e3c</load_address>
         <run_address>0x10e3c</run_address>
         <size>0xe8</size>
         <input_file_ref idref="fl-35"/>
      </object_component>
      <object_component id="oc-378">
         <name>.text:Init_FLL</name>
         <load_address>0x10f24</load_address>
         <run_address>0x10f24</run_address>
         <size>0xe6</size>
         <input_file_ref idref="fl-c"/>
      </object_component>
      <object_component id="oc-2b3">
         <name>.text:_MLPrintLog</name>
         <load_address>0x1100a</load_address>
         <run_address>0x1100a</run_address>
         <size>0xe4</size>
         <input_file_ref idref="fl-18"/>
      </object_component>
      <object_component id="oc-3ed">
         <name>.text:inv_detect_motion_by_gyro_accel</name>
         <load_address>0x110ee</load_address>
         <run_address>0x110ee</run_address>
         <size>0xe4</size>
         <input_file_ref idref="fl-36"/>
      </object_component>
      <object_component id="oc-332">
         <name>.text:mpu_lp_accel_mode</name>
         <load_address>0x111d2</load_address>
         <run_address>0x111d2</run_address>
         <size>0xe4</size>
         <input_file_ref idref="fl-5"/>
      </object_component>
      <object_component id="oc-46b">
         <name>.text:_fltllid</name>
         <load_address>0x112b6</load_address>
         <run_address>0x112b6</run_address>
         <size>0xe2</size>
         <input_file_ref idref="fl-65"/>
      </object_component>
      <object_component id="oc-2e5">
         <name>.text:make_protocol</name>
         <load_address>0x11398</load_address>
         <run_address>0x11398</run_address>
         <size>0xe2</size>
         <input_file_ref idref="fl-2a"/>
      </object_component>
      <object_component id="oc-3f6">
         <name>.text:inv_gtc_add_data</name>
         <load_address>0x1147a</load_address>
         <run_address>0x1147a</run_address>
         <size>0xe0</size>
         <input_file_ref idref="fl-34"/>
      </object_component>
      <object_component id="oc-33e">
         <name>.text:inv_apply_calibration</name>
         <load_address>0x1155a</load_address>
         <run_address>0x1155a</run_address>
         <size>0xde</size>
         <input_file_ref idref="fl-21"/>
      </object_component>
      <object_component id="oc-38f">
         <name>.text:inv_register_data_cb</name>
         <load_address>0x11638</load_address>
         <run_address>0x11638</run_address>
         <size>0xdc</size>
         <input_file_ref idref="fl-21"/>
      </object_component>
      <object_component id="oc-2fe">
         <name>.text:USB_InitSerialStringDescriptor</name>
         <load_address>0x11714</load_address>
         <run_address>0x11714</run_address>
         <size>0xda</size>
         <input_file_ref idref="fl-f"/>
      </object_component>
      <object_component id="oc-3ea">
         <name>.text:inv_sensor_data_preprocess</name>
         <load_address>0x117ee</load_address>
         <run_address>0x117ee</run_address>
         <size>0xd0</size>
         <input_file_ref idref="fl-36"/>
      </object_component>
      <object_component id="oc-2f8">
         <name>.text:SetVCoreUp</name>
         <load_address>0x118be</load_address>
         <run_address>0x118be</run_address>
         <size>0xce</size>
         <input_file_ref idref="fl-a"/>
      </object_component>
      <object_component id="oc-2dc">
         <name>.text:mpu_get_compass_reg</name>
         <load_address>0x1198c</load_address>
         <run_address>0x1198c</run_address>
         <size>0xcc</size>
         <input_file_ref idref="fl-5"/>
      </object_component>
      <object_component id="oc-2b7">
         <name>.text:inv_init_mpl</name>
         <load_address>0x11a58</load_address>
         <run_address>0x11a58</run_address>
         <size>0xca</size>
         <input_file_ref idref="fl-26"/>
      </object_component>
      <object_component id="oc-36a">
         <name>.text:send_status_compass</name>
         <load_address>0x11b22</load_address>
         <run_address>0x11b22</run_address>
         <size>0xca</size>
         <input_file_ref idref="fl-2a"/>
      </object_component>
      <object_component id="oc-33d">
         <name>.text:inv_load_mpl_states</name>
         <load_address>0x11bec</load_address>
         <run_address>0x11bec</run_address>
         <size>0xc6</size>
         <input_file_ref idref="fl-29"/>
      </object_component>
      <object_component id="oc-36f">
         <name>.text:dmp_set_interrupt_mode</name>
         <load_address>0x11cb2</load_address>
         <run_address>0x11cb2</run_address>
         <size>0xc4</size>
         <input_file_ref idref="fl-6"/>
      </object_component>
      <object_component id="oc-392">
         <name>.text:inv_init_maxmin</name>
         <load_address>0x11d76</load_address>
         <run_address>0x11d76</run_address>
         <size>0xbc</size>
         <input_file_ref idref="fl-36"/>
      </object_component>
      <object_component id="oc-335">
         <name>.text:mpu_run_self_test</name>
         <load_address>0x11e32</load_address>
         <run_address>0x11e32</run_address>
         <size>0xb6</size>
         <input_file_ref idref="fl-5"/>
      </object_component>
      <object_component id="oc-1ac">
         <name>.text</name>
         <load_address>0x11ee8</load_address>
         <run_address>0x11ee8</run_address>
         <size>0xb6</size>
         <input_file_ref idref="fl-6b"/>
      </object_component>
      <object_component id="oc-39f">
         <name>.text:inv_convert_to_body_with_scale</name>
         <load_address>0x11f9e</load_address>
         <run_address>0x11f9e</run_address>
         <size>0xb4</size>
         <input_file_ref idref="fl-24"/>
      </object_component>
      <object_component id="oc-3fa">
         <name>.text:inv_init_sensitivity_const</name>
         <load_address>0x12052</load_address>
         <run_address>0x12052</run_address>
         <size>0xb2</size>
         <input_file_ref idref="fl-37"/>
      </object_component>
      <object_component id="oc-446">
         <name>.text:inv_track_dip_angle</name>
         <load_address>0x12104</load_address>
         <run_address>0x12104</run_address>
         <size>0xb2</size>
         <input_file_ref idref="fl-33"/>
      </object_component>
      <object_component id="oc-380">
         <name>.text:USBCDC_intfStatus</name>
         <load_address>0x121b6</load_address>
         <run_address>0x121b6</run_address>
         <size>0xb0</size>
         <input_file_ref idref="fl-d"/>
      </object_component>
      <object_component id="oc-3fc">
         <name>.text:inv_get_gravity</name>
         <load_address>0x12266</load_address>
         <run_address>0x12266</run_address>
         <size>0xb0</size>
         <input_file_ref idref="fl-27"/>
      </object_component>
      <object_component id="oc-3ac">
         <name>.text:msp430_i2c_read_uv</name>
         <load_address>0x12316</load_address>
         <run_address>0x12316</run_address>
         <size>0xb0</size>
         <input_file_ref idref="fl-1c"/>
      </object_component>
      <object_component id="oc-2a6">
         <name>.text:msp430_clock_init</name>
         <load_address>0x123c6</load_address>
         <run_address>0x123c6</run_address>
         <size>0xae</size>
         <input_file_ref idref="fl-1b"/>
      </object_component>
      <object_component id="oc-3ab">
         <name>.text:msp430_i2c_read_new</name>
         <load_address>0x12474</load_address>
         <run_address>0x12474</run_address>
         <size>0xae</size>
         <input_file_ref idref="fl-1c"/>
      </object_component>
      <object_component id="oc-2c2">
         <name>.text:mpu_set_sample_rate</name>
         <load_address>0x12522</load_address>
         <run_address>0x12522</run_address>
         <size>0xaa</size>
         <input_file_ref idref="fl-5"/>
      </object_component>
      <object_component id="oc-3d8">
         <name>.text:_pproc_str</name>
         <load_address>0x125cc</load_address>
         <run_address>0x125cc</run_address>
         <size>0xa8</size>
         <input_file_ref idref="fl-99"/>
      </object_component>
      <object_component id="oc-46f">
         <name>.text:inv_add_compass_block_data</name>
         <load_address>0x12674</load_address>
         <run_address>0x12674</run_address>
         <size>0xa8</size>
         <input_file_ref idref="fl-37"/>
      </object_component>
      <object_component id="oc-2d9">
         <name>.text:mpu_get_temperature</name>
         <load_address>0x1271c</load_address>
         <run_address>0x1271c</run_address>
         <size>0xa4</size>
         <input_file_ref idref="fl-5"/>
      </object_component>
      <object_component id="oc-387">
         <name>.text:CMD_PP</name>
         <load_address>0x127c0</load_address>
         <run_address>0x127c0</run_address>
         <size>0x9e</size>
         <input_file_ref idref="fl-3"/>
      </object_component>
      <object_component id="oc-484">
         <name>.text:inv_cheap_rand</name>
         <load_address>0x1285e</load_address>
         <run_address>0x1285e</run_address>
         <size>0x9e</size>
         <input_file_ref idref="fl-37"/>
      </object_component>
      <object_component id="oc-3ad">
         <name>.text:msp430_i2c_write_new</name>
         <load_address>0x128fc</load_address>
         <run_address>0x128fc</run_address>
         <size>0x9e</size>
         <input_file_ref idref="fl-1c"/>
      </object_component>
      <object_component id="oc-481">
         <name>.text:inv_get_current_calibrated_compass</name>
         <load_address>0x1299a</load_address>
         <run_address>0x1299a</run_address>
         <size>0x9c</size>
         <input_file_ref idref="fl-37"/>
      </object_component>
      <object_component id="oc-435">
         <name>.text:inv_set_peaks</name>
         <load_address>0x12a36</load_address>
         <run_address>0x12a36</run_address>
         <size>0x9c</size>
         <input_file_ref idref="fl-37"/>
      </object_component>
      <object_component id="oc-312">
         <name>.text:FlashReadWrite_Test</name>
         <load_address>0x12ad2</load_address>
         <run_address>0x12ad2</run_address>
         <size>0x9a</size>
         <input_file_ref idref="fl-2"/>
      </object_component>
      <object_component id="oc-310">
         <name>.text:msp430_i2c_read</name>
         <load_address>0x12b6c</load_address>
         <run_address>0x12b6c</run_address>
         <size>0x9a</size>
         <input_file_ref idref="fl-1c"/>
      </object_component>
      <object_component id="oc-303">
         <name>.text:msp430_i2c_write</name>
         <load_address>0x12c06</load_address>
         <run_address>0x12c06</run_address>
         <size>0x9a</size>
         <input_file_ref idref="fl-1c"/>
      </object_component>
      <object_component id="oc-44b">
         <name>.text:MagDisturbSetDisturbance</name>
         <load_address>0x12ca0</load_address>
         <run_address>0x12ca0</run_address>
         <size>0x98</size>
         <input_file_ref idref="fl-33"/>
      </object_component>
      <object_component id="oc-311">
         <name>.text:FlashID_Test</name>
         <load_address>0x12d38</load_address>
         <run_address>0x12d38</run_address>
         <size>0x96</size>
         <input_file_ref idref="fl-2"/>
      </object_component>
      <object_component id="oc-357">
         <name>.text:USB_connectionState</name>
         <load_address>0x12dce</load_address>
         <run_address>0x12dce</run_address>
         <size>0x96</size>
         <input_file_ref idref="fl-f"/>
      </object_component>
      <object_component id="oc-2dd">
         <name>.text:inv_build_compass</name>
         <load_address>0x12e64</load_address>
         <run_address>0x12e64</run_address>
         <size>0x96</size>
         <input_file_ref idref="fl-21"/>
      </object_component>
      <object_component id="oc-35e">
         <name>.text:inv_save_mpl_states</name>
         <load_address>0x12efa</load_address>
         <run_address>0x12efa</run_address>
         <size>0x96</size>
         <input_file_ref idref="fl-29"/>
      </object_component>
      <object_component id="oc-483">
         <name>.text:_Dnorm</name>
         <load_address>0x12f90</load_address>
         <run_address>0x12f90</run_address>
         <size>0x92</size>
         <input_file_ref idref="fl-a9"/>
      </object_component>
      <object_component id="oc-1a0">
         <name>.text</name>
         <load_address>0x13022</load_address>
         <run_address>0x13022</run_address>
         <size>0x8e</size>
         <input_file_ref idref="fl-68"/>
      </object_component>
      <object_component id="oc-2f7">
         <name>.text:SetVCoreDown</name>
         <load_address>0x130b0</load_address>
         <run_address>0x130b0</run_address>
         <size>0x8c</size>
         <input_file_ref idref="fl-a"/>
      </object_component>
      <object_component id="oc-458">
         <name>.text:_FDnorm</name>
         <load_address>0x1313c</load_address>
         <run_address>0x1313c</run_address>
         <size>0x8c</size>
         <input_file_ref idref="fl-ab"/>
      </object_component>
      <object_component id="oc-339">
         <name>.text:inv_set_gyro_bias</name>
         <load_address>0x131c8</load_address>
         <run_address>0x131c8</run_address>
         <size>0x8c</size>
         <input_file_ref idref="fl-21"/>
      </object_component>
      <object_component id="oc-2ed">
         <name>.text:usbDecodeAndProcessUsbRequest</name>
         <load_address>0x13254</load_address>
         <run_address>0x13254</run_address>
         <size>0x8c</size>
         <input_file_ref idref="fl-f"/>
      </object_component>
      <object_component id="oc-292">
         <name>.text:USBCDC_bytesInUSBBuffer</name>
         <load_address>0x132e0</load_address>
         <run_address>0x132e0</run_address>
         <size>0x8a</size>
         <input_file_ref idref="fl-d"/>
      </object_component>
      <object_component id="oc-47d">
         <name>.text:_ecpy</name>
         <load_address>0x1336a</load_address>
         <run_address>0x1336a</run_address>
         <size>0x88</size>
         <input_file_ref idref="fl-99"/>
      </object_component>
      <object_component id="oc-31f">
         <name>.text:inv_init_fast_nomot</name>
         <load_address>0x133f2</load_address>
         <run_address>0x133f2</run_address>
         <size>0x88</size>
         <input_file_ref idref="fl-36"/>
      </object_component>
      <object_component id="oc-2ae">
         <name>.text:USB_enable</name>
         <load_address>0x1347a</load_address>
         <run_address>0x1347a</run_address>
         <size>0x86</size>
         <input_file_ref idref="fl-f"/>
      </object_component>
      <object_component id="oc-47b">
         <name>.text:_div</name>
         <load_address>0x13500</load_address>
         <run_address>0x13500</run_address>
         <size>0x86</size>
         <input_file_ref idref="fl-99"/>
      </object_component>
      <object_component id="oc-2e2">
         <name>.text:get_ht_data</name>
         <load_address>0x13586</load_address>
         <run_address>0x13586</run_address>
         <size>0x86</size>
         <input_file_ref idref="fl-7"/>
      </object_component>
      <object_component id="oc-324">
         <name>.text:inv_register_load_store</name>
         <load_address>0x1360c</load_address>
         <run_address>0x1360c</run_address>
         <size>0x86</size>
         <input_file_ref idref="fl-29"/>
      </object_component>
      <object_component id="oc-46c">
         <name>.text:_fixdlli</name>
         <load_address>0x13692</load_address>
         <run_address>0x13692</run_address>
         <size>0x84</size>
         <input_file_ref idref="fl-63"/>
      </object_component>
      <object_component id="oc-2db">
[...]
         <object_component_ref idref="oc-17c"/>
      </symbol>
      <symbol id="sm-14e2">
         <name>__remu</name>
         <value>0x1796c</value>
         <object_component_ref idref="oc-180"/>
      </symbol>
      <symbol id="sm-14e3">
         <name>__divu</name>
         <value>0x1796c</value>
         <object_component_ref idref="oc-180"/>
      </symbol>
      <symbol id="sm-14ef">
         <name>__remli</name>
         <value>0x163b0</value>
         <object_component_ref idref="oc-184"/>
      </symbol>
      <symbol id="sm-14f0">
         <name>__divli</name>
         <value>0x163b0</value>
         <object_component_ref idref="oc-184"/>
      </symbol>
      <symbol id="sm-14fe">
         <name>__divul</name>
         <value>0x1536e</value>
         <object_component_ref idref="oc-188"/>
      </symbol>
      <symbol id="sm-14ff">
         <name>__remul</name>
         <value>0x1536e</value>
         <object_component_ref idref="oc-188"/>
      </symbol>
      <symbol id="sm-150a">
         <name>C$$EXIT</name>
         <value>0x17e58</value>
         <object_component_ref idref="oc-28f"/>
      </symbol>
      <symbol id="sm-150b">
         <name>abort</name>
         <value>0x17e58</value>
         <object_component_ref idref="oc-28f"/>
      </symbol>
      <symbol id="sm-150c">
         <name>__TI_exit</name>
         <value>0x1</value>
      </symbol>
      <symbol id="sm-151c">
         <name>_fixdlli</name>
         <value>0x13692</value>
         <object_component_ref idref="oc-46c"/>
      </symbol>
      <symbol id="sm-1538">
         <name>_fltllid</name>
         <value>0x112b6</value>
         <object_component_ref idref="oc-46b"/>
      </symbol>
      <symbol id="sm-1552">
         <name>__fs_add</name>
         <value>0xf8b8</value>
         <object_component_ref idref="oc-198"/>
      </symbol>
      <symbol id="sm-1553">
         <name>__fs_sub</name>
         <value>0xf8b2</value>
         <object_component_ref idref="oc-198"/>
      </symbol>
      <symbol id="sm-1563">
         <name>__fs_cmp</name>
         <value>0x15c88</value>
         <object_component_ref idref="oc-19c"/>
      </symbol>
      <symbol id="sm-1573">
         <name>__fs_div</name>
         <value>0x13022</value>
         <object_component_ref idref="oc-1a0"/>
      </symbol>
      <symbol id="sm-157f">
         <name>__fs_itof</name>
         <value>0x169ba</value>
         <object_component_ref idref="oc-1a4"/>
      </symbol>
      <symbol id="sm-158d">
         <name>__fs_ltof</name>
         <value>0x15cd2</value>
         <object_component_ref idref="oc-1a8"/>
      </symbol>
      <symbol id="sm-15a3">
         <name>__fs_mpy</name>
         <value>0x11ee8</value>
         <object_component_ref idref="oc-1ac"/>
      </symbol>
      <symbol id="sm-15ac">
         <name>__fs_neg</name>
         <value>0x17d18</value>
         <object_component_ref idref="oc-1b0"/>
      </symbol>
      <symbol id="sm-15be">
         <name>__fs_toi</name>
         <value>0x14740</value>
         <object_component_ref idref="oc-1b4"/>
      </symbol>
      <symbol id="sm-15d1">
         <name>__fs_tol</name>
         <value>0x13d18</value>
         <object_component_ref idref="oc-1b8"/>
      </symbol>
      <symbol id="sm-15e0">
         <name>__fs_tou</name>
         <value>0x15f0a</value>
         <object_component_ref idref="oc-1bc"/>
      </symbol>
      <symbol id="sm-15ec">
         <name>__fs_ultof</name>
         <value>0x16cb8</value>
         <object_component_ref idref="oc-1c0"/>
      </symbol>
      <symbol id="sm-15f6">
         <name>__fs_utof</name>
         <value>0x1743e</value>
         <object_component_ref idref="oc-1c4"/>
      </symbol>
      <symbol id="sm-1648">
         <name>__divull</name>
         <value>0x8fce</value>
         <object_component_ref idref="oc-454"/>
      </symbol>
      <symbol id="sm-1649">
         <name>__divlli</name>
         <value>0xf4f6</value>
         <object_component_ref idref="oc-401"/>
      </symbol>
      <symbol id="sm-164a">
         <name>__lslll</name>
         <value>0x1646c</value>
         <object_component_ref idref="oc-402"/>
      </symbol>
      <symbol id="sm-164b">
         <name>__asrll</name>
         <value>0x15fda</value>
         <object_component_ref idref="oc-3a9"/>
      </symbol>
      <symbol id="sm-164c">
         <name>__lsrll</name>
         <value>0x164aa</value>
         <object_component_ref idref="oc-475"/>
      </symbol>
      <symbol id="sm-1656">
         <name>log</name>
         <value>0x17e10</value>
         <object_component_ref idref="oc-485"/>
      </symbol>
      <symbol id="sm-165f">
         <name>I_LSL</name>
         <value>0x17d22</value>
         <object_component_ref idref="oc-1ce"/>
      </symbol>
      <symbol id="sm-1667">
         <name>L_LSL_3</name>
         <value>0x1664e</value>
         <object_component_ref idref="oc-2cc"/>
      </symbol>
      <symbol id="sm-1668">
         <name>L_LSL_2</name>
         <value>0x16652</value>
         <object_component_ref idref="oc-2cc"/>
      </symbol>
      <symbol id="sm-1669">
         <name>L_LSL_1</name>
         <value>0x16656</value>
         <object_component_ref idref="oc-2cc"/>
      </symbol>
      <symbol id="sm-166a">
         <name>L_LSL_7</name>
         <value>0x1663e</value>
         <object_component_ref idref="oc-2cc"/>
      </symbol>
      <symbol id="sm-166b">
         <name>L_LSL_6</name>
         <value>0x16642</value>
         <object_component_ref idref="oc-2cc"/>
      </symbol>
      <symbol id="sm-166c">
         <name>L_LSL_5</name>
         <value>0x16646</value>
         <object_component_ref idref="oc-2cc"/>
      </symbol>
      <symbol id="sm-166d">
         <name>L_LSL_4</name>
         <value>0x1664a</value>
         <object_component_ref idref="oc-2cc"/>
      </symbol>
      <symbol id="sm-166e">
         <name>L_LSL_9</name>
         <value>0x16636</value>
         <object_component_ref idref="oc-2cc"/>
      </symbol>
      <symbol id="sm-166f">
         <name>L_LSL_8</name>
         <value>0x1663a</value>
         <object_component_ref idref="oc-2cc"/>
      </symbol>
      <symbol id="sm-1670">
         <name>L_LSL_12</name>
         <value>0x1662a</value>
         <object_component_ref idref="oc-2cc"/>
      </symbol>
      <symbol id="sm-1671">
         <name>L_LSL_13</name>
         <value>0x16626</value>
         <object_component_ref idref="oc-2cc"/>
      </symbol>
      <symbol id="sm-1672">
         <name>L_LSL_10</name>
         <value>0x16632</value>
         <object_component_ref idref="oc-2cc"/>
      </symbol>
      <symbol id="sm-1673">
         <name>L_LSL_11</name>
         <value>0x1662e</value>
         <object_component_ref idref="oc-2cc"/>
      </symbol>
      <symbol id="sm-1674">
         <name>L_LSL_14</name>
         <value>0x16622</value>
         <object_component_ref idref="oc-2cc"/>
      </symbol>
      <symbol id="sm-1675">
         <name>L_LSL_15</name>
         <value>0x1661e</value>
         <object_component_ref idref="oc-2cc"/>
      </symbol>
      <symbol id="sm-1681">
         <name>L_LSR_12</name>
         <value>0x16668</value>
         <object_component_ref idref="oc-2f9"/>
      </symbol>
      <symbol id="sm-1682">
         <name>L_LSR_13</name>
         <value>0x16664</value>
         <object_component_ref idref="oc-2f9"/>
      </symbol>
      <symbol id="sm-1683">
         <name>L_LSR_10</name>
         <value>0x16670</value>
         <object_component_ref idref="oc-2f9"/>
      </symbol>
      <symbol id="sm-1684">
         <name>L_LSR_11</name>
         <value>0x1666c</value>
         <object_component_ref idref="oc-2f9"/>
      </symbol>
      <symbol id="sm-1685">
         <name>L_LSR_14</name>
         <value>0x16660</value>
         <object_component_ref idref="oc-2f9"/>
      </symbol>
      <symbol id="sm-1686">
         <name>L_LSR_15</name>
         <value>0x1665c</value>
         <object_component_ref idref="oc-2f9"/>
      </symbol>
      <symbol id="sm-1687">
         <name>L_LSR</name>
         <value>0x17b9c</value>
         <object_component_ref idref="oc-476"/>
      </symbol>
      <symbol id="sm-1688">
         <name>L_LSR_3</name>
         <value>0x1668c</value>
         <object_component_ref idref="oc-2f9"/>
      </symbol>
      <symbol id="sm-1689">
         <name>L_LSR_2</name>
         <value>0x16690</value>
         <object_component_ref idref="oc-2f9"/>
      </symbol>
      <symbol id="sm-168a">
         <name>L_LSR_1</name>
         <value>0x16694</value>
         <object_component_ref idref="oc-2f9"/>
      </symbol>
      <symbol id="sm-168b">
         <name>L_LSR_7</name>
         <value>0x1667c</value>
         <object_component_ref idref="oc-2f9"/>
      </symbol>
      <symbol id="sm-168c">
         <name>L_LSR_6</name>
         <value>0x16680</value>
         <object_component_ref idref="oc-2f9"/>
      </symbol>
      <symbol id="sm-168d">
         <name>L_LSR_5</name>
         <value>0x16684</value>
         <object_component_ref idref="oc-2f9"/>
      </symbol>
      <symbol id="sm-168e">
         <name>L_LSR_4</name>
         <value>0x16688</value>
         <object_component_ref idref="oc-2f9"/>
      </symbol>
      <symbol id="sm-168f">
         <name>L_LSR_9</name>
         <value>0x16674</value>
         <object_component_ref idref="oc-2f9"/>
      </symbol>
      <symbol id="sm-1690">
         <name>L_LSR_8</name>
         <value>0x16678</value>
         <object_component_ref idref="oc-2f9"/>
      </symbol>
      <symbol id="sm-169c">
         <name>memcpy</name>
         <value>0x17a2a</value>
         <object_component_ref idref="oc-2a4"/>
      </symbol>
      <symbol id="sm-16a9">
         <name>memmove</name>
         <value>0x16ec6</value>
         <object_component_ref idref="oc-432"/>
      </symbol>
      <symbol id="sm-16b5">
         <name>memset</name>
         <value>0x17956</value>
         <object_component_ref idref="oc-30f"/>
      </symbol>
      <symbol id="sm-16bd">
         <name>__mpysl_f5hw</name>
         <value>0x17740</value>
         <object_component_ref idref="oc-33f"/>
      </symbol>
      <symbol id="sm-16c5">
         <name>__mpyi_f5hw</name>
         <value>0x17982</value>
         <object_component_ref idref="oc-1e4"/>
      </symbol>
      <symbol id="sm-16cd">
         <name>__mpysll_f5hw</name>
         <value>0x1702a</value>
         <object_component_ref idref="oc-404"/>
      </symbol>
      <symbol id="sm-16d5">
         <name>__mpyl_f5hw</name>
         <value>0x174ea</value>
         <object_component_ref idref="oc-1eb"/>
      </symbol>
      <symbol id="sm-16dd">
         <name>__mpyll_f5hw</name>
         <value>0x14f9c</value>
         <object_component_ref idref="oc-3a8"/>
      </symbol>
      <symbol id="sm-16f0">
         <name>_system_pre_init</name>
         <value>0x17e54</value>
         <object_component_ref idref="oc-28c"/>
      </symbol>
      <symbol id="sm-16ff">
         <name>srand</name>
         <value>0x17998</value>
         <object_component_ref idref="oc-385"/>
      </symbol>
      <symbol id="sm-1710">
         <name>sinf</name>
         <value>0x17e22</value>
         <object_component_ref idref="oc-40a"/>
      </symbol>
      <symbol id="sm-1720">
         <name>sqrt</name>
         <value>0xfc28</value>
         <object_component_ref idref="oc-438"/>
      </symbol>
      <symbol id="sm-1730">
         <name>sqrtf</name>
         <value>0xfd46</value>
         <object_component_ref idref="oc-3a6"/>
      </symbol>
      <symbol id="sm-1740">
         <name>vsprintf</name>
         <value>0x167c4</value>
         <object_component_ref idref="oc-309"/>
      </symbol>
      <symbol id="sm-176c">
         <name>_Dscale</name>
         <value>0xf9e2</value>
         <object_component_ref idref="oc-472"/>
      </symbol>
      <symbol id="sm-1783">
         <name>_Dunscale</name>
         <value>0x148da</value>
         <object_component_ref idref="oc-471"/>
      </symbol>
      <symbol id="sm-17a6">
         <name>_FAtan</name>
         <value>0xf274</value>
         <object_component_ref idref="oc-406"/>
      </symbol>
      <symbol id="sm-17c8">
         <name>_FDscale</name>
         <value>0x10000</value>
         <object_component_ref idref="oc-408"/>
      </symbol>
      <symbol id="sm-17d7">
         <name>_FDtest</name>
         <value>0x166d6</value>
         <object_component_ref idref="oc-405"/>
      </symbol>
      <symbol id="sm-17e7">
         <name>_FDunscale</name>
         <value>0x1493e</value>
         <object_component_ref idref="oc-407"/>
      </symbol>
      <symbol id="sm-17f4">
         <name>_Feraise</name>
         <value>0x1694e</value>
         <object_component_ref idref="oc-409"/>
      </symbol>
      <symbol id="sm-1816">
         <name>_FSin</name>
         <value>0xbc10</value>
         <object_component_ref idref="oc-45a"/>
      </symbol>
      <symbol id="sm-1820">
         <name>_FZero</name>
         <value>0x3760</value>
         <object_component_ref idref="oc-238"/>
      </symbol>
      <symbol id="sm-1821">
         <name>_FRteps</name>
         <value>0x374c</value>
         <object_component_ref idref="oc-238"/>
      </symbol>
      <symbol id="sm-1822">
         <name>_FSnan</name>
         <value>0x373c</value>
         <object_component_ref idref="oc-238"/>
      </symbol>
      <symbol id="sm-1823">
         <name>_FNan</name>
         <value>0x372c</value>
         <object_component_ref idref="oc-238"/>
      </symbol>
      <symbol id="sm-1824">
         <name>_FInf</name>
         <value>0x371c</value>
         <object_component_ref idref="oc-238"/>
      </symbol>
      <symbol id="sm-1825">
         <name>_FEps</name>
         <value>0x370c</value>
         <object_component_ref idref="oc-238"/>
      </symbol>
      <symbol id="sm-1826">
         <name>_FXbig</name>
         <value>0x375c</value>
         <object_component_ref idref="oc-238"/>
      </symbol>
      <symbol id="sm-1827">
         <name>_FDenorm</name>
         <value>0x36fc</value>
         <object_component_ref idref="oc-238"/>
      </symbol>
      <symbol id="sm-1843">
         <name>_Log</name>
         <value>0xb058</value>
         <object_component_ref idref="oc-489"/>
      </symbol>
      <symbol id="sm-1856">
         <name>_Rteps</name>
         <value>0x3606</value>
         <object_component_ref idref="oc-244"/>
      </symbol>
      <symbol id="sm-1857">
         <name>_Zero</name>
         <value>0x361a</value>
         <object_component_ref idref="oc-244"/>
      </symbol>
      <symbol id="sm-1858">
         <name>_Hugeval</name>
         <value>0x35c6</value>
         <object_component_ref idref="oc-244"/>
      </symbol>
      <symbol id="sm-1859">
         <name>_Snan</name>
         <value>0x35f6</value>
         <object_component_ref idref="oc-244"/>
      </symbol>
      <symbol id="sm-185a">
         <name>_Nan</name>
         <value>0x35e6</value>
         <object_component_ref idref="oc-244"/>
      </symbol>
      <symbol id="sm-185b">
         <name>_Inf</name>
         <value>0x35d6</value>
         <object_component_ref idref="oc-244"/>
      </symbol>
      <symbol id="sm-185c">
         <name>_Xbig</name>
         <value>0x3616</value>
         <object_component_ref idref="oc-244"/>
      </symbol>
      <symbol id="sm-185d">
         <name>_Eps</name>
         <value>0x35b6</value>
         <object_component_ref idref="oc-244"/>
      </symbol>
      <symbol id="sm-185e">
         <name>_Denorm</name>
         <value>0x35a6</value>
         <object_component_ref idref="oc-244"/>
      </symbol>
      <symbol id="sm-186a">
         <name>_nop</name>
         <value>0x17e5c</value>
         <object_component_ref idref="oc-28b"/>
      </symbol>
      <symbol id="sm-186b">
         <name>_lock</name>
         <value>0x3960</value>
         <object_component_ref idref="oc-248"/>
      </symbol>
      <symbol id="sm-186c">
         <name>_unlock</name>
         <value>0x3964</value>
         <object_component_ref idref="oc-248"/>
      </symbol>
      <symbol id="sm-1984">
         <name>_printfi</name>
         <value>0xc28a</value>
         <object_component_ref idref="oc-37f"/>
      </symbol>
      <symbol id="sm-198c">
         <name>__TI_args_main</name>
         <value>0x1</value>
      </symbol>
      <symbol id="sm-199d">
         <name>atoi</name>
         <value>0x14acc</value>
         <object_component_ref idref="oc-410"/>
      </symbol>
      <symbol id="sm-19ad">
         <name>_auto_init</name>
         <value>0x1541c</value>
         <object_component_ref idref="oc-28d"/>
      </symbol>
      <symbol id="sm-19ae">
         <name>__TI_auto_init</name>
         <value>0x1</value>
      </symbol>
      <symbol id="sm-19b6">
         <name>_ctypes_</name>
         <value>0x18658</value>
         <object_component_ref idref="oc-45b"/>
      </symbol>
      <symbol id="sm-19c0">
         <name>_Errno</name>
         <value>0x3980</value>
         <object_component_ref idref="oc-25b"/>
      </symbol>
      <symbol id="sm-19d0">
         <name>feraiseexcept</name>
         <value>0x16a58</value>
         <object_component_ref idref="oc-459"/>
      </symbol>
      <symbol id="sm-19d1">
         <name>_Tls_setup__Fenv</name>
         <value>0x3974</value>
         <object_component_ref idref="oc-25f"/>
      </symbol>
      <symbol id="sm-19d2">
         <name>_Fenv</name>
         <value>0x3970</value>
         <object_component_ref idref="oc-25f"/>
      </symbol>
      <symbol id="sm-19f7">
         <name>fmodf</name>
         <value>0xddd2</value>
         <object_component_ref idref="oc-478"/>
      </symbol>
      <symbol id="sm-1a00">
         <name>I_LSR</name>
         <value>0x17d2c</value>
         <object_component_ref idref="oc-26a"/>
      </symbol>
      <symbol id="sm-1a0d">
         <name>ltoa</name>
         <value>0x13a22</value>
         <object_component_ref idref="oc-487"/>
      </symbol>
      <symbol id="sm-1a1a">
         <name>memccpy</name>
         <value>0x1758e</value>
         <object_component_ref idref="oc-413"/>
      </symbol>
      <symbol id="sm-1a27">
         <name>raise</name>
         <value>0x16c86</value>
         <object_component_ref idref="oc-477"/>
      </symbol>
      <symbol id="sm-1a39">
         <name>signal</name>
         <value>0x16916</value>
         <object_component_ref idref="oc-486"/>
      </symbol>
      <symbol id="sm-1a44">
         <name>strlen</name>
         <value>0x17c56</value>
         <object_component_ref idref="oc-3d4"/>
      </symbol>
      <symbol id="sm-1a4f">
         <name>toupper</name>
         <value>0x17af6</value>
         <object_component_ref idref="oc-45e"/>
      </symbol>
      <symbol id="sm-1a60">
         <name>_Dnorm</name>
         <value>0x12f90</value>
         <object_component_ref idref="oc-483"/>
      </symbol>
      <symbol id="sm-1a6a">
         <name>_FDclass</name>
         <value>0x17826</value>
         <object_component_ref idref="oc-45f"/>
      </symbol>
      <symbol id="sm-1a7a">
         <name>_FDnorm</name>
         <value>0x1313c</value>
         <object_component_ref idref="oc-458"/>
      </symbol>
   </symbol_table>
</link_info>
