******************************************************************************
                  MSP430 Linker PC v4.1.7                      
******************************************************************************
>> Linked Thu Mar 02 01:34:13 2017

OUTPUT FILE NAME:   <CA-SDK-firmware test.out>
ENTRY POINT SYMBOL: "_c_int00"  address: 000047b2


MEMORY CONFIGURATION

         name            origin    length      used     unused   attr    fill
----------------------  --------  ---------  --------  --------  ----  --------
  SFR                   00000000   00000010  00000000  00000010  RWIX
  PERIPHERALS_8BIT      00000010   000000f0  00000000  000000f0  RWIX
  PERIPHERALS_16BIT     00000100   00000100  00000000  00000100  RWIX
  INFOD                 00001800   00000080  00000000  00000080  RWIX
  INFOC                 00001880   00000080  00000000  00000080  RWIX
  INFOB                 00001900   00000080  00000000  00000080  RWIX
  INFOA                 00001980   00000080  00000000  00000080  RWIX
  RAM                   00002400   00002000  00001bc2  0000043e  RWIX
  FLASH                 00004400   0000bb80  0000bb80  00000000  RWIX
  INT00                 0000ff80   00000002  00000000  00000002  RWIX
  INT01                 0000ff82   00000002  00000000  00000002  RWIX
  INT02                 0000ff84   00000002  00000000  00000002  RWIX
  INT03                 0000ff86   00000002  00000000  00000002  RWIX
  INT04                 0000ff88   00000002  00000000  00000002  RWIX
  INT05                 0000ff8a   00000002  00000000  00000002  RWIX
  INT06                 0000ff8c   00000002  00000000  00000002  RWIX
  INT07                 0000ff8e   00000002  00000000  00000002  RWIX
  INT08                 0000ff90   00000002  00000000  00000002  RWIX
  INT09                 0000ff92   00000002  00000000  00000002  RWIX
  INT10                 0000ff94   00000002  00000000  00000002  RWIX
  INT11                 0000ff96   00000002  00000000  00000002  RWIX
  INT12                 0000ff98   00000002  00000000  00000002  RWIX
  INT13                 0000ff9a   00000002  00000000  00000002  RWIX
  INT14                 0000ff9c   00000002  00000000  00000002  RWIX
  INT15                 0000ff9e   00000002  00000000  00000002  RWIX
  INT16                 0000ffa0   00000002  00000000  00000002  RWIX
  INT17                 0000ffa2   00000002  00000000  00000002  RWIX
  INT18                 0000ffa4   00000002  00000000  00000002  RWIX
  INT19                 0000ffa6   00000002  00000000  00000002  RWIX
  INT20                 0000ffa8   00000002  00000000  00000002  RWIX
  INT21                 0000ffaa   00000002  00000000  00000002  RWIX
  INT22                 0000ffac   00000002  00000000  00000002  RWIX
  INT23                 0000ffae   00000002  00000000  00000002  RWIX
  INT24                 0000ffb0   00000002  00000000  00000002  RWIX
  INT25                 0000ffb2   00000002  00000000  00000002  RWIX
  INT26                 0000ffb4   00000002  00000000  00000002  RWIX
  INT27                 0000ffb6   00000002  00000000  00000002  RWIX
  INT28                 0000ffb8   00000002  00000000  00000002  RWIX
  INT29                 0000ffba   00000002  00000000  00000002  RWIX
  INT30                 0000ffbc   00000002  00000000  00000002  RWIX
  INT31                 0000ffbe   00000002  00000000  00000002  RWIX
  INT32                 0000ffc0   00000002  00000000  00000002  RWIX
  INT33                 0000ffc2   00000002  00000000  00000002  RWIX
  INT34                 0000ffc4   00000002  00000000  00000002  RWIX
  INT35                 0000ffc6   00000002  00000000  00000002  RWIX
  INT36                 0000ffc8   00000002  00000000  00000002  RWIX
  INT37                 0000ffca   00000002  00000000  00000002  RWIX
  INT38                 0000ffcc   00000002  00000000  00000002  RWIX
  INT39                 0000ffce   00000002  00000000  00000002  RWIX
  INT40                 0000ffd0   00000002  00000000  00000002  RWIX
  INT41                 0000ffd2   00000002  00000000  00000002  RWIX
  INT42                 0000ffd4   00000002  00000002  00000000  RWIX
  INT43                 0000ffd6   00000002  00000000  00000002  RWIX
  INT44                 0000ffd8   00000002  00000002  00000000  RWIX
  INT45                 0000ffda   00000002  00000002  00000000  RWIX
  INT46                 0000ffdc   00000002  00000000  00000002  RWIX
  INT47                 0000ffde   00000002  00000002  00000000  RWIX
  INT48                 0000ffe0   00000002  00000000  00000002  RWIX
  INT49                 0000ffe2   00000002  00000002  00000000  RWIX
  INT50                 0000ffe4   00000002  00000000  00000002  RWIX
  INT51                 0000ffe6   00000002  00000002  00000000  RWIX
  INT52                 0000ffe8   00000002  00000000  00000002  RWIX
  INT53                 0000ffea   00000002  00000000  00000002  RWIX
  INT54                 0000ffec   00000002  00000000  00000002  RWIX
  INT55                 0000ffee   00000002  00000002  00000000  RWIX
  INT56                 0000fff0   00000002  00000002  00000000  RWIX
  INT57                 0000fff2   00000002  00000000  00000002  RWIX
  INT58                 0000fff4   00000002  00000000  00000002  RWIX
  INT59                 0000fff6   00000002  00000002  00000000  RWIX
  INT60                 0000fff8   00000002  00000000  00000002  RWIX
  INT61                 0000fffa   00000002  00000002  00000000  RWIX
  INT62                 0000fffc   00000002  00000000  00000002  RWIX
  RESET                 0000fffe   00000002  00000002  00000000  RWIX
  FLASH2                00010000   00014400  0000829c  0000c164  RWIX


SECTION ALLOCATION MAP

 output                                  attributes/
section   page    origin      length       input sections
--------  ----  ----------  ----------   ----------------
.pinit     0    00004400    00000000     UNINITIALIZED

.bss       0    00002400    00001582     UNINITIALIZED
                  00002400    00000394     libmplmpu.lib : accel_auto_cal.obj (.bss)
                  00002794    0000028c                   : compass_vec_cal.obj (.bss)
                  00002a20    00000258                   : fast_no_motion.obj (.bss)
                  00002c78    0000024e     data_builder.obj (.bss)
                  00002ec6    000001b6     libmplmpu.lib : gyro_tc.obj (.bss)
                  0000307c    0000016c     storage_manager.obj (.bss)
                  000031e8    0000012c     libmplmpu.lib : fusion_9axis.obj (.bss)
                  00003314    000000cc     hal_outputs.obj (.bss)
                  000033e0    000000b0     rts430x_lc_rd.lib : signal.obj (.bss)
                  00003490    0000009c     libmplmpu.lib : mag_disturb.obj (.bss)
                  0000352c    0000007a     results_holder.obj (.bss)
                  000035a6    00000078     rts430x_lc_rd.lib : xvalues.obj (.bss)
                  0000361e    00000074     mllite_test.obj (.bss)
                  00003692    0000006a     libmplmpu.lib : quaternion_supervisor.obj (.bss)
                  000036fc    00000068     rts430x_lc_rd.lib : xfvalues.obj (.bss)
                  00003764    00000052     msp430_interrupt.obj (.bss)
                  000037b6    00000052     start_manager.obj (.bss)
                  00003808    00000048     usb.obj (.bss)
                  00003850    0000003f     sensor_probe.obj (.bss)
                  0000388f    00000001     msp430_spi.obj (.bss)
                  00003890    00000036     inv_mpu.obj (.bss)
                  000038c6    0000002e     UsbCdc.obj (.bss)
                  000038f4    0000001e     eMPL_outputs.obj (.bss)
                  00003912    0000001e     msp430_clock.obj (.bss)
                  00003930    00000010     inv_mpu_dmp_motion_driver.obj (.bss)
                  00003940    0000000c     msp430_i2c.obj (.bss)
                  0000394c    0000000c     msp430_uart.obj (.bss)
                  00003958    00000008     dma.obj (.bss)
                  00003960    00000008     rts430x_lc_rd.lib : _lock.obj (.bss)
                  00003968    00000008                       : boot.obj (.bss)
                  00003970    00000008                       : feraiseexcept.obj (.bss)
                  00003978    00000004     message_layer.obj (.bss)
                  0000397c    00000004     rts430x_lc_rd.lib : rand.obj (.bss)
                  00003980    00000002                       : errno.obj (.bss)

.stack     0    00003dc0    00000640     UNINITIALIZED
                  00003dc0    00000004     rts430x_lc_rd.lib : boot.obj (.stack)
                  00003dc4    0000063c     --HOLE--

.text:_isr 
*          0    00004400    00000410     
                  00004400    00000148     UsbIsr.obj (.text:_isr:iUsbInterruptHandler)
                  00004548    000000ba     msp430_i2c.obj (.text:_isr:I2C_ISR)
                  00004602    00000078     msp430_interrupt.obj (.text:_isr:P2_ISR)
                  0000467a    00000074     msp430_interrupt.obj (.text:_isr:P1_ISR)
                  000046ee    00000048     msp430_uart.obj (.text:_isr:UART_ISR)
                  00004736    00000046     msp430_clock.obj (.text:_isr:TIMERB0_ISR)
                  0000477c    00000036     msp430_interrupt.obj (.text:_isr:UNMI_ISR)
                  000047b2    0000002a     rts430x_lc_rd.lib : boot.obj (.text:_isr:_c_int00_noexit)
                  000047dc    00000016     mllite_test.obj (.text:_isr:TIMER2_A0_ISR)
                  000047f2    00000012     msp430_spi.obj (.text:_isr:USCI_B1_ISR)
                  00004804    0000000c     mllite_test.obj (.text:_isr:TIMER1_A0_ISR)

.cinit     0    00004810    000002f6     
                  00004810    000000e2     mllite_test.obj (.cinit)
                  000048f2    00000063     sensor_probe.obj (.cinit)
                  00004955    00000001     --HOLE-- [fill = 0]
                  00004956    0000005a     rts430x_lc_rd.lib : xvalues.obj (.cinit)
                  000049b0    00000050                       : xfvalues.obj (.cinit)
                  00004a00    00000028     libmplmpu.lib : compass_vec_cal.obj (.cinit)
                  00004a28    00000024     msp430_clock.obj (.cinit)
                  00004a4c    0000001a     hal_outputs.obj (.cinit)
                  00004a66    0000001a     inv_mpu.obj (.cinit)
                  00004a80    00000017     usb.obj (.cinit)
                  00004a97    00000001     --HOLE-- [fill = 0]
                  00004a98    00000015     inv_mpu_dmp_motion_driver.obj (.cinit)
                  00004aad    00000001     --HOLE-- [fill = 0]
                  00004aae    00000014     rts430x_lc_rd.lib : feraiseexcept.obj (.cinit)
                  00004ac2    00000011     msp430_i2c.obj (.cinit)
                  00004ad3    00000001     --HOLE-- [fill = 0]
                  00004ad4    0000000a     libmplmpu.lib : mag_disturb.obj (.cinit)
                  00004ade    0000000a     msp430_interrupt.obj (.cinit)
                  00004ae8    0000000a     rts430x_lc_rd.lib : rand.obj (.cinit)
                  00004af2    0000000a                       : signal.obj (.cinit)
                  00004afc    00000008                       : errno.obj (.cinit)
                  00004b04    00000002     --HOLE-- [fill = 0]

.text.1    0    00004b06    0000b47a     
                  00004b06    00000a04     libmplmpu.lib : compass_vec_cal.obj (.text:inv_compute_bias)
                  0000550a    00000896     mllite_test.obj (.text:handle_input)
                  00005da0    00000858     libmplmpu.lib : compass_vec_cal.obj (.text:inv_center_sum)
                  000065f8    0000076a                   : compass_vec_cal.obj (.text:inv_process_compass_only_cal)
                  00006d62    000005fc                   : fusion_9axis.obj (.text:inv_perform_9x_fusion)
                  0000735e    00000574     mllite_test.obj (.text:main)
                  000078d2    0000054e     inv_mpu.obj (.text:get_st_biases)
                  00007e20    0000045a     libmplmpu.lib : quaternion_supervisor.obj (.text:inv_generate_accel_gyro_quaternion)
                  0000827a    00000448                   : compass_vec_cal.obj (.text:inv_set_terms)
                  000086c2    00000446                   : gyro_tc.obj (.text:inv_gtc_compute_slope)
                  00008b08    0000042c                   : mag_disturb.obj (.text:inv_check_magnetic_disturbance)
                  00008f34    0000038e     rts430x_lc_rd.lib : llmath.obj (.text:__divull)
                  000092c2    00000372     libmplmpu.lib : quaternion_supervisor.obj (.text:accel_fusion)
                  00009634    0000034a     eMPL_outputs.obj (.text:inv_get_sensor_type_euler)
                  0000997e    0000033c     libmplmpu.lib : fast_no_motion.obj (.text:inv_fast_nomot_parameter)
                  00009cba    00000336                   : quaternion_supervisor.obj (.text:inv_process_dmp_quaternion)
                  00009ff0    00000320                   : fast_no_motion.obj (.text:inv_generate_fast_nomot)
                  0000a310    000002c2     mllite_test.obj (.text:run_self_test)
                  0000a5d2    00000286     mllite_test.obj (.text:read_from_mpl)
                  0000a858    0000027c     libmplmpu.lib : accel_auto_cal.obj (.text:inv_check_sample_balance)
                  0000aad4    00000276     log_msp430.obj (.text:eMPL_send_data)
                  0000ad4a    00000274     libmplmpu.lib : compass_vec_cal.obj (.text:inv_check_peaks)
                  0000afbe    0000026c     rts430x_lc_rd.lib : xlog.obj (.text:_Log)
                  0000b22a    0000025c     libmplmpu.lib : fusion_9axis.obj (.text:inv_filter_correction_angle)
                  0000b486    0000025a                   : quaternion_supervisor.obj (.text:inv_compute_quat_from_accel)
                  0000b6e0    0000024c     inv_mpu.obj (.text:setup_compass)
                  0000b92c    0000024a     inv_mpu.obj (.text:mpu_lp_motion_interrupt)
                  0000bb76    00000236     rts430x_lc_rd.lib : xfsin.obj (.text:_FSin)
                  0000bdac    00000228                       : _printfi.obj (.text:_setfield)
                  0000bfd4    0000021c     ml_math_func.obj (.text:inv_q_multf)
                  0000c1f0    0000020e     rts430x_lc_rd.lib : _printfi.obj (.text:_printfi)
                  0000c3fe    00000200     ml_math_func.obj (.text:inv_q_normalizef)
                  0000c5fe    000001fc     libmplmpu.lib : quaternion_supervisor.obj (.text:inv_generate_gyro_quaternion)
                  0000c7fa    000001fc     ml_math_func.obj (.text:inv_quaternion_to_rotation)
                  0000c9f6    000001ec     UsbCdc.obj (.text:USBCDC_receiveData)
                  0000cbe2    000001ec     inv_mpu.obj (.text:mpu_read_fifo)
                  0000cdce    000001c6     libmplmpu.lib : compass_vec_cal.obj (.text:inv_combine_compass_data)
                  0000cf94    000001c2     inv_mpu_dmp_motion_driver.obj (.text:dmp_enable_feature)
                  0000d156    000001bc     inv_mpu_dmp_motion_driver.obj (.text:dmp_set_gyro_bias)
                  0000d312    000001ba     libmplmpu.lib : compass_vec_cal.obj (.text:inv_check_sim)
                  0000d4cc    000001b4                   : mag_disturb.obj (.text:ComputeAngleVelocity)
                  0000d680    000001b2                   : fast_no_motion.obj (.text:inv_fast_nomot_set_gyro_bias)
                  0000d832    000001b0                   : compass_vec_cal.obj (.text:inv_ignore_compass_data)
                  0000d9e2    000001ac                   : quaternion_supervisor.obj (.text:inv_normalize_quat)
                  0000db8e    000001aa     inv_mpu.obj (.text:mpu_reset_fifo)
                  0000dd38    000001a6     rts430x_lc_rd.lib : fmodf.obj (.text:fmodf)
                  0000dede    000001a4     ml_math_func.obj (.text:inv_q_mult)
                  0000e082    000001a2     rts430x_lc_rd.lib : _printfi.obj (.text:_pproc_fge)
                  0000e224    00000188                       : _printfi.obj (.text:_getarg_diouxp)
                  0000e3ac    00000184     inv_mpu_dmp_motion_driver.obj (.text:dmp_set_tap_thresh)
                  0000e530    00000184     inv_mpu.obj (.text:mpu_init)
                  0000e6b4    0000017c     rts430x_lc_rd.lib : _printfi.obj (.text:ecvt)
                  0000e830    00000176     libmplmpu.lib : compass_vec_cal.obj (.text:inv_bias_stability)
                  0000e9a6    0000016e                   : fast_no_motion.obj (.text:inv_fast_nomot_store_data)
                  0000eb14    0000016c     rts430x_lc_rd.lib : _printfi.obj (.text:fcvt)
                  0000ec80    00000168     UsbCdc.obj (.text:CdcToHostFromBuffer)
                  0000ede8    00000156     rts430x_lc_rd.lib : _printfi.obj (.text:_pconv_e)
                  0000ef3e    00000154     inv_mpu.obj (.text:mpu_set_sensors)
                  0000f092    00000148     ml_math_func.obj (.text:inv_compass_angle)
                  0000f1da    00000142     rts430x_lc_rd.lib : xfatan.obj (.text:_FAtan)
                  0000f31c    00000140     usb.obj (.text:USB_reset)
                  0000f45c    00000140     rts430x_lc_rd.lib : llmath.obj (.text:__divlli)
                  0000f59c    00000140     eMPL_outputs.obj (.text:inv_generate_eMPL_outputs)
                  0000f6dc    0000013c     ml_math_func.obj (.text:inv_q_norm4)
                  0000f818    00000130     rts430x_lc_rd.lib : fs_add.obj (.text)
                  0000f948    00000128                       : xdscale.obj (.text:_Dscale)
                  0000fa70    0000011e                       : _printfi.obj (.text:_pproc_diouxp)
                  0000fb8e    0000011e                       : sqrt.obj (.text:sqrt)
                  0000fcac    0000011e                       : sqrtf.obj (.text:sqrtf)
                  0000fdca    0000011c     UsbCdc.obj (.text:CdcToBufferFromHost)
                  0000fee6    0000009a     MX25_APP.obj (.text:FlashReadWrite_Test)

.int42     0    0000ffd4    00000002     
                  0000ffd4    00000002     msp430_interrupt.obj (.int42)

.int44     0    0000ffd8    00000002     
                  0000ffd8    00000002     mllite_test.obj (.int44)

.int45     0    0000ffda    00000002     
                  0000ffda    00000002     msp430_spi.obj (.int45)

.int47     0    0000ffde    00000002     
                  0000ffde    00000002     msp430_interrupt.obj (.int47)

.int49     0    0000ffe2    00000002     
                  0000ffe2    00000002     mllite_test.obj (.int49)

.int51     0    0000ffe6    00000002     
                  0000ffe6    00000002     UsbIsr.obj (.int51)

.int55     0    0000ffee    00000002     
                  0000ffee    00000002     msp430_i2c.obj (.int55)

.int56     0    0000fff0    00000002     
                  0000fff0    00000002     msp430_uart.obj (.int56)

.int59     0    0000fff6    00000002     
                  0000fff6    00000002     msp430_clock.obj (.int59)

.int61     0    0000fffa    00000002     
                  0000fffa    00000002     msp430_interrupt.obj (.int61)

.reset     0    0000fffe    00000002     
                  0000fffe    00000002     rts430x_lc_rd.lib : boot.obj (.reset)

.text.2    0    00010000    00007642     
                  00010000    0000011c     rts430x_lc_rd.lib : xfdscale.obj (.text:_FDscale)
                  0001011c    00000110     eMPL_outputs.obj (.text:inv_get_sensor_type_heading)
                  0001022c    00000110     msp430_interrupt.obj (.text:msp430_reg_int_cb)
                  0001033c    0000010e     log_msp430.obj (.text:eMPL_send_quat)
                  0001044a    00000108     rts430x_lc_rd.lib : atan2f.obj (.text:atan2f)
                  00010552    00000104                       : _printfi.obj (.text:_pconv_g)
                  00010656    00000104     inv_mpu.obj (.text:mpu_set_bypass)
                  0001075a    00000102     rts430x_lc_rd.lib : _printfi.obj (.text:_ltostr)
                  0001085c    00000100                       : _printfi.obj (.text:_pproc_fwp)
                  0001095c    000000fe     libmplmpu.lib : gyro_tc.obj (.text:inv_gtc_data_cb)
                  00010a5a    000000f6                   : accel_auto_cal.obj (.text:inv_sort_order_4_T)
                  00010b50    000000f0     rts430x_lc_rd.lib : acosf.obj (.text:acosf)
                  00010c40    000000f0     libmplmpu.lib : fusion_9axis.obj (.text:inv_find_synchronized_compass_angle)
                  00010d30    000000e8                   : fusion_9axis.obj (.text:inv_process_9x_sensor_fusion_cb)
                  00010e18    000000e6     HAL_UCS.obj (.text:Init_FLL)
                  00010efe    000000e4     log_msp430.obj (.text:_MLPrintLog)
                  00010fe2    000000e4     libmplmpu.lib : fast_no_motion.obj (.text:inv_detect_motion_by_gyro_accel)
                  000110c6    000000e4     inv_mpu.obj (.text:mpu_lp_accel_mode)
                  000111aa    000000e2     rts430x_lc_rd.lib : fltllid.obj (.text:_fltllid)
                  0001128c    000000e0     libmplmpu.lib : gyro_tc.obj (.text:inv_gtc_add_data)
                  0001136c    000000de     data_builder.obj (.text:inv_apply_calibration)
                  0001144a    000000dc     data_builder.obj (.text:inv_register_data_cb)
                  00011526    000000da     usb.obj (.text:USB_InitSerialStringDescriptor)
                  00011600    000000d0     libmplmpu.lib : fast_no_motion.obj (.text:inv_sensor_data_preprocess)
                  000116d0    000000ce     HAL_PMM.obj (.text:SetVCoreUp)
                  0001179e    000000cc     inv_mpu.obj (.text:mpu_get_compass_reg)
                  0001186a    000000ca     mpl.obj (.text:inv_init_mpl)
                  00011934    000000ca     mllite_test.obj (.text:send_status_compass)
                  000119fe    000000c6     storage_manager.obj (.text:inv_load_mpl_states)
                  00011ac4    000000c4     inv_mpu_dmp_motion_driver.obj (.text:dmp_set_interrupt_mode)
                  00011b88    000000bc     libmplmpu.lib : fast_no_motion.obj (.text:inv_init_maxmin)
                  00011c44    000000b6     inv_mpu.obj (.text:mpu_run_self_test)
                  00011cfa    000000b6     rts430x_lc_rd.lib : fs_mpy.obj (.text)
                  00011db0    000000b4     ml_math_func.obj (.text:inv_convert_to_body_with_scale)
                  00011e64    000000b2     libmplmpu.lib : compass_vec_cal.obj (.text:inv_init_sensitivity_const)
                  00011f16    000000b2                   : mag_disturb.obj (.text:inv_track_dip_angle)
                  00011fc8    000000b0     UsbCdc.obj (.text:USBCDC_intfStatus)
                  00012078    000000b0     results_holder.obj (.text:inv_get_gravity)
                  00012128    000000ae     msp430_clock.obj (.text:msp430_clock_init)
                  000121d6    000000aa     inv_mpu.obj (.text:mpu_set_sample_rate)
                  00012280    000000a8     rts430x_lc_rd.lib : _printfi.obj (.text:_pproc_str)
                  00012328    000000a8     libmplmpu.lib : compass_vec_cal.obj (.text:inv_add_compass_block_data)
                  000123d0    000000a4     inv_mpu.obj (.text:mpu_get_temperature)
                  00012474    0000009e     MX25_CMD.obj (.text:CMD_PP)
                  00012512    0000009e     libmplmpu.lib : compass_vec_cal.obj (.text:inv_cheap_rand)
                  000125b0    0000009c                   : compass_vec_cal.obj (.text:inv_get_current_calibrated_compass)
                  0001264c    0000009c                   : compass_vec_cal.obj (.text:inv_set_peaks)
                  000126e8    0000009a     msp430_i2c.obj (.text:msp430_i2c_read)
                  00012782    0000009a     msp430_i2c.obj (.text:msp430_i2c_write)
                  0001281c    00000098     libmplmpu.lib : mag_disturb.obj (.text:MagDisturbSetDisturbance)
                  000128b4    00000096     MX25_APP.obj (.text:FlashID_Test)
                  0001294a    00000096     usb.obj (.text:USB_connectionState)
                  000129e0    00000096     data_builder.obj (.text:inv_build_compass)
                  00012a76    00000096     storage_manager.obj (.text:inv_save_mpl_states)
                  00012b0c    00000092     rts430x_lc_rd.lib : xdnorm.obj (.text:_Dnorm)
                  00012b9e    0000008e                       : fs_div.obj (.text)
                  00012c2c    0000008c     HAL_PMM.obj (.text:SetVCoreDown)
                  00012cb8    0000008c     rts430x_lc_rd.lib : xfdnorm.obj (.text:_FDnorm)
                  00012d44    0000008c     data_builder.obj (.text:inv_set_gyro_bias)
                  00012dd0    0000008c     usb.obj (.text:usbDecodeAndProcessUsbRequest)
                  00012e5c    0000008a     UsbCdc.obj (.text:USBCDC_bytesInUSBBuffer)
                  00012ee6    00000088     rts430x_lc_rd.lib : _printfi.obj (.text:_ecpy)
                  00012f6e    00000088     libmplmpu.lib : fast_no_motion.obj (.text:inv_init_fast_nomot)
                  00012ff6    00000086     usb.obj (.text:USB_enable)
                  0001307c    00000086     rts430x_lc_rd.lib : _printfi.obj (.text:_div)
                  00013102    00000086     storage_manager.obj (.text:inv_register_load_store)
                  00013188    00000084     rts430x_lc_rd.lib : fixdlli.obj (.text:_fixdlli)
                  0001320c    00000084     data_builder.obj (.text:inv_build_accel)
                  00013290    00000084     inv_mpu.obj (.text:mpu_set_lpf)
                  00013314    00000082     libmplmpu.lib : fast_no_motion.obj (.text:inv_fast_nomot_store_data_compass)
                  00013396    00000082     inv_mpu.obj (.text:mpu_set_dmp_state)
                  00013418    00000080     libmplmpu.lib : mag_disturb.obj (.text:Mag3ofNormalizedLong)
                  00013498    00000080     inv_mpu_dmp_motion_driver.obj (.text:dmp_set_orient_thresh)
                  00013518    00000080     rts430x_lc_rd.lib : ltoa.obj (.text:ltoa)
                  00013598    0000007e     MX25_CMD.obj (.text:CMD_READ)
                  00013616    0000007e     rts430x_lc_rd.lib : _printfi.obj (.text:_mcpy)
                  00013694    0000007e     libmplmpu.lib : compass_vec_cal.obj (.text:inv_cheap_gaussian)
                  00013712    0000007e                   : compass_vec_cal.obj (.text:inv_init_vector_compass_cal)
                  00013790    0000007e     inv_mpu.obj (.text:mpu_set_gyro_fsr)
                  0001380e    0000007e     rts430x_lc_rd.lib : fs_tol.obj (.text)
                  0001388c    00000078     UsbCdc.obj (.text:USBCDC_sendData)
                  00013904    00000078     ml_math_func.obj (.text:inv_q_addf)
                  0001397c    00000078     msp430_i2c.obj (.text:msp430_i2c_enable)
                  000139f4    00000076     rts430x_lc_rd.lib : _printfi.obj (.text:_pconv_f)
                  00013a6a    00000074     data_builder.obj (.text:inv_execute_on_data)
                  00013ade    00000074     usb.obj (.text:usbSendNextPacketOnIEP0)
                  00013b52    00000072     UsbCdc.obj (.text:CopyUsbToBuff)
                  00013bc4    00000072     data_builder.obj (.text:inv_get_last_timestamp)
                  00013c36    00000072     inv_mpu.obj (.text:mpu_reg_dump)
                  00013ca8    00000072     inv_mpu.obj (.text:mpu_set_accel_fsr)
                  00013d1a    00000070     usb.obj (.text:usbGetEndpointStatus)
                  00013d8a    0000006e     MX25_CMD.obj (.text:CMD_SE)
                  00013df8    0000006e     usbConstructs.obj (.text:cdcSendDataInBackground)
                  00013e66    0000006e     libmplmpu.lib : quaternion_supervisor.obj (.text:inv_generate_quaternion)
                  00013ed4    0000006c     inv_mpu_dmp_motion_driver.obj (.text:dmp_set_fifo_rate)
                  00013f40    00000068     inv_mpu_dmp_motion_driver.obj (.text:dmp_get_pedometer_walk_time)
                  00013fa8    00000068     data_builder.obj (.text:inv_set_accel_bias)
                  00014010    00000068     data_builder.obj (.text:inv_unregister_data_cb)
                  00014078    00000068     inv_mpu.obj (.text:mpu_write_mem)
                  000140e0    00000068     rts430x_lc_rd.lib : fs_toi.obj (.text)
                  00014148    00000066     data_builder.obj (.text:inv_set_contiguous)
                  000141ae    00000066     inv_mpu.obj (.text:mpu_configure_fifo)
                  00014214    00000066     msp430_interrupt.obj (.text:msp430_int_enable)
                  0001427a    00000064     rts430x_lc_rd.lib : xdunscal.obj (.text:_Dunscale)
                  000142de    00000064                       : xfdunsca.obj (.text:_FDunscale)
                  00014342    00000064     results_holder.obj (.text:inv_get_linear_accel)
                  000143a6    00000064     ml_math_func.obj (.text:mlMatrixVectorMult)
                  0001440a    00000062     MX25_CMD.obj (.text:CMD_RDID)
                  0001446c    00000062     rts430x_lc_rd.lib : atoi.obj (.text:atoi)
                  000144ce    00000062     ml_math_func.obj (.text:inv_q_rotate)
                  00014530    00000060     data_builder.obj (.text:inv_reset_compass_soft_iron_matrix)
                  00014590    00000060     data_builder.obj (.text:inv_set_compass_bias)
                  000145f0    00000060     inv_mpu.obj (.text:mpu_get_lpf)
                  00014650    00000060     inv_mpu.obj (.text:mpu_set_int_latched)
                  000146b0    00000060     mllite_test.obj (.text:setup_gyro)
                  00014710    0000005e     ml_math_func.obj (.text:inv_q_add)
                  0001476e    0000005e     inv_mpu.obj (.text:mpu_read_mem)
                  000147cc    0000005c     libmplmpu.lib : mag_disturb.obj (.text:inv_init_magnetic_disturbance)
                  00014828    0000005c                   : mag_disturb.obj (.text:inv_magnetic_disturbance_process)
                  00014884    0000005a                   : mag_disturb.obj (.text:MagDisturbCheckSettling)
                  000148de    0000005a     rts430x_lc_rd.lib : mult64_f5hw.obj (.text:__mpyll)
                  00014938    0000005a     libmplmpu.lib : compass_vec_cal.obj (.text:inv_generate_vector_compass_cal)
                  00014992    0000005a     results_holder.obj (.text:inv_init_results_holder)
                  000149ec    0000005a     libmplmpu.lib : fast_no_motion.obj (.text:inv_record_max_moment_in_no_motion_accel)
                  00014a46    0000005a                   : fast_no_motion.obj (.text:inv_record_max_moment_in_no_motion_gyro)
                  00014aa0    00000058     HAL_TLV.obj (.text:Get_TLV_Info)
                  00014af8    00000058     usb.obj (.text:USB_init)
                  00014b50    00000058     libmplmpu.lib : fast_no_motion.obj (.text:inv_record_min_moment_in_motion_accel)
                  00014ba8    00000058                   : fast_no_motion.obj (.text:inv_record_min_moment_in_motion_gyro)
                  00014c00    00000058     max17048_driver.obj (.text:max17048_probe)
                  00014c58    00000058     rts430x_lc_rd.lib : div32u.obj (.text)
                  00014cb0    00000056     MX25_CMD.obj (.text:CMD_REMS)
                  00014d06    00000056     rts430x_lc_rd.lib : autoinit.obj (.text:_auto_init)
                  00014d5c    00000056     inv_mpu.obj (.text:mpu_set_compass_sample_rate)
                  00014db2    00000054     inv_mpu_dmp_motion_driver.obj (.text:dmp_get_pedometer_step_count)
                  00014e06    00000054     results_holder.obj (.text:inv_get_quaternion_set)
                  00014e5a    00000054     ml_math_func.obj (.text:inv_q_invert)
                  00014eae    00000054     mllite_test.obj (.text:load_calibration)
                  00014f02    00000054     inv_mpu.obj (.text:mpu_get_gyro_sens)
                  00014f56    00000054     inv_mpu.obj (.text:set_int_enable)
                  00014faa    00000052     mllite_test.obj (.text:init_timer_A1)
                  00014ffc    00000052     libmplmpu.lib : fast_no_motion.obj (.text:inv_reset_min_max_gyro_accel_statistics)
                  0001504e    00000052     UsbCdc.obj (.text:usbGetLineCoding)
                  000150a0    00000050     inv_mpu_dmp_motion_driver.obj (.text:dmp_enable_6x_lp_quat)
                  000150f0    00000050     inv_mpu_dmp_motion_driver.obj (.text:dmp_enable_lp_quat)
                  00015140    00000050     libmplmpu.lib : fast_no_motion.obj (.text:inv_max_change)
                  00015190    00000050                   : fast_no_motion.obj (.text:inv_set_default_number_of_samples)
                  000151e0    0000004e     rts430x_lc_rd.lib : _printfi.obj (.text:_fcpy)
                  0001522e    0000004e     libmplmpu.lib : gyro_tc.obj (.text:inv_gtc_get_bin)
                  0001527c    0000004e     ml_math_func.obj (.text:inv_row_2_scale)
                  000152ca    0000004e     usb.obj (.text:usbGetStringDescriptor)
                  00015318    0000004c     inv_mpu_dmp_motion_driver.obj (.text:dmp_set_shake_reject_thresh)
                  00015364    0000004c     ml_math_func.obj (.text:inv_q_invertf)
                  000153b0    0000004c     libmplmpu.lib : fast_no_motion.obj (.text:inv_start_fast_nomot)
                  000153fc    0000004c     msp430_clock.obj (.text:msp430_clock_enable)
                  00015448    0000004a     mllite_test.obj (.text:check_for_usb_state)
                  00015492    0000004a     data_builder.obj (.text:inv_set_compass_soft_iron_input_data)
                  000154dc    0000004a     mpl.obj (.text:inv_start_mpl)
                  00015526    0000004a     rts430x_lc_rd.lib : fs_cmp.obj (.text)
                  00015570    0000004a                       : fs_ltof.obj (.text)
                  000155ba    00000048     libmplmpu.lib : fusion_9axis.obj (.text:inv_init_9x_fusion)
                  00015602    00000048     usb.obj (.text:usbReceiveNextPacketOnOEP0)
                  0001564a    00000046     rts430x_lc_rd.lib : _printfi.obj (.text:_pproc_fflags)
                  00015690    00000046     mllite_test.obj (.text:get_eMPL_version)
                  000156d6    00000046     libmplmpu.lib : fast_no_motion.obj (.text:inv_fast_nomot_reset_data_compass)
                  0001571c    00000046                   : quaternion_supervisor.obj (.text:inv_init_quaternion)
                  00015762    00000046     inv_mpu.obj (.text:mpu_get_accel_sens)
                  000157a8    00000046     rts430x_lc_rd.lib : fs_tou.obj (.text)
                  000157ee    00000046     usb.obj (.text:usbClearEndpointFeature)
                  00015834    00000044     UsbIsr.obj (.text:SetupPacketInterruptHandler)
                  00015878    00000044     rts430x_lc_rd.lib : llmath.obj (.text:__asrll)
                  000158bc    00000044     max17048_driver.obj (.text:max17048_get_battery_soc)
                  00015900    00000044     inv_mpu.obj (.text:mpu_get_gyro_fsr)
                  00015944    00000044     usb.obj (.text:usbSetEndpointFeature)
                  00015988    00000042     UsbIsr.obj (.text:PWRVBUSoffHandler)
                  000159ca    00000042     libmplmpu.lib : quaternion_supervisor.obj (.text:inv_start_quaternion)
                  00015a0c    00000042     msp430_uart.obj (.text:msp430_uart_init)
                  00015a4e    00000040     UsbCdc.obj (.text:CdcResetData)
                  00015a8e    00000040     MX25_CMD.obj (.text:SendFlashAddr)
                  00015ace    00000040     usbConstructs.obj (.text:cdcReceiveDataInBuffer)
                  00015b0e    00000040     data_builder.obj (.text:inv_build_gyro)
                  00015b4e    00000040     data_builder.obj (.text:inv_init_data_builder)
                  00015b8e    00000040     results_holder.obj (.text:inv_set_motion_state)
                  00015bce    00000040     inv_mpu.obj (.text:mpu_get_accel_fsr)
                  00015c0e    00000040     rts430x_lc_rd.lib : div32s.obj (.text)
                  00015c4e    0000003e     UsbCdc.obj (.text:Handler_SetLineCoding)
                  00015c8c    0000003e     HAL_PMM.obj (.text:SetVCore)
                  00015cca    0000003e     rts430x_lc_rd.lib : llmath.obj (.text:__lslll)
                  00015d08    0000003e                       : llmath.obj (.text:__lsrll)
                  00015d46    0000003e     libmplmpu.lib : fast_no_motion.obj (.text:inv_fast_nomot_parameter_compass)
                  00015d84    0000003e     data_builder.obj (.text:inv_set_accel_sample_rate)
                  00015dc2    0000003e     data_builder.obj (.text:inv_set_compass_sample_rate)
                  00015e00    0000003e     data_builder.obj (.text:inv_set_gyro_sample_rate)
                  00015e3e    0000003e     rts430x_lc_rd.lib : asr32.obj (.text:l_asr_const)
                  00015e7c    0000003e                       : lsl32.obj (.text:l_lsl_const)
                  00015eba    0000003e                       : lsr32.obj (.text:l_lsr_const)
                  00015ef8    0000003c     mllite_test.obj (.text:Init_TimerA2)
                  00015f34    0000003c     rts430x_lc_rd.lib : xfdtest.obj (.text:_FDtest)
                  00015f70    0000003c     inv_mpu_dmp_motion_driver.obj (.text:dmp_set_pedometer_walk_time)
                  00015fac    0000003c     data_builder.obj (.text:inv_get_compass_set)
                  00015fe8    0000003a     results_holder.obj (.text:inv_get_quaternion)
                  00016022    0000003a     rts430x_lc_rd.lib : vsprintf.obj (.text:vsprintf)
                  0001605c    00000038     libmplmpu.lib : fast_no_motion.obj (.text:inv_if_enough_data)
                  00016094    00000038                   : accel_auto_cal.obj (.text:inv_init_check_sample_balance)
                  000160cc    00000038                   : gyro_tc.obj (.text:inv_init_gyro_ts)
                  00016104    00000038                   : compass_vec_cal.obj (.text:inv_reset_data_collection)
                  0001613c    00000038     rts430x_lc_rd.lib : signal.obj (.text:signal)
                  00016174    00000036                       : xferaise.obj (.text:_Feraise)
                  000161aa    00000036     msp430_clock.obj (.text:msp430_delay_ms)
                  000161e0    00000036     rts430x_lc_rd.lib : fs_itof.obj (.text)
                  00016216    00000034     HAL_UCS.obj (.text:XT1_Start)
                  0001624a    00000034     inv_mpu_dmp_motion_driver.obj (.text:dmp_set_tap_axes)
                  0001627e    00000034     rts430x_lc_rd.lib : feraiseexcept.obj (.text:feraiseexcept)
                  000162b2    00000034     ml_math_func.obj (.text:inv_cosf)
                  000162e6    00000034     libmplmpu.lib : gyro_tc.obj (.text:inv_enable_gyro_tc)
                  0001631a    00000034     data_builder.obj (.text:inv_get_accel_set)
                  0001634e    00000032     HAL_UCS.obj (.text:Init_FLL_Settle)
                  00016380    00000032     usb.obj (.text:USB_connectionInfo)
                  000163b2    00000032     usb.obj (.text:USB_suspend)
                  000163e4    00000032     inv_mpu_dmp_motion_driver.obj (.text:dmp_set_pedometer_step_count)
                  00016416    00000032     ml_math_func.obj (.text:inv_checksum)
                  00016448    00000032     data_builder.obj (.text:inv_db_load_func)
                  0001647a    00000032     libmplmpu.lib : gyro_tc.obj (.text:inv_gtc_store)
                  000164ac    00000032     rts430x_lc_rd.lib : raise.obj (.text:raise)
                  000164de    00000032                       : fs_ultof.obj (.text)
                  00016510    00000032     mllite_test.obj (.text:showBatteryStatus)
                  00016542    00000030     HAL_FLASH.obj (.text:FlashWrite_8)
                  00016572    00000030     UsbIsr.obj (.text:PWRVBUSonHandler)
                  000165a2    00000030     HAL_UCS.obj (.text:XT2_Start)
                  000165d2    00000030     data_builder.obj (.text:inv_get_gyro_set)
                  00016602    00000030     libmplmpu.lib : fast_no_motion.obj (.text:inv_reset_packet)
                  00016632    00000030     ml_math_func.obj (.text:inv_sinf)
                  00016662    00000030     mllite_test.obj (.text:tellTime)
                  00016692    0000002e     MX25_CMD.obj (.text:CMD_RES)
                  000166c0    0000002e     UsbIsr.obj (.text:OEP0InterruptHandler)
                  000166ee    0000002e     start_manager.obj (.text:inv_execute_mpl_start_notification)
                  0001671c    0000002e     rts430x_lc_rd.lib : memmov.obj (.text:memmove)
                  0001674a    0000002e     mllite_test.obj (.text:test_flash)
                  00016778    0000002c     MX25_CMD.obj (.text:WaitFlashReady)
                  000167a4    0000002c     ml_math_func.obj (.text:inv_get_gyro_sum_of_sqr)
                  000167d0    0000002c     eMPL_outputs.obj (.text:inv_get_sensor_type_quat)
                  000167fc    0000002c     libmplmpu.lib : gyro_tc.obj (.text:inv_gtc_load)
                  00016828    0000002c     rts430x_lc_rd.lib : div16s.obj (.text)
                  00016854    0000002c     usb.obj (.text:usbGetDeviceStatus)
                  00016880    0000002a     rts430x_lc_rd.lib : mult3264_f5hw.obj (.text:__mpysll)
                  000168aa    0000002a     inv_mpu_dmp_motion_driver.obj (.text:dmp_set_tap_count)
                  000168d4    0000002a     mllite_test.obj (.text:gyro_data_ready_cb)
                  000168fe    0000002a     eMPL_outputs.obj (.text:inv_get_sensor_type_rot_mat)
                  00016928    0000002a     ml_math_func.obj (.text:inv_orientation_matrix_to_scalar)
                  00016952    00000028     dma.obj (.text:USB_initMemcpy)
                  0001697a    00000028     data_builder.obj (.text:inv_get_gyro_bias)
                  000169a2    00000028     dma.obj (.text:memcpyDMA0)
                  000169ca    00000028     msp430_spi.obj (.text:msp430_init_spi_usb1)
                  000169f2    00000026     MX25_CMD.obj (.text:CMD_RDSCUR)
                  00016a18    00000026     MX25_CMD.obj (.text:CMD_RDSR)
                  00016a3e    00000026     mllite_test.obj (.text:checkClicked)
                  00016a64    00000026     inv_mpu_dmp_motion_driver.obj (.text:dmp_set_orient_time)
                  00016a8a    00000026     inv_mpu_dmp_motion_driver.obj (.text:dmp_set_shake_reject_time)
                  00016ab0    00000026     inv_mpu_dmp_motion_driver.obj (.text:dmp_set_shake_reject_timeout)
                  00016ad6    00000026     inv_mpu_dmp_motion_driver.obj (.text:dmp_set_tap_time)
                  00016afc    00000026     inv_mpu_dmp_motion_driver.obj (.text:dmp_set_tap_time_multi)
                  00016b22    00000026     data_builder.obj (.text:inv_build_temp)
                  00016b48    00000026     msp430_uart.obj (.text:msp430_uart_tx)
                  00016b6e    00000024     HAL_FLASH.obj (.text:Flash_SegmentErase)
                  00016b92    00000024     storage_manager.obj (.text:inv_find_entry)
                  00016bb6    00000024     results_holder.obj (.text:inv_set_compass_correction)
                  00016bda    00000024     results_holder.obj (.text:inv_store_gaming_quaternion)
                  00016bfe    00000024     msp430_i2c.obj (.text:msp430_i2c_disable)
                  00016c22    00000024     rts430x_lc_rd.lib : fs_utof.obj (.text)
                  00016c46    00000022     usb.obj (.text:USB_disable)
                  00016c68    00000022     libmplmpu.lib : compass_vec_cal.obj (.text:inv_init_peaks)
                  00016c8a    00000022     start_manager.obj (.text:inv_register_mpl_start_notification)
                  00016cac    00000022     message_layer.obj (.text:inv_set_message)
                  00016cce    00000022     rts430x_lc_rd.lib : mult32_f5hw.obj (.text)
                  00016cf0    00000022     usb.obj (.text:usbSetAddress)
                  00016d12    00000020     mllite_test.obj (.text:Buttons_interruptEnable)
                  00016d32    00000020     rts430x_lc_rd.lib : vsprintf.obj (.text:_outs)
                  00016d52    00000020     results_holder.obj (.text:inv_get_compass_correction)
                  00016d72    00000020     rts430x_lc_rd.lib : memccpy.obj (.text:memccpy)
                  00016d92    00000020     usb.obj (.text:usbSendDataPacketOnEP0)
                  00016db2    00000020     usb.obj (.text:usbSetConfiguration)
                  00016dd2    0000001e     MX25_CMD.obj (.text:GetByte)
                  00016df0    0000001e     libmplmpu.lib : accel_auto_cal.obj (.text:inv_init_check_sample_balance_parameter)
                  00016e0e    0000001e     usb.obj (.text:usbGetInterface)
                  00016e2c    0000001e     usb.obj (.text:usbGetInterfaceStatus)
                  00016e4a    0000001c     UsbIsr.obj (.text:IEP0InterruptHandler)
                  00016e66    0000001c     inv_mpu_dmp_motion_driver.obj (.text:dmp_set_orient_axes)
                  00016e82    0000001c     storage_manager.obj (.text:inv_init_storage_manager)
                  00016e9e    0000001c     data_builder.obj (.text:inv_set_quat_sample_rate)
                  00016eba    0000001c     msp430_interrupt.obj (.text:msp430_int_init)
                  00016ed6    0000001a     UsbCdc.obj (.text:CdcIsReceiveInProgress)
                  00016ef0    0000001a     MX25_CMD.obj (.text:InsertDummyCycle)
                  00016f0a    0000001a     usb.obj (.text:USB_connect)
                  00016f24    0000001a     rts430x_lc_rd.lib : mult1632_f5hw.obj (.text:__mpysl)
                  00016f3e    0000001a     libmplmpu.lib : mag_disturb.obj (.text:inv_enable_magnetic_disturbance)
                  00016f58    0000001a     data_builder.obj (.text:inv_get_compass_soft_iron_output_data)
                  00016f72    0000001a     ml_math_func.obj (.text:inv_q29_mult)
                  00016f8c    0000001a     ml_math_func.obj (.text:inv_q30_mult)
                  00016fa6    0000001a     usb.obj (.text:usbClearDeviceFeature)
                  00016fc0    0000001a     usb.obj (.text:usbSetDeviceFeature)
                  00016fda    00000018     HAL_FLASH.obj (.text:Flash_EraseCheck)
                  00016ff2    00000018     usb.obj (.text:USB_resume)
                  0001700a    00000018     rts430x_lc_rd.lib : xfdclass.obj (.text:_FDclass)
                  00017022    00000018     libmplmpu.lib : fusion_9axis.obj (.text:inv_enable_9x_sensor_fusion)
                  0001703a    00000018                   : fast_no_motion.obj (.text:inv_enable_fast_nomot)
                  00017052    00000018     eMPL_outputs.obj (.text:inv_init_eMPL_outputs)
                  0001706a    00000018     start_manager.obj (.text:inv_init_start_manager)
                  00017082    00000018     data_builder.obj (.text:inv_set_accel_orientation_and_scale)
                  0001709a    00000018     data_builder.obj (.text:inv_set_compass_orientation_and_scale)
                  000170b2    00000018     data_builder.obj (.text:inv_set_gyro_orientation_and_scale)
                  000170ca    00000018     msp430_clock.obj (.text:msp430_get_clock_ms)
                  000170e2    00000016     MX25_CMD.obj (.text:CMD_WREN)
                  000170f8    00000016     MX25_CMD.obj (.text:IsFlash4Byte)
                  0001710e    00000016     message_layer.obj (.text:inv_get_message_level_0)
                  00017124    00000016     rts430x_lc_rd.lib : abs.obj (.text:llabs)
                  0001713a    00000016                       : memset.obj (.text:memset)
                  00017150    00000016                       : div16u.obj (.text)
                  00017166    00000016                       : mult16_f5hw.obj (.text)
                  0001717c    00000016                       : rand.obj (.text:srand)
                  00017192    00000016     usb.obj (.text:usbGetConfigurationDescriptor)
                  000171a8    00000016     usb.obj (.text:usbGetDeviceDescriptor)
                  000171be    00000014     usbEventHandling.obj (.text:USB_handleVbusOnEvent)
                  000171d2    00000014     rts430x_lc_rd.lib : vsprintf.obj (.text:_outc)
                  000171e6    00000014     libmplmpu.lib : fast_no_motion.obj (.text:inv_fast_nomot_get_time_elaps)
                  000171fa    00000014     results_holder.obj (.text:inv_start_results_holder)
                  0001720e    00000014     rts430x_lc_rd.lib : memcpy.obj (.text:memcpy)
                  00017222    00000014     inv_mpu.obj (.text:mpu_get_sample_rate)
                  00017236    00000014     usb.obj (.text:usbGetConfiguration)
                  0001724a    00000012     eMPL_outputs.obj (.text:inv_enable_eMPL_outputs)
                  0001725c    00000012     libmplmpu.lib : quaternion_supervisor.obj (.text:inv_enable_quaternion)
                  0001726e    00000012     results_holder.obj (.text:inv_enable_results_holder)
                  00017280    00000012     libmplmpu.lib : compass_vec_cal.obj (.text:inv_enable_vector_compass_cal)
                  00017292    00000012     data_builder.obj (.text:inv_get_compass_bias)
                  000172a4    00000012     eMPL_outputs.obj (.text:inv_get_sensor_type_accel)
                  000172b6    00000012     eMPL_outputs.obj (.text:inv_get_sensor_type_compass)
                  000172c8    00000012     eMPL_outputs.obj (.text:inv_get_sensor_type_gyro)
                  000172da    00000012     rts430x_lc_rd.lib : toupper.obj (.text:toupper)
                  000172ec    00000012     usb.obj (.text:usbReceiveDataPacketOnEP0)
                  000172fe    00000012     usb.obj (.text:usbSetInterface)
                  00017310    00000010     MX25_CMD.obj (.text:IsFlashBusy)
                  00017320    00000010     data_builder.obj (.text:inv_db_save_func)
                  00017330    00000010     results_holder.obj (.text:inv_get_6axis_quaternion)
                  00017340    00000010     data_builder.obj (.text:inv_get_gyro_bias_tc_set)
                  00017350    00000010     data_builder.obj (.text:inv_get_mag_accuracy)
                  00017360    00000010     libmplmpu.lib : mag_disturb.obj (.text:inv_set_magnetic_disturbance)
                  00017370    00000010     eMPL_outputs.obj (.text:inv_start_eMPL_outputs)
                  00017380    00000010     rts430x_lc_rd.lib : lsr32.obj (.text:l_lsr)
                  00017390    00000010     msp430_clock.obj (.text:msp430_get_smclk_freq)
                  000173a0    0000000e     data_builder.obj (.text:inv_get_accel_on)
                  000173ae    0000000e     data_builder.obj (.text:inv_get_compass_on)
                  000173bc    0000000e     data_builder.obj (.text:inv_get_gyro_on)
                  000173ca    0000000e     results_holder.obj (.text:inv_set_compass_bias_error)
                  000173d8    0000000e     libmplmpu.lib : fusion_9axis.obj (.text:inv_start_9x_sensor_fusion)
                  000173e6    0000000e                   : gyro_tc.obj (.text:inv_start_gyro_tc)
                  000173f4    0000000e                   : mag_disturb.obj (.text:inv_start_magnetic_disturbance)
                  00017402    0000000e                   : compass_vec_cal.obj (.text:inv_start_vector_compass_cal)
                  00017410    0000000e     rts430x_lc_rd.lib : abs.obj (.text:labs)
                  0001741e    0000000e     inv_mpu.obj (.text:mpu_get_compass_fsr)
                  0001742c    0000000e     data_builder.obj (.text:set_sensor_orientation_and_scale)
                  0001743a    0000000e     rts430x_lc_rd.lib : strlen.obj (.text:strlen)
                  00017448    0000000e     usb.obj (.text:usbInvalidRequest)
                  00017456    0000000e     usb.obj (.text:usbSendZeroLengthPacketOnIEP0)
                  00017464    0000000c     data_builder.obj (.text:inv_get_gyro)
                  00017470    0000000c     results_holder.obj (.text:inv_get_local_field)
                  0001747c    0000000c     results_holder.obj (.text:inv_get_motion_state)
                  00017488    0000000c     mpl.obj (.text:inv_get_version)
                  00017494    0000000c     msp430_spi.obj (.text:msp430_spi_send)
                  000174a0    0000000c     UsbCdc.obj (.text:usbSetLineCoding)
                  000174ac    0000000a     MX25_CMD.obj (.text:Initial_Spi)
                  000174b6    0000000a     MX25_CMD.obj (.text:SendByte)
                  000174c0    0000000a     rts430x_lc_rd.lib : abs.obj (.text:abs)
                  000174ca    0000000a     inv_mpu_dmp_motion_driver.obj (.text:dmp_get_fifo_rate)
                  000174d4    0000000a     storage_manager.obj (.text:inv_get_mpl_state_size)
                  000174de    0000000a     inv_mpu.obj (.text:mpu_get_fifo_config)
                  000174e8    0000000a     msp430_uart.obj (.text:msp430_uart_disable)
                  000174f2    0000000a     msp430_uart.obj (.text:msp430_uart_enable)
                  000174fc    0000000a     rts430x_lc_rd.lib : fs_neg.obj (.text)
                  00017506    0000000a                       : lsl16.obj (.text)
                  00017510    0000000a                       : lsr16.obj (.text)
                  0001751a    0000000a     usb.obj (.text:usbStallEndpoint0)
                  00017524    00000008     usbEventHandling.obj (.text:USBCDC_handleDataReceived)
                  0001752c    00000008     usbEventHandling.obj (.text:USB_handleVbusOffEvent)
                  00017534    00000008     usb.obj (.text:USB_setEnabledEvents)
                  0001753c    00000008     HAL_UCS.obj (.text:XT2_Stop)
                  00017544    00000008     libmplmpu.lib : fusion_9axis.obj (.text:inv_9x_fusion_enable_jitter_reduction)
                  0001754c    00000008                   : fusion_9axis.obj (.text:inv_9x_fusion_use_timestamps)
                  00017554    00000008                   : mag_disturb.obj (.text:inv_disable_dip_tracking)
                  0001755c    00000008     results_holder.obj (.text:inv_generate_results)
                  00017564    00000008     libmplmpu.lib : mag_disturb.obj (.text:inv_stop_magnetic_disturbance)
                  0001756c    00000008     msp430_uart.obj (.text:msp430_get_uart_rx_data)
                  00017574    00000008     UsbCdc.obj (.text:usbSetControlLineState)
                  0001757c    00000006     mllite_test.obj (.text:Buttons_interruptDisable)
                  00017582    00000006     MX25_CMD.obj (.text:CS_High)
                  00017588    00000006     MX25_CMD.obj (.text:CS_Low)
                  0001758e    00000006     rts430x_lc_rd.lib : cosf.obj (.text:cosf)
                  00017594    00000006     msp430_spi.obj (.text:get_spi_rx_interrupt_flag)
                  0001759a    00000006     data_builder.obj (.text:inv_accel_was_turned_off)
                  000175a0    00000006     data_builder.obj (.text:inv_compass_was_turned_off)
                  000175a6    00000006     data_builder.obj (.text:inv_disable_compass_soft_iron_matrix)
                  000175ac    00000006     results_holder.obj (.text:inv_get_acc_state)
                  000175b2    00000006     data_builder.obj (.text:inv_get_accel_accuracy)
                  000175b8    00000006     results_holder.obj (.text:inv_get_compass_state)
                  000175be    00000006     data_builder.obj (.text:inv_get_gyro_accuracy)
                  000175c4    00000006     results_holder.obj (.text:inv_get_large_mag_field)
                  000175ca    00000006     libmplmpu.lib : mag_disturb.obj (.text:inv_get_magnetic_disturbance_state)
                  000175d0    00000006     results_holder.obj (.text:inv_got_compass_bias)
                  000175d6    00000006     data_builder.obj (.text:inv_gyro_was_turned_off)
                  000175dc    00000006     data_builder.obj (.text:inv_quaternion_sensor_was_turned_off)
                  000175e2    00000006     results_holder.obj (.text:inv_set_compass_bias_found)
                  000175e8    00000006     data_builder.obj (.text:inv_set_compass_disturbance)
                  000175ee    00000006     results_holder.obj (.text:inv_set_compass_state)
                  000175f4    00000006     rts430x_lc_rd.lib : log.obj (.text:log)
                  000175fa    00000006     mllite_test.obj (.text:msp430_reset)
                  00017600    00000006     msp430_spi.obj (.text:set_spi_rx_interrupt_flag)
                  00017606    00000006     rts430x_lc_rd.lib : sinf.obj (.text:sinf)
                  0001760c    00000006     usb.obj (.text:usbClearOEP0ByteCount)
                  00017612    00000006     usb.obj (.text:usbStallOEP0)
                  00017618    00000004     usbEventHandling.obj (.text:USBCDC_handleReceiveCompleted)
                  0001761c    00000004     usbEventHandling.obj (.text:USBCDC_handleSendCompleted)
                  00017620    00000004     usbEventHandling.obj (.text:USBCDC_handleSetLineCoding)
                  00017624    00000004     usbEventHandling.obj (.text:USB_handleClockEvent)
                  00017628    00000004     usbEventHandling.obj (.text:USB_handleEnumCompleteEvent)
                  0001762c    00000004     usbEventHandling.obj (.text:USB_handleResetEvent)
                  00017630    00000004     usbEventHandling.obj (.text:USB_handleResumeEvent)
                  00017634    00000004     usbEventHandling.obj (.text:USB_handleSuspendEvent)
                  00017638    00000004     rts430x_lc_rd.lib : pre_init.obj (.text:_system_pre_init)
                  0001763c    00000004                       : exit.obj (.text:abort)
                  00017640    00000002                       : _lock.obj (.text:_nop)

.const     0    00017642    00000c5a     
                  00017642    00000400     ml_math_func.obj (.const:sin_lookup)
                  00017a42    000002f2     mllite_test.obj (.const:.string)
                  00017d34    0000010a     descriptors.obj (.const:tUsbRequestList)
                  00017e3e    00000101     rts430x_lc_rd.lib : ctype.obj (.const:.string:_ctypes_)
                  00017f3f    00000001     --HOLE-- [fill = 0]
                  00017f40    0000008a     descriptors.obj (.const:.string:abromStringDescriptor)
                  00017fca    0000005e     inv_mpu.obj (.const)
                  00018028    00000048     data_builder.obj (.const:.string)
                  00018070    00000048     inv_mpu.obj (.const:.string)
                  000180b8    00000043     descriptors.obj (.const)
                  000180fb    00000001     --HOLE-- [fill = 0]
                  000180fc    0000002e     mpl.obj (.const:.string)
                  0001812a    0000002c     rts430x_lc_rd.lib : xlog.obj (.const)
                  00018156    00000024                       : _printfi.obj (.const:.string)
                  0001817a    00000020                       : xfatan.obj (.const:a)
                  0001819a    00000014     mpl.obj (.const:.string:ml_ver)
                  000181ae    00000012     descriptors.obj (.const:.string:abromDeviceDescriptor)
                  000181c0    00000010     rts430x_lc_rd.lib : xexp.obj (.const)
                  000181d0    00000010                       : xfsin.obj (.const)
                  000181e0    00000010                       : xsin.obj (.const)
                  000181f0    00000010     descriptors.obj (.const:stUsbHandle)
                  00018200    0000000e     mpl.obj (.const:.string:__func__$2)
                  0001820e    0000000e     rts430x_lc_rd.lib : pow.obj (.const)
                  0001821c    0000000d     mpl.obj (.const:.string:__func__$1)
                  00018229    00000001     --HOLE-- [fill = 0]
                  0001822a    0000000c     inv_mpu_dmp_motion_driver.obj (.const:.string:$P$T4$5)
                  00018236    0000000c     rts430x_lc_rd.lib : xfsin.obj (.const:c)
                  00018242    0000000c                       : xlog.obj (.const:p)
                  0001824e    0000000c                       : xfsin.obj (.const:s)
                  0001825a    0000000a     libmplmpu.lib : quaternion_supervisor.obj (.const:.string)
                  00018264    00000008     rts430x_lc_rd.lib : xfatan.obj (.const:c)
                  0001826c    00000008                       : xatan.obj (.const)
                  00018274    00000008                       : xfatan.obj (.const)
                  0001827c    00000004                       : acos.obj (.const)
                  00018280    00000004                       : acosf.obj (.const)
                  00018284    00000004                       : asin.obj (.const)
                  00018288    00000004                       : asinf.obj (.const)
                  0001828c    00000004                       : atan.obj (.const)
                  00018290    00000004                       : xfatan.obj (.const:s)
                  00018294    00000003     mllite_test.obj (.const:.string:$P$T0$1)
                  00018297    00000002     MX25_APP.obj (.const)
                  00018299    00000001     --HOLE-- [fill = 0]
                  0001829a    00000002     inv_mpu_dmp_motion_driver.obj (.const)


GLOBAL SYMBOLS: SORTED ALPHABETICALLY BY Name 

address    name
--------   ----
00002400   .bss
ffffffff   .text
00000700   ADC12CTL0
00000701   ADC12CTL0_H
00000700   ADC12CTL0_L
00000702   ADC12CTL1
00000703   ADC12CTL1_H
00000702   ADC12CTL1_L
00000704   ADC12CTL2
00000705   ADC12CTL2_H
00000704   ADC12CTL2_L
0000070c   ADC12IE
0000070d   ADC12IE_H
0000070c   ADC12IE_L
0000070a   ADC12IFG
0000070b   ADC12IFG_H
0000070a   ADC12IFG_L
0000070e   ADC12IV
0000070f   ADC12IV_H
0000070e   ADC12IV_L
00000710   ADC12MCTL0
00000711   ADC12MCTL1
0000071a   ADC12MCTL10
0000071b   ADC12MCTL11
0000071c   ADC12MCTL12
0000071d   ADC12MCTL13
0000071e   ADC12MCTL14
0000071f   ADC12MCTL15
00000712   ADC12MCTL2
00000713   ADC12MCTL3
00000714   ADC12MCTL4
00000715   ADC12MCTL5
00000716   ADC12MCTL6
00000717   ADC12MCTL7
00000718   ADC12MCTL8
00000719   ADC12MCTL9
00000720   ADC12MEM0
00000721   ADC12MEM0_H
00000720   ADC12MEM0_L
00000722   ADC12MEM1
00000734   ADC12MEM10
00000735   ADC12MEM10_H
00000734   ADC12MEM10_L
00000736   ADC12MEM11
00000737   ADC12MEM11_H
00000736   ADC12MEM11_L
00000738   ADC12MEM12
00000739   ADC12MEM12_H
00000738   ADC12MEM12_L
0000073a   ADC12MEM13
0000073b   ADC12MEM13_H
0000073a   ADC12MEM13_L
0000073c   ADC12MEM14
0000073d   ADC12MEM14_H
0000073c   ADC12MEM14_L
0000073e   ADC12MEM15
0000073f   ADC12MEM15_H
0000073e   ADC12MEM15_L
00000723   ADC12MEM1_H
00000722   ADC12MEM1_L
00000724   ADC12MEM2
00000725   ADC12MEM2_H
00000724   ADC12MEM2_L
00000726   ADC12MEM3
00000727   ADC12MEM3_H
00000726   ADC12MEM3_L
00000728   ADC12MEM4
00000729   ADC12MEM4_H
00000728   ADC12MEM4_L
0000072a   ADC12MEM5
0000072b   ADC12MEM5_H
0000072a   ADC12MEM5_L
0000072c   ADC12MEM6
0000072d   ADC12MEM6_H
0000072c   ADC12MEM6_L
0000072e   ADC12MEM7
0000072f   ADC12MEM7_H
0000072e   ADC12MEM7_L
00000730   ADC12MEM8
00000731   ADC12MEM8_H
00000730   ADC12MEM8_L
00000732   ADC12MEM9
00000733   ADC12MEM9_H
00000732   ADC12MEM9_L
0001757c   Buttons_interruptDisable
00016d12   Buttons_interruptEnable
0001763c   C$$EXIT
000008c0   CBCTL0
000008c1   CBCTL0_H
000008c0   CBCTL0_L
000008c2   CBCTL1
000008c3   CBCTL1_H
000008c2   CBCTL1_L
000008c4   CBCTL2
000008c5   CBCTL2_H
000008c4   CBCTL2_L
000008c6   CBCTL3
000008c7   CBCTL3_H
000008c6   CBCTL3_L
000008cc   CBINT
000008cd   CBINT_H
000008cc   CBINT_L
000008ce   CBIV
00012474   CMD_PP
0001440a   CMD_RDID
000169f2   CMD_RDSCUR
00016a18   CMD_RDSR
00013598   CMD_READ
00014cb0   CMD_REMS
00016692   CMD_RES
00013d8a   CMD_SE
000170e2   CMD_WREN
00000150   CRCDI
00000152   CRCDIRB
00000153   CRCDIRB_H
00000152   CRCDIRB_L
00000151   CRCDI_H
00000150   CRCDI_L
00000154   CRCINIRES
00000155   CRCINIRES_H
00000154   CRCINIRES_L
00000156   CRCRESR
00000157   CRCRESR_H
00000156   CRCRESR_L
00017582   CS_High
00017588   CS_Low
00016ed6   CdcIsReceiveInProgress
00015a4e   CdcResetData
0000fdca   CdcToBufferFromHost
0000ec80   CdcToHostFromBuffer
0000d4cc   ComputeAngleVelocity
00013b52   CopyUsbToBuff
00000510   DMA0CTL
00000511   DMA0CTL_H
00000510   DMA0CTL_L
00000516   DMA0DA
00000518   DMA0DAH
00000516   DMA0DAL
00000512   DMA0SA
00000514   DMA0SAH
00000512   DMA0SAL
0000051a   DMA0SZ
00000520   DMA1CTL
00000521   DMA1CTL_H
00000520   DMA1CTL_L
00000526   DMA1DA
00000528   DMA1DAH
00000526   DMA1DAL
00000522   DMA1SA
00000524   DMA1SAH
00000522   DMA1SAL
0000052a   DMA1SZ
00000530   DMA2CTL
00000531   DMA2CTL_H
00000530   DMA2CTL_L
00000536   DMA2DA
00000538   DMA2DAH
00000536   DMA2DAL
00000532   DMA2SA
00000534   DMA2SAH
00000532   DMA2SAL
0000053a   DMA2SZ
00000500   DMACTL0
00000501   DMACTL0_H
00000500   DMACTL0_L
00000502   DMACTL1
00000503   DMACTL1_H
00000502   DMACTL1_L
00000504   DMACTL2
00000505   DMACTL2_H
00000504   DMACTL2_L
00000506   DMACTL3
00000507   DMACTL3_H
00000506   DMACTL3_L
00000508   DMACTL4
00000509   DMACTL4_H
00000508   DMACTL4_L
0000050e   DMAIV
0000050f   DMAIV_H
0000050e   DMAIV_L
00000140   FCTL1
00000141   FCTL1_H
00000140   FCTL1_L
00000144   FCTL3
00000145   FCTL3_H
00000144   FCTL3_L
00000146   FCTL4
00000147   FCTL4_H
00000146   FCTL4_L
000128b4   FlashID_Test
0000fee6   FlashReadWrite_Test
00016542   FlashWrite_8
00016fda   Flash_EraseCheck
00016b6e   Flash_SegmentErase
00016dd2   GetByte
00014aa0   Get_TLV_Info
00015c4e   Handler_SetLineCoding
00004548   I2C_ISR
00016e4a   IEP0InterruptHandler
00017506   I_LSL
00017510   I_LSR
00010e18   Init_FLL
0001634e   Init_FLL_Settle
00015ef8   Init_TimerA2
000174ac   Initial_Spi
00016ef0   InsertDummyCycle
000170f8   IsFlash4Byte
00017310   IsFlashBusy
00015e76   L_ASR_1
00015e52   L_ASR_10
00015e4e   L_ASR_11
00015e4a   L_ASR_12
00015e46   L_ASR_13
00015e42   L_ASR_14
00015e3e   L_ASR_15
00015e72   L_ASR_2
00015e6e   L_ASR_3
00015e6a   L_ASR_4
00015e66   L_ASR_5
00015e62   L_ASR_6
00015e5e   L_ASR_7
00015e5a   L_ASR_8
00015e56   L_ASR_9
00015eb4   L_LSL_1
00015e90   L_LSL_10
00015e8c   L_LSL_11
00015e88   L_LSL_12
00015e84   L_LSL_13
00015e80   L_LSL_14
00015e7c   L_LSL_15
00015eb0   L_LSL_2
00015eac   L_LSL_3
00015ea8   L_LSL_4
00015ea4   L_LSL_5
00015ea0   L_LSL_6
00015e9c   L_LSL_7
00015e98   L_LSL_8
00015e94   L_LSL_9
00017380   L_LSR
00015ef2   L_LSR_1
00015ece   L_LSR_10
00015eca   L_LSR_11
00015ec6   L_LSR_12
00015ec2   L_LSR_13
00015ebe   L_LSR_14
00015eba   L_LSR_15
00015eee   L_LSR_2
00015eea   L_LSR_3
00015ee6   L_LSR_4
00015ee2   L_LSR_5
00015ede   L_LSR_6
00015eda   L_LSR_7
00015ed6   L_LSR_8
00015ed2   L_LSR_9
000004c4   MAC
000004da   MAC32H
000004db   MAC32H_H
000004da   MAC32H_L
000004d8   MAC32L
000004d9   MAC32L_H
000004d8   MAC32L_L
000004c6   MACS
000004de   MACS32H
000004df   MACS32H_H
000004de   MACS32H_L
000004dc   MACS32L
000004dd   MACS32L_H
000004dc   MACS32L_L
000004c7   MACS_H
000004c6   MACS_L
000004c5   MAC_H
000004c4   MAC_L
000004c0   MPY
000004ec   MPY32CTL0
000004ed   MPY32CTL0_H
000004ec   MPY32CTL0_L
000004d2   MPY32H
000004d3   MPY32H_H
000004d2   MPY32H_L
000004d0   MPY32L
000004d1   MPY32L_H
000004d0   MPY32L_L
000004c2   MPYS
000004d6   MPYS32H
000004d7   MPYS32H_H
000004d6   MPYS32H_L
000004d4   MPYS32L
000004d5   MPYS32L_H
000004d4   MPYS32L_L
000004c3   MPYS_H
000004c2   MPYS_L
000004c1   MPY_H
000004c0   MPY_L
00013418   Mag3ofNormalizedLong
00014884   MagDisturbCheckSettling
0001281c   MagDisturbSetDisturbance
00003630   NoMotion_flag
000166c0   OEP0InterruptHandler
000004c8   OP2
000004e2   OP2H
000004e3   OP2H_H
000004e2   OP2H_L
000004e0   OP2L
000004e1   OP2L_H
000004e0   OP2L_L
000004c9   OP2_H
000004c8   OP2_L
0000020e   P1IV
0000467a   P1_ISR
0000021e   P2IV
00004602   P2_ISR
000001e0   P4MAP01
000001e1   P4MAP01_H
000001e0   P4MAP01_L
000001e2   P4MAP23
000001e3   P4MAP23_H
000001e2   P4MAP23_L
000001e4   P4MAP45
000001e5   P4MAP45_H
000001e4   P4MAP45_L
000001e6   P4MAP67
000001e7   P4MAP67_H
000001e6   P4MAP67_L
00000204   PADIR
00000205   PADIR_H
00000204   PADIR_L
00000208   PADS
00000209   PADS_H
00000208   PADS_L
0000021a   PAIE
00000218   PAIES
00000219   PAIES_H
00000218   PAIES_L
0000021b   PAIE_H
0000021a   PAIE_L
0000021c   PAIFG
0000021d   PAIFG_H
0000021c   PAIFG_L
00000200   PAIN
00000201   PAIN_H
00000200   PAIN_L
00000202   PAOUT
00000203   PAOUT_H
00000202   PAOUT_L
00000206   PAREN
00000207   PAREN_H
00000206   PAREN_L
0000020a   PASEL
0000020b   PASEL_H
0000020a   PASEL_L
00000224   PBDIR
00000225   PBDIR_H
00000224   PBDIR_L
00000228   PBDS
00000229   PBDS_H
00000228   PBDS_L
00000220   PBIN
00000221   PBIN_H
00000220   PBIN_L
00000222   PBOUT
00000223   PBOUT_H
00000222   PBOUT_L
00000226   PBREN
00000227   PBREN_H
00000226   PBREN_L
0000022a   PBSEL
0000022b   PBSEL_H
0000022a   PBSEL_L
00000244   PCDIR
00000245   PCDIR_H
00000244   PCDIR_L
00000248   PCDS
00000249   PCDS_H
00000248   PCDS_L
00000240   PCIN
00000241   PCIN_H
00000240   PCIN_L
00000242   PCOUT
00000243   PCOUT_H
00000242   PCOUT_L
00000246   PCREN
00000247   PCREN_H
00000246   PCREN_L
0000024a   PCSEL
0000024b   PCSEL_H
0000024a   PCSEL_L
00000324   PJDIR
00000325   PJDIR_H
00000324   PJDIR_L
00000328   PJDS
00000329   PJDS_H
00000328   PJDS_L
00000320   PJIN
00000321   PJIN_H
00000320   PJIN_L
00000322   PJOUT
00000323   PJOUT_H
00000322   PJOUT_L
00000326   PJREN
00000327   PJREN_H
00000326   PJREN_L
00000130   PM5CTL0
00000131   PM5CTL0_H
00000130   PM5CTL0_L
000001c2   PMAPCTL
000001c3   PMAPCTL_H
000001c2   PMAPCTL_L
000001c0   PMAPKEYID
000001c1   PMAPKEYID_H
000001c0   PMAPKEYID_L
00000120   PMMCTL0
00000121   PMMCTL0_H
00000120   PMMCTL0_L
00000122   PMMCTL1
00000123   PMMCTL1_H
00000122   PMMCTL1_L
0000012c   PMMIFG
0000012d   PMMIFG_H
0000012c   PMMIFG_L
0000012e   PMMRIE
0000012f   PMMRIE_H
0000012e   PMMRIE_L
00015988   PWRVBUSoffHandler
00016572   PWRVBUSonHandler
00000158   RCCTL0
00000159   RCCTL0_H
00000158   RCCTL0_L
000001b0   REFCTL0
000001b1   REFCTL0_H
000001b0   REFCTL0_L
000004e4   RES0
000004e5   RES0_H
000004e4   RES0_L
000004e6   RES1
000004e7   RES1_H
000004e6   RES1_L
000004e8   RES2
000004e9   RES2_H
000004e8   RES2_L
000004ea   RES3
000004eb   RES3_H
000004ea   RES3_L
000004cc   RESHI
000004cd   RESHI_H
000004cc   RESHI_L
000004ca   RESLO
000004cb   RESLO_H
000004ca   RESLO_L
000004ba   RTCADOWDAY
000004bb   RTCADOWDAY_H
000004ba   RTCADOWDAY_L
000004b8   RTCAMINHR
000004b9   RTCAMINHR_H
000004b8   RTCAMINHR_L
000004a0   RTCCTL01
000004a1   RTCCTL01_H
000004a0   RTCCTL01_L
000004a2   RTCCTL23
000004a3   RTCCTL23_H
000004a2   RTCCTL23_L
000004b4   RTCDATE
000004b5   RTCDATE_H
000004b4   RTCDATE_L
000004ae   RTCIV
000004ac   RTCPS
000004a8   RTCPS0CTL
000004a9   RTCPS0CTL_H
000004a8   RTCPS0CTL_L
000004aa   RTCPS1CTL
000004ab   RTCPS1CTL_H
000004aa   RTCPS1CTL_L
000004ad   RTCPS_H
000004ac   RTCPS_L
000004b0   RTCTIM0
000004b1   RTCTIM0_H
000004b0   RTCTIM0_L
000004b2   RTCTIM1
000004b3   RTCTIM1_H
000004b2   RTCTIM1_L
000004b6   RTCYEAR
000004b7   RTCYEAR_H
000004b6   RTCYEAR_L
00000100   SFRIE1
00000101   SFRIE1_H
00000100   SFRIE1_L
00000102   SFRIFG1
00000103   SFRIFG1_H
00000102   SFRIFG1_L
00000104   SFRRPCR
00000105   SFRRPCR_H
00000104   SFRRPCR_L
000004ce   SUMEXT
000004cf   SUMEXT_H
000004ce   SUMEXT_L
00000124   SVSMHCTL
00000125   SVSMHCTL_H
00000124   SVSMHCTL_L
00000128   SVSMIO
00000129   SVSMIO_H
00000128   SVSMIO_L
00000126   SVSMLCTL
00000127   SVSMLCTL_H
00000126   SVSMLCTL_L
00000198   SYSBERRIV
00000199   SYSBERRIV_H
00000198   SYSBERRIV_L
00000182   SYSBSLC
00000183   SYSBSLC_H
00000182   SYSBSLC_L
00000180   SYSCTL
00000181   SYSCTL_H
00000180   SYSCTL_L
00000186   SYSJMBC
00000187   SYSJMBC_H
00000186   SYSJMBC_L
00000188   SYSJMBI0
00000189   SYSJMBI0_H
00000188   SYSJMBI0_L
0000018a   SYSJMBI1
0000018b   SYSJMBI1_H
0000018a   SYSJMBI1_L
0000018c   SYSJMBO0
0000018d   SYSJMBO0_H
0000018c   SYSJMBO0_L
0000018e   SYSJMBO1
0000018f   SYSJMBO1_H
0000018e   SYSJMBO1_L
0000019e   SYSRSTIV
0000019f   SYSRSTIV_H
0000019e   SYSRSTIV_L
0000019c   SYSSNIV
0000019d   SYSSNIV_H
0000019c   SYSSNIV_L
0000019a   SYSUNIV
0000019b   SYSUNIV_H
0000019a   SYSUNIV_L
000174b6   SendByte
00015a8e   SendFlashAddr
00015c8c   SetVCore
00015834   SetupPacketInterruptHandler
00000352   TA0CCR0
00000354   TA0CCR1
00000356   TA0CCR2
00000358   TA0CCR3
0000035a   TA0CCR4
00000342   TA0CCTL0
00000344   TA0CCTL1
00000346   TA0CCTL2
00000348   TA0CCTL3
0000034a   TA0CCTL4
00000340   TA0CTL
00000360   TA0EX0
0000036e   TA0IV
00000350   TA0R
00000392   TA1CCR0
00000394   TA1CCR1
00000396   TA1CCR2
00000382   TA1CCTL0
00000384   TA1CCTL1
00000386   TA1CCTL2
00000380   TA1CTL
000003a0   TA1EX0
000003ae   TA1IV
00000390   TA1R
00000412   TA2CCR0
00000414   TA2CCR1
00000416   TA2CCR2
00000402   TA2CCTL0
00000404   TA2CCTL1
00000406   TA2CCTL2
00000400   TA2CTL
00000420   TA2EX0
0000042e   TA2IV
00000410   TA2R
000003d2   TB0CCR0
000003d4   TB0CCR1
000003d6   TB0CCR2
000003d8   TB0CCR3
000003da   TB0CCR4
000003dc   TB0CCR5
000003de   TB0CCR6
000003c2   TB0CCTL0
000003c4   TB0CCTL1
000003c6   TB0CCTL2
000003c8   TB0CCTL3
000003ca   TB0CCTL4
000003cc   TB0CCTL5
000003ce   TB0CCTL6
000003c0   TB0CTL
000003e0   TB0EX0
000003ee   TB0IV
000003d0   TB0R
00004804   TIMER1_A0_ISR
000047dc   TIMER2_A0_ISR
00004736   TIMERB0_ISR
000046ee   UART_ISR
000005d0   UCA0ABCTL
000005c6   UCA0BRW
000005c7   UCA0BRW_H
000005c6   UCA0BRW_L
000005c0   UCA0CTLW0
000005c1   UCA0CTLW0_H
000005c0   UCA0CTLW0_L
000005dc   UCA0ICTL
000005dd   UCA0ICTL_H
000005dc   UCA0ICTL_L
000005d2   UCA0IRCTL
000005d3   UCA0IRCTL_H
000005d2   UCA0IRCTL_L
000005de   UCA0IV
000005c8   UCA0MCTL
000005cc   UCA0RXBUF
000005ca   UCA0STAT
000005ce   UCA0TXBUF
00000610   UCA1ABCTL
00000606   UCA1BRW
00000607   UCA1BRW_H
00000606   UCA1BRW_L
00000600   UCA1CTLW0
00000601   UCA1CTLW0_H
00000600   UCA1CTLW0_L
0000061c   UCA1ICTL
0000061d   UCA1ICTL_H
0000061c   UCA1ICTL_L
00000612   UCA1IRCTL
00000613   UCA1IRCTL_H
00000612   UCA1IRCTL_L
0000061e   UCA1IV
00000608   UCA1MCTL
0000060c   UCA1RXBUF
0000060a   UCA1STAT
0000060e   UCA1TXBUF
000005e6   UCB0BRW
000005e7   UCB0BRW_H
000005e6   UCB0BRW_L
000005e0   UCB0CTLW0
000005e1   UCB0CTLW0_H
000005e0   UCB0CTLW0_L
000005f0   UCB0I2COA
000005f1   UCB0I2COA_H
000005f0   UCB0I2COA_L
000005f2   UCB0I2CSA
000005f3   UCB0I2CSA_H
000005f2   UCB0I2CSA_L
000005fc   UCB0ICTL
000005fd   UCB0ICTL_H
000005fc   UCB0ICTL_L
000005fe   UCB0IV
000005ec   UCB0RXBUF
000005ea   UCB0STAT
000005ee   UCB0TXBUF
00000626   UCB1BRW
00000627   UCB1BRW_H
00000626   UCB1BRW_L
00000620   UCB1CTLW0
00000621   UCB1CTLW0_H
00000620   UCB1CTLW0_L
00000630   UCB1I2COA
00000631   UCB1I2COA_H
00000630   UCB1I2COA_L
00000632   UCB1I2CSA
00000633   UCB1I2CSA_H
00000632   UCB1I2CSA_L
0000063c   UCB1ICTL
0000063d   UCB1ICTL_H
0000063c   UCB1ICTL_L
0000063e   UCB1IV
0000062c   UCB1RXBUF
0000062a   UCB1STAT
0000062e   UCB1TXBUF
00000160   UCSCTL0
00000161   UCSCTL0_H
00000160   UCSCTL0_L
00000162   UCSCTL1
00000163   UCSCTL1_H
00000162   UCSCTL1_L
00000164   UCSCTL2
00000165   UCSCTL2_H
00000164   UCSCTL2_L
00000166   UCSCTL3
00000167   UCSCTL3_H
00000166   UCSCTL3_L
00000168   UCSCTL4
00000169   UCSCTL4_H
00000168   UCSCTL4_L
0000016a   UCSCTL5
0000016b   UCSCTL5_H
0000016a   UCSCTL5_L
0000016c   UCSCTL6
0000016d   UCSCTL6_H
0000016c   UCSCTL6_L
0000016e   UCSCTL7
0000016f   UCSCTL7_H
0000016e   UCSCTL7_L
00000170   UCSCTL8
00000171   UCSCTL8_H
00000170   UCSCTL8_L
0000477c   UNMI_ISR
00012e5c   USBCDC_bytesInUSBBuffer
00017524   USBCDC_handleDataReceived
00017618   USBCDC_handleReceiveCompleted
0001761c   USBCDC_handleSendCompleted
00017620   USBCDC_handleSetLineCoding
00011fc8   USBCDC_intfStatus
0000c9f6   USBCDC_receiveData
0001388c   USBCDC_sendData
00000902   USBCNF
00000903   USBCNF_H
00000902   USBCNF_L
0000093c   USBCTL
0000093a   USBFN
0000093b   USBFN_H
0000093a   USBFN_L
0000093f   USBFUNADR
0000093d   USBIE
00002378   USBIEP0BUF
000023c9   USBIEPBBAX_1
000023d1   USBIEPBBAX_2
000023d9   USBIEPBBAX_3
000023e1   USBIEPBBAX_4
000023e9   USBIEPBBAX_5
000023f1   USBIEPBBAX_6
000023f9   USBIEPBBAX_7
000023cd   USBIEPBBAY_1
000023d5   USBIEPBBAY_2
000023dd   USBIEPBBAY_3
000023e5   USBIEPBBAY_4
000023ed   USBIEPBBAY_5
000023f5   USBIEPBBAY_6
000023fd   USBIEPBBAY_7
000023ca   USBIEPBCTX_1
000023d2   USBIEPBCTX_2
000023da   USBIEPBCTX_3
000023e2   USBIEPBCTX_4
000023ea   USBIEPBCTX_5
000023f2   USBIEPBCTX_6
000023fa   USBIEPBCTX_7
000023ce   USBIEPBCTY_1
000023d6   USBIEPBCTY_2
000023de   USBIEPBCTY_3
000023e6   USBIEPBCTY_4
000023ee   USBIEPBCTY_5
000023f6   USBIEPBCTY_6
000023fe   USBIEPBCTY_7
00000920   USBIEPCNF_0
000023c8   USBIEPCNF_1
000023d0   USBIEPCNF_2
000023d8   USBIEPCNF_3
000023e0   USBIEPCNF_4
000023e8   USBIEPCNF_5
000023f0   USBIEPCNF_6
000023f8   USBIEPCNF_7
00000921   USBIEPCNT_0
0000092e   USBIEPIE
00000930   USBIEPIFG
000023cf   USBIEPSIZXY_1
000023d7   USBIEPSIZXY_2
000023df   USBIEPSIZXY_3
000023e7   USBIEPSIZXY_4
000023ef   USBIEPSIZXY_5
000023f7   USBIEPSIZXY_6
000023ff   USBIEPSIZXY_7
0000093e   USBIFG
00000900   USBKEYID
00000901   USBKEYID_H
00000900   USBKEYID_L
00000936   USBMAINT
00000937   USBMAINT_H
00000936   USBMAINT_L
00002370   USBOEP0BUF
00002389   USBOEPBBAX_1
00002391   USBOEPBBAX_2
00002399   USBOEPBBAX_3
000023a1   USBOEPBBAX_4
000023a9   USBOEPBBAX_5
000023b1   USBOEPBBAX_6
000023b9   USBOEPBBAX_7
0000238d   USBOEPBBAY_1
00002395   USBOEPBBAY_2
0000239d   USBOEPBBAY_3
000023a5   USBOEPBBAY_4
000023ad   USBOEPBBAY_5
000023b5   USBOEPBBAY_6
000023bd   USBOEPBBAY_7
0000238a   USBOEPBCTX_1
00002392   USBOEPBCTX_2
0000239a   USBOEPBCTX_3
000023a2   USBOEPBCTX_4
000023aa   USBOEPBCTX_5
000023b2   USBOEPBCTX_6
000023ba   USBOEPBCTX_7
0000238e   USBOEPBCTY_1
00002396   USBOEPBCTY_2
0000239e   USBOEPBCTY_3
000023a6   USBOEPBCTY_4
000023ae   USBOEPBCTY_5
000023b6   USBOEPBCTY_6
000023be   USBOEPBCTY_7
00000922   USBOEPCNF_0
00002388   USBOEPCNF_1
00002390   USBOEPCNF_2
00002398   USBOEPCNF_3
[...]
00001fc0   pbYBufferAddressEp84
00002000   pbXBufferAddressEp5
00002040   pbYBufferAddressEp5
00002080   pbXBufferAddressEp85
000020c0   pbYBufferAddressEp85
00002100   pbXBufferAddressEp6
00002140   pbYBufferAddressEp6
00002180   pbXBufferAddressEp86
000021c0   pbYBufferAddressEp86
00002200   pbXBufferAddressEp7
00002240   pbYBufferAddressEp7
00002280   pbXBufferAddressEp87
000022c0   pbYBufferAddressEp87
0000236f   USBTOPBUFF
00002370   USBOEP0BUF
00002370   abOEP0Buffer
00002378   USBIEP0BUF
00002378   abIEP0Buffer
00002380   USBSUBLK
00002380   tSetupPacket
00002388   USBOEPCNF_1
00002388   tOutputEndPointDescriptorBlock
00002389   USBOEPBBAX_1
0000238a   USBOEPBCTX_1
0000238d   USBOEPBBAY_1
0000238e   USBOEPBCTY_1
0000238f   USBOEPSIZXY_1
00002390   USBOEPCNF_2
00002391   USBOEPBBAX_2
00002392   USBOEPBCTX_2
00002395   USBOEPBBAY_2
00002396   USBOEPBCTY_2
00002397   USBOEPSIZXY_2
00002398   USBOEPCNF_3
00002399   USBOEPBBAX_3
0000239a   USBOEPBCTX_3
0000239d   USBOEPBBAY_3
0000239e   USBOEPBCTY_3
0000239f   USBOEPSIZXY_3
000023a0   USBOEPCNF_4
000023a1   USBOEPBBAX_4
000023a2   USBOEPBCTX_4
000023a5   USBOEPBBAY_4
000023a6   USBOEPBCTY_4
000023a7   USBOEPSIZXY_4
000023a8   USBOEPCNF_5
000023a9   USBOEPBBAX_5
000023aa   USBOEPBCTX_5
000023ad   USBOEPBBAY_5
000023ae   USBOEPBCTY_5
000023af   USBOEPSIZXY_5
000023b0   USBOEPCNF_6
000023b1   USBOEPBBAX_6
000023b2   USBOEPBCTX_6
000023b5   USBOEPBBAY_6
000023b6   USBOEPBCTY_6
000023b7   USBOEPSIZXY_6
000023b8   USBOEPCNF_7
000023b9   USBOEPBBAX_7
000023ba   USBOEPBCTX_7
000023bd   USBOEPBBAY_7
000023be   USBOEPBCTY_7
000023bf   USBOEPSIZXY_7
000023c8   USBIEPCNF_1
000023c8   tInputEndPointDescriptorBlock
000023c9   USBIEPBBAX_1
000023ca   USBIEPBCTX_1
000023cd   USBIEPBBAY_1
000023ce   USBIEPBCTY_1
000023cf   USBIEPSIZXY_1
000023d0   USBIEPCNF_2
000023d1   USBIEPBBAX_2
000023d2   USBIEPBCTX_2
000023d5   USBIEPBBAY_2
000023d6   USBIEPBCTY_2
000023d7   USBIEPSIZXY_2
000023d8   USBIEPCNF_3
000023d9   USBIEPBBAX_3
000023da   USBIEPBCTX_3
000023dd   USBIEPBBAY_3
000023de   USBIEPBCTY_3
000023df   USBIEPSIZXY_3
000023e0   USBIEPCNF_4
000023e1   USBIEPBBAX_4
000023e2   USBIEPBCTX_4
000023e5   USBIEPBBAY_4
000023e6   USBIEPBCTY_4
000023e7   USBIEPSIZXY_4
000023e8   USBIEPCNF_5
000023e9   USBIEPBBAX_5
000023ea   USBIEPBCTX_5
000023ed   USBIEPBBAY_5
000023ee   USBIEPBCTY_5
000023ef   USBIEPSIZXY_5
000023f0   USBIEPCNF_6
000023f1   USBIEPBBAX_6
000023f2   USBIEPBCTX_6
000023f5   USBIEPBBAY_6
000023f6   USBIEPBCTY_6
000023f7   USBIEPSIZXY_6
000023f8   USBIEPCNF_7
000023f9   USBIEPBBAX_7
000023fa   USBIEPBCTX_7
000023fd   USBIEPBBAY_7
000023fe   USBIEPBCTY_7
000023ff   USBIEPSIZXY_7
00002400   .bss
00002400   __bss__
00002794   cb
00002808   cb_test
0000287c   cb_sim
000028f0   vc
00002a20   fnm
000031e8   s9axis
000033cc   compass_low_pass_filter_coeff
00003490   mag_disturb
000035a6   _Denorm
000035b6   _Eps
000035c6   _Hugeval
000035d6   _Inf
000035e6   _Nan
000035f6   _Snan
00003606   _Rteps
00003616   _Xbig
0000361a   _Zero
0000361e   flag_byte_1
00003620   int_param
00003628   buttonsPressed
00003629   button2PressedCount
0000362a   button1PressedCount
0000362c   sec3Count
0000362e   tcntr
00003630   NoMotion_flag
00003632   count
00003636   s
0000363c   is_uart_enable
0000365c   rx_new
0000365e   mpl_key
00003662   cntr_blink_red
00003664   cntr_blink_blue
00003678   prev_timestamp
0000367c   pressure
0000367e   humidity
00003680   temperture
00003682   light
00003684   uv_index
00003686   fInvokeBSL
00003688   testval
0000368a   current_timestamp
0000368e   time_curr
000036fc   _FDenorm
0000370c   _FEps
0000371c   _FInf
0000372c   _FNan
0000373c   _FSnan
0000374c   _FRteps
0000375c   _FXbig
00003760   _FZero
0000380a   wBytesRemainingOnIEP0
0000380c   wBytesRemainingOnOEP0
00003818   abUsbRequestReturnData
00003820   abUsbRequestIncomingData
00003828   abramSerialStringDescriptor
0000384a   bStatusAction
0000384b   bFunctionSuspended
0000384c   bEnumerationStatus
0000384e   wUsbEventMask
00003850   data
0000386e   ic_sht21
00003876   ic_hspad32
0000387e   ic_cm3512
00003886   ic_cm36682
0000388f   interrupt_detect_flag
00003958   USB_TX_memcpy
0000395c   USB_RX_memcpy
00003960   _lock
00003964   _unlock
00003968   _cleanup_ptr
0000396c   _dtors_ptr
00003970   _Fenv
00003974   _Tls_setup__Fenv
00003980   _Errno
00003982   __end__
00003982   end
00003dc0   _stack
00004400   __STACK_END
00004400   iUsbInterruptHandler
00004548   I2C_ISR
00004602   P2_ISR
0000467a   P1_ISR
000046ee   UART_ISR
00004736   TIMERB0_ISR
0000477c   UNMI_ISR
000047b2   _c_int00
000047b2   _c_int00_noexit
000047dc   TIMER2_A0_ISR
000047f2   USCI_B1_ISR
00004804   TIMER1_A0_ISR
00004810   __cinit__
00004810   cinit
00004b06   inv_compute_bias
00005da0   inv_center_sum
000065f8   inv_process_compass_only_cal
00006d62   inv_perform_9x_fusion
0000735e   main
00007e20   inv_generate_accel_gyro_quaternion
0000827a   inv_set_terms
00008b08   inv_check_magnetic_disturbance
00008f34   __divull
00009634   inv_get_sensor_type_euler
0000997e   inv_fast_nomot_parameter
00009ff0   inv_generate_fast_nomot
0000a310   run_self_test
0000a858   inv_check_sample_balance
0000aad4   eMPL_send_data
0000afbe   _Log
0000b22a   inv_filter_correction_angle
0000b92c   mpu_lp_motion_interrupt
0000bb76   _FSin
0000bfd4   inv_q_multf
0000c1f0   _printfi
0000c3fe   inv_q_normalizef
0000c5fe   inv_generate_gyro_quaternion
0000c7fa   inv_quaternion_to_rotation
0000c9f6   USBCDC_receiveData
0000cbe2   mpu_read_fifo
0000cdce   inv_combine_compass_data
0000cf94   dmp_enable_feature
0000d156   dmp_set_gyro_bias
0000d312   inv_check_sim
0000d4cc   ComputeAngleVelocity
0000d680   inv_fast_nomot_set_gyro_bias
0000db8e   mpu_reset_fifo
0000dd38   fmodf
0000dede   inv_q_mult
0000e3ac   dmp_set_tap_thresh
0000e530   mpu_init
0000e9a6   inv_fast_nomot_store_data
0000ec80   CdcToHostFromBuffer
0000ef3e   mpu_set_sensors
0000f092   inv_compass_angle
0000f1da   _FAtan
0000f31c   USB_reset
0000f45c   __divlli
0000f6dc   inv_q_norm4
0000f818   __fs_sub
0000f81e   __fs_add
0000f948   _Dscale
0000fb8e   sqrt
0000fcac   sqrtf
0000fdca   CdcToBufferFromHost
0000fee6   FlashReadWrite_Test
0000fffe   _reset_vector
00010000   _FDscale
0001011c   inv_get_sensor_type_heading
0001022c   msp430_reg_int_cb
0001033c   eMPL_send_quat
0001044a   atan2f
00010656   mpu_set_bypass
00010a5a   inv_sort_order_4_T
00010b50   acosf
00010d30   inv_process_9x_sensor_fusion_cb
00010e18   Init_FLL
00010efe   _MLPrintLog
00010fe2   inv_detect_motion_by_gyro_accel
000110c6   mpu_lp_accel_mode
000111aa   _fltllid
0001136c   inv_apply_calibration
0001144a   inv_register_data_cb
00011526   USB_InitSerialStringDescriptor
00011600   inv_sensor_data_preprocess
0001179e   mpu_get_compass_reg
0001186a   inv_init_mpl
00011934   send_status_compass
000119fe   inv_load_mpl_states
00011ac4   dmp_set_interrupt_mode
00011b88   inv_init_maxmin
00011c44   mpu_run_self_test
00011cfa   __fs_mpy
00011db0   inv_convert_to_body_with_scale
00011f16   inv_track_dip_angle
00011fc8   USBCDC_intfStatus
00012078   inv_get_gravity
00012128   msp430_clock_init
000121d6   mpu_set_sample_rate
00012328   inv_add_compass_block_data
000123d0   mpu_get_temperature
00012474   CMD_PP
00012512   inv_cheap_rand
000125b0   inv_get_current_calibrated_compass
000126e8   msp430_i2c_read
00012782   msp430_i2c_write
0001281c   MagDisturbSetDisturbance
000128b4   FlashID_Test
0001294a   USB_connectionState
000129e0   inv_build_compass
00012a76   inv_save_mpl_states
00012b0c   _Dnorm
00012b9e   __fs_div
00012cb8   _FDnorm
00012d44   inv_set_gyro_bias
00012dd0   usbDecodeAndProcessUsbRequest
00012e5c   USBCDC_bytesInUSBBuffer
00012f6e   inv_init_fast_nomot
00012ff6   USB_enable
00013102   inv_register_load_store
00013188   _fixdlli
0001320c   inv_build_accel
00013290   mpu_set_lpf
00013314   inv_fast_nomot_store_data_compass
00013396   mpu_set_dmp_state
00013418   Mag3ofNormalizedLong
00013498   dmp_set_orient_thresh
00013518   ltoa
00013598   CMD_READ
00013694   inv_cheap_gaussian
00013712   inv_init_vector_compass_cal
00013790   mpu_set_gyro_fsr
0001380e   __fs_tol
0001388c   USBCDC_sendData
00013904   inv_q_addf
0001397c   msp430_i2c_enable
00013a6a   inv_execute_on_data
00013ade   usbSendNextPacketOnIEP0
00013b52   CopyUsbToBuff
00013bc4   inv_get_last_timestamp
00013c36   mpu_reg_dump
00013ca8   mpu_set_accel_fsr
00013d1a   usbGetEndpointStatus
00013d8a   CMD_SE
00013df8   cdcSendDataInBackground
00013ed4   dmp_set_fifo_rate
00013f40   dmp_get_pedometer_walk_time
00013fa8   inv_set_accel_bias
00014010   inv_unregister_data_cb
00014078   mpu_write_mem
000140e0   __fs_toi
000141ae   mpu_configure_fifo
00014214   msp430_int_enable
0001427a   _Dunscale
000142de   _FDunscale
00014342   inv_get_linear_accel
000143a6   mlMatrixVectorMult
0001440a   CMD_RDID
0001446c   atoi
000144ce   inv_q_rotate
00014530   inv_reset_compass_soft_iron_matrix
00014590   inv_set_compass_bias
000145f0   mpu_get_lpf
00014650   mpu_set_int_latched
00014710   inv_q_add
0001476e   mpu_read_mem
000147cc   inv_init_magnetic_disturbance
00014828   inv_magnetic_disturbance_process
00014884   MagDisturbCheckSettling
000148de   __mpyll_f5hw
00014938   inv_generate_vector_compass_cal
00014992   inv_init_results_holder
000149ec   inv_record_max_moment_in_no_motion_accel
00014a46   inv_record_max_moment_in_no_motion_gyro
00014aa0   Get_TLV_Info
00014af8   USB_init
00014b50   inv_record_min_moment_in_motion_accel
00014ba8   inv_record_min_moment_in_motion_gyro
00014c00   max17048_probe
00014c58   __divul
00014c58   __remul
00014cb0   CMD_REMS
00014d06   _auto_init
00014d5c   mpu_set_compass_sample_rate
00014db2   dmp_get_pedometer_step_count
00014e06   inv_get_quaternion_set
00014e5a   inv_q_invert
00014eae   load_calibration
00014f02   mpu_get_gyro_sens
00014faa   init_timer_A1
00014ffc   inv_reset_min_max_gyro_accel_statistics
0001504e   usbGetLineCoding
000150a0   dmp_enable_6x_lp_quat
000150f0   dmp_enable_lp_quat
00015190   inv_set_default_number_of_samples
000152ca   usbGetStringDescriptor
00015318   dmp_set_shake_reject_thresh
00015364   inv_q_invertf
000153b0   inv_start_fast_nomot
000153fc   msp430_clock_enable
00015448   check_for_usb_state
00015492   inv_set_compass_soft_iron_input_data
000154dc   inv_start_mpl
00015526   __fs_cmp
00015570   __fs_ltof
000155ba   inv_init_9x_fusion
00015602   usbReceiveNextPacketOnOEP0
00015690   get_eMPL_version
000156d6   inv_fast_nomot_reset_data_compass
0001571c   inv_init_quaternion
00015762   mpu_get_accel_sens
000157a8   __fs_tou
000157ee   usbClearEndpointFeature
00015834   SetupPacketInterruptHandler
00015878   __asrll
000158bc   max17048_get_battery_soc
00015900   mpu_get_gyro_fsr
00015944   usbSetEndpointFeature
00015988   PWRVBUSoffHandler
000159ca   inv_start_quaternion
00015a0c   msp430_uart_init
00015a4e   CdcResetData
00015a8e   SendFlashAddr
00015ace   cdcReceiveDataInBuffer
00015b0e   inv_build_gyro
00015b4e   inv_init_data_builder
00015b8e   inv_set_motion_state
00015bce   mpu_get_accel_fsr
00015c0e   __divli
00015c0e   __remli
00015c4e   Handler_SetLineCoding
00015c8c   SetVCore
00015cca   __lslll
00015d08   __lsrll
00015d46   inv_fast_nomot_parameter_compass
00015d84   inv_set_accel_sample_rate
00015dc2   inv_set_compass_sample_rate
00015e00   inv_set_gyro_sample_rate
00015e3e   L_ASR_15
00015e42   L_ASR_14
00015e46   L_ASR_13
00015e4a   L_ASR_12
00015e4e   L_ASR_11
00015e52   L_ASR_10
00015e56   L_ASR_9
00015e5a   L_ASR_8
00015e5e   L_ASR_7
00015e62   L_ASR_6
00015e66   L_ASR_5
00015e6a   L_ASR_4
00015e6e   L_ASR_3
00015e72   L_ASR_2
00015e76   L_ASR_1
00015e7c   L_LSL_15
00015e80   L_LSL_14
00015e84   L_LSL_13
00015e88   L_LSL_12
00015e8c   L_LSL_11
00015e90   L_LSL_10
00015e94   L_LSL_9
00015e98   L_LSL_8
00015e9c   L_LSL_7
00015ea0   L_LSL_6
00015ea4   L_LSL_5
00015ea8   L_LSL_4
00015eac   L_LSL_3
00015eb0   L_LSL_2
00015eb4   L_LSL_1
00015eba   L_LSR_15
00015ebe   L_LSR_14
00015ec2   L_LSR_13
00015ec6   L_LSR_12
00015eca   L_LSR_11
00015ece   L_LSR_10
00015ed2   L_LSR_9
00015ed6   L_LSR_8
00015eda   L_LSR_7
00015ede   L_LSR_6
00015ee2   L_LSR_5
00015ee6   L_LSR_4
00015eea   L_LSR_3
00015eee   L_LSR_2
00015ef2   L_LSR_1
00015ef8   Init_TimerA2
00015f34   _FDtest
00015f70   dmp_set_pedometer_walk_time
00015fac   inv_get_compass_set
00015fe8   inv_get_quaternion
00016022   vsprintf
00016094   inv_init_check_sample_balance
000160cc   inv_init_gyro_ts
00016104   inv_reset_data_collection
0001613c   signal
00016174   _Feraise
000161aa   msp430_delay_ms
000161e0   __fs_itof
00016216   XT1_Start
0001624a   dmp_set_tap_axes
0001627e   feraiseexcept
000162b2   inv_cosf
000162e6   inv_enable_gyro_tc
0001631a   inv_get_accel_set
0001634e   Init_FLL_Settle
00016380   USB_connectionInfo
000163b2   USB_suspend
000163e4   dmp_set_pedometer_step_count
00016416   inv_checksum
000164ac   raise
000164de   __fs_ultof
00016510   showBatteryStatus
00016542   FlashWrite_8
00016572   PWRVBUSonHandler
000165a2   XT2_Start
000165d2   inv_get_gyro_set
00016632   inv_sinf
00016662   tellTime
00016692   CMD_RES
000166c0   OEP0InterruptHandler
000166ee   inv_execute_mpl_start_notification
0001671c   memmove
0001674a   test_flash
00016778   WaitFlashReady
000167a4   inv_get_gyro_sum_of_sqr
000167d0   inv_get_sensor_type_quat
00016828   __divi
00016828   __remi
00016854   usbGetDeviceStatus
00016880   __mpysll_f5hw
000168aa   dmp_set_tap_count
000168fe   inv_get_sensor_type_rot_mat
00016928   inv_orientation_matrix_to_scalar
00016952   USB_initMemcpy
0001697a   inv_get_gyro_bias
000169a2   memcpyDMA0
000169ca   msp430_init_spi_usb1
000169f2   CMD_RDSCUR
00016a18   CMD_RDSR
00016a3e   checkClicked
00016a64   dmp_set_orient_time
00016a8a   dmp_set_shake_reject_time
00016ab0   dmp_set_shake_reject_timeout
00016ad6   dmp_set_tap_time
00016afc   dmp_set_tap_time_multi
00016b22   inv_build_temp
00016b48   msp430_uart_tx
00016b6e   Flash_SegmentErase
00016bb6   inv_set_compass_correction
00016bda   inv_store_gaming_quaternion
00016bfe   msp430_i2c_disable
00016c22   __fs_utof
00016c46   USB_disable
00016c8a   inv_register_mpl_start_notification
00016cac   inv_set_message
00016cce   __mpyl_f5hw
00016cf0   usbSetAddress
00016d12   Buttons_interruptEnable
00016d52   inv_get_compass_correction
00016d72   memccpy
00016d92   usbSendDataPacketOnEP0
00016db2   usbSetConfiguration
00016dd2   GetByte
00016df0   inv_init_check_sample_balance_parameter
00016e0e   usbGetInterface
00016e2c   usbGetInterfaceStatus
00016e4a   IEP0InterruptHandler
00016e66   dmp_set_orient_axes
00016e82   inv_init_storage_manager
00016e9e   inv_set_quat_sample_rate
00016eba   msp430_int_init
00016ed6   CdcIsReceiveInProgress
00016ef0   InsertDummyCycle
00016f0a   USB_connect
00016f24   __mpysl_f5hw
00016f3e   inv_enable_magnetic_disturbance
00016f58   inv_get_compass_soft_iron_output_data
00016f72   inv_q29_mult
00016f8c   inv_q30_mult
00016fa6   usbClearDeviceFeature
00016fc0   usbSetDeviceFeature
00016fda   Flash_EraseCheck
00016ff2   USB_resume
0001700a   _FDclass
00017022   inv_enable_9x_sensor_fusion
0001703a   inv_enable_fast_nomot
0001706a   inv_init_start_manager
00017082   inv_set_accel_orientation_and_scale
0001709a   inv_set_compass_orientation_and_scale
000170b2   inv_set_gyro_orientation_and_scale
000170ca   msp430_get_clock_ms
000170e2   CMD_WREN
000170f8   IsFlash4Byte
0001710e   inv_get_message_level_0
00017124   llabs
0001713a   memset
00017150   __divu
00017150   __remu
00017166   __mpyi_f5hw
0001717c   srand
00017192   usbGetConfigurationDescriptor
000171a8   usbGetDeviceDescriptor
000171be   USB_handleVbusOnEvent
000171e6   inv_fast_nomot_get_time_elaps
000171fa   inv_start_results_holder
0001720e   memcpy
00017222   mpu_get_sample_rate
00017236   usbGetConfiguration
0001724a   inv_enable_eMPL_outputs
0001725c   inv_enable_quaternion
0001726e   inv_enable_results_holder
00017280   inv_enable_vector_compass_cal
00017292   inv_get_compass_bias
000172a4   inv_get_sensor_type_accel
000172b6   inv_get_sensor_type_compass
000172c8   inv_get_sensor_type_gyro
000172da   toupper
000172ec   usbReceiveDataPacketOnEP0
000172fe   usbSetInterface
00017310   IsFlashBusy
00017330   inv_get_6axis_quaternion
00017340   inv_get_gyro_bias_tc_set
00017350   inv_get_mag_accuracy
00017360   inv_set_magnetic_disturbance
00017380   L_LSR
00017390   msp430_get_smclk_freq
000173a0   inv_get_accel_on
000173ae   inv_get_compass_on
000173bc   inv_get_gyro_on
000173ca   inv_set_compass_bias_error
000173d8   inv_start_9x_sensor_fusion
000173e6   inv_start_gyro_tc
000173f4   inv_start_magnetic_disturbance
00017402   inv_start_vector_compass_cal
00017410   labs
0001741e   mpu_get_compass_fsr
0001742c   set_sensor_orientation_and_scale
0001743a   strlen
00017448   usbInvalidRequest
00017456   usbSendZeroLengthPacketOnIEP0
00017464   inv_get_gyro
00017470   inv_get_local_field
0001747c   inv_get_motion_state
00017488   inv_get_version
00017494   msp430_spi_send
000174a0   usbSetLineCoding
000174ac   Initial_Spi
000174b6   SendByte
000174c0   abs
000174ca   dmp_get_fifo_rate
000174d4   inv_get_mpl_state_size
000174de   mpu_get_fifo_config
000174e8   msp430_uart_disable
000174f2   msp430_uart_enable
000174fc   __fs_neg
00017506   I_LSL
00017510   I_LSR
0001751a   usbStallEndpoint0
00017524   USBCDC_handleDataReceived
0001752c   USB_handleVbusOffEvent
00017534   USB_setEnabledEvents
0001753c   XT2_Stop
00017544   inv_9x_fusion_enable_jitter_reduction
0001754c   inv_9x_fusion_use_timestamps
00017554   inv_disable_dip_tracking
0001755c   inv_generate_results
00017564   inv_stop_magnetic_disturbance
0001756c   msp430_get_uart_rx_data
00017574   usbSetControlLineState
0001757c   Buttons_interruptDisable
00017582   CS_High
00017588   CS_Low
0001758e   cosf
00017594   get_spi_rx_interrupt_flag
0001759a   inv_accel_was_turned_off
000175a0   inv_compass_was_turned_off
000175a6   inv_disable_compass_soft_iron_matrix
000175ac   inv_get_acc_state
000175b2   inv_get_accel_accuracy
000175b8   inv_get_compass_state
000175be   inv_get_gyro_accuracy
000175c4   inv_get_large_mag_field
000175ca   inv_get_magnetic_disturbance_state
000175d0   inv_got_compass_bias
000175d6   inv_gyro_was_turned_off
000175dc   inv_quaternion_sensor_was_turned_off
000175e2   inv_set_compass_bias_found
000175e8   inv_set_compass_disturbance
000175ee   inv_set_compass_state
000175f4   log
00017600   set_spi_rx_interrupt_flag
00017606   sinf
0001760c   usbClearOEP0ByteCount
00017612   usbStallOEP0
00017618   USBCDC_handleReceiveCompleted
0001761c   USBCDC_handleSendCompleted
00017620   USBCDC_handleSetLineCoding
00017624   USB_handleClockEvent
00017628   USB_handleEnumCompleteEvent
0001762c   USB_handleResetEvent
00017630   USB_handleResumeEvent
00017634   USB_handleSuspendEvent
00017638   _system_pre_init
0001763c   C$$EXIT
0001763c   abort
00017640   _nop
00017642   sin_lookup
00017d34   tUsbRequestList
00017e3e   _ctypes_
00017f40   abromStringDescriptor
00017fca   reg
00017ff2   hw
00018000   test
000180b8   abromConfigurationDescriptorGroup
0001819a   ml_ver
000181ae   abromDeviceDescriptor
000181f0   stUsbHandle
ffffffff   .text
ffffffff   __binit__
ffffffff   __c_args__
ffffffff   __etext__
ffffffff   __pinit__
ffffffff   __text__
ffffffff   binit
ffffffff   etext
ffffffff   pinit

[1372 symbols]
